=== FIRSTVOXEL SESSION [2026.03.17-01.31.38] ===
[+01:31:38.096] FirstVoxel module started.
[+01:31:52.171] VoxelWorld: GenerateWorldDeferred started.
[+01:31:52.171] VoxelWorld: Queued 245 chunks.
[+01:31:52.272] VoxelMesh: Chunk X=0 Y=0 Z=0 FlatVerts=5988 SlopeVerts=10380
[+01:31:52.287] VoxelChunk: GenerateAsync (0,0,0)
[+01:31:52.288] VoxelMesh: Chunk X=0 Y=0 Z=0 FlatVerts=1368 SlopeVerts=882
[+01:31:52.376] VoxelMesh: Chunk X=0 Y=0 Z=0 FlatVerts=3600 SlopeVerts=13752
[+01:31:52.391] VoxelChunk: GenerateAsync (1,0,0)
[+01:31:52.392] VoxelMesh: Chunk X=1 Y=0 Z=0 FlatVerts=180 SlopeVerts=138
[+01:31:52.477] VoxelMesh: Chunk X=0 Y=0 Z=0 FlatVerts=8106 SlopeVerts=6360
[+01:31:52.491] VoxelChunk: GenerateAsync (1,1,0)
[+01:31:52.492] VoxelMesh: Chunk X=1 Y=1 Z=0 FlatVerts=1476 SlopeVerts=714
[+01:31:52.578] VoxelMesh: Chunk X=0 Y=0 Z=0 FlatVerts=990 SlopeVerts=5526
[+01:31:52.584] VoxelChunk: GenerateAsync (1,1,1)
[+01:31:52.585] VoxelMesh: Chunk X=1 Y=1 Z=1 FlatVerts=144 SlopeVerts=1698
[+01:31:52.679] VoxelMesh: Chunk X=0 Y=0 Z=0 FlatVerts=144 SlopeVerts=1698
[+01:31:52.681] VoxelChunk: GenerateAsync (0,1,1)
[+01:31:52.682] VoxelMesh: Chunk X=0 Y=1 Z=1 FlatVerts=0 SlopeVerts=0
[+01:31:52.780] VoxelMesh: Chunk X=0 Y=0 Z=0 FlatVerts=0 SlopeVerts=0
[+01:31:52.781] VoxelChunk: GenerateAsync (-1,1,1)
[+01:31:52.890] VoxelMesh: Chunk X=0 Y=0 Z=0 FlatVerts=1608 SlopeVerts=20934
[+01:31:52.906] VoxelChunk: GenerateAsync (1,0,1)
[+01:31:52.908] VoxelMesh: Chunk X=1 Y=0 Z=1 FlatVerts=270 SlopeVerts=5094
[+01:31:52.995] VoxelMesh: Chunk X=0 Y=0 Z=0 FlatVerts=456 SlopeVerts=10890
[+01:31:53.003] VoxelChunk: GenerateAsync (0,0,1)
[+01:31:53.005] VoxelMesh: Chunk X=0 Y=0 Z=1 FlatVerts=54 SlopeVerts=2136
[+01:31:53.099] VoxelMesh: Chunk X=0 Y=0 Z=0 FlatVerts=1542 SlopeVerts=1056
[+01:31:53.102] VoxelChunk: GenerateAsync (0,-1,-1)
[+01:31:53.203] VoxelMesh: Chunk X=0 Y=0 Z=0 FlatVerts=216 SlopeVerts=198
[+01:31:53.204] VoxelChunk: GenerateAsync (1,-1,-1)
[+01:31:53.304] VoxelMesh: Chunk X=0 Y=0 Z=0 FlatVerts=9804 SlopeVerts=2352
[+01:31:53.318] VoxelChunk: GenerateAsync (0,1,0)
[+01:31:53.319] VoxelMesh: Chunk X=0 Y=1 Z=0 FlatVerts=2520 SlopeVerts=30
[+01:31:53.416] VoxelMesh: Chunk X=0 Y=0 Z=0 FlatVerts=10458 SlopeVerts=30
[+01:31:53.429] VoxelChunk: GenerateAsync (-1,1,-1)
[+01:31:53.516] VoxelMesh: Chunk X=0 Y=0 Z=0 FlatVerts=9000 SlopeVerts=2988
[+01:31:53.529] VoxelChunk: GenerateAsync (-1,0,0)
[+01:31:53.529] VoxelMesh: Chunk X=-1 Y=0 Z=0 FlatVerts=2526 SlopeVerts=48
[+01:31:53.616] VoxelMesh: Chunk X=0 Y=0 Z=0 FlatVerts=1050 SlopeVerts=10668
[+01:31:53.624] VoxelChunk: GenerateAsync (-1,-1,1)
[+01:31:53.625] VoxelMesh: Chunk X=-1 Y=-1 Z=1 FlatVerts=516 SlopeVerts=1440
[+01:31:53.719] VoxelMesh: Chunk X=0 Y=0 Z=0 FlatVerts=5532 SlopeVerts=1776
[+01:31:53.727] VoxelChunk: GenerateAsync (0,0,-1)
[+01:31:53.818] VoxelMesh: Chunk X=0 Y=0 Z=0 FlatVerts=6012 SlopeVerts=9192
[+01:31:53.832] VoxelChunk: GenerateAsync (-1,-1,0)
[+01:31:53.832] VoxelMesh: Chunk X=-1 Y=-1 Z=0 FlatVerts=1098 SlopeVerts=816
[+01:31:53.928] VoxelMesh: Chunk X=0 Y=0 Z=0 FlatVerts=2346 SlopeVerts=13626
[+01:31:53.940] VoxelChunk: GenerateAsync (0,-1,0)
[+01:31:53.941] VoxelMesh: Chunk X=0 Y=-1 Z=0 FlatVerts=6 SlopeVerts=24
[+01:31:54.032] VoxelMesh: Chunk X=0 Y=0 Z=0 FlatVerts=54 SlopeVerts=2202
[+01:31:54.035] VoxelChunk: GenerateAsync (-1,0,1)
[+01:31:54.036] VoxelMesh: Chunk X=-1 Y=0 Z=1 FlatVerts=0 SlopeVerts=0
[+01:31:54.137] VoxelMesh: Chunk X=0 Y=0 Z=0 FlatVerts=10458 SlopeVerts=30
[+01:31:54.150] VoxelChunk: GenerateAsync (-1,1,0)
[+01:31:54.151] VoxelMesh: Chunk X=-1 Y=1 Z=0 FlatVerts=2538 SlopeVerts=0
[+01:31:54.238] VoxelMesh: Chunk X=0 Y=0 Z=0 FlatVerts=9684 SlopeVerts=744
[+01:31:54.250] VoxelChunk: GenerateAsync (0,1,-1)
[+01:31:54.345] VoxelMesh: Chunk X=0 Y=0 Z=0 FlatVerts=8946 SlopeVerts=966
[+01:31:54.357] VoxelChunk: GenerateAsync (-1,0,-1)
[+01:31:54.454] VoxelMesh: Chunk X=0 Y=0 Z=0 FlatVerts=900 SlopeVerts=11538
[+01:31:54.462] VoxelChunk: GenerateAsync (1,-1,0)
[+01:31:54.558] VoxelMesh: Chunk X=0 Y=0 Z=0 FlatVerts=7176 SlopeVerts=1398
[+01:31:54.567] VoxelChunk: GenerateAsync (1,1,-1)
[+01:31:54.662] VoxelMesh: Chunk X=0 Y=0 Z=0 FlatVerts=2016 SlopeVerts=1272
[+01:31:54.666] VoxelChunk: GenerateAsync (1,0,-1)
[+01:31:54.771] VoxelMesh: Chunk X=0 Y=0 Z=0 FlatVerts=648 SlopeVerts=25830
[+01:31:54.790] VoxelChunk: GenerateAsync (1,-1,1)
[+01:31:54.792] VoxelMesh: Chunk X=1 Y=-1 Z=1 FlatVerts=0 SlopeVerts=1542
[+01:31:54.878] VoxelMesh: Chunk X=0 Y=0 Z=0 FlatVerts=792 SlopeVerts=22050
[+01:31:54.894] VoxelChunk: GenerateAsync (0,-1,1)
[+01:31:54.895] VoxelMesh: Chunk X=0 Y=-1 Z=1 FlatVerts=510 SlopeVerts=4014
[+01:31:54.985] VoxelMesh: Chunk X=0 Y=0 Z=0 FlatVerts=4986 SlopeVerts=1782
[+01:31:54.992] VoxelChunk: GenerateAsync (-1,-1,-1)
[+01:31:55.089] VoxelChunk: GenerateAsync (1,0,-2)
[+01:31:55.194] VoxelChunk: GenerateAsync (2,0,-2)
[+01:31:55.300] VoxelChunk: GenerateAsync (0,-1,-2)
[+01:31:55.404] VoxelChunk: GenerateAsync (1,-1,-2)
[+01:31:55.509] VoxelChunk: GenerateAsync (-1,-2,-2)
[+01:31:55.613] VoxelChunk: GenerateAsync (-2,-2,-2)
[+01:31:55.717] VoxelChunk: GenerateAsync (2,-1,-2)
[+01:31:55.822] VoxelChunk: GenerateAsync (0,1,-2)
[+01:31:55.926] VoxelChunk: GenerateAsync (1,1,-2)
[+01:31:56.031] VoxelChunk: GenerateAsync (1,-2,-2)
[+01:31:56.135] VoxelChunk: GenerateAsync (2,1,-2)
[+01:31:56.238] VoxelChunk: GenerateAsync (-2,2,-2)
[+01:31:56.342] VoxelChunk: GenerateAsync (-2,0,-2)
[+01:31:56.445] VoxelChunk: GenerateAsync (-2,-1,-2)
[+01:31:56.548] VoxelChunk: GenerateAsync (-1,2,-2)
[+01:31:56.652] VoxelChunk: GenerateAsync (0,2,-2)
[+01:31:56.756] VoxelChunk: GenerateAsync (-1,0,-2)
[+01:31:56.861] VoxelChunk: GenerateAsync (1,2,-2)
[+01:31:56.966] VoxelChunk: GenerateAsync (2,2,-2)
[+01:31:57.070] VoxelChunk: GenerateAsync (0,0,-2)
[+01:31:57.174] VoxelChunk: GenerateAsync (-1,-1,-2)
[+01:31:57.278] VoxelChunk: GenerateAsync (2,-2,-2)
[+01:31:57.383] VoxelChunk: GenerateAsync (0,-2,-2)
[+01:31:57.486] VoxelChunk: GenerateAsync (-2,1,-2)
[+01:31:57.590] VoxelChunk: GenerateAsync (-1,1,-2)
[+01:31:57.692] VoxelMesh: Chunk X=0 Y=0 Z=0 FlatVerts=0 SlopeVerts=6
[+01:31:57.692] VoxelChunk: GenerateAsync (1,2,2)
[+01:31:57.796] VoxelMesh: Chunk X=0 Y=0 Z=0 FlatVerts=3486 SlopeVerts=2028
[+01:31:57.801] VoxelChunk: GenerateAsync (2,1,-1)
[+01:31:57.895] VoxelMesh: Chunk X=0 Y=0 Z=0 FlatVerts=0 SlopeVerts=0
[+01:31:57.895] VoxelChunk: GenerateAsync (-2,1,1)
[+01:31:57.999] VoxelMesh: Chunk X=0 Y=0 Z=0 FlatVerts=3522 SlopeVerts=1254
[+01:31:58.004] VoxelChunk: GenerateAsync (-2,-2,-1)
[+01:31:58.102] VoxelChunk: GenerateAsync (1,-2,-1)
[+01:31:58.198] VoxelChunk: GenerateAsync (-2,1,2)
[+01:31:58.301] VoxelMesh: Chunk X=0 Y=0 Z=0 FlatVerts=36 SlopeVerts=26892
[+01:31:58.321] VoxelChunk: GenerateAsync (0,-2,2)
[+01:31:58.322] VoxelMesh: Chunk X=0 Y=-2 Z=2 FlatVerts=24 SlopeVerts=3714
[+01:31:58.400] VoxelMesh: Chunk X=0 Y=0 Z=0 FlatVerts=60 SlopeVerts=936
[+01:31:58.401] VoxelChunk: GenerateAsync (-2,2,1)
[+01:31:58.402] VoxelMesh: Chunk X=-2 Y=2 Z=1 FlatVerts=0 SlopeVerts=0
[+01:31:58.504] VoxelMesh: Chunk X=0 Y=0 Z=0 FlatVerts=636 SlopeVerts=23916
[+01:31:58.523] VoxelChunk: GenerateAsync (2,-1,1)
[+01:31:58.524] VoxelMesh: Chunk X=2 Y=-1 Z=1 FlatVerts=72 SlopeVerts=1944
[+01:31:58.603] VoxelMesh: Chunk X=0 Y=0 Z=0 FlatVerts=8022 SlopeVerts=1158
[+01:31:58.615] VoxelChunk: GenerateAsync (-2,-1,-1)
[+01:31:58.711] VoxelMesh: Chunk X=0 Y=0 Z=0 FlatVerts=72 SlopeVerts=3486
[+01:31:58.715] VoxelChunk: GenerateAsync (1,-2,0)
[+01:31:58.809] VoxelChunk: GenerateAsync (0,1,2)
[+01:31:58.912] VoxelMesh: Chunk X=0 Y=0 Z=0 FlatVerts=1872 SlopeVerts=11652
[+01:31:58.922] VoxelChunk: GenerateAsync (2,0,0)
[+01:31:58.923] VoxelMesh: Chunk X=2 Y=0 Z=0 FlatVerts=36 SlopeVerts=60
[+01:31:59.018] VoxelMesh: Chunk X=0 Y=0 Z=0 FlatVerts=18 SlopeVerts=25110
[+01:31:59.036] VoxelChunk: GenerateAsync (1,-2,2)
[+01:31:59.038] VoxelMesh: Chunk X=1 Y=-2 Z=2 FlatVerts=0 SlopeVerts=360
[+01:31:59.122] VoxelChunk: GenerateAsync (-2,0,2)
[+01:31:59.224] VoxelMesh: Chunk X=0 Y=0 Z=0 FlatVerts=6 SlopeVerts=420
[+01:31:59.225] VoxelChunk: GenerateAsync (0,2,1)
[+01:31:59.329] VoxelMesh: Chunk X=0 Y=0 Z=0 FlatVerts=540 SlopeVerts=17862
[+01:31:59.344] VoxelChunk: GenerateAsync (0,-2,1)
[+01:31:59.345] VoxelMesh: Chunk X=0 Y=-2 Z=1 FlatVerts=0 SlopeVerts=984
[+01:31:59.431] VoxelMesh: Chunk X=0 Y=0 Z=0 FlatVerts=0 SlopeVerts=384
[+01:31:59.431] VoxelChunk: GenerateAsync (1,1,2)
[+01:31:59.537] VoxelMesh: Chunk X=0 Y=0 Z=0 FlatVerts=420 SlopeVerts=1302
[+01:31:59.538] VoxelChunk: GenerateAsync (2,0,-1)
[+01:31:59.641] VoxelMesh: Chunk X=0 Y=0 Z=0 FlatVerts=1434 SlopeVerts=13392
[+01:31:59.652] VoxelChunk: GenerateAsync (-2,-2,1)
[+01:31:59.653] VoxelMesh: Chunk X=-2 Y=-2 Z=1 FlatVerts=624 SlopeVerts=4038
[+01:31:59.741] VoxelMesh: Chunk X=0 Y=0 Z=0 FlatVerts=4950 SlopeVerts=10152
[+01:31:59.754] VoxelChunk: GenerateAsync (-2,-2,0)
[+01:31:59.755] VoxelMesh: Chunk X=-2 Y=-2 Z=0 FlatVerts=318 SlopeVerts=84
[+01:31:59.845] VoxelMesh: Chunk X=0 Y=0 Z=0 FlatVerts=72 SlopeVerts=4392
[+01:31:59.848] VoxelChunk: GenerateAsync (2,-2,0)
[+01:31:59.942] VoxelMesh: Chunk X=0 Y=0 Z=0 FlatVerts=9300 SlopeVerts=1902
[+01:31:59.955] VoxelChunk: GenerateAsync (-2,2,0)
[+01:31:59.956] VoxelMesh: Chunk X=-2 Y=2 Z=0 FlatVerts=2502 SlopeVerts=6
[+01:32:00.048] VoxelMesh: Chunk X=0 Y=0 Z=0 FlatVerts=6 SlopeVerts=24
[+01:32:00.048] VoxelChunk: GenerateAsync (0,-2,-1)
[+01:32:00.151] VoxelMesh: Chunk X=0 Y=0 Z=0 FlatVerts=5688 SlopeVerts=6942
[+01:32:00.163] VoxelChunk: GenerateAsync (2,2,1)
[+01:32:00.164] VoxelMesh: Chunk X=2 Y=2 Z=1 FlatVerts=0 SlopeVerts=294
[+01:32:00.258] VoxelMesh: Chunk X=0 Y=0 Z=0 FlatVerts=8928 SlopeVerts=1170
[+01:32:00.270] VoxelChunk: GenerateAsync (1,2,-1)
[+01:32:00.364] VoxelMesh: Chunk X=0 Y=0 Z=0 FlatVerts=10326 SlopeVerts=6
[+01:32:00.377] VoxelChunk: GenerateAsync (-2,1,0)
[+01:32:00.378] VoxelMesh: Chunk X=-2 Y=1 Z=0 FlatVerts=2742 SlopeVerts=0
[+01:32:00.467] VoxelMesh: Chunk X=0 Y=0 Z=0 FlatVerts=78 SlopeVerts=26964
[+01:32:00.491] VoxelChunk: GenerateAsync (2,-2,2)
[+01:32:00.492] VoxelMesh: Chunk X=2 Y=-2 Z=2 FlatVerts=0 SlopeVerts=18
[+01:32:00.570] VoxelMesh: Chunk X=0 Y=0 Z=0 FlatVerts=6 SlopeVerts=3168
[+01:32:00.572] VoxelChunk: GenerateAsync (-1,-1,2)
[+01:32:00.674] VoxelMesh: Chunk X=0 Y=0 Z=0 FlatVerts=0 SlopeVerts=72
[+01:32:00.675] VoxelChunk: GenerateAsync (-1,0,2)
[+01:32:00.778] VoxelMesh: Chunk X=0 Y=0 Z=0 FlatVerts=10176 SlopeVerts=4224
[+01:32:00.794] VoxelChunk: GenerateAsync (1,2,0)
[+01:32:00.795] VoxelMesh: Chunk X=1 Y=2 Z=0 FlatVerts=2832 SlopeVerts=0
[+01:32:00.883] VoxelMesh: Chunk X=0 Y=0 Z=0 FlatVerts=10242 SlopeVerts=0
[+01:32:00.890] VoxelChunk: GenerateAsync (-1,2,-1)
[+01:32:00.985] VoxelMesh: Chunk X=0 Y=0 Z=0 FlatVerts=9264 SlopeVerts=1062
[+01:32:00.997] VoxelChunk: GenerateAsync (-2,2,-1)
[+01:32:01.095] VoxelMesh: Chunk X=0 Y=0 Z=0 FlatVerts=72 SlopeVerts=10464
[+01:32:01.102] VoxelChunk: GenerateAsync (1,-2,1)
[+01:32:01.197] VoxelMesh: Chunk X=0 Y=0 Z=0 FlatVerts=10800 SlopeVerts=684
[+01:32:01.211] VoxelChunk: GenerateAsync (0,2,0)
[+01:32:01.212] VoxelMesh: Chunk X=0 Y=2 Z=0 FlatVerts=2856 SlopeVerts=0
[+01:32:01.298] VoxelMesh: Chunk X=0 Y=0 Z=0 FlatVerts=252 SlopeVerts=2622
[+01:32:01.301] VoxelChunk: GenerateAsync (2,1,2)
[+01:32:01.302] VoxelMesh: Chunk X=2 Y=1 Z=2 FlatVerts=0 SlopeVerts=372
[+01:32:01.404] VoxelMesh: Chunk X=0 Y=0 Z=0 FlatVerts=1734 SlopeVerts=24420
[+01:32:01.428] VoxelChunk: GenerateAsync (2,0,1)
[+01:32:01.429] VoxelMesh: Chunk X=2 Y=0 Z=1 FlatVerts=354 SlopeVerts=2910
[+01:32:01.512] VoxelMesh: Chunk X=0 Y=0 Z=0 FlatVerts=498 SlopeVerts=6768
[+01:32:01.517] VoxelChunk: GenerateAsync (2,-1,0)
[+01:32:01.611] VoxelMesh: Chunk X=0 Y=0 Z=0 FlatVerts=1248 SlopeVerts=3060
[+01:32:01.616] VoxelChunk: GenerateAsync (1,2,1)
[+01:32:01.718] VoxelMesh: Chunk X=0 Y=0 Z=0 FlatVerts=1302 SlopeVerts=20784
[+01:32:01.737] VoxelChunk: GenerateAsync (-1,-2,1)
[+01:32:01.738] VoxelMesh: Chunk X=-1 Y=-2 Z=1 FlatVerts=312 SlopeVerts=3348
[+01:32:01.828] VoxelMesh: Chunk X=0 Y=0 Z=0 FlatVerts=126 SlopeVerts=13938
[+01:32:01.837] VoxelChunk: GenerateAsync (2,-2,1)
[+01:32:01.931] VoxelMesh: Chunk X=0 Y=0 Z=0 FlatVerts=588 SlopeVerts=1656
[+01:32:01.933] VoxelChunk: GenerateAsync (-2,-1,1)
[+01:32:01.934] VoxelMesh: Chunk X=-2 Y=-1 Z=1 FlatVerts=72 SlopeVerts=216
[+01:32:02.035] VoxelMesh: Chunk X=0 Y=0 Z=0 FlatVerts=5910 SlopeVerts=12258
[+01:32:02.052] VoxelChunk: GenerateAsync (2,1,0)
[+01:32:02.053] VoxelMesh: Chunk X=2 Y=1 Z=0 FlatVerts=330 SlopeVerts=354
[+01:32:02.140] VoxelMesh: Chunk X=0 Y=0 Z=0 FlatVerts=0 SlopeVerts=0
[+01:32:02.140] VoxelChunk: GenerateAsync (-2,0,1)
[+01:32:02.244] VoxelMesh: Chunk X=0 Y=0 Z=0 FlatVerts=204 SlopeVerts=30936
[+01:32:02.266] VoxelChunk: GenerateAsync (2,-1,2)
[+01:32:02.268] VoxelMesh: Chunk X=2 Y=-1 Z=2 FlatVerts=0 SlopeVerts=2328
[+01:32:02.347] VoxelMesh: Chunk X=0 Y=0 Z=0 FlatVerts=0 SlopeVerts=10548
[+01:32:02.353] VoxelChunk: GenerateAsync (1,0,2)
[+01:32:02.355] VoxelMesh: Chunk X=1 Y=0 Z=2 FlatVerts=0 SlopeVerts=1908
[+01:32:02.449] VoxelMesh: Chunk X=0 Y=0 Z=0 FlatVerts=8580 SlopeVerts=2688
[+01:32:02.462] VoxelChunk: GenerateAsync (-2,-1,0)
[+01:32:02.463] VoxelMesh: Chunk X=-2 Y=-1 Z=0 FlatVerts=2154 SlopeVerts=294
[+01:32:02.550] VoxelMesh: Chunk X=0 Y=0 Z=0 FlatVerts=2706 SlopeVerts=12882
[+01:32:02.563] VoxelChunk: GenerateAsync (2,1,1)
[+01:32:02.564] VoxelMesh: Chunk X=2 Y=1 Z=1 FlatVerts=852 SlopeVerts=3162
[+01:32:02.652] VoxelChunk: GenerateAsync (-1,2,1)
[+01:32:02.753] VoxelMesh: Chunk X=0 Y=0 Z=0 FlatVerts=10050 SlopeVerts=48
[+01:32:02.766] VoxelChunk: GenerateAsync (-2,0,0)
[+01:32:02.767] VoxelMesh: Chunk X=-2 Y=0 Z=0 FlatVerts=2244 SlopeVerts=0
[+01:32:02.855] VoxelMesh: Chunk X=0 Y=0 Z=0 FlatVerts=10794 SlopeVerts=264
[+01:32:02.868] VoxelChunk: GenerateAsync (0,2,-1)
[+01:32:02.963] VoxelMesh: Chunk X=0 Y=0 Z=0 FlatVerts=4062 SlopeVerts=1368
[+01:32:02.969] VoxelChunk: GenerateAsync (2,2,-1)
[+01:32:03.063] VoxelMesh: Chunk X=0 Y=0 Z=0 FlatVerts=10326 SlopeVerts=6
[+01:32:03.077] VoxelChunk: GenerateAsync (-2,1,-1)
[+01:32:03.170] VoxelMesh: Chunk X=0 Y=0 Z=0 FlatVerts=18 SlopeVerts=4860
[+01:32:03.173] VoxelChunk: GenerateAsync (-2,-2,2)
[+01:32:03.174] VoxelMesh: Chunk X=-2 Y=-2 Z=2 FlatVerts=0 SlopeVerts=0
[+01:32:03.278] VoxelMesh: Chunk X=0 Y=0 Z=0 FlatVerts=1092 SlopeVerts=864
[+01:32:03.280] VoxelChunk: GenerateAsync (-1,-2,-1)
[+01:32:03.385] VoxelChunk: GenerateAsync (2,-2,-1)
[+01:32:03.485] VoxelChunk: GenerateAsync (-2,-1,2)
[+01:32:03.587] VoxelMesh: Chunk X=0 Y=0 Z=0 FlatVerts=6 SlopeVerts=15186
[+01:32:03.596] VoxelChunk: GenerateAsync (0,-1,2)
[+01:32:03.598] VoxelMesh: Chunk X=0 Y=-1 Z=2 FlatVerts=6 SlopeVerts=3060
[+01:32:03.694] VoxelMesh: Chunk X=0 Y=0 Z=0 FlatVerts=0 SlopeVerts=25512
[+01:32:03.713] VoxelChunk: GenerateAsync (1,-1,2)
[+01:32:03.714] VoxelMesh: Chunk X=1 Y=-1 Z=2 FlatVerts=0 SlopeVerts=4320
[+01:32:03.792] VoxelMesh: Chunk X=0 Y=0 Z=0 FlatVerts=0 SlopeVerts=2088
[+01:32:03.794] VoxelChunk: GenerateAsync (0,0,2)
[+01:32:03.794] VoxelMesh: Chunk X=0 Y=0 Z=2 FlatVerts=0 SlopeVerts=72
[+01:32:03.896] VoxelMesh: Chunk X=0 Y=0 Z=0 FlatVerts=270 SlopeVerts=19878
[+01:32:03.911] VoxelChunk: GenerateAsync (2,0,2)
[+01:32:03.912] VoxelMesh: Chunk X=2 Y=0 Z=2 FlatVerts=0 SlopeVerts=5874
[+01:32:04.003] VoxelMesh: Chunk X=0 Y=0 Z=0 FlatVerts=8010 SlopeVerts=7500
[+01:32:04.017] VoxelChunk: GenerateAsync (2,2,0)
[+01:32:04.018] VoxelMesh: Chunk X=2 Y=2 Z=0 FlatVerts=2550 SlopeVerts=318
[+01:32:04.103] VoxelChunk: GenerateAsync (-1,1,2)
[+01:32:04.205] VoxelMesh: Chunk X=0 Y=0 Z=0 FlatVerts=10050 SlopeVerts=48
[+01:32:04.217] VoxelChunk: GenerateAsync (-2,0,-1)
[+01:32:04.312] VoxelMesh: Chunk X=0 Y=0 Z=0 FlatVerts=36 SlopeVerts=60
[+01:32:04.312] VoxelChunk: GenerateAsync (2,-1,-1)
[+01:32:04.412] VoxelChunk: GenerateAsync (0,2,2)
[+01:32:04.514] VoxelMesh: Chunk X=0 Y=0 Z=0 FlatVerts=1890 SlopeVerts=1116
[+01:32:04.518] VoxelChunk: GenerateAsync (2,2,2)
[+01:32:04.620] VoxelMesh: Chunk X=0 Y=0 Z=0 FlatVerts=48 SlopeVerts=16800
[+01:32:04.631] VoxelChunk: GenerateAsync (-1,-2,2)
[+01:32:04.633] VoxelMesh: Chunk X=-1 Y=-2 Z=2 FlatVerts=18 SlopeVerts=4272
[+01:32:04.720] VoxelMesh: Chunk X=0 Y=0 Z=0 FlatVerts=10242 SlopeVerts=0
[+01:32:04.728] VoxelChunk: GenerateAsync (-1,2,0)
[+01:32:04.729] VoxelMesh: Chunk X=-1 Y=2 Z=0 FlatVerts=2544 SlopeVerts=0
[+01:32:04.825] VoxelMesh: Chunk X=0 Y=0 Z=0 FlatVerts=2334 SlopeVerts=10620
[+01:32:04.836] VoxelChunk: GenerateAsync (-1,-2,0)
[+01:32:04.837] VoxelMesh: Chunk X=-1 Y=-2 Z=0 FlatVerts=0 SlopeVerts=12
[+01:32:04.932] VoxelMesh: Chunk X=0 Y=0 Z=0 FlatVerts=510 SlopeVerts=6546
[+01:32:04.938] VoxelChunk: GenerateAsync (0,-2,0)
[+01:32:05.030] VoxelChunk: GenerateAsync (-2,2,2)
[+01:32:05.131] VoxelChunk: GenerateAsync (-1,2,2)
[+01:32:05.237] VoxelChunk: GenerateAsync (3,2,-2)
[+01:32:05.339] VoxelMesh: Chunk X=0 Y=0 Z=0 FlatVerts=828 SlopeVerts=8442
[+01:32:05.345] VoxelChunk: GenerateAsync (-3,2,1)
[+01:32:05.346] VoxelMesh: Chunk X=-3 Y=2 Z=1 FlatVerts=642 SlopeVerts=1848
[+01:32:05.444] VoxelMesh: Chunk X=0 Y=0 Z=0 FlatVerts=5724 SlopeVerts=2100
[+01:32:05.452] VoxelChunk: GenerateAsync (-3,2,-1)
[+01:32:05.547] VoxelMesh: Chunk X=0 Y=0 Z=0 FlatVerts=1578 SlopeVerts=13698
[+01:32:05.558] VoxelChunk: GenerateAsync (-3,3,1)
[+01:32:05.559] VoxelMesh: Chunk X=-3 Y=3 Z=1 FlatVerts=114 SlopeVerts=2400
[+01:32:05.647] VoxelMesh: Chunk X=0 Y=0 Z=0 FlatVerts=1878 SlopeVerts=3582
[+01:32:05.651] VoxelChunk: GenerateAsync (-1,3,1)
[+01:32:05.755] VoxelChunk: GenerateAsync (-3,2,-2)
[+01:32:05.860] VoxelChunk: GenerateAsync (-3,-3,-2)
[+01:32:05.963] VoxelMesh: Chunk X=0 Y=0 Z=0 FlatVerts=8826 SlopeVerts=7482
[+01:32:05.980] VoxelChunk: GenerateAsync (2,3,1)
[+01:32:05.981] VoxelMesh: Chunk X=2 Y=3 Z=1 FlatVerts=1242 SlopeVerts=2340
[+01:32:06.071] VoxelMesh: Chunk X=0 Y=0 Z=0 FlatVerts=10770 SlopeVerts=2040
[+01:32:06.085] VoxelChunk: GenerateAsync (3,3,1)
[+01:32:06.087] VoxelMesh: Chunk X=3 Y=3 Z=1 FlatVerts=1332 SlopeVerts=936
[+01:32:06.177] VoxelChunk: GenerateAsync (-1,-3,-2)
[+01:32:06.283] VoxelChunk: GenerateAsync (3,-1,-1)
[+01:32:06.384] VoxelMesh: Chunk X=0 Y=0 Z=0 FlatVerts=168 SlopeVerts=12966
[+01:32:06.394] VoxelChunk: GenerateAsync (-2,-3,2)
[+01:32:06.395] VoxelMesh: Chunk X=-2 Y=-3 Z=2 FlatVerts=0 SlopeVerts=468
[+01:32:06.490] VoxelMesh: Chunk X=0 Y=0 Z=0 FlatVerts=126 SlopeVerts=33690
[+01:32:06.517] VoxelChunk: GenerateAsync (0,-3,2)
[+01:32:06.518] VoxelMesh: Chunk X=0 Y=-3 Z=2 FlatVerts=0 SlopeVerts=4146
[+01:32:06.592] VoxelMesh: Chunk X=0 Y=0 Z=0 FlatVerts=2568 SlopeVerts=7140
[+01:32:06.600] VoxelChunk: GenerateAsync (3,0,0)
[+01:32:06.697] VoxelMesh: Chunk X=0 Y=0 Z=0 FlatVerts=9288 SlopeVerts=3318
[+01:32:06.710] VoxelChunk: GenerateAsync (-3,1,0)
[+01:32:06.711] VoxelMesh: Chunk X=-3 Y=1 Z=0 FlatVerts=2394 SlopeVerts=576
[+01:32:06.802] VoxelMesh: Chunk X=0 Y=0 Z=0 FlatVerts=156 SlopeVerts=27012
[+01:32:06.822] VoxelChunk: GenerateAsync (3,-3,2)
[+01:32:06.823] VoxelMesh: Chunk X=3 Y=-3 Z=2 FlatVerts=0 SlopeVerts=18
[+01:32:06.905] VoxelMesh: Chunk X=0 Y=0 Z=0 FlatVerts=48 SlopeVerts=528
[+01:32:06.905] VoxelChunk: GenerateAsync (-3,-2,2)
[+01:32:06.906] VoxelMesh: Chunk X=-3 Y=-2 Z=2 FlatVerts=48 SlopeVerts=528
[+01:32:07.013] VoxelMesh: Chunk X=0 Y=0 Z=0 FlatVerts=9894 SlopeVerts=576
[+01:32:07.026] VoxelChunk: GenerateAsync (-3,0,-1)
[+01:32:07.123] VoxelChunk: GenerateAsync (3,1,-2)
[+01:32:07.224] VoxelChunk: GenerateAsync (-3,1,-2)
[+01:32:07.324] VoxelMesh: Chunk X=0 Y=0 Z=0 FlatVerts=558 SlopeVerts=462
[+01:32:07.325] VoxelChunk: GenerateAsync (3,2,-1)
[+01:32:07.428] VoxelMesh: Chunk X=0 Y=0 Z=0 FlatVerts=120 SlopeVerts=21480
[+01:32:07.445] VoxelChunk: GenerateAsync (3,-2,2)
[+01:32:07.446] VoxelMesh: Chunk X=3 Y=-2 Z=2 FlatVerts=54 SlopeVerts=4002
[+01:32:07.541] VoxelChunk: GenerateAsync (3,0,-2)
[+01:32:07.641] VoxelChunk: GenerateAsync (-3,-1,2)
[+01:32:07.748] VoxelMesh: Chunk X=0 Y=0 Z=0 FlatVerts=2430 SlopeVerts=1974
[+01:32:07.754] VoxelChunk: GenerateAsync (-3,3,-1)
[+01:32:07.848] VoxelMesh: Chunk X=0 Y=0 Z=0 FlatVerts=4212 SlopeVerts=1326
[+01:32:07.858] VoxelChunk: GenerateAsync (-3,-2,-1)
[+01:32:07.949] VoxelMesh: Chunk X=0 Y=0 Z=0 FlatVerts=7062 SlopeVerts=10188
[+01:32:07.969] VoxelChunk: GenerateAsync (3,1,0)
[+01:32:07.970] VoxelMesh: Chunk X=3 Y=1 Z=0 FlatVerts=54 SlopeVerts=888
[+01:32:08.348] VoxelMesh: Chunk X=0 Y=0 Z=0 FlatVerts=6204 SlopeVerts=7098
[+01:32:08.360] VoxelChunk: GenerateAsync (-3,2,0)
[+01:32:08.361] VoxelMesh: Chunk X=-3 Y=2 Z=0 FlatVerts=1260 SlopeVerts=930
[+01:32:08.686] VoxelMesh: Chunk X=0 Y=0 Z=0 FlatVerts=6078 SlopeVerts=2448
[+01:32:08.695] VoxelChunk: GenerateAsync (-2,3,-1)
[+01:32:09.015] VoxelChunk: GenerateAsync (-3,0,2)
[+01:32:09.349] VoxelMesh: Chunk X=0 Y=0 Z=0 FlatVerts=6948 SlopeVerts=1038
[+01:32:09.358] VoxelChunk: GenerateAsync (-1,3,-1)
[+01:32:09.688] VoxelMesh: Chunk X=0 Y=0 Z=0 FlatVerts=1854 SlopeVerts=2880
[+01:32:09.692] VoxelChunk: GenerateAsync (-3,-3,-1)
[+01:32:09.789] VoxelMesh: Chunk X=0 Y=0 Z=0 FlatVerts=414 SlopeVerts=18228
[+01:32:09.804] VoxelChunk: GenerateAsync (3,0,2)
[+01:32:09.805] VoxelMesh: Chunk X=3 Y=0 Z=2 FlatVerts=186 SlopeVerts=5844
[+01:32:09.895] VoxelMesh: Chunk X=0 Y=0 Z=0 FlatVerts=6060 SlopeVerts=1098
[+01:32:09.904] VoxelChunk: GenerateAsync (0,3,-1)
[+01:32:09.998] VoxelMesh: Chunk X=0 Y=0 Z=0 FlatVerts=0 SlopeVerts=294
[+01:32:09.999] VoxelChunk: GenerateAsync (-3,1,2)
[+01:32:10.104] VoxelMesh: Chunk X=0 Y=0 Z=0 FlatVerts=8154 SlopeVerts=4350
[+01:32:10.116] VoxelChunk: GenerateAsync (3,2,0)
[+01:32:10.118] VoxelMesh: Chunk X=3 Y=2 Z=0 FlatVerts=558 SlopeVerts=462
[+01:32:10.203] VoxelMesh: Chunk X=0 Y=0 Z=0 FlatVerts=3792 SlopeVerts=1224
[+01:32:10.208] VoxelChunk: GenerateAsync (1,3,-1)
[+01:32:10.311] VoxelChunk: GenerateAsync (3,3,-2)
[+01:32:10.416] VoxelChunk: GenerateAsync (3,-2,-1)
[+01:32:10.520] VoxelMesh: Chunk X=0 Y=0 Z=0 FlatVerts=954 SlopeVerts=588
[+01:32:10.524] VoxelChunk: GenerateAsync (2,3,-1)
[+01:32:10.628] VoxelChunk: GenerateAsync (3,3,-1)
[+01:32:10.732] VoxelChunk: GenerateAsync (2,3,-2)
[+01:32:10.835] VoxelMesh: Chunk X=0 Y=0 Z=0 FlatVerts=6432 SlopeVerts=7572
[+01:32:10.853] VoxelChunk: GenerateAsync (1,3,0)
[+01:32:10.854] VoxelMesh: Chunk X=1 Y=3 Z=0 FlatVerts=2592 SlopeVerts=264
[+01:32:10.932] VoxelMesh: Chunk X=0 Y=0 Z=0 FlatVerts=7056 SlopeVerts=5172
[+01:32:10.944] VoxelChunk: GenerateAsync (2,3,0)
[+01:32:10.945] VoxelMesh: Chunk X=2 Y=3 Z=0 FlatVerts=954 SlopeVerts=588
[+01:32:11.034] VoxelMesh: Chunk X=0 Y=0 Z=0 FlatVerts=4008 SlopeVerts=16230
[+01:32:11.052] VoxelChunk: GenerateAsync (-3,-3,0)
[+01:32:11.053] VoxelMesh: Chunk X=-3 Y=-3 Z=0 FlatVerts=216 SlopeVerts=1578
[+01:32:11.140] VoxelMesh: Chunk X=0 Y=0 Z=0 FlatVerts=8700 SlopeVerts=1266
[+01:32:11.151] VoxelChunk: GenerateAsync (3,3,0)
[+01:32:11.246] VoxelMesh: Chunk X=0 Y=0 Z=0 FlatVerts=2226 SlopeVerts=14814
[+01:32:11.261] VoxelChunk: GenerateAsync (-3,-3,1)
[+01:32:11.262] VoxelMesh: Chunk X=-3 Y=-3 Z=1 FlatVerts=444 SlopeVerts=3366
[+01:32:11.351] VoxelMesh: Chunk X=0 Y=0 Z=0 FlatVerts=2568 SlopeVerts=11586
[+01:32:11.362] VoxelChunk: GenerateAsync (-2,-3,0)
[+01:32:11.363] VoxelMesh: Chunk X=-2 Y=-3 Z=0 FlatVerts=1026 SlopeVerts=1050
[+01:32:11.459] VoxelMesh: Chunk X=0 Y=0 Z=0 FlatVerts=8388 SlopeVerts=1044
[+01:32:11.470] VoxelChunk: GenerateAsync (-3,-1,-1)
[+01:32:11.568] VoxelChunk: GenerateAsync (2,-3,-1)
[+01:32:11.671] VoxelMesh: Chunk X=0 Y=0 Z=0 FlatVerts=1410 SlopeVerts=22008
[+01:32:11.689] VoxelChunk: GenerateAsync (-2,-3,1)
[+01:32:11.690] VoxelMesh: Chunk X=-2 Y=-3 Z=1 FlatVerts=312 SlopeVerts=2646
[+01:32:11.779] VoxelMesh: Chunk X=0 Y=0 Z=0 FlatVerts=534 SlopeVerts=23796
[+01:32:11.797] VoxelChunk: GenerateAsync (-1,-3,1)
[+01:32:11.798] VoxelMesh: Chunk X=-1 Y=-3 Z=1 FlatVerts=12 SlopeVerts=636
[+01:32:11.885] VoxelMesh: Chunk X=0 Y=0 Z=0 FlatVerts=336 SlopeVerts=5088
[+01:32:11.888] VoxelChunk: GenerateAsync (-1,-3,0)
[+01:32:11.993] VoxelMesh: Chunk X=0 Y=0 Z=0 FlatVerts=84 SlopeVerts=12252
[+01:32:12.001] VoxelChunk: GenerateAsync (0,-3,1)
[+01:32:12.002] VoxelMesh: Chunk X=0 Y=-3 Z=1 FlatVerts=12 SlopeVerts=114
[+01:32:12.098] VoxelMesh: Chunk X=0 Y=0 Z=0 FlatVerts=48 SlopeVerts=3636
[+01:32:12.100] VoxelChunk: GenerateAsync (1,-3,1)
[+01:32:12.102] VoxelMesh: Chunk X=1 Y=-3 Z=1 FlatVerts=36 SlopeVerts=240
[+01:32:12.203] VoxelMesh: Chunk X=0 Y=0 Z=0 FlatVerts=7380 SlopeVerts=11868
[+01:32:12.222] VoxelChunk: GenerateAsync (3,1,1)
[+01:32:12.223] VoxelMesh: Chunk X=3 Y=1 Z=1 FlatVerts=252 SlopeVerts=4356
[+01:32:12.314] VoxelMesh: Chunk X=0 Y=0 Z=0 FlatVerts=48 SlopeVerts=1338
[+01:32:12.316] VoxelChunk: GenerateAsync (0,-3,0)
[+01:32:12.421] VoxelMesh: Chunk X=0 Y=0 Z=0 FlatVerts=54 SlopeVerts=888
[+01:32:12.422] VoxelChunk: GenerateAsync (3,0,-1)
[+01:32:12.526] VoxelMesh: Chunk X=0 Y=0 Z=0 FlatVerts=54 SlopeVerts=4992
[+01:32:12.530] VoxelChunk: GenerateAsync (2,-3,1)
[+01:32:12.627] VoxelMesh: Chunk X=0 Y=0 Z=0 FlatVerts=78 SlopeVerts=5994
[+01:32:12.630] VoxelChunk: GenerateAsync (3,-3,1)
[+01:32:12.727] VoxelMesh: Chunk X=0 Y=0 Z=0 FlatVerts=36 SlopeVerts=240
[+01:32:12.727] VoxelChunk: GenerateAsync (1,-3,0)
[+01:32:12.829] VoxelMesh: Chunk X=0 Y=0 Z=0 FlatVerts=1728 SlopeVerts=9846
[+01:32:12.838] VoxelChunk: GenerateAsync (-3,-2,1)
[+01:32:12.838] VoxelMesh: Chunk X=-3 Y=-2 Z=1 FlatVerts=822 SlopeVerts=3696
[+01:32:12.935] VoxelMesh: Chunk X=0 Y=0 Z=0 FlatVerts=10374 SlopeVerts=4788
[+01:32:12.950] VoxelChunk: GenerateAsync (3,2,1)
[+01:32:12.951] VoxelMesh: Chunk X=3 Y=2 Z=1 FlatVerts=1380 SlopeVerts=2556
[+01:32:13.044] VoxelMesh: Chunk X=0 Y=0 Z=0 FlatVerts=0 SlopeVerts=672
[+01:32:13.044] VoxelChunk: GenerateAsync (2,-3,0)
[+01:32:13.142] VoxelMesh: Chunk X=0 Y=0 Z=0 FlatVerts=1596 SlopeVerts=5688
[+01:32:13.148] VoxelChunk: GenerateAsync (-2,3,1)
[+01:32:13.149] VoxelMesh: Chunk X=-2 Y=3 Z=1 FlatVerts=60 SlopeVerts=936
[+01:32:13.248] VoxelMesh: Chunk X=0 Y=0 Z=0 FlatVerts=8892 SlopeVerts=1518
[+01:32:13.260] VoxelChunk: GenerateAsync (-3,1,-1)
[+01:32:13.666] VoxelMesh: Chunk X=0 Y=0 Z=0 FlatVerts=2016 SlopeVerts=6270
[+01:32:13.672] VoxelChunk: GenerateAsync (0,3,1)
[+01:32:13.999] VoxelMesh: Chunk X=0 Y=0 Z=0 FlatVerts=3942 SlopeVerts=9798
[+01:32:14.012] VoxelChunk: GenerateAsync (1,3,1)
[+01:32:14.012] VoxelMesh: Chunk X=1 Y=3 Z=1 FlatVerts=6 SlopeVerts=420
[+01:32:14.338] VoxelMesh: Chunk X=0 Y=0 Z=0 FlatVerts=0 SlopeVerts=672
[+01:32:14.338] VoxelChunk: GenerateAsync (3,-3,0)
[+01:32:14.668] VoxelMesh: Chunk X=0 Y=0 Z=0 FlatVerts=5904 SlopeVerts=10278
[+01:32:14.681] VoxelChunk: GenerateAsync (-3,-2,0)
[+01:32:14.683] VoxelMesh: Chunk X=-3 Y=-2 Z=0 FlatVerts=300 SlopeVerts=162
[+01:32:15.001] VoxelMesh: Chunk X=0 Y=0 Z=0 FlatVerts=48 SlopeVerts=1098
[+01:32:15.002] VoxelChunk: GenerateAsync (-3,-3,2)
[+01:32:15.003] VoxelMesh: Chunk X=-3 Y=-3 Z=2 FlatVerts=0 SlopeVerts=102
[+01:32:15.337] VoxelMesh: Chunk X=0 Y=0 Z=0 FlatVerts=78 SlopeVerts=10080
[+01:32:15.343] VoxelChunk: GenerateAsync (3,-2,1)
[+01:32:15.345] VoxelMesh: Chunk X=3 Y=-2 Z=1 FlatVerts=0 SlopeVerts=672
[+01:32:15.670] VoxelMesh: Chunk X=0 Y=0 Z=0 FlatVerts=198 SlopeVerts=32844
[+01:32:15.696] VoxelChunk: GenerateAsync (-1,-3,2)
[+01:32:15.697] VoxelMesh: Chunk X=-1 Y=-3 Z=2 FlatVerts=156 SlopeVerts=6690
[+01:32:16.011] VoxelMesh: Chunk X=0 Y=0 Z=0 FlatVerts=312 SlopeVerts=1518
[+01:32:16.013] VoxelChunk: GenerateAsync (-3,-1,1)
[+01:32:16.014] VoxelMesh: Chunk X=-3 Y=-1 Z=1 FlatVerts=246 SlopeVerts=1296
[+01:32:16.105] VoxelMesh: Chunk X=0 Y=0 Z=0 FlatVerts=180 SlopeVerts=22272
[+01:32:16.122] VoxelChunk: GenerateAsync (1,-3,2)
[+01:32:16.124] VoxelMesh: Chunk X=1 Y=-3 Z=2 FlatVerts=12 SlopeVerts=2748
[+01:32:16.215] VoxelMesh: Chunk X=0 Y=0 Z=0 FlatVerts=186 SlopeVerts=23802
[+01:32:16.234] VoxelChunk: GenerateAsync (2,-3,2)
[+01:32:16.236] VoxelMesh: Chunk X=2 Y=-3 Z=2 FlatVerts=0 SlopeVerts=294
[+01:32:16.315] VoxelChunk: GenerateAsync (-3,0,-2)
[+01:32:16.712] VoxelChunk: GenerateAsync (1,3,-2)
[+01:32:17.046] VoxelChunk: GenerateAsync (0,-3,-1)
[+01:32:17.380] VoxelChunk: GenerateAsync (3,-1,-2)
[+01:32:17.712] VoxelChunk: GenerateAsync (-3,-1,-2)
[+01:32:18.046] VoxelMesh: Chunk X=0 Y=0 Z=0 FlatVerts=228 SlopeVerts=13362
[+01:32:18.054] VoxelChunk: GenerateAsync (3,-1,1)
[+01:32:18.056] VoxelMesh: Chunk X=3 Y=-1 Z=1 FlatVerts=0 SlopeVerts=1776
[+01:32:18.380] VoxelChunk: GenerateAsync (0,3,-2)
[+01:32:18.710] VoxelMesh: Chunk X=0 Y=0 Z=0 FlatVerts=0 SlopeVerts=0
[+01:32:18.711] VoxelChunk: GenerateAsync (-3,0,1)
[+01:32:19.046] VoxelChunk: GenerateAsync (3,-2,-2)
[+01:32:19.379] VoxelChunk: GenerateAsync (-3,-2,-2)
[+01:32:19.713] VoxelMesh: Chunk X=0 Y=0 Z=0 FlatVerts=0 SlopeVerts=2448
[+01:32:19.715] VoxelChunk: GenerateAsync (3,-2,0)
[+01:32:20.045] VoxelChunk: GenerateAsync (-1,3,-2)
[+01:32:20.378] VoxelMesh: Chunk X=0 Y=0 Z=0 FlatVerts=0 SlopeVerts=12
[+01:32:20.380] VoxelChunk: GenerateAsync (-1,-3,-1)
[+01:32:20.713] VoxelChunk: GenerateAsync (3,-3,-2)
[+01:32:21.045] VoxelMesh: Chunk X=0 Y=0 Z=0 FlatVerts=264 SlopeVerts=24378
[+01:32:21.062] VoxelChunk: GenerateAsync (3,-1,2)
[+01:32:21.063] VoxelMesh: Chunk X=3 Y=-1 Z=2 FlatVerts=0 SlopeVerts=3246
[+01:32:21.378] VoxelMesh: Chunk X=0 Y=0 Z=0 FlatVerts=8664 SlopeVerts=2394
[+01:32:21.391] VoxelChunk: GenerateAsync (-3,-1,0)
[+01:32:21.392] VoxelMesh: Chunk X=-3 Y=-1 Z=0 FlatVerts=1482 SlopeVerts=744
[+01:32:21.713] VoxelMesh: Chunk X=0 Y=0 Z=0 FlatVerts=2850 SlopeVerts=16992
[+01:32:21.729] VoxelChunk: GenerateAsync (3,0,1)
[+01:32:21.730] VoxelMesh: Chunk X=3 Y=0 Z=1 FlatVerts=30 SlopeVerts=138
[+01:32:22.044] VoxelMesh: Chunk X=0 Y=0 Z=0 FlatVerts=642 SlopeVerts=2130
[+01:32:22.046] VoxelChunk: GenerateAsync (-3,1,1)
[+01:32:22.047] VoxelMesh: Chunk X=-3 Y=1 Z=1 FlatVerts=0 SlopeVerts=0
[+01:32:22.380] VoxelChunk: GenerateAsync (2,-3,-2)
[+01:32:22.712] VoxelChunk: GenerateAsync (-2,3,-2)
[+01:32:23.046] VoxelChunk: GenerateAsync (1,-3,-2)
[+01:32:23.380] VoxelChunk: GenerateAsync (0,-3,-2)
[+01:32:23.712] VoxelChunk: GenerateAsync (-3,3,-2)
[+01:32:24.047] VoxelMesh: Chunk X=0 Y=0 Z=0 FlatVerts=612 SlopeVerts=1350
[+01:32:24.048] VoxelChunk: GenerateAsync (3,1,-1)
[+01:32:24.378] VoxelMesh: Chunk X=0 Y=0 Z=0 FlatVerts=1344 SlopeVerts=1146
[+01:32:24.381] VoxelChunk: GenerateAsync (-2,-3,-1)
[+01:32:24.714] VoxelChunk: GenerateAsync (3,-3,-1)
[+01:32:25.045] VoxelMesh: Chunk X=0 Y=0 Z=0 FlatVerts=3906 SlopeVerts=9792
[+01:32:25.055] VoxelChunk: GenerateAsync (-3,3,0)
[+01:32:25.056] VoxelMesh: Chunk X=-3 Y=3 Z=0 FlatVerts=78 SlopeVerts=102
[+01:32:25.378] VoxelMesh: Chunk X=0 Y=0 Z=0 FlatVerts=7650 SlopeVerts=8016
[+01:32:25.392] VoxelChunk: GenerateAsync (-2,3,0)
[+01:32:25.393] VoxelMesh: Chunk X=-2 Y=3 Z=0 FlatVerts=1890 SlopeVerts=1056
[+01:32:25.714] VoxelMesh: Chunk X=0 Y=0 Z=0 FlatVerts=8826 SlopeVerts=4620
[+01:32:25.727] VoxelChunk: GenerateAsync (-1,3,0)
[+01:32:25.728] VoxelMesh: Chunk X=-1 Y=3 Z=0 FlatVerts=2328 SlopeVerts=0
[+01:32:26.044] VoxelMesh: Chunk X=0 Y=0 Z=0 FlatVerts=1044 SlopeVerts=3264
[+01:32:26.048] VoxelChunk: GenerateAsync (3,1,2)
[+01:32:26.049] VoxelMesh: Chunk X=3 Y=1 Z=2 FlatVerts=72 SlopeVerts=1896
[+01:32:26.378] VoxelMesh: Chunk X=0 Y=0 Z=0 FlatVerts=54 SlopeVerts=4116
[+01:32:26.380] VoxelChunk: GenerateAsync (-3,2,2)
[+01:32:26.381] VoxelMesh: Chunk X=-3 Y=2 Z=2 FlatVerts=0 SlopeVerts=294
[+01:32:26.714] VoxelChunk: GenerateAsync (1,-3,-1)
[+01:32:27.044] VoxelMesh: Chunk X=0 Y=0 Z=0 FlatVerts=7860 SlopeVerts=6048
[+01:32:27.058] VoxelChunk: GenerateAsync (0,3,0)
[+01:32:27.058] VoxelMesh: Chunk X=0 Y=3 Z=0 FlatVerts=2514 SlopeVerts=0
[+01:32:27.384] VoxelMesh: Chunk X=0 Y=0 Z=0 FlatVerts=42 SlopeVerts=2082
[+01:32:27.386] VoxelChunk: GenerateAsync (3,-1,0)
[+01:32:27.712] VoxelMesh: Chunk X=0 Y=0 Z=0 FlatVerts=9894 SlopeVerts=576
[+01:32:27.725] VoxelChunk: GenerateAsync (-3,0,0)
[+01:32:27.726] VoxelMesh: Chunk X=-3 Y=0 Z=0 FlatVerts=2514 SlopeVerts=0
[+01:32:28.055] VoxelChunk: GenerateAsync (-2,-3,-2)
[+01:32:28.380] VoxelMesh: Chunk X=0 Y=0 Z=0 FlatVerts=3180 SlopeVerts=1362
[+01:32:28.385] VoxelChunk: GenerateAsync (3,2,2)
[+01:32:28.385] VoxelMesh: Chunk X=3 Y=2 Z=2 FlatVerts=180 SlopeVerts=312
[+01:32:28.711] VoxelMesh: Chunk X=0 Y=0 Z=0 FlatVerts=54 SlopeVerts=7170
[+01:32:28.715] VoxelChunk: GenerateAsync (-3,3,2)
[+01:32:28.716] VoxelMesh: Chunk X=-3 Y=3 Z=2 FlatVerts=18 SlopeVerts=3024
[+01:32:29.045] VoxelMesh: Chunk X=0 Y=0 Z=0 FlatVerts=0 SlopeVerts=24
[+01:32:29.046] VoxelChunk: GenerateAsync (-2,3,2)
[+01:32:29.403] VoxelMesh: Chunk X=0 Y=0 Z=0 FlatVerts=0 SlopeVerts=0
[+01:32:29.403] VoxelChunk: GenerateAsync (-1,3,2)
[+01:32:29.718] VoxelMesh: Chunk X=0 Y=0 Z=0 FlatVerts=180 SlopeVerts=1428
[+01:32:29.721] VoxelChunk: GenerateAsync (0,3,2)
[+01:32:30.052] VoxelMesh: Chunk X=0 Y=0 Z=0 FlatVerts=1260 SlopeVerts=3678
[+01:32:30.057] VoxelChunk: GenerateAsync (1,3,2)
[+01:32:30.376] VoxelMesh: Chunk X=0 Y=0 Z=0 FlatVerts=2838 SlopeVerts=3324
[+01:32:30.381] VoxelChunk: GenerateAsync (2,3,2)
[+01:32:30.382] VoxelMesh: Chunk X=2 Y=3 Z=2 FlatVerts=0 SlopeVerts=6
[+01:32:30.718] VoxelMesh: Chunk X=0 Y=0 Z=0 FlatVerts=2334 SlopeVerts=1128
[+01:32:30.722] VoxelChunk: GenerateAsync (3,3,2)
[+01:32:30.722] VoxelWorld: Editor generation complete, 245 chunks.
[+01:32:30.723] VoxelMesh: Chunk X=3 Y=3 Z=2 FlatVerts=1686 SlopeVerts=822
