=== FIRSTVOXEL SESSION [2026.03.17-02.12.02] ===
[+02:12:02.200] FirstVoxel module started.
[+02:12:16.804] VoxelWorld: GenerateWorldDeferred started.
[+02:12:16.804] VoxelWorld: Queued 245 chunks.
[+02:12:16.905] VoxelMesh: Chunk X=0 Y=0 Z=0 FlatVerts=5946 SlopeVerts=9666
[+02:12:16.920] VoxelChunk: GenerateAsync (0,0,0)
[+02:12:16.920] VoxelMesh: Chunk X=0 Y=0 Z=0 FlatVerts=1278 SlopeVerts=732
[+02:12:17.009] VoxelMesh: Chunk X=0 Y=0 Z=0 FlatVerts=4116 SlopeVerts=12654
[+02:12:17.025] VoxelChunk: GenerateAsync (1,0,0)
[+02:12:17.025] VoxelMesh: Chunk X=1 Y=0 Z=0 FlatVerts=156 SlopeVerts=42
[+02:12:17.108] VoxelMesh: Chunk X=0 Y=0 Z=0 FlatVerts=7848 SlopeVerts=5814
[+02:12:17.122] VoxelChunk: GenerateAsync (1,1,0)
[+02:12:17.123] VoxelMesh: Chunk X=1 Y=1 Z=0 FlatVerts=1338 SlopeVerts=606
[+02:12:17.215] VoxelMesh: Chunk X=0 Y=0 Z=0 FlatVerts=1296 SlopeVerts=5070
[+02:12:17.220] VoxelChunk: GenerateAsync (1,1,1)
[+02:12:17.221] VoxelMesh: Chunk X=1 Y=1 Z=1 FlatVerts=180 SlopeVerts=1626
[+02:12:17.320] VoxelMesh: Chunk X=0 Y=0 Z=0 FlatVerts=180 SlopeVerts=1626
[+02:12:17.322] VoxelChunk: GenerateAsync (0,1,1)
[+02:12:17.323] VoxelMesh: Chunk X=0 Y=1 Z=1 FlatVerts=0 SlopeVerts=0
[+02:12:17.419] VoxelMesh: Chunk X=0 Y=0 Z=0 FlatVerts=0 SlopeVerts=0
[+02:12:17.420] VoxelChunk: GenerateAsync (-1,1,1)
[+02:12:17.521] VoxelMesh: Chunk X=0 Y=0 Z=0 FlatVerts=2304 SlopeVerts=19698
[+02:12:17.539] VoxelChunk: GenerateAsync (1,0,1)
[+02:12:17.540] VoxelMesh: Chunk X=1 Y=0 Z=1 FlatVerts=576 SlopeVerts=4620
[+02:12:17.625] VoxelMesh: Chunk X=0 Y=0 Z=0 FlatVerts=816 SlopeVerts=10188
[+02:12:17.632] VoxelChunk: GenerateAsync (0,0,1)
[+02:12:17.633] VoxelMesh: Chunk X=0 Y=0 Z=1 FlatVerts=90 SlopeVerts=2058
[+02:12:17.744] VoxelMesh: Chunk X=0 Y=0 Z=0 FlatVerts=1428 SlopeVerts=786
[+02:12:17.747] VoxelChunk: GenerateAsync (0,-1,-1)
[+02:12:17.835] VoxelMesh: Chunk X=0 Y=0 Z=0 FlatVerts=174 SlopeVerts=60
[+02:12:17.836] VoxelChunk: GenerateAsync (1,-1,-1)
[+02:12:17.937] VoxelMesh: Chunk X=0 Y=0 Z=0 FlatVerts=9090 SlopeVerts=2238
[+02:12:17.950] VoxelChunk: GenerateAsync (0,1,0)
[+02:12:17.951] VoxelMesh: Chunk X=0 Y=1 Z=0 FlatVerts=2280 SlopeVerts=30
[+02:12:18.044] VoxelMesh: Chunk X=0 Y=0 Z=0 FlatVerts=9684 SlopeVerts=30
[+02:12:18.055] VoxelChunk: GenerateAsync (-1,1,-1)
[+02:12:18.146] VoxelMesh: Chunk X=0 Y=0 Z=0 FlatVerts=8226 SlopeVerts=2832
[+02:12:18.158] VoxelChunk: GenerateAsync (-1,0,0)
[+02:12:18.159] VoxelMesh: Chunk X=-1 Y=0 Z=0 FlatVerts=2148 SlopeVerts=48
[+02:12:18.251] VoxelMesh: Chunk X=0 Y=0 Z=0 FlatVerts=1842 SlopeVerts=9342
[+02:12:18.260] VoxelChunk: GenerateAsync (-1,-1,1)
[+02:12:18.261] VoxelMesh: Chunk X=-1 Y=-1 Z=1 FlatVerts=618 SlopeVerts=1266
[+02:12:18.360] VoxelMesh: Chunk X=0 Y=0 Z=0 FlatVerts=5046 SlopeVerts=1416
[+02:12:18.368] VoxelChunk: GenerateAsync (0,0,-1)
[+02:12:18.467] VoxelMesh: Chunk X=0 Y=0 Z=0 FlatVerts=6084 SlopeVerts=8094
[+02:12:18.480] VoxelChunk: GenerateAsync (-1,-1,0)
[+02:12:18.481] VoxelMesh: Chunk X=-1 Y=-1 Z=0 FlatVerts=1050 SlopeVerts=696
[+02:12:18.574] VoxelMesh: Chunk X=0 Y=0 Z=0 FlatVerts=2970 SlopeVerts=12204
[+02:12:18.586] VoxelChunk: GenerateAsync (0,-1,0)
[+02:12:18.587] VoxelMesh: Chunk X=0 Y=-1 Z=0 FlatVerts=0 SlopeVerts=6
[+02:12:18.678] VoxelMesh: Chunk X=0 Y=0 Z=0 FlatVerts=90 SlopeVerts=2118
[+02:12:18.681] VoxelChunk: GenerateAsync (-1,0,1)
[+02:12:18.682] VoxelMesh: Chunk X=-1 Y=0 Z=1 FlatVerts=0 SlopeVerts=0
[+02:12:18.782] VoxelMesh: Chunk X=0 Y=0 Z=0 FlatVerts=9684 SlopeVerts=30
[+02:12:18.793] VoxelChunk: GenerateAsync (-1,1,0)
[+02:12:18.794] VoxelMesh: Chunk X=-1 Y=1 Z=0 FlatVerts=2394 SlopeVerts=0
[+02:12:18.886] VoxelMesh: Chunk X=0 Y=0 Z=0 FlatVerts=8886 SlopeVerts=636
[+02:12:18.896] VoxelChunk: GenerateAsync (0,1,-1)
[+02:12:18.988] VoxelMesh: Chunk X=0 Y=0 Z=0 FlatVerts=8100 SlopeVerts=810
[+02:12:18.999] VoxelChunk: GenerateAsync (-1,0,-1)
[+02:12:19.091] VoxelMesh: Chunk X=0 Y=0 Z=0 FlatVerts=1374 SlopeVerts=10614
[+02:12:19.100] VoxelChunk: GenerateAsync (1,-1,0)
[+02:12:19.191] VoxelMesh: Chunk X=0 Y=0 Z=0 FlatVerts=6504 SlopeVerts=1164
[+02:12:19.200] VoxelChunk: GenerateAsync (1,1,-1)
[+02:12:19.301] VoxelMesh: Chunk X=0 Y=0 Z=0 FlatVerts=1776 SlopeVerts=942
[+02:12:19.304] VoxelChunk: GenerateAsync (1,0,-1)
[+02:12:19.404] VoxelMesh: Chunk X=0 Y=0 Z=0 FlatVerts=1266 SlopeVerts=24486
[+02:12:19.423] VoxelChunk: GenerateAsync (1,-1,1)
[+02:12:19.425] VoxelMesh: Chunk X=1 Y=-1 Z=1 FlatVerts=24 SlopeVerts=1404
[+02:12:19.511] VoxelMesh: Chunk X=0 Y=0 Z=0 FlatVerts=1824 SlopeVerts=20004
[+02:12:19.527] VoxelChunk: GenerateAsync (0,-1,1)
[+02:12:19.529] VoxelMesh: Chunk X=0 Y=-1 Z=1 FlatVerts=876 SlopeVerts=3312
[+02:12:19.616] VoxelMesh: Chunk X=0 Y=0 Z=0 FlatVerts=4476 SlopeVerts=1482
[+02:12:19.623] VoxelChunk: GenerateAsync (-1,-1,-1)
[+02:12:19.716] VoxelChunk: GenerateAsync (1,0,-2)
[+02:12:19.819] VoxelChunk: GenerateAsync (2,0,-2)
[+02:12:19.925] VoxelChunk: GenerateAsync (0,-1,-2)
[+02:12:20.027] VoxelChunk: GenerateAsync (1,-1,-2)
[+02:12:20.129] VoxelChunk: GenerateAsync (-1,-2,-2)
[+02:12:20.230] VoxelChunk: GenerateAsync (-2,-2,-2)
[+02:12:20.332] VoxelChunk: GenerateAsync (2,-1,-2)
[+02:12:20.437] VoxelChunk: GenerateAsync (0,1,-2)
[+02:12:20.543] VoxelChunk: GenerateAsync (1,1,-2)
[+02:12:20.650] VoxelChunk: GenerateAsync (1,-2,-2)
[+02:12:20.754] VoxelChunk: GenerateAsync (2,1,-2)
[+02:12:20.856] VoxelChunk: GenerateAsync (-2,2,-2)
[+02:12:20.957] VoxelChunk: GenerateAsync (-2,0,-2)
[+02:12:21.057] VoxelChunk: GenerateAsync (-2,-1,-2)
[+02:12:21.164] VoxelChunk: GenerateAsync (-1,2,-2)
[+02:12:21.268] VoxelChunk: GenerateAsync (0,2,-2)
[+02:12:21.373] VoxelChunk: GenerateAsync (-1,0,-2)
[+02:12:21.475] VoxelChunk: GenerateAsync (1,2,-2)
[+02:12:21.578] VoxelChunk: GenerateAsync (2,2,-2)
[+02:12:21.679] VoxelChunk: GenerateAsync (0,0,-2)
[+02:12:21.782] VoxelChunk: GenerateAsync (-1,-1,-2)
[+02:12:21.884] VoxelChunk: GenerateAsync (2,-2,-2)
[+02:12:21.987] VoxelChunk: GenerateAsync (0,-2,-2)
[+02:12:22.089] VoxelChunk: GenerateAsync (-2,1,-2)
[+02:12:22.192] VoxelChunk: GenerateAsync (-1,1,-2)
[+02:12:22.291] VoxelMesh: Chunk X=0 Y=0 Z=0 FlatVerts=0 SlopeVerts=6
[+02:12:22.292] VoxelChunk: GenerateAsync (1,2,2)
[+02:12:22.394] VoxelMesh: Chunk X=0 Y=0 Z=0 FlatVerts=3288 SlopeVerts=1542
[+02:12:22.399] VoxelChunk: GenerateAsync (2,1,-1)
[+02:12:22.498] VoxelMesh: Chunk X=0 Y=0 Z=0 FlatVerts=0 SlopeVerts=0
[+02:12:22.498] VoxelChunk: GenerateAsync (-2,1,1)
[+02:12:22.599] VoxelMesh: Chunk X=0 Y=0 Z=0 FlatVerts=3390 SlopeVerts=966
[+02:12:22.604] VoxelChunk: GenerateAsync (-2,-2,-1)
[+02:12:22.706] VoxelChunk: GenerateAsync (1,-2,-1)
[+02:12:22.805] VoxelChunk: GenerateAsync (-2,1,2)
[+02:12:22.907] VoxelMesh: Chunk X=0 Y=0 Z=0 FlatVerts=1176 SlopeVerts=24636
[+02:12:22.928] VoxelChunk: GenerateAsync (0,-2,2)
[+02:12:22.930] VoxelMesh: Chunk X=0 Y=-2 Z=2 FlatVerts=222 SlopeVerts=3372
[+02:12:23.010] VoxelMesh: Chunk X=0 Y=0 Z=0 FlatVerts=90 SlopeVerts=888
[+02:12:23.011] VoxelChunk: GenerateAsync (-2,2,1)
[+02:12:23.012] VoxelMesh: Chunk X=-2 Y=2 Z=1 FlatVerts=0 SlopeVerts=0
[+02:12:23.113] VoxelMesh: Chunk X=0 Y=0 Z=0 FlatVerts=1242 SlopeVerts=22680
[+02:12:23.129] VoxelChunk: GenerateAsync (2,-1,1)
[+02:12:23.131] VoxelMesh: Chunk X=2 Y=-1 Z=1 FlatVerts=108 SlopeVerts=1872
[+02:12:23.214] VoxelMesh: Chunk X=0 Y=0 Z=0 FlatVerts=7284 SlopeVerts=972
[+02:12:23.224] VoxelChunk: GenerateAsync (-2,-1,-1)
[+02:12:23.325] VoxelMesh: Chunk X=0 Y=0 Z=0 FlatVerts=132 SlopeVerts=3276
[+02:12:23.327] VoxelChunk: GenerateAsync (1,-2,0)
[+02:12:23.424] VoxelChunk: GenerateAsync (0,1,2)
[+02:12:23.527] VoxelMesh: Chunk X=0 Y=0 Z=0 FlatVerts=2610 SlopeVerts=10368
[+02:12:23.537] VoxelChunk: GenerateAsync (2,0,0)
[+02:12:23.538] VoxelMesh: Chunk X=2 Y=0 Z=0 FlatVerts=18 SlopeVerts=18
[+02:12:23.629] VoxelMesh: Chunk X=0 Y=0 Z=0 FlatVerts=948 SlopeVerts=23274
[+02:12:23.646] VoxelChunk: GenerateAsync (1,-2,2)
[+02:12:23.648] VoxelMesh: Chunk X=1 Y=-2 Z=2 FlatVerts=96 SlopeVerts=198
[+02:12:23.760] VoxelChunk: GenerateAsync (-2,0,2)
[+02:12:23.860] VoxelMesh: Chunk X=0 Y=0 Z=0 FlatVerts=180 SlopeVerts=246
[+02:12:23.861] VoxelChunk: GenerateAsync (0,2,1)
[+02:12:23.963] VoxelMesh: Chunk X=0 Y=0 Z=0 FlatVerts=1560 SlopeVerts=15870
[+02:12:23.976] VoxelChunk: GenerateAsync (0,-2,1)
[+02:12:23.978] VoxelMesh: Chunk X=0 Y=-2 Z=1 FlatVerts=30 SlopeVerts=882
[+02:12:24.061] VoxelMesh: Chunk X=0 Y=0 Z=0 FlatVerts=0 SlopeVerts=378
[+02:12:24.062] VoxelChunk: GenerateAsync (1,1,2)
[+02:12:24.163] VoxelMesh: Chunk X=0 Y=0 Z=0 FlatVerts=432 SlopeVerts=978
[+02:12:24.164] VoxelChunk: GenerateAsync (2,0,-1)
[+02:12:24.265] VoxelMesh: Chunk X=0 Y=0 Z=0 FlatVerts=2208 SlopeVerts=12108
[+02:12:24.275] VoxelChunk: GenerateAsync (-2,-2,1)
[+02:12:24.276] VoxelMesh: Chunk X=-2 Y=-2 Z=1 FlatVerts=984 SlopeVerts=3504
[+02:12:24.370] VoxelMesh: Chunk X=0 Y=0 Z=0 FlatVerts=5502 SlopeVerts=9012
[+02:12:24.383] VoxelChunk: GenerateAsync (-2,-2,0)
[+02:12:24.384] VoxelMesh: Chunk X=-2 Y=-2 Z=0 FlatVerts=288 SlopeVerts=36
[+02:12:24.479] VoxelMesh: Chunk X=0 Y=0 Z=0 FlatVerts=132 SlopeVerts=4164
[+02:12:24.481] VoxelChunk: GenerateAsync (2,-2,0)
[+02:12:24.582] VoxelMesh: Chunk X=0 Y=0 Z=0 FlatVerts=8640 SlopeVerts=1740
[+02:12:24.594] VoxelChunk: GenerateAsync (-2,2,0)
[+02:12:24.595] VoxelMesh: Chunk X=-2 Y=2 Z=0 FlatVerts=2316 SlopeVerts=0
[+02:12:24.689] VoxelMesh: Chunk X=0 Y=0 Z=0 FlatVerts=0 SlopeVerts=6
[+02:12:24.689] VoxelChunk: GenerateAsync (0,-2,-1)
[+02:12:24.788] VoxelMesh: Chunk X=0 Y=0 Z=0 FlatVerts=8214 SlopeVerts=3612
[+02:12:24.800] VoxelChunk: GenerateAsync (2,2,1)
[+02:12:24.801] VoxelMesh: Chunk X=2 Y=2 Z=1 FlatVerts=102 SlopeVerts=186
[+02:12:24.893] VoxelMesh: Chunk X=0 Y=0 Z=0 FlatVerts=8790 SlopeVerts=402
[+02:12:24.903] VoxelChunk: GenerateAsync (1,2,-1)
[+02:12:24.995] VoxelMesh: Chunk X=0 Y=0 Z=0 FlatVerts=9696 SlopeVerts=0
[+02:12:25.001] VoxelChunk: GenerateAsync (-2,1,0)
[+02:12:25.002] VoxelMesh: Chunk X=-2 Y=1 Z=0 FlatVerts=2628 SlopeVerts=0
