=== FIRSTVOXEL SESSION [2026.03.17-01.42.42] ===
[+01:42:42.120] FirstVoxel module started.
[+01:42:51.137] VoxelWorld: GenerateWorldDeferred started.
[+01:42:51.137] VoxelWorld: Queued 245 chunks.
[+01:42:51.242] VoxelMesh: Chunk X=0 Y=0 Z=0 FlatVerts=5472 SlopeVerts=10128
[+01:42:51.257] VoxelChunk: GenerateAsync (0,0,0)
[+01:42:51.258] VoxelMesh: Chunk X=0 Y=0 Z=0 FlatVerts=1230 SlopeVerts=780
[+01:42:51.344] VoxelMesh: Chunk X=0 Y=0 Z=0 FlatVerts=3348 SlopeVerts=13410
[+01:42:51.358] VoxelChunk: GenerateAsync (1,0,0)
[+01:42:51.359] VoxelMesh: Chunk X=1 Y=0 Z=0 FlatVerts=144 SlopeVerts=54
[+01:42:51.455] VoxelMesh: Chunk X=0 Y=0 Z=0 FlatVerts=7380 SlopeVerts=6270
[+01:42:51.469] VoxelChunk: GenerateAsync (1,1,0)
[+01:42:51.470] VoxelMesh: Chunk X=1 Y=1 Z=0 FlatVerts=1284 SlopeVerts=648
[+01:42:51.551] VoxelMesh: Chunk X=0 Y=0 Z=0 FlatVerts=924 SlopeVerts=5442
[+01:42:51.555] VoxelChunk: GenerateAsync (1,1,1)
[+01:42:51.556] VoxelMesh: Chunk X=1 Y=1 Z=1 FlatVerts=138 SlopeVerts=1668
[+01:42:51.654] VoxelMesh: Chunk X=0 Y=0 Z=0 FlatVerts=138 SlopeVerts=1668
[+01:42:51.656] VoxelChunk: GenerateAsync (0,1,1)
[+01:42:51.656] VoxelMesh: Chunk X=0 Y=1 Z=1 FlatVerts=0 SlopeVerts=0
[+01:42:51.755] VoxelMesh: Chunk X=0 Y=0 Z=0 FlatVerts=0 SlopeVerts=0
[+01:42:51.757] VoxelChunk: GenerateAsync (-1,1,1)
[+01:42:51.858] VoxelMesh: Chunk X=0 Y=0 Z=0 FlatVerts=1512 SlopeVerts=20490
[+01:42:51.875] VoxelChunk: GenerateAsync (1,0,1)
[+01:42:51.876] VoxelMesh: Chunk X=1 Y=0 Z=1 FlatVerts=252 SlopeVerts=4944
[+01:42:51.960] VoxelMesh: Chunk X=0 Y=0 Z=0 FlatVerts=432 SlopeVerts=10572
[+01:42:51.968] VoxelChunk: GenerateAsync (0,0,1)
[+01:42:51.968] VoxelMesh: Chunk X=0 Y=0 Z=1 FlatVerts=54 SlopeVerts=2094
[+01:42:52.067] VoxelMesh: Chunk X=0 Y=0 Z=0 FlatVerts=1368 SlopeVerts=846
[+01:42:52.069] VoxelChunk: GenerateAsync (0,-1,-1)
[+01:42:52.175] VoxelMesh: Chunk X=0 Y=0 Z=0 FlatVerts=150 SlopeVerts=84
[+01:42:52.175] VoxelChunk: GenerateAsync (1,-1,-1)
[+01:42:52.276] VoxelMesh: Chunk X=0 Y=0 Z=0 FlatVerts=8982 SlopeVerts=2322
[+01:42:52.288] VoxelChunk: GenerateAsync (0,1,0)
[+01:42:52.289] VoxelMesh: Chunk X=0 Y=1 Z=0 FlatVerts=2280 SlopeVerts=30
[+01:42:52.378] VoxelMesh: Chunk X=0 Y=0 Z=0 FlatVerts=9654 SlopeVerts=30
[+01:42:52.389] VoxelChunk: GenerateAsync (-1,1,-1)
[+01:42:52.480] VoxelMesh: Chunk X=0 Y=0 Z=0 FlatVerts=8118 SlopeVerts=2928
[+01:42:52.492] VoxelChunk: GenerateAsync (-1,0,0)
[+01:42:52.492] VoxelMesh: Chunk X=-1 Y=0 Z=0 FlatVerts=2142 SlopeVerts=48
[+01:42:52.587] VoxelMesh: Chunk X=0 Y=0 Z=0 FlatVerts=984 SlopeVerts=10200
[+01:42:52.594] VoxelChunk: GenerateAsync (-1,-1,1)
[+01:42:52.595] VoxelMesh: Chunk X=-1 Y=-1 Z=1 FlatVerts=474 SlopeVerts=1410
[+01:42:52.690] VoxelMesh: Chunk X=0 Y=0 Z=0 FlatVerts=4932 SlopeVerts=1518
[+01:42:52.697] VoxelChunk: GenerateAsync (0,0,-1)
[+01:42:52.791] VoxelMesh: Chunk X=0 Y=0 Z=0 FlatVerts=5394 SlopeVerts=8778
[+01:42:52.803] VoxelChunk: GenerateAsync (-1,-1,0)
[+01:42:52.804] VoxelMesh: Chunk X=-1 Y=-1 Z=0 FlatVerts=1002 SlopeVerts=744
[+01:42:52.900] VoxelMesh: Chunk X=0 Y=0 Z=0 FlatVerts=2196 SlopeVerts=12978
[+01:42:52.912] VoxelChunk: GenerateAsync (0,-1,0)
[+01:42:52.913] VoxelMesh: Chunk X=0 Y=-1 Z=0 FlatVerts=0 SlopeVerts=6
[+01:42:53.005] VoxelMesh: Chunk X=0 Y=0 Z=0 FlatVerts=54 SlopeVerts=2154
[+01:42:53.007] VoxelChunk: GenerateAsync (-1,0,1)
[+01:42:53.008] VoxelMesh: Chunk X=-1 Y=0 Z=1 FlatVerts=0 SlopeVerts=0
[+01:42:53.105] VoxelMesh: Chunk X=0 Y=0 Z=0 FlatVerts=9654 SlopeVerts=30
[+01:42:53.118] VoxelChunk: GenerateAsync (-1,1,0)
[+01:42:53.118] VoxelMesh: Chunk X=-1 Y=1 Z=0 FlatVerts=2388 SlopeVerts=0
[+01:42:53.214] VoxelMesh: Chunk X=0 Y=0 Z=0 FlatVerts=8820 SlopeVerts=678
[+01:42:53.225] VoxelChunk: GenerateAsync (0,1,-1)
[+01:42:53.319] VoxelMesh: Chunk X=0 Y=0 Z=0 FlatVerts=8034 SlopeVerts=864
[+01:42:53.330] VoxelChunk: GenerateAsync (-1,0,-1)
[+01:42:53.426] VoxelMesh: Chunk X=0 Y=0 Z=0 FlatVerts=864 SlopeVerts=11124
[+01:42:53.434] VoxelChunk: GenerateAsync (1,-1,0)
[+01:42:53.529] VoxelMesh: Chunk X=0 Y=0 Z=0 FlatVerts=6396 SlopeVerts=1260
[+01:42:53.538] VoxelChunk: GenerateAsync (1,1,-1)
[+01:42:53.636] VoxelMesh: Chunk X=0 Y=0 Z=0 FlatVerts=1686 SlopeVerts=1020
[+01:42:53.639] VoxelChunk: GenerateAsync (1,0,-1)
[+01:42:53.744] VoxelMesh: Chunk X=0 Y=0 Z=0 FlatVerts=624 SlopeVerts=25128
[+01:42:53.762] VoxelChunk: GenerateAsync (1,-1,1)
[+01:42:53.763] VoxelMesh: Chunk X=1 Y=-1 Z=1 FlatVerts=0 SlopeVerts=1428
[+01:42:53.842] VoxelMesh: Chunk X=0 Y=0 Z=0 FlatVerts=750 SlopeVerts=21078
[+01:42:53.859] VoxelChunk: GenerateAsync (0,-1,1)
[+01:42:53.860] VoxelMesh: Chunk X=0 Y=-1 Z=1 FlatVerts=486 SlopeVerts=3702
[+01:42:53.950] VoxelMesh: Chunk X=0 Y=0 Z=0 FlatVerts=4368 SlopeVerts=1584
[+01:42:53.956] VoxelChunk: GenerateAsync (-1,-1,-1)
[+01:42:54.052] VoxelChunk: GenerateAsync (1,0,-2)
[+01:42:54.155] VoxelChunk: GenerateAsync (2,0,-2)
[+01:42:54.260] VoxelChunk: GenerateAsync (0,-1,-2)
[+01:42:54.365] VoxelChunk: GenerateAsync (1,-1,-2)
[+01:42:54.469] VoxelChunk: GenerateAsync (-1,-2,-2)
[+01:42:54.572] VoxelChunk: GenerateAsync (-2,-2,-2)
[+01:42:54.677] VoxelChunk: GenerateAsync (2,-1,-2)
[+01:42:54.779] VoxelChunk: GenerateAsync (0,1,-2)
[+01:42:54.883] VoxelChunk: GenerateAsync (1,1,-2)
[+01:42:54.987] VoxelChunk: GenerateAsync (1,-2,-2)
[+01:42:55.090] VoxelChunk: GenerateAsync (2,1,-2)
[+01:42:55.194] VoxelChunk: GenerateAsync (-2,2,-2)
[+01:42:55.297] VoxelChunk: GenerateAsync (-2,0,-2)
[+01:42:55.401] VoxelChunk: GenerateAsync (-2,-1,-2)
[+01:42:55.503] VoxelChunk: GenerateAsync (-1,2,-2)
[+01:42:55.608] VoxelChunk: GenerateAsync (0,2,-2)
[+01:42:55.712] VoxelChunk: GenerateAsync (-1,0,-2)
[+01:42:55.817] VoxelChunk: GenerateAsync (1,2,-2)
[+01:42:55.921] VoxelChunk: GenerateAsync (2,2,-2)
[+01:42:56.024] VoxelChunk: GenerateAsync (0,0,-2)
[+01:42:56.126] VoxelChunk: GenerateAsync (-1,-1,-2)
[+01:42:56.230] VoxelChunk: GenerateAsync (2,-2,-2)
[+01:42:56.335] VoxelChunk: GenerateAsync (0,-2,-2)
[+01:43:26.010] VoxelChunk: GenerateAsync (-2,1,-2)
[+01:43:26.078] VoxelChunk: GenerateAsync (-1,1,-2)
[+01:43:26.208] VoxelMesh: Chunk X=0 Y=0 Z=0 FlatVerts=0 SlopeVerts=6
[+01:43:26.209] VoxelChunk: GenerateAsync (1,2,2)
[+01:43:26.272] VoxelMesh: Chunk X=0 Y=0 Z=0 FlatVerts=2976 SlopeVerts=1854
[+01:43:26.278] VoxelChunk: GenerateAsync (2,1,-1)
[+01:43:26.370] VoxelMesh: Chunk X=0 Y=0 Z=0 FlatVerts=0 SlopeVerts=0
[+01:43:26.371] VoxelChunk: GenerateAsync (-2,1,1)
[+01:43:26.474] VoxelMesh: Chunk X=0 Y=0 Z=0 FlatVerts=3294 SlopeVerts=1062
[+01:43:26.479] VoxelChunk: GenerateAsync (-2,-2,-1)
[+01:43:26.583] VoxelChunk: GenerateAsync (1,-2,-1)
[+01:43:26.682] VoxelChunk: GenerateAsync (-2,1,2)
[+01:43:26.786] VoxelMesh: Chunk X=0 Y=0 Z=0 FlatVerts=36 SlopeVerts=25776
[+01:43:26.804] VoxelChunk: GenerateAsync (0,-2,2)
[+01:43:26.805] VoxelMesh: Chunk X=0 Y=-2 Z=2 FlatVerts=24 SlopeVerts=3570
[+01:43:26.891] VoxelMesh: Chunk X=0 Y=0 Z=0 FlatVerts=54 SlopeVerts=924
[+01:43:26.893] VoxelChunk: GenerateAsync (-2,2,1)
[+01:43:26.894] VoxelMesh: Chunk X=-2 Y=2 Z=1 FlatVerts=0 SlopeVerts=0
[+01:43:26.995] VoxelMesh: Chunk X=0 Y=0 Z=0 FlatVerts=630 SlopeVerts=23292
[+01:43:27.013] VoxelChunk: GenerateAsync (2,-1,1)
[+01:43:27.015] VoxelMesh: Chunk X=2 Y=-1 Z=1 FlatVerts=72 SlopeVerts=1908
[+01:43:27.101] VoxelMesh: Chunk X=0 Y=0 Z=0 FlatVerts=7182 SlopeVerts=1068
[+01:43:27.110] VoxelChunk: GenerateAsync (-2,-1,-1)
[+01:43:27.204] VoxelMesh: Chunk X=0 Y=0 Z=0 FlatVerts=72 SlopeVerts=3336
[+01:43:27.207] VoxelChunk: GenerateAsync (1,-2,0)
[+01:43:27.305] VoxelChunk: GenerateAsync (0,1,2)
[+01:43:27.407] VoxelMesh: Chunk X=0 Y=0 Z=0 FlatVerts=1716 SlopeVerts=11262
[+01:43:27.417] VoxelChunk: GenerateAsync (2,0,0)
[+01:43:27.418] VoxelMesh: Chunk X=2 Y=0 Z=0 FlatVerts=6 SlopeVerts=30
[+01:43:27.509] VoxelMesh: Chunk X=0 Y=0 Z=0 FlatVerts=18 SlopeVerts=24204
[+01:43:27.526] VoxelChunk: GenerateAsync (1,-2,2)
[+01:43:27.528] VoxelMesh: Chunk X=1 Y=-2 Z=2 FlatVerts=0 SlopeVerts=294
[+01:43:27.610] VoxelChunk: GenerateAsync (-2,0,2)
[+01:43:27.711] VoxelMesh: Chunk X=0 Y=0 Z=0 FlatVerts=6 SlopeVerts=420
[+01:43:27.712] VoxelChunk: GenerateAsync (0,2,1)
[+01:43:27.813] VoxelMesh: Chunk X=0 Y=0 Z=0 FlatVerts=516 SlopeVerts=16914
[+01:43:27.825] VoxelChunk: GenerateAsync (0,-2,1)
[+01:43:27.827] VoxelMesh: Chunk X=0 Y=-2 Z=1 FlatVerts=0 SlopeVerts=912
[+01:43:27.918] VoxelMesh: Chunk X=0 Y=0 Z=0 FlatVerts=0 SlopeVerts=378
[+01:43:27.919] VoxelChunk: GenerateAsync (1,1,2)
[+01:43:28.020] VoxelMesh: Chunk X=0 Y=0 Z=0 FlatVerts=312 SlopeVerts=1098
[+01:43:28.021] VoxelChunk: GenerateAsync (2,0,-1)
[+01:43:28.120] VoxelMesh: Chunk X=0 Y=0 Z=0 FlatVerts=1314 SlopeVerts=12990
[+01:43:28.130] VoxelChunk: GenerateAsync (-2,-2,1)
[+01:43:28.131] VoxelMesh: Chunk X=-2 Y=-2 Z=1 FlatVerts=588 SlopeVerts=3888
[+01:43:28.226] VoxelMesh: Chunk X=0 Y=0 Z=0 FlatVerts=4680 SlopeVerts=9822
[+01:43:28.238] VoxelChunk: GenerateAsync (-2,-2,0)
[+01:43:28.239] VoxelMesh: Chunk X=-2 Y=-2 Z=0 FlatVerts=288 SlopeVerts=36
[+01:43:28.334] VoxelMesh: Chunk X=0 Y=0 Z=0 FlatVerts=72 SlopeVerts=4224
[+01:43:28.336] VoxelChunk: GenerateAsync (2,-2,0)
[+01:43:28.437] VoxelMesh: Chunk X=0 Y=0 Z=0 FlatVerts=8490 SlopeVerts=1872
[+01:43:28.448] VoxelChunk: GenerateAsync (-2,2,0)
[+01:43:28.449] VoxelMesh: Chunk X=-2 Y=2 Z=0 FlatVerts=2304 SlopeVerts=6
[+01:43:28.545] VoxelMesh: Chunk X=0 Y=0 Z=0 FlatVerts=0 SlopeVerts=6
[+01:43:28.546] VoxelChunk: GenerateAsync (0,-2,-1)
[+01:43:28.647] VoxelMesh: Chunk X=0 Y=0 Z=0 FlatVerts=5136 SlopeVerts=6684
[+01:43:28.658] VoxelChunk: GenerateAsync (2,2,1)
[+01:43:28.659] VoxelMesh: Chunk X=2 Y=2 Z=1 FlatVerts=0 SlopeVerts=288
[+01:43:28.751] VoxelMesh: Chunk X=0 Y=0 Z=0 FlatVerts=8010 SlopeVerts=1140
[+01:43:28.763] VoxelChunk: GenerateAsync (1,2,-1)
[+01:43:28.855] VoxelMesh: Chunk X=0 Y=0 Z=0 FlatVerts=9666 SlopeVerts=6
[+01:43:28.866] VoxelChunk: GenerateAsync (-2,1,0)
[+01:43:28.868] VoxelMesh: Chunk X=-2 Y=1 Z=0 FlatVerts=2628 SlopeVerts=0
[+01:43:28.961] VoxelMesh: Chunk X=0 Y=0 Z=0 FlatVerts=78 SlopeVerts=26088
[+01:43:28.980] VoxelChunk: GenerateAsync (2,-2,2)
[+01:43:28.981] VoxelMesh: Chunk X=2 Y=-2 Z=2 FlatVerts=0 SlopeVerts=18
[+01:43:29.066] VoxelMesh: Chunk X=0 Y=0 Z=0 FlatVerts=6 SlopeVerts=2988
[+01:43:29.068] VoxelChunk: GenerateAsync (-1,-1,2)
[+01:43:29.168] VoxelMesh: Chunk X=0 Y=0 Z=0 FlatVerts=0 SlopeVerts=60
[+01:43:29.168] VoxelChunk: GenerateAsync (-1,0,2)
[+01:43:29.275] VoxelMesh: Chunk X=0 Y=0 Z=0 FlatVerts=9126 SlopeVerts=4128
[+01:43:29.288] VoxelChunk: GenerateAsync (1,2,0)
[+01:43:29.289] VoxelMesh: Chunk X=1 Y=2 Z=0 FlatVerts=2616 SlopeVerts=0
[+01:43:29.381] VoxelMesh: Chunk X=0 Y=0 Z=0 FlatVerts=9156 SlopeVerts=0
[+01:43:29.387] VoxelChunk: GenerateAsync (-1,2,-1)
[+01:43:29.489] VoxelMesh: Chunk X=0 Y=0 Z=0 FlatVerts=8436 SlopeVerts=948
[+01:43:29.501] VoxelChunk: GenerateAsync (-2,2,-1)
[+01:43:29.596] VoxelMesh: Chunk X=0 Y=0 Z=0 FlatVerts=72 SlopeVerts=10068
[+01:43:29.602] VoxelChunk: GenerateAsync (1,-2,1)
[+01:43:29.694] VoxelMesh: Chunk X=0 Y=0 Z=0 FlatVerts=9648 SlopeVerts=672
[+01:43:29.707] VoxelChunk: GenerateAsync (0,2,0)
[+01:43:29.708] VoxelMesh: Chunk X=0 Y=2 Z=0 FlatVerts=2640 SlopeVerts=0
[+01:43:29.802] VoxelMesh: Chunk X=0 Y=0 Z=0 FlatVerts=228 SlopeVerts=2514
[+01:43:29.804] VoxelChunk: GenerateAsync (2,1,2)
[+01:43:29.804] VoxelMesh: Chunk X=2 Y=1 Z=2 FlatVerts=0 SlopeVerts=372
[+01:43:29.904] VoxelMesh: Chunk X=0 Y=0 Z=0 FlatVerts=1602 SlopeVerts=23772
[+01:43:29.924] VoxelChunk: GenerateAsync (2,0,1)
[+01:43:29.925] VoxelMesh: Chunk X=2 Y=0 Z=1 FlatVerts=342 SlopeVerts=2808
[+01:43:30.016] VoxelMesh: Chunk X=0 Y=0 Z=0 FlatVerts=468 SlopeVerts=6486
[+01:43:30.020] VoxelChunk: GenerateAsync (2,-1,0)
[+01:43:58.435] VoxelMesh: Chunk X=0 Y=0 Z=0 FlatVerts=1116 SlopeVerts=2994
[+01:43:58.439] VoxelChunk: GenerateAsync (1,2,1)
[+01:43:58.522] VoxelMesh: Chunk X=0 Y=0 Z=0 FlatVerts=1194 SlopeVerts=19944
[+01:43:58.538] VoxelChunk: GenerateAsync (-1,-2,1)
[+01:43:58.539] VoxelMesh: Chunk X=-1 Y=-2 Z=1 FlatVerts=258 SlopeVerts=3240
[+01:43:58.625] VoxelMesh: Chunk X=0 Y=0 Z=0 FlatVerts=126 SlopeVerts=13506
[+01:43:58.633] VoxelChunk: GenerateAsync (2,-2,1)
[+01:43:58.727] VoxelMesh: Chunk X=0 Y=0 Z=0 FlatVerts=546 SlopeVerts=1626
[+01:43:58.728] VoxelChunk: GenerateAsync (-2,-1,1)
[+01:43:58.730] VoxelMesh: Chunk X=-2 Y=-1 Z=1 FlatVerts=72 SlopeVerts=216
[+01:43:58.838] VoxelMesh: Chunk X=0 Y=0 Z=0 FlatVerts=5208 SlopeVerts=11892
[+01:43:58.855] VoxelChunk: GenerateAsync (2,1,0)
[+01:43:58.856] VoxelMesh: Chunk X=2 Y=1 Z=0 FlatVerts=258 SlopeVerts=282
[+01:43:58.938] VoxelMesh: Chunk X=0 Y=0 Z=0 FlatVerts=0 SlopeVerts=0
[+01:43:58.938] VoxelChunk: GenerateAsync (-2,0,1)
[+01:43:59.041] VoxelMesh: Chunk X=0 Y=0 Z=0 FlatVerts=204 SlopeVerts=29934
[+01:43:59.063] VoxelChunk: GenerateAsync (2,-1,2)
[+01:43:59.064] VoxelMesh: Chunk X=2 Y=-1 Z=2 FlatVerts=0 SlopeVerts=2310
[+01:43:59.140] VoxelMesh: Chunk X=0 Y=0 Z=0 FlatVerts=0 SlopeVerts=10098
[+01:43:59.148] VoxelChunk: GenerateAsync (1,0,2)
[+01:43:59.148] VoxelMesh: Chunk X=1 Y=0 Z=2 FlatVerts=0 SlopeVerts=1794
[+01:43:59.248] VoxelMesh: Chunk X=0 Y=0 Z=0 FlatVerts=7788 SlopeVerts=2634
[+01:43:59.263] VoxelChunk: GenerateAsync (-2,-1,0)
[+01:43:59.264] VoxelMesh: Chunk X=-2 Y=-1 Z=0 FlatVerts=2010 SlopeVerts=276
[+01:43:59.350] VoxelMesh: Chunk X=0 Y=0 Z=0 FlatVerts=2436 SlopeVerts=12558
[+01:43:59.361] VoxelChunk: GenerateAsync (2,1,1)
[+01:43:59.362] VoxelMesh: Chunk X=2 Y=1 Z=1 FlatVerts=792 SlopeVerts=3108
[+01:43:59.455] VoxelChunk: GenerateAsync (-1,2,1)
[+01:43:59.556] VoxelMesh: Chunk X=0 Y=0 Z=0 FlatVerts=9186 SlopeVerts=48
[+01:43:59.568] VoxelChunk: GenerateAsync (-2,0,0)
[+01:43:59.569] VoxelMesh: Chunk X=-2 Y=0 Z=0 FlatVerts=2028 SlopeVerts=0
[+01:43:59.658] VoxelMesh: Chunk X=0 Y=0 Z=0 FlatVerts=9642 SlopeVerts=252
[+01:43:59.671] VoxelChunk: GenerateAsync (0,2,-1)
[+01:43:59.766] VoxelMesh: Chunk X=0 Y=0 Z=0 FlatVerts=3594 SlopeVerts=1350
[+01:43:59.772] VoxelChunk: GenerateAsync (2,2,-1)
[+01:43:59.868] VoxelMesh: Chunk X=0 Y=0 Z=0 FlatVerts=9666 SlopeVerts=6
[+01:43:59.879] VoxelChunk: GenerateAsync (-2,1,-1)
[+01:43:59.973] VoxelMesh: Chunk X=0 Y=0 Z=0 FlatVerts=18 SlopeVerts=4632
[+01:43:59.976] VoxelChunk: GenerateAsync (-2,-2,2)
[+01:43:59.977] VoxelMesh: Chunk X=-2 Y=-2 Z=2 FlatVerts=0 SlopeVerts=0
[+01:44:00.078] VoxelMesh: Chunk X=0 Y=0 Z=0 FlatVerts=1002 SlopeVerts=750
[+01:44:00.080] VoxelChunk: GenerateAsync (-1,-2,-1)
