=== FIRSTVOXEL SESSION [2026.03.17-00.19.27] ===
[+00:19:27.923] FirstVoxel module started.
[+00:19:51.093] VoxelWorld: GenerateWorldDeferred started.
[+00:19:51.093] VoxelWorld: Queued 441 chunks.
[+00:19:51.205] VoxelMesh: Chunk X=0 Y=0 Z=0 FlatVerts=5988 SlopeVerts=10380
[+00:19:51.223] VoxelChunk: GenerateAsync (0,0,0)
[+00:19:51.224] VoxelMesh: Chunk X=0 Y=0 Z=0 FlatVerts=144 SlopeVerts=186
[+00:19:51.296] VoxelMesh: Chunk X=0 Y=0 Z=0 FlatVerts=3600 SlopeVerts=13752
[+00:19:51.311] VoxelChunk: GenerateAsync (1,0,0)
[+00:19:51.311] VoxelMesh: Chunk X=1 Y=0 Z=0 FlatVerts=2520 SlopeVerts=186
[+00:19:51.398] VoxelMesh: Chunk X=0 Y=0 Z=0 FlatVerts=1542 SlopeVerts=1056
[+00:19:51.401] VoxelChunk: GenerateAsync (0,-1,-1)
[+00:19:51.403] VoxelMesh: Chunk X=0 Y=-1 Z=-1 FlatVerts=0 SlopeVerts=0
[+00:19:51.507] VoxelMesh: Chunk X=0 Y=0 Z=0 FlatVerts=216 SlopeVerts=198
[+00:19:51.508] VoxelChunk: GenerateAsync (1,-1,-1)
[+00:19:51.509] VoxelMesh: Chunk X=1 Y=-1 Z=-1 FlatVerts=0 SlopeVerts=0
[+00:19:51.606] VoxelMesh: Chunk X=0 Y=0 Z=0 FlatVerts=4986 SlopeVerts=1782
[+00:19:51.616] VoxelChunk: GenerateAsync (-1,-1,-1)
[+00:19:51.617] VoxelMesh: Chunk X=-1 Y=-1 Z=-1 FlatVerts=0 SlopeVerts=0
[+00:19:51.715] VoxelMesh: Chunk X=0 Y=0 Z=0 FlatVerts=9000 SlopeVerts=2988
[+00:19:51.728] VoxelChunk: GenerateAsync (-1,0,0)
[+00:19:51.730] VoxelMesh: Chunk X=-1 Y=0 Z=0 FlatVerts=0 SlopeVerts=0
[+00:19:51.819] VoxelMesh: Chunk X=0 Y=0 Z=0 FlatVerts=8106 SlopeVerts=6360
[+00:19:51.833] VoxelChunk: GenerateAsync (1,1,0)
[+00:19:51.833] VoxelMesh: Chunk X=1 Y=1 Z=0 FlatVerts=2514 SlopeVerts=0
[+00:19:51.929] VoxelMesh: Chunk X=0 Y=0 Z=0 FlatVerts=900 SlopeVerts=11538
[+00:19:51.938] VoxelChunk: GenerateAsync (1,-1,0)
[+00:19:51.939] VoxelMesh: Chunk X=1 Y=-1 Z=0 FlatVerts=162 SlopeVerts=78
[+00:19:52.034] VoxelMesh: Chunk X=0 Y=0 Z=0 FlatVerts=0 SlopeVerts=0
[+00:19:52.035] VoxelChunk: GenerateAsync (-1,1,1)
[+00:19:52.036] VoxelMesh: Chunk X=-1 Y=1 Z=1 FlatVerts=24 SlopeVerts=3126
[+00:19:52.133] VoxelMesh: Chunk X=0 Y=0 Z=0 FlatVerts=9804 SlopeVerts=2352
[+00:19:52.149] VoxelChunk: GenerateAsync (0,1,0)
[+00:19:52.149] VoxelMesh: Chunk X=0 Y=1 Z=0 FlatVerts=1800 SlopeVerts=342
[+00:19:52.237] VoxelMesh: Chunk X=0 Y=0 Z=0 FlatVerts=9684 SlopeVerts=744
[+00:19:52.253] VoxelChunk: GenerateAsync (0,1,-1)
[+00:19:52.254] VoxelMesh: Chunk X=0 Y=1 Z=-1 FlatVerts=0 SlopeVerts=0
[+00:19:52.339] VoxelMesh: Chunk X=0 Y=0 Z=0 FlatVerts=6012 SlopeVerts=9192
[+00:19:52.353] VoxelChunk: GenerateAsync (-1,-1,0)
[+00:19:52.355] VoxelMesh: Chunk X=-1 Y=-1 Z=0 FlatVerts=0 SlopeVerts=0
[+00:19:52.442] VoxelMesh: Chunk X=0 Y=0 Z=0 FlatVerts=8946 SlopeVerts=966
[+00:19:52.453] VoxelChunk: GenerateAsync (-1,0,-1)
[+00:19:52.455] VoxelMesh: Chunk X=-1 Y=0 Z=-1 FlatVerts=0 SlopeVerts=0
[+00:19:52.554] VoxelMesh: Chunk X=0 Y=0 Z=0 FlatVerts=1608 SlopeVerts=20934
[+00:19:52.572] VoxelChunk: GenerateAsync (1,0,1)
[+00:19:52.573] VoxelMesh: Chunk X=1 Y=0 Z=1 FlatVerts=138 SlopeVerts=186
[+00:19:52.652] VoxelMesh: Chunk X=0 Y=0 Z=0 FlatVerts=648 SlopeVerts=25830
[+00:19:52.671] VoxelChunk: GenerateAsync (1,-1,1)
[+00:19:52.672] VoxelMesh: Chunk X=1 Y=-1 Z=1 FlatVerts=1296 SlopeVerts=2562
[+00:19:52.759] VoxelMesh: Chunk X=0 Y=0 Z=0 FlatVerts=10458 SlopeVerts=30
[+00:19:52.772] VoxelChunk: GenerateAsync (-1,1,0)
[+00:19:52.773] VoxelMesh: Chunk X=-1 Y=1 Z=0 FlatVerts=156 SlopeVerts=288
[+00:19:52.866] VoxelMesh: Chunk X=0 Y=0 Z=0 FlatVerts=2346 SlopeVerts=13626
[+00:19:52.877] VoxelChunk: GenerateAsync (0,-1,0)
[+00:19:52.878] VoxelMesh: Chunk X=0 Y=-1 Z=0 FlatVerts=0 SlopeVerts=0
[+00:19:52.970] VoxelMesh: Chunk X=0 Y=0 Z=0 FlatVerts=10458 SlopeVerts=30
[+00:19:52.987] VoxelChunk: GenerateAsync (-1,1,-1)
[+00:19:52.988] VoxelMesh: Chunk X=-1 Y=1 Z=-1 FlatVerts=0 SlopeVerts=0
[+00:19:53.074] VoxelMesh: Chunk X=0 Y=0 Z=0 FlatVerts=5532 SlopeVerts=1776
[+00:19:53.082] VoxelChunk: GenerateAsync (0,0,-1)
[+00:19:53.083] VoxelMesh: Chunk X=0 Y=0 Z=-1 FlatVerts=0 SlopeVerts=0
[+00:19:53.175] VoxelMesh: Chunk X=0 Y=0 Z=0 FlatVerts=7176 SlopeVerts=1398
[+00:19:53.185] VoxelChunk: GenerateAsync (1,1,-1)
[+00:19:53.185] VoxelMesh: Chunk X=1 Y=1 Z=-1 FlatVerts=0 SlopeVerts=0
[+00:19:53.279] VoxelMesh: Chunk X=0 Y=0 Z=0 FlatVerts=2016 SlopeVerts=1272
[+00:19:53.283] VoxelChunk: GenerateAsync (1,0,-1)
[+00:19:53.283] VoxelMesh: Chunk X=1 Y=0 Z=-1 FlatVerts=0 SlopeVerts=0
[+00:19:53.386] VoxelMesh: Chunk X=0 Y=0 Z=0 FlatVerts=990 SlopeVerts=5526
[+00:19:53.391] VoxelChunk: GenerateAsync (1,1,1)
[+00:19:53.392] VoxelMesh: Chunk X=1 Y=1 Z=1 FlatVerts=0 SlopeVerts=0
[+00:19:53.486] VoxelMesh: Chunk X=0 Y=0 Z=0 FlatVerts=144 SlopeVerts=1698
[+00:19:53.487] VoxelChunk: GenerateAsync (0,1,1)
[+00:19:53.489] VoxelMesh: Chunk X=0 Y=1 Z=1 FlatVerts=222 SlopeVerts=600
[+00:19:53.591] VoxelMesh: Chunk X=0 Y=0 Z=0 FlatVerts=456 SlopeVerts=10890
[+00:19:53.599] VoxelChunk: GenerateAsync (0,0,1)
[+00:19:53.601] VoxelMesh: Chunk X=0 Y=0 Z=1 FlatVerts=690 SlopeVerts=3612
[+00:19:53.697] VoxelMesh: Chunk X=0 Y=0 Z=0 FlatVerts=54 SlopeVerts=2202
[+00:19:53.699] VoxelChunk: GenerateAsync (-1,0,1)
[+00:19:53.700] VoxelMesh: Chunk X=-1 Y=0 Z=1 FlatVerts=0 SlopeVerts=84
[+00:19:53.802] VoxelMesh: Chunk X=0 Y=0 Z=0 FlatVerts=792 SlopeVerts=22050
[+00:19:53.819] VoxelChunk: GenerateAsync (0,-1,1)
[+00:19:53.821] VoxelMesh: Chunk X=0 Y=-1 Z=1 FlatVerts=36 SlopeVerts=2394
[+00:19:53.910] VoxelMesh: Chunk X=0 Y=0 Z=0 FlatVerts=1050 SlopeVerts=10668
[+00:19:53.918] VoxelChunk: GenerateAsync (-1,-1,1)
[+00:19:53.919] VoxelMesh: Chunk X=-1 Y=-1 Z=1 FlatVerts=0 SlopeVerts=0
[+00:19:54.015] VoxelMesh: Chunk X=0 Y=0 Z=0 FlatVerts=6 SlopeVerts=15186
[+00:19:54.025] VoxelChunk: GenerateAsync (0,-1,2)
[+00:19:54.026] VoxelMesh: Chunk X=0 Y=-1 Z=2 FlatVerts=396 SlopeVerts=3870
[+00:19:54.115] VoxelMesh: Chunk X=0 Y=0 Z=0 FlatVerts=6 SlopeVerts=3168
[+00:19:54.119] VoxelChunk: GenerateAsync (-1,-1,2)
[+00:19:54.120] VoxelMesh: Chunk X=-1 Y=-1 Z=2 FlatVerts=90 SlopeVerts=1290
[+00:19:54.214] VoxelMesh: Chunk X=0 Y=0 Z=0 FlatVerts=0 SlopeVerts=0
[+00:19:54.215] VoxelChunk: GenerateAsync (-2,1,2)
[+00:19:54.215] VoxelMesh: Chunk X=-2 Y=1 Z=2 FlatVerts=30 SlopeVerts=1884
[+00:19:54.319] VoxelMesh: Chunk X=0 Y=0 Z=0 FlatVerts=0 SlopeVerts=0
[+00:19:54.320] VoxelChunk: GenerateAsync (-2,-1,2)
[+00:19:54.320] VoxelMesh: Chunk X=-2 Y=-1 Z=2 FlatVerts=228 SlopeVerts=3066
[+00:19:54.425] VoxelMesh: Chunk X=0 Y=0 Z=0 FlatVerts=78 SlopeVerts=26964
[+00:19:54.445] VoxelChunk: GenerateAsync (2,-2,2)
[+00:19:54.446] VoxelMesh: Chunk X=2 Y=-2 Z=2 FlatVerts=0 SlopeVerts=3708
[+00:19:54.528] VoxelMesh: Chunk X=0 Y=0 Z=0 FlatVerts=270 SlopeVerts=19878
[+00:19:54.542] VoxelChunk: GenerateAsync (2,0,2)
[+00:19:54.543] VoxelMesh: Chunk X=2 Y=0 Z=2 FlatVerts=0 SlopeVerts=0
[+00:19:54.631] VoxelMesh: Chunk X=0 Y=0 Z=0 FlatVerts=252 SlopeVerts=2622
[+00:19:54.633] VoxelChunk: GenerateAsync (2,1,2)
[+00:19:54.633] VoxelMesh: Chunk X=2 Y=1 Z=2 FlatVerts=0 SlopeVerts=1722
[+00:19:54.737] VoxelMesh: Chunk X=0 Y=0 Z=0 FlatVerts=18 SlopeVerts=25110
[+00:19:54.755] VoxelChunk: GenerateAsync (1,-2,2)
[+00:19:54.756] VoxelMesh: Chunk X=1 Y=-2 Z=2 FlatVerts=168 SlopeVerts=3192
[+00:19:54.846] VoxelMesh: Chunk X=0 Y=0 Z=0 FlatVerts=36 SlopeVerts=26892
[+00:19:54.865] VoxelChunk: GenerateAsync (0,-2,2)
[+00:19:54.865] VoxelMesh: Chunk X=0 Y=-2 Z=2 FlatVerts=96 SlopeVerts=2862
[+00:19:54.948] VoxelMesh: Chunk X=0 Y=0 Z=0 FlatVerts=0 SlopeVerts=0
[+00:19:54.949] VoxelChunk: GenerateAsync (-2,1,1)
[+00:19:54.950] VoxelMesh: Chunk X=-2 Y=1 Z=1 FlatVerts=0 SlopeVerts=0
[+00:19:55.053] VoxelMesh: Chunk X=0 Y=0 Z=0 FlatVerts=1734 SlopeVerts=24420
[+00:19:55.073] VoxelChunk: GenerateAsync (2,0,1)
[+00:19:55.074] VoxelMesh: Chunk X=2 Y=0 Z=1 FlatVerts=0 SlopeVerts=0
[+00:19:55.166] VoxelMesh: Chunk X=0 Y=0 Z=0 FlatVerts=0 SlopeVerts=10548
[+00:19:55.174] VoxelChunk: GenerateAsync (1,0,2)
[+00:19:55.176] VoxelMesh: Chunk X=1 Y=0 Z=2 FlatVerts=0 SlopeVerts=0
[+00:19:55.276] VoxelMesh: Chunk X=0 Y=0 Z=0 FlatVerts=48 SlopeVerts=16800
[+00:19:55.292] VoxelChunk: GenerateAsync (-1,-2,2)
[+00:19:55.293] VoxelMesh: Chunk X=-1 Y=-2 Z=2 FlatVerts=198 SlopeVerts=5190
[+00:19:55.377] VoxelMesh: Chunk X=0 Y=0 Z=0 FlatVerts=18 SlopeVerts=4860
[+00:19:55.381] VoxelChunk: GenerateAsync (-2,-2,2)
[+00:19:55.382] VoxelMesh: Chunk X=-2 Y=-2 Z=2 FlatVerts=0 SlopeVerts=2358
[+00:19:55.473] VoxelMesh: Chunk X=0 Y=0 Z=0 FlatVerts=0 SlopeVerts=0
[+00:19:55.473] VoxelChunk: GenerateAsync (-2,0,1)
[+00:19:55.474] VoxelMesh: Chunk X=-2 Y=0 Z=1 FlatVerts=0 SlopeVerts=0
[+00:19:55.581] VoxelMesh: Chunk X=0 Y=0 Z=0 FlatVerts=636 SlopeVerts=23916
[+00:19:55.599] VoxelChunk: GenerateAsync (2,-1,1)
[+00:19:55.600] VoxelMesh: Chunk X=2 Y=-1 Z=1 FlatVerts=108 SlopeVerts=1128
[+00:19:55.680] VoxelMesh: Chunk X=0 Y=0 Z=0 FlatVerts=0 SlopeVerts=2088
[+00:19:55.682] VoxelChunk: GenerateAsync (0,0,2)
[+00:19:55.683] VoxelMesh: Chunk X=0 Y=0 Z=2 FlatVerts=0 SlopeVerts=930
[+00:19:55.788] VoxelMesh: Chunk X=0 Y=0 Z=0 FlatVerts=0 SlopeVerts=384
[+00:19:55.789] VoxelChunk: GenerateAsync (1,1,2)
[+00:19:55.790] VoxelMesh: Chunk X=1 Y=1 Z=2 FlatVerts=0 SlopeVerts=0
[+00:19:55.894] VoxelMesh: Chunk X=0 Y=0 Z=0 FlatVerts=0 SlopeVerts=0
[+00:19:55.894] VoxelChunk: GenerateAsync (-1,2,2)
[+00:19:55.896] VoxelMesh: Chunk X=-1 Y=2 Z=2 FlatVerts=0 SlopeVerts=114
[+00:19:55.998] VoxelMesh: Chunk X=0 Y=0 Z=0 FlatVerts=588 SlopeVerts=1656
[+00:19:56.000] VoxelChunk: GenerateAsync (-2,-1,1)
[+00:19:56.001] VoxelMesh: Chunk X=-2 Y=-1 Z=1 FlatVerts=0 SlopeVerts=12
[+00:19:56.103] VoxelMesh: Chunk X=0 Y=0 Z=0 FlatVerts=126 SlopeVerts=13938
[+00:19:56.113] VoxelChunk: GenerateAsync (2,-2,1)
[+00:19:56.115] VoxelMesh: Chunk X=2 Y=-2 Z=1 FlatVerts=228 SlopeVerts=2976
[+00:19:56.204] VoxelMesh: Chunk X=0 Y=0 Z=0 FlatVerts=5688 SlopeVerts=6942
[+00:19:56.215] VoxelChunk: GenerateAsync (2,2,1)
[+00:19:56.216] VoxelMesh: Chunk X=2 Y=2 Z=1 FlatVerts=0 SlopeVerts=672
[+00:19:56.312] VoxelMesh: Chunk X=0 Y=0 Z=0 FlatVerts=1248 SlopeVerts=3060
[+00:19:56.316] VoxelChunk: GenerateAsync (1,2,1)
[+00:19:56.317] VoxelMesh: Chunk X=1 Y=2 Z=1 FlatVerts=132 SlopeVerts=2706
[+00:19:56.413] VoxelMesh: Chunk X=0 Y=0 Z=0 FlatVerts=0 SlopeVerts=72
[+00:19:56.413] VoxelChunk: GenerateAsync (-1,0,2)
[+00:19:56.414] VoxelMesh: Chunk X=-1 Y=0 Z=2 FlatVerts=42 SlopeVerts=2886
[+00:19:56.520] VoxelMesh: Chunk X=0 Y=0 Z=0 FlatVerts=6 SlopeVerts=420
[+00:19:56.521] VoxelChunk: GenerateAsync (0,2,1)
[+00:19:56.522] VoxelMesh: Chunk X=0 Y=2 Z=1 FlatVerts=1284 SlopeVerts=0
[+00:19:56.626] VoxelMesh: Chunk X=0 Y=0 Z=0 FlatVerts=0 SlopeVerts=0
[+00:19:56.627] VoxelChunk: GenerateAsync (-1,2,1)
[+00:19:56.627] VoxelMesh: Chunk X=-1 Y=2 Z=1 FlatVerts=798 SlopeVerts=1314
[+00:19:56.733] VoxelMesh: Chunk X=0 Y=0 Z=0 FlatVerts=0 SlopeVerts=0
[+00:19:56.733] VoxelChunk: GenerateAsync (-2,0,2)
[+00:19:56.734] VoxelMesh: Chunk X=-2 Y=0 Z=2 FlatVerts=108 SlopeVerts=2688
[+00:19:56.839] VoxelMesh: Chunk X=0 Y=0 Z=0 FlatVerts=0 SlopeVerts=0
[+00:19:56.839] VoxelChunk: GenerateAsync (0,1,2)
[+00:19:56.841] VoxelMesh: Chunk X=0 Y=1 Z=2 FlatVerts=0 SlopeVerts=0
[+00:19:56.943] VoxelMesh: Chunk X=0 Y=0 Z=0 FlatVerts=1890 SlopeVerts=1116
[+00:19:56.947] VoxelChunk: GenerateAsync (2,2,2)
[+00:19:56.948] VoxelMesh: Chunk X=2 Y=2 Z=2 FlatVerts=0 SlopeVerts=1560
[+00:19:57.052] VoxelMesh: Chunk X=0 Y=0 Z=0 FlatVerts=204 SlopeVerts=30936
[+00:19:57.075] VoxelChunk: GenerateAsync (2,-1,2)
[+00:19:57.078] VoxelMesh: Chunk X=2 Y=-1 Z=2 FlatVerts=0 SlopeVerts=0
[+00:19:57.161] VoxelMesh: Chunk X=0 Y=0 Z=0 FlatVerts=0 SlopeVerts=25512
[+00:19:57.180] VoxelChunk: GenerateAsync (1,-1,2)
[+00:19:57.181] VoxelMesh: Chunk X=1 Y=-1 Z=2 FlatVerts=24 SlopeVerts=306
[+00:19:57.261] VoxelMesh: Chunk X=0 Y=0 Z=0 FlatVerts=0 SlopeVerts=0
[+00:19:57.261] VoxelChunk: GenerateAsync (-1,1,2)
[+00:19:57.264] VoxelMesh: Chunk X=-1 Y=1 Z=2 FlatVerts=78 SlopeVerts=4032
[+00:19:57.366] VoxelMesh: Chunk X=0 Y=0 Z=0 FlatVerts=0 SlopeVerts=0
[+00:19:57.367] VoxelChunk: GenerateAsync (-2,2,2)
[+00:19:57.368] VoxelMesh: Chunk X=-2 Y=2 Z=2 FlatVerts=0 SlopeVerts=2952
[+00:19:57.473] VoxelMesh: Chunk X=0 Y=0 Z=0 FlatVerts=0 SlopeVerts=0
[+00:19:57.473] VoxelChunk: GenerateAsync (0,2,2)
[+00:19:57.474] VoxelMesh: Chunk X=0 Y=2 Z=2 FlatVerts=0 SlopeVerts=0
[+00:19:57.579] VoxelMesh: Chunk X=0 Y=0 Z=0 FlatVerts=0 SlopeVerts=6
[+00:19:57.579] VoxelChunk: GenerateAsync (1,2,2)
[+00:19:57.580] VoxelMesh: Chunk X=1 Y=2 Z=2 FlatVerts=0 SlopeVerts=1494
[+00:19:57.684] VoxelMesh: Chunk X=0 Y=0 Z=0 FlatVerts=60 SlopeVerts=936
[+00:19:57.685] VoxelChunk: GenerateAsync (-2,2,1)
[+00:19:57.686] VoxelMesh: Chunk X=-2 Y=2 Z=1 FlatVerts=0 SlopeVerts=1926
[+00:19:57.791] VoxelMesh: Chunk X=0 Y=0 Z=0 FlatVerts=2706 SlopeVerts=12882
[+00:19:57.802] VoxelChunk: GenerateAsync (2,1,1)
[+00:19:57.803] VoxelMesh: Chunk X=2 Y=1 Z=1 FlatVerts=0 SlopeVerts=2442
[+00:19:57.890] VoxelMesh: Chunk X=0 Y=0 Z=0 FlatVerts=0 SlopeVerts=0
[+00:19:57.890] VoxelChunk: GenerateAsync (-1,1,-2)
[+00:19:57.892] VoxelMesh: Chunk X=-1 Y=1 Z=-2 FlatVerts=0 SlopeVerts=0
[+00:19:57.996] VoxelMesh: Chunk X=0 Y=0 Z=0 FlatVerts=0 SlopeVerts=0
[+00:19:57.996] VoxelChunk: GenerateAsync (2,-2,-1)
[+00:19:57.997] VoxelMesh: Chunk X=2 Y=-2 Z=-1 FlatVerts=0 SlopeVerts=0
[+00:19:58.100] VoxelMesh: Chunk X=0 Y=0 Z=0 FlatVerts=10176 SlopeVerts=4224
[+00:19:58.115] VoxelChunk: GenerateAsync (1,2,0)
[+00:19:58.115] VoxelMesh: Chunk X=1 Y=2 Z=0 FlatVerts=1662 SlopeVerts=294
[+00:19:58.204] VoxelMesh: Chunk X=0 Y=0 Z=0 FlatVerts=10800 SlopeVerts=684
[+00:19:58.217] VoxelChunk: GenerateAsync (0,2,0)
[+00:19:58.218] VoxelMesh: Chunk X=0 Y=2 Z=0 FlatVerts=1668 SlopeVerts=0
[+00:19:58.304] VoxelMesh: Chunk X=0 Y=0 Z=0 FlatVerts=498 SlopeVerts=6768
[+00:19:58.309] VoxelChunk: GenerateAsync (2,-1,0)
[+00:19:58.310] VoxelMesh: Chunk X=2 Y=-1 Z=0 FlatVerts=1674 SlopeVerts=546
[+00:19:58.405] VoxelMesh: Chunk X=0 Y=0 Z=0 FlatVerts=0 SlopeVerts=0
[+00:19:58.406] VoxelChunk: GenerateAsync (-1,0,-2)
[+00:19:58.407] VoxelMesh: Chunk X=-1 Y=0 Z=-2 FlatVerts=0 SlopeVerts=0
[+00:19:58.510] VoxelMesh: Chunk X=0 Y=0 Z=0 FlatVerts=540 SlopeVerts=17862
[+00:19:58.525] VoxelChunk: GenerateAsync (0,-2,1)
[+00:19:58.526] VoxelMesh: Chunk X=0 Y=-2 Z=1 FlatVerts=0 SlopeVerts=0
[+00:19:58.612] VoxelMesh: Chunk X=0 Y=0 Z=0 FlatVerts=1092 SlopeVerts=864
[+00:19:58.614] VoxelChunk: GenerateAsync (-1,-2,-1)
[+00:19:58.615] VoxelMesh: Chunk X=-1 Y=-2 Z=-1 FlatVerts=0 SlopeVerts=0
[+00:19:58.716] VoxelMesh: Chunk X=0 Y=0 Z=0 FlatVerts=10326 SlopeVerts=6
[+00:19:58.727] VoxelChunk: GenerateAsync (-2,1,-1)
[+00:19:58.730] VoxelMesh: Chunk X=-2 Y=1 Z=-1 FlatVerts=0 SlopeVerts=0
[+00:19:58.824] VoxelMesh: Chunk X=0 Y=0 Z=0 FlatVerts=0 SlopeVerts=0
[+00:19:58.825] VoxelChunk: GenerateAsync (-1,2,-2)
[+00:19:58.827] VoxelMesh: Chunk X=-1 Y=2 Z=-2 FlatVerts=0 SlopeVerts=0
[+00:19:58.929] VoxelMesh: Chunk X=0 Y=0 Z=0 FlatVerts=1872 SlopeVerts=11652
[+00:19:58.939] VoxelChunk: GenerateAsync (2,0,0)
[+00:19:58.940] VoxelMesh: Chunk X=2 Y=0 Z=0 FlatVerts=2574 SlopeVerts=12
[+00:19:59.036] VoxelMesh: Chunk X=0 Y=0 Z=0 FlatVerts=0 SlopeVerts=0
[+00:19:59.037] VoxelChunk: GenerateAsync (-2,-1,-2)
[+00:19:59.038] VoxelMesh: Chunk X=-2 Y=-1 Z=-2 FlatVerts=0 SlopeVerts=0
[+00:19:59.140] VoxelMesh: Chunk X=0 Y=0 Z=0 FlatVerts=6 SlopeVerts=24
[+00:19:59.141] VoxelChunk: GenerateAsync (0,-2,-1)
[+00:19:59.142] VoxelMesh: Chunk X=0 Y=-2 Z=-1 FlatVerts=0 SlopeVerts=0
[+00:19:59.245] VoxelMesh: Chunk X=0 Y=0 Z=0 FlatVerts=0 SlopeVerts=0
[+00:19:59.245] VoxelChunk: GenerateAsync (2,-1,-2)
[+00:19:59.247] VoxelMesh: Chunk X=2 Y=-1 Z=-2 FlatVerts=0 SlopeVerts=0
[+00:19:59.348] VoxelMesh: Chunk X=0 Y=0 Z=0 FlatVerts=0 SlopeVerts=0
[+00:19:59.348] VoxelChunk: GenerateAsync (-2,2,-2)
[+00:19:59.349] VoxelMesh: Chunk X=-2 Y=2 Z=-2 FlatVerts=0 SlopeVerts=0
[+00:19:59.450] VoxelMesh: Chunk X=0 Y=0 Z=0 FlatVerts=4062 SlopeVerts=1368
[+00:19:59.456] VoxelChunk: GenerateAsync (2,2,-1)
[+00:19:59.457] VoxelMesh: Chunk X=2 Y=2 Z=-1 FlatVerts=0 SlopeVerts=0
[+00:19:59.559] VoxelMesh: Chunk X=0 Y=0 Z=0 FlatVerts=4950 SlopeVerts=10152
[+00:19:59.572] VoxelChunk: GenerateAsync (-2,-2,0)
[+00:19:59.573] VoxelMesh: Chunk X=-2 Y=-2 Z=0 FlatVerts=0 SlopeVerts=0
[+00:19:59.659] VoxelMesh: Chunk X=0 Y=0 Z=0 FlatVerts=10050 SlopeVerts=48
[+00:19:59.670] VoxelChunk: GenerateAsync (-2,0,0)
[+00:19:59.672] VoxelMesh: Chunk X=-2 Y=0 Z=0 FlatVerts=0 SlopeVerts=0
[+00:19:59.765] VoxelMesh: Chunk X=0 Y=0 Z=0 FlatVerts=5910 SlopeVerts=12258
[+00:19:59.781] VoxelChunk: GenerateAsync (2,1,0)
[+00:19:59.782] VoxelMesh: Chunk X=2 Y=1 Z=0 FlatVerts=1908 SlopeVerts=528
[+00:19:59.870] VoxelMesh: Chunk X=0 Y=0 Z=0 FlatVerts=0 SlopeVerts=0
[+00:19:59.870] VoxelChunk: GenerateAsync (0,2,-2)
[+00:19:59.872] VoxelMesh: Chunk X=0 Y=2 Z=-2 FlatVerts=0 SlopeVerts=0
[+00:19:59.974] VoxelMesh: Chunk X=0 Y=0 Z=0 FlatVerts=0 SlopeVerts=0
[+00:19:59.974] VoxelChunk: GenerateAsync (-1,-1,-2)
[+00:19:59.975] VoxelMesh: Chunk X=-1 Y=-1 Z=-2 FlatVerts=0 SlopeVerts=0
[+00:20:00.078] VoxelMesh: Chunk X=0 Y=0 Z=0 FlatVerts=3486 SlopeVerts=2028
[+00:20:00.083] VoxelChunk: GenerateAsync (2,1,-1)
[+00:20:00.085] VoxelMesh: Chunk X=2 Y=1 Z=-1 FlatVerts=0 SlopeVerts=0
[+00:20:00.191] VoxelMesh: Chunk X=0 Y=0 Z=0 FlatVerts=0 SlopeVerts=0
[+00:20:00.191] VoxelChunk: GenerateAsync (1,-2,-1)
[+00:20:00.192] VoxelMesh: Chunk X=1 Y=-2 Z=-1 FlatVerts=0 SlopeVerts=0
[+00:20:00.298] VoxelMesh: Chunk X=0 Y=0 Z=0 FlatVerts=0 SlopeVerts=0
[+00:20:00.298] VoxelChunk: GenerateAsync (0,-1,-2)
[+00:20:00.300] VoxelMesh: Chunk X=0 Y=-1 Z=-2 FlatVerts=0 SlopeVerts=0
[+00:20:00.407] VoxelMesh: Chunk X=0 Y=0 Z=0 FlatVerts=10050 SlopeVerts=48
[+00:20:00.420] VoxelChunk: GenerateAsync (-2,0,-1)
[+00:20:00.421] VoxelMesh: Chunk X=-2 Y=0 Z=-1 FlatVerts=0 SlopeVerts=0
[+00:20:00.522] VoxelMesh: Chunk X=0 Y=0 Z=0 FlatVerts=0 SlopeVerts=0
[+00:20:00.522] VoxelChunk: GenerateAsync (-1,-2,-2)
[+00:20:00.524] VoxelMesh: Chunk X=-1 Y=-2 Z=-2 FlatVerts=0 SlopeVerts=0
[+00:20:00.630] VoxelMesh: Chunk X=0 Y=0 Z=0 FlatVerts=0 SlopeVerts=0
[+00:20:00.630] VoxelChunk: GenerateAsync (0,0,-2)
[+00:20:00.632] VoxelMesh: Chunk X=0 Y=0 Z=-2 FlatVerts=0 SlopeVerts=0
[+00:20:00.736] VoxelMesh: Chunk X=0 Y=0 Z=0 FlatVerts=0 SlopeVerts=0
[+00:20:00.736] VoxelChunk: GenerateAsync (2,0,-2)
[+00:20:00.738] VoxelMesh: Chunk X=2 Y=0 Z=-2 FlatVerts=0 SlopeVerts=0
[+00:20:00.845] VoxelMesh: Chunk X=0 Y=0 Z=0 FlatVerts=0 SlopeVerts=0
[+00:20:00.845] VoxelChunk: GenerateAsync (-2,1,-2)
[+00:20:00.848] VoxelMesh: Chunk X=-2 Y=1 Z=-2 FlatVerts=0 SlopeVerts=0
[+00:20:00.952] VoxelMesh: Chunk X=0 Y=0 Z=0 FlatVerts=10242 SlopeVerts=0
[+00:20:00.960] VoxelChunk: GenerateAsync (-1,2,0)
[+00:20:00.961] VoxelMesh: Chunk X=-1 Y=2 Z=0 FlatVerts=1572 SlopeVerts=528
[+00:20:01.055] VoxelMesh: Chunk X=0 Y=0 Z=0 FlatVerts=2334 SlopeVerts=10620
[+00:20:01.066] VoxelChunk: GenerateAsync (-1,-2,0)
[+00:20:01.068] VoxelMesh: Chunk X=-1 Y=-2 Z=0 FlatVerts=0 SlopeVerts=0
[+00:20:01.412] VoxelMesh: Chunk X=0 Y=0 Z=0 FlatVerts=0 SlopeVerts=0
[+00:20:01.412] VoxelChunk: GenerateAsync (2,2,-2)
[+00:20:01.414] VoxelMesh: Chunk X=2 Y=2 Z=-2 FlatVerts=0 SlopeVerts=0
[+00:20:01.746] VoxelMesh: Chunk X=0 Y=0 Z=0 FlatVerts=72 SlopeVerts=10464
[+00:20:01.755] VoxelChunk: GenerateAsync (1,-2,1)
[+00:20:01.756] VoxelMesh: Chunk X=1 Y=-2 Z=1 FlatVerts=42 SlopeVerts=1656
[+00:20:02.080] VoxelMesh: Chunk X=0 Y=0 Z=0 FlatVerts=0 SlopeVerts=0
[+00:20:02.080] VoxelChunk: GenerateAsync (-2,-2,-2)
[+00:20:02.082] VoxelMesh: Chunk X=-2 Y=-2 Z=-2 FlatVerts=0 SlopeVerts=0
[+00:20:02.410] VoxelMesh: Chunk X=0 Y=0 Z=0 FlatVerts=9300 SlopeVerts=1902
[+00:20:02.423] VoxelChunk: GenerateAsync (-2,2,0)
[+00:20:02.424] VoxelMesh: Chunk X=-2 Y=2 Z=0 FlatVerts=0 SlopeVerts=96
[+00:20:02.746] VoxelMesh: Chunk X=0 Y=0 Z=0 FlatVerts=0 SlopeVerts=0
[+00:20:02.746] VoxelChunk: GenerateAsync (2,-2,-2)
[+00:20:02.749] VoxelMesh: Chunk X=2 Y=-2 Z=-2 FlatVerts=0 SlopeVerts=0
[+00:20:03.081] VoxelMesh: Chunk X=0 Y=0 Z=0 FlatVerts=0 SlopeVerts=0
[+00:20:03.081] VoxelChunk: GenerateAsync (1,2,-2)
[+00:20:03.083] VoxelMesh: Chunk X=1 Y=2 Z=-2 FlatVerts=0 SlopeVerts=0
[+00:20:03.179] VoxelMesh: Chunk X=0 Y=0 Z=0 FlatVerts=0 SlopeVerts=0
[+00:20:03.179] VoxelChunk: GenerateAsync (1,-2,-2)
[+00:20:03.180] VoxelMesh: Chunk X=1 Y=-2 Z=-2 FlatVerts=0 SlopeVerts=0
[+00:20:03.279] VoxelMesh: Chunk X=0 Y=0 Z=0 FlatVerts=8010 SlopeVerts=7500
[+00:20:03.296] VoxelChunk: GenerateAsync (2,2,0)
[+00:20:03.298] VoxelMesh: Chunk X=2 Y=2 Z=0 FlatVerts=30 SlopeVerts=12
[+00:20:03.379] VoxelMesh: Chunk X=0 Y=0 Z=0 FlatVerts=3522 SlopeVerts=1254
[+00:20:03.385] VoxelChunk: GenerateAsync (-2,-2,-1)
[+00:20:03.388] VoxelMesh: Chunk X=-2 Y=-2 Z=-1 FlatVerts=0 SlopeVerts=0
[+00:20:03.486] VoxelMesh: Chunk X=0 Y=0 Z=0 FlatVerts=0 SlopeVerts=0
[+00:20:03.487] VoxelChunk: GenerateAsync (0,-2,-2)
[+00:20:03.489] VoxelMesh: Chunk X=0 Y=-2 Z=-2 FlatVerts=0 SlopeVerts=0
[+00:20:03.589] VoxelMesh: Chunk X=0 Y=0 Z=0 FlatVerts=10242 SlopeVerts=0
[+00:20:03.598] VoxelChunk: GenerateAsync (-1,2,-1)
[+00:20:03.599] VoxelMesh: Chunk X=-1 Y=2 Z=-1 FlatVerts=0 SlopeVerts=0
[+00:20:03.697] VoxelMesh: Chunk X=0 Y=0 Z=0 FlatVerts=1434 SlopeVerts=13392
[+00:20:03.709] VoxelChunk: GenerateAsync (-2,-2,1)
[+00:20:03.711] VoxelMesh: Chunk X=-2 Y=-2 Z=1 FlatVerts=0 SlopeVerts=582
[+00:20:03.796] VoxelMesh: Chunk X=0 Y=0 Z=0 FlatVerts=8022 SlopeVerts=1158
[+00:20:03.806] VoxelChunk: GenerateAsync (-2,-1,-1)
[+00:20:03.807] VoxelMesh: Chunk X=-2 Y=-1 Z=-1 FlatVerts=0 SlopeVerts=0
[+00:20:03.905] VoxelMesh: Chunk X=0 Y=0 Z=0 FlatVerts=0 SlopeVerts=0
[+00:20:03.905] VoxelChunk: GenerateAsync (1,-1,-2)
[+00:20:03.908] VoxelMesh: Chunk X=1 Y=-1 Z=-2 FlatVerts=0 SlopeVerts=0
[+00:20:04.013] VoxelMesh: Chunk X=0 Y=0 Z=0 FlatVerts=36 SlopeVerts=60
[+00:20:04.014] VoxelChunk: GenerateAsync (2,-1,-1)
[+00:20:04.014] VoxelMesh: Chunk X=2 Y=-1 Z=-1 FlatVerts=0 SlopeVerts=0
[+00:20:04.115] VoxelMesh: Chunk X=0 Y=0 Z=0 FlatVerts=8928 SlopeVerts=1170
[+00:20:04.126] VoxelChunk: GenerateAsync (1,2,-1)
[+00:20:04.128] VoxelMesh: Chunk X=1 Y=2 Z=-1 FlatVerts=0 SlopeVerts=0
[+00:20:04.222] VoxelMesh: Chunk X=0 Y=0 Z=0 FlatVerts=1302 SlopeVerts=20784
[+00:20:04.239] VoxelChunk: GenerateAsync (-1,-2,1)
[+00:20:04.241] VoxelMesh: Chunk X=-1 Y=-2 Z=1 FlatVerts=18 SlopeVerts=180
[+00:20:04.324] VoxelMesh: Chunk X=0 Y=0 Z=0 FlatVerts=420 SlopeVerts=1302
[+00:20:04.326] VoxelChunk: GenerateAsync (2,0,-1)
[+00:20:04.326] VoxelMesh: Chunk X=2 Y=0 Z=-1 FlatVerts=0 SlopeVerts=0
[+00:20:04.557] VoxelMesh: Chunk X=0 Y=0 Z=0 FlatVerts=0 SlopeVerts=0
[+00:20:04.557] VoxelChunk: GenerateAsync (-2,0,-2)
[+00:20:04.567] VoxelMesh: Chunk X=-2 Y=0 Z=-2 FlatVerts=0 SlopeVerts=0
[+00:20:04.647] VoxelMesh: Chunk X=0 Y=0 Z=0 FlatVerts=0 SlopeVerts=0
[+00:20:04.648] VoxelChunk: GenerateAsync (1,0,-2)
[+00:20:04.652] VoxelMesh: Chunk X=1 Y=0 Z=-2 FlatVerts=0 SlopeVerts=0
[+00:20:04.747] VoxelMesh: Chunk X=0 Y=0 Z=0 FlatVerts=72 SlopeVerts=4392
[+00:20:04.750] VoxelChunk: GenerateAsync (2,-2,0)
[+00:20:04.751] VoxelMesh: Chunk X=2 Y=-2 Z=0 FlatVerts=0 SlopeVerts=180
[+00:20:04.848] VoxelMesh: Chunk X=0 Y=0 Z=0 FlatVerts=9264 SlopeVerts=1062
[+00:20:04.860] VoxelChunk: GenerateAsync (-2,2,-1)
[+00:20:04.862] VoxelMesh: Chunk X=-2 Y=2 Z=-1 FlatVerts=0 SlopeVerts=0
[+00:20:04.948] VoxelMesh: Chunk X=0 Y=0 Z=0 FlatVerts=10794 SlopeVerts=264
[+00:20:04.961] VoxelChunk: GenerateAsync (0,2,-1)
[+00:20:04.961] VoxelMesh: Chunk X=0 Y=2 Z=-1 FlatVerts=0 SlopeVerts=0
[+00:20:05.058] VoxelMesh: Chunk X=0 Y=0 Z=0 FlatVerts=10326 SlopeVerts=6
[+00:20:05.071] VoxelChunk: GenerateAsync (-2,1,0)
[+00:20:05.072] VoxelMesh: Chunk X=-2 Y=1 Z=0 FlatVerts=0 SlopeVerts=0
[+00:20:05.161] VoxelMesh: Chunk X=0 Y=0 Z=0 FlatVerts=0 SlopeVerts=0
[+00:20:05.161] VoxelChunk: GenerateAsync (0,1,-2)
[+00:20:05.164] VoxelMesh: Chunk X=0 Y=1 Z=-2 FlatVerts=0 SlopeVerts=0
[+00:20:05.264] VoxelMesh: Chunk X=0 Y=0 Z=0 FlatVerts=0 SlopeVerts=0
[+00:20:05.264] VoxelChunk: GenerateAsync (1,1,-2)
[+00:20:05.267] VoxelMesh: Chunk X=1 Y=1 Z=-2 FlatVerts=0 SlopeVerts=0
[+00:20:05.370] VoxelMesh: Chunk X=0 Y=0 Z=0 FlatVerts=0 SlopeVerts=0
[+00:20:05.370] VoxelChunk: GenerateAsync (2,1,-2)
[+00:20:05.372] VoxelMesh: Chunk X=2 Y=1 Z=-2 FlatVerts=0 SlopeVerts=0
[+00:20:05.473] VoxelMesh: Chunk X=0 Y=0 Z=0 FlatVerts=510 SlopeVerts=6546
[+00:20:05.478] VoxelChunk: GenerateAsync (0,-2,0)
[+00:20:05.480] VoxelMesh: Chunk X=0 Y=-2 Z=0 FlatVerts=0 SlopeVerts=0
[+00:20:05.867] VoxelMesh: Chunk X=0 Y=0 Z=0 FlatVerts=72 SlopeVerts=3486
[+00:20:05.870] VoxelChunk: GenerateAsync (1,-2,0)
[+00:20:05.870] VoxelMesh: Chunk X=1 Y=-2 Z=0 FlatVerts=0 SlopeVerts=0
[+00:20:06.201] VoxelMesh: Chunk X=0 Y=0 Z=0 FlatVerts=8580 SlopeVerts=2688
[+00:20:06.217] VoxelChunk: GenerateAsync (-2,-1,0)
[+00:20:06.219] VoxelMesh: Chunk X=-2 Y=-1 Z=0 FlatVerts=0 SlopeVerts=0
[+00:20:06.535] VoxelMesh: Chunk X=0 Y=0 Z=0 FlatVerts=0 SlopeVerts=0
[+00:20:06.535] VoxelChunk: GenerateAsync (-2,-3,-2)
[+00:20:06.537] VoxelMesh: Chunk X=-2 Y=-3 Z=-2 FlatVerts=0 SlopeVerts=0
[+00:20:06.867] VoxelMesh: Chunk X=0 Y=0 Z=0 FlatVerts=0 SlopeVerts=0
[+00:20:06.868] VoxelChunk: GenerateAsync (-3,2,-2)
[+00:20:06.870] VoxelMesh: Chunk X=-3 Y=2 Z=-2 FlatVerts=0 SlopeVerts=0
[+00:20:07.204] VoxelMesh: Chunk X=0 Y=0 Z=0 FlatVerts=0 SlopeVerts=672
[+00:20:07.205] VoxelChunk: GenerateAsync (3,-3,0)
[+00:20:07.206] VoxelMesh: Chunk X=3 Y=-3 Z=0 FlatVerts=0 SlopeVerts=0
[+00:20:07.308] VoxelMesh: Chunk X=0 Y=0 Z=0 FlatVerts=0 SlopeVerts=0
[+00:20:07.308] VoxelChunk: GenerateAsync (-1,-3,-2)
[+00:20:07.310] VoxelMesh: Chunk X=-1 Y=-3 Z=-2 FlatVerts=0 SlopeVerts=0
[+00:20:07.412] VoxelMesh: Chunk X=0 Y=0 Z=0 FlatVerts=0 SlopeVerts=0
[+00:20:07.412] VoxelChunk: GenerateAsync (3,1,-3)
[+00:20:07.414] VoxelMesh: Chunk X=3 Y=1 Z=-3 FlatVerts=0 SlopeVerts=0
[+00:20:07.516] VoxelMesh: Chunk X=0 Y=0 Z=0 FlatVerts=0 SlopeVerts=0
[+00:20:07.516] VoxelChunk: GenerateAsync (3,3,3)
[+00:20:07.518] VoxelMesh: Chunk X=3 Y=3 Z=3 FlatVerts=78 SlopeVerts=2490
[+00:20:07.620] VoxelMesh: Chunk X=0 Y=0 Z=0 FlatVerts=0 SlopeVerts=0
[+00:20:07.620] VoxelChunk: GenerateAsync (3,1,-2)
[+00:20:07.622] VoxelMesh: Chunk X=3 Y=1 Z=-2 FlatVerts=0 SlopeVerts=0
[+00:20:07.722] VoxelMesh: Chunk X=0 Y=0 Z=0 FlatVerts=5904 SlopeVerts=10278
[+00:20:07.737] VoxelChunk: GenerateAsync (-3,-2,0)
[+00:20:07.739] VoxelMesh: Chunk X=-3 Y=-2 Z=0 FlatVerts=0 SlopeVerts=0
[+00:20:08.126] VoxelMesh: Chunk X=0 Y=0 Z=0 FlatVerts=0 SlopeVerts=0
[+00:20:08.126] VoxelChunk: GenerateAsync (0,-3,-2)
[+00:20:08.127] VoxelMesh: Chunk X=0 Y=-3 Z=-2 FlatVerts=0 SlopeVerts=0
[+00:20:08.459] VoxelMesh: Chunk X=0 Y=0 Z=0 FlatVerts=8664 SlopeVerts=2394
[+00:20:08.471] VoxelChunk: GenerateAsync (-3,-1,0)
[+00:20:08.472] VoxelMesh: Chunk X=-3 Y=-1 Z=0 FlatVerts=0 SlopeVerts=0
[+00:20:08.794] VoxelMesh: Chunk X=0 Y=0 Z=0 FlatVerts=0 SlopeVerts=0
[+00:20:08.795] VoxelChunk: GenerateAsync (1,-3,-2)
[+00:20:08.796] VoxelMesh: Chunk X=1 Y=-3 Z=-2 FlatVerts=0 SlopeVerts=0
[+00:20:09.127] VoxelMesh: Chunk X=0 Y=0 Z=0 FlatVerts=0 SlopeVerts=0
[+00:20:09.127] VoxelChunk: GenerateAsync (-3,2,-3)
[+00:20:09.129] VoxelMesh: Chunk X=-3 Y=2 Z=-3 FlatVerts=0 SlopeVerts=0
[+00:20:09.461] VoxelMesh: Chunk X=0 Y=0 Z=0 FlatVerts=0 SlopeVerts=0
[+00:20:09.461] VoxelChunk: GenerateAsync (2,0,-3)
[+00:20:09.463] VoxelMesh: Chunk X=2 Y=0 Z=-3 FlatVerts=0 SlopeVerts=0
[+00:20:09.794] VoxelMesh: Chunk X=0 Y=0 Z=0 FlatVerts=0 SlopeVerts=0
[+00:20:09.795] VoxelChunk: GenerateAsync (3,2,-2)
[+00:20:09.796] VoxelMesh: Chunk X=3 Y=2 Z=-2 FlatVerts=0 SlopeVerts=0
[+00:20:10.127] VoxelMesh: Chunk X=0 Y=0 Z=0 FlatVerts=0 SlopeVerts=0
[+00:20:10.127] VoxelChunk: GenerateAsync (-3,3,-2)
[+00:20:10.129] VoxelMesh: Chunk X=-3 Y=3 Z=-2 FlatVerts=0 SlopeVerts=0
[+00:20:10.461] VoxelMesh: Chunk X=0 Y=0 Z=0 FlatVerts=0 SlopeVerts=0
[+00:20:10.461] VoxelChunk: GenerateAsync (2,-3,-2)
[+00:20:10.462] VoxelMesh: Chunk X=2 Y=-3 Z=-2 FlatVerts=0 SlopeVerts=0
[+00:20:10.793] VoxelMesh: Chunk X=0 Y=0 Z=0 FlatVerts=0 SlopeVerts=0
[+00:20:10.793] VoxelChunk: GenerateAsync (-2,3,-2)
[+00:20:10.795] VoxelMesh: Chunk X=-2 Y=3 Z=-2 FlatVerts=0 SlopeVerts=0
[+00:20:11.126] VoxelMesh: Chunk X=0 Y=0 Z=0 FlatVerts=0 SlopeVerts=0
[+00:20:11.126] VoxelChunk: GenerateAsync (-1,3,-2)
[+00:20:11.128] VoxelMesh: Chunk X=-1 Y=3 Z=-2 FlatVerts=0 SlopeVerts=0
[+00:20:11.464] VoxelMesh: Chunk X=0 Y=0 Z=0 FlatVerts=0 SlopeVerts=0
[+00:20:11.464] VoxelChunk: GenerateAsync (3,-3,-2)
[+00:20:11.466] VoxelMesh: Chunk X=3 Y=-3 Z=-2 FlatVerts=0 SlopeVerts=0
[+00:20:11.794] VoxelMesh: Chunk X=0 Y=0 Z=0 FlatVerts=0 SlopeVerts=0
[+00:20:11.795] VoxelChunk: GenerateAsync (-2,2,-3)
[+00:20:11.796] VoxelMesh: Chunk X=-2 Y=2 Z=-3 FlatVerts=0 SlopeVerts=0
[+00:20:12.127] VoxelMesh: Chunk X=0 Y=0 Z=0 FlatVerts=0 SlopeVerts=0
[+00:20:12.128] VoxelChunk: GenerateAsync (0,3,-2)
[+00:20:12.129] VoxelMesh: Chunk X=0 Y=3 Z=-2 FlatVerts=0 SlopeVerts=0
[+00:20:12.466] VoxelMesh: Chunk X=0 Y=0 Z=0 FlatVerts=0 SlopeVerts=0
[+00:20:12.467] VoxelChunk: GenerateAsync (1,3,-2)
[+00:20:12.469] VoxelMesh: Chunk X=1 Y=3 Z=-2 FlatVerts=0 SlopeVerts=0
[+00:20:12.794] VoxelMesh: Chunk X=0 Y=0 Z=0 FlatVerts=0 SlopeVerts=0
[+00:20:12.795] VoxelChunk: GenerateAsync (-3,-2,-2)
[+00:20:12.796] VoxelMesh: Chunk X=-3 Y=-2 Z=-2 FlatVerts=0 SlopeVerts=0
[+00:20:13.128] VoxelMesh: Chunk X=0 Y=0 Z=0 FlatVerts=0 SlopeVerts=0
[+00:20:13.129] VoxelChunk: GenerateAsync (2,3,-2)
[+00:20:13.130] VoxelMesh: Chunk X=2 Y=3 Z=-2 FlatVerts=0 SlopeVerts=0
[+00:20:13.461] VoxelMesh: Chunk X=0 Y=0 Z=0 FlatVerts=0 SlopeVerts=0
[+00:20:13.462] VoxelChunk: GenerateAsync (-1,-3,-3)
[+00:20:13.463] VoxelMesh: Chunk X=-1 Y=-3 Z=-3 FlatVerts=0 SlopeVerts=0
[+00:20:13.795] VoxelMesh: Chunk X=0 Y=0 Z=0 FlatVerts=0 SlopeVerts=0
[+00:20:13.795] VoxelChunk: GenerateAsync (3,3,-2)
[+00:20:13.797] VoxelMesh: Chunk X=3 Y=3 Z=-2 FlatVerts=0 SlopeVerts=0
[+00:20:14.127] VoxelMesh: Chunk X=0 Y=0 Z=0 FlatVerts=0 SlopeVerts=0
[+00:20:14.128] VoxelChunk: GenerateAsync (-1,2,-3)
[+00:20:14.129] VoxelMesh: Chunk X=-1 Y=2 Z=-3 FlatVerts=0 SlopeVerts=0
[+00:20:14.461] VoxelMesh: Chunk X=0 Y=0 Z=0 FlatVerts=0 SlopeVerts=0
[+00:20:14.462] VoxelChunk: GenerateAsync (3,0,-3)
[+00:20:14.463] VoxelMesh: Chunk X=3 Y=0 Z=-3 FlatVerts=0 SlopeVerts=0
[+00:20:14.794] VoxelMesh: Chunk X=0 Y=0 Z=0 FlatVerts=0 SlopeVerts=0
[+00:20:14.794] VoxelChunk: GenerateAsync (-2,0,-3)
[+00:20:14.796] VoxelMesh: Chunk X=-2 Y=0 Z=-3 FlatVerts=0 SlopeVerts=0
[+00:20:15.128] VoxelMesh: Chunk X=0 Y=0 Z=0 FlatVerts=1854 SlopeVerts=2880
[+00:20:15.133] VoxelChunk: GenerateAsync (-3,-3,-1)
[+00:20:15.135] VoxelMesh: Chunk X=-3 Y=-3 Z=-1 FlatVerts=0 SlopeVerts=0
[+00:20:15.460] VoxelMesh: Chunk X=0 Y=0 Z=0 FlatVerts=7062 SlopeVerts=10188
[+00:20:15.477] VoxelChunk: GenerateAsync (3,1,0)
[+00:20:15.479] VoxelMesh: Chunk X=3 Y=1 Z=0 FlatVerts=18 SlopeVerts=156
[+00:20:15.792] VoxelMesh: Chunk X=0 Y=0 Z=0 FlatVerts=1344 SlopeVerts=1146
[+00:20:15.795] VoxelChunk: GenerateAsync (-2,-3,-1)
[+00:20:15.796] VoxelMesh: Chunk X=-2 Y=-3 Z=-1 FlatVerts=0 SlopeVerts=0
[+00:20:16.126] VoxelMesh: Chunk X=0 Y=0 Z=0 FlatVerts=0 SlopeVerts=12
[+00:20:16.127] VoxelChunk: GenerateAsync (-1,-3,-1)
[+00:20:16.129] VoxelMesh: Chunk X=-1 Y=-3 Z=-1 FlatVerts=0 SlopeVerts=0
[+00:20:16.462] VoxelMesh: Chunk X=0 Y=0 Z=0 FlatVerts=0 SlopeVerts=0
[+00:20:16.462] VoxelChunk: GenerateAsync (1,-1,-3)
[+00:20:16.464] VoxelMesh: Chunk X=1 Y=-1 Z=-3 FlatVerts=0 SlopeVerts=0
[+00:20:16.795] VoxelMesh: Chunk X=0 Y=0 Z=0 FlatVerts=0 SlopeVerts=0
[+00:20:16.795] VoxelChunk: GenerateAsync (0,2,-3)
[+00:20:16.797] VoxelMesh: Chunk X=0 Y=2 Z=-3 FlatVerts=0 SlopeVerts=0
[+00:20:17.128] VoxelMesh: Chunk X=0 Y=0 Z=0 FlatVerts=0 SlopeVerts=0
[+00:20:17.128] VoxelChunk: GenerateAsync (2,-3,-1)
[+00:20:17.130] VoxelMesh: Chunk X=2 Y=-3 Z=-1 FlatVerts=0 SlopeVerts=0
[+00:20:17.461] VoxelMesh: Chunk X=0 Y=0 Z=0 FlatVerts=0 SlopeVerts=0
[+00:20:17.461] VoxelChunk: GenerateAsync (3,-3,-1)
[+00:20:17.462] VoxelMesh: Chunk X=3 Y=-3 Z=-1 FlatVerts=0 SlopeVerts=0
[+00:20:17.792] VoxelMesh: Chunk X=0 Y=0 Z=0 FlatVerts=4212 SlopeVerts=1326
[+00:20:17.799] VoxelChunk: GenerateAsync (-3,-2,-1)
[+00:20:17.801] VoxelMesh: Chunk X=-3 Y=-2 Z=-1 FlatVerts=0 SlopeVerts=0
[+00:20:18.129] VoxelMesh: Chunk X=0 Y=0 Z=0 FlatVerts=0 SlopeVerts=0
[+00:20:18.129] VoxelChunk: GenerateAsync (1,2,-3)
[+00:20:18.130] VoxelMesh: Chunk X=1 Y=2 Z=-3 FlatVerts=0 SlopeVerts=0
[+00:20:18.461] VoxelMesh: Chunk X=0 Y=0 Z=0 FlatVerts=0 SlopeVerts=0
[+00:20:18.461] VoxelChunk: GenerateAsync (-3,1,-3)
[+00:20:18.463] VoxelMesh: Chunk X=-3 Y=1 Z=-3 FlatVerts=0 SlopeVerts=0
[+00:20:18.795] VoxelMesh: Chunk X=0 Y=0 Z=0 FlatVerts=0 SlopeVerts=0
[+00:20:18.795] VoxelChunk: GenerateAsync (3,-2,-2)
[+00:20:18.797] VoxelMesh: Chunk X=3 Y=-2 Z=-2 FlatVerts=0 SlopeVerts=0
[+00:20:19.125] VoxelMesh: Chunk X=0 Y=0 Z=0 FlatVerts=0 SlopeVerts=0
[+00:20:19.125] VoxelChunk: GenerateAsync (-3,-1,-2)
[+00:20:19.127] VoxelMesh: Chunk X=-3 Y=-1 Z=-2 FlatVerts=0 SlopeVerts=0
[+00:20:19.462] VoxelMesh: Chunk X=0 Y=0 Z=0 FlatVerts=0 SlopeVerts=0
[+00:20:19.462] VoxelChunk: GenerateAsync (2,2,-3)
[+00:20:19.463] VoxelMesh: Chunk X=2 Y=2 Z=-3 FlatVerts=0 SlopeVerts=0
[+00:20:19.796] VoxelMesh: Chunk X=0 Y=0 Z=0 FlatVerts=0 SlopeVerts=0
[+00:20:19.796] VoxelChunk: GenerateAsync (0,-1,-3)
[+00:20:19.798] VoxelMesh: Chunk X=0 Y=-1 Z=-3 FlatVerts=0 SlopeVerts=0
[+00:20:20.124] VoxelMesh: Chunk X=0 Y=0 Z=0 FlatVerts=8388 SlopeVerts=1044
[+00:20:20.137] VoxelChunk: GenerateAsync (-3,-1,-1)
[+00:20:20.137] VoxelMesh: Chunk X=-3 Y=-1 Z=-1 FlatVerts=0 SlopeVerts=0
[+00:20:20.462] VoxelMesh: Chunk X=0 Y=0 Z=0 FlatVerts=0 SlopeVerts=0
[+00:20:20.463] VoxelChunk: GenerateAsync (3,2,-3)
[+00:20:20.464] VoxelMesh: Chunk X=3 Y=2 Z=-3 FlatVerts=0 SlopeVerts=0
[+00:20:20.795] VoxelMesh: Chunk X=0 Y=0 Z=0 FlatVerts=0 SlopeVerts=0
[+00:20:20.795] VoxelChunk: GenerateAsync (-2,1,-3)
[+00:20:20.796] VoxelMesh: Chunk X=-2 Y=1 Z=-3 FlatVerts=0 SlopeVerts=0
[+00:20:21.128] VoxelMesh: Chunk X=0 Y=0 Z=0 FlatVerts=0 SlopeVerts=0
[+00:20:21.129] VoxelChunk: GenerateAsync (-1,0,-3)
[+00:20:21.130] VoxelMesh: Chunk X=-1 Y=0 Z=-3 FlatVerts=0 SlopeVerts=0
[+00:20:21.462] VoxelMesh: Chunk X=0 Y=0 Z=0 FlatVerts=0 SlopeVerts=0
[+00:20:21.463] VoxelChunk: GenerateAsync (3,-1,-3)
[+00:20:21.464] VoxelMesh: Chunk X=3 Y=-1 Z=-3 FlatVerts=0 SlopeVerts=0
[+00:20:21.796] VoxelMesh: Chunk X=0 Y=0 Z=0 FlatVerts=0 SlopeVerts=0
[+00:20:21.796] VoxelChunk: GenerateAsync (-2,-1,-3)
[+00:20:21.798] VoxelMesh: Chunk X=-2 Y=-1 Z=-3 FlatVerts=0 SlopeVerts=0
[+00:20:22.127] VoxelMesh: Chunk X=0 Y=0 Z=0 FlatVerts=0 SlopeVerts=0
[+00:20:22.127] VoxelChunk: GenerateAsync (-3,-1,-3)
[+00:20:22.129] VoxelMesh: Chunk X=-3 Y=-1 Z=-3 FlatVerts=0 SlopeVerts=0
[+00:20:22.461] VoxelMesh: Chunk X=0 Y=0 Z=0 FlatVerts=0 SlopeVerts=0
[+00:20:22.462] VoxelChunk: GenerateAsync (3,-2,-3)
[+00:20:22.463] VoxelMesh: Chunk X=3 Y=-2 Z=-3 FlatVerts=0 SlopeVerts=0
[+00:20:22.796] VoxelMesh: Chunk X=0 Y=0 Z=0 FlatVerts=0 SlopeVerts=0
[+00:20:22.796] VoxelChunk: GenerateAsync (-3,3,-3)
[+00:20:22.798] VoxelMesh: Chunk X=-3 Y=3 Z=-3 FlatVerts=0 SlopeVerts=0
[+00:20:23.129] VoxelMesh: Chunk X=0 Y=0 Z=0 FlatVerts=0 SlopeVerts=0
[+00:20:23.129] VoxelChunk: GenerateAsync (3,-1,-1)
[+00:20:23.130] VoxelMesh: Chunk X=3 Y=-1 Z=-1 FlatVerts=0 SlopeVerts=0
[+00:20:23.458] VoxelMesh: Chunk X=0 Y=0 Z=0 FlatVerts=9894 SlopeVerts=576
[+00:20:23.470] VoxelChunk: GenerateAsync (-3,0,-1)
[+00:20:23.471] VoxelMesh: Chunk X=-3 Y=0 Z=-1 FlatVerts=0 SlopeVerts=0
[+00:20:23.795] VoxelMesh: Chunk X=0 Y=0 Z=0 FlatVerts=0 SlopeVerts=0
[+00:20:23.795] VoxelChunk: GenerateAsync (2,-2,-3)
[+00:20:23.796] VoxelMesh: Chunk X=2 Y=-2 Z=-3 FlatVerts=0 SlopeVerts=0
[+00:20:24.129] VoxelMesh: Chunk X=0 Y=0 Z=0 FlatVerts=0 SlopeVerts=0
[+00:20:24.129] VoxelChunk: GenerateAsync (3,-1,-2)
[+00:20:24.130] VoxelMesh: Chunk X=3 Y=-1 Z=-2 FlatVerts=0 SlopeVerts=0
[+00:20:24.462] VoxelMesh: Chunk X=0 Y=0 Z=0 FlatVerts=0 SlopeVerts=0
[+00:20:24.462] VoxelChunk: GenerateAsync (-2,3,-3)
[+00:20:24.464] VoxelMesh: Chunk X=-2 Y=3 Z=-3 FlatVerts=0 SlopeVerts=0
[+00:20:24.795] VoxelMesh: Chunk X=0 Y=0 Z=0 FlatVerts=0 SlopeVerts=0
[+00:20:24.796] VoxelChunk: GenerateAsync (-1,1,-3)
[+00:20:24.797] VoxelMesh: Chunk X=-1 Y=1 Z=-3 FlatVerts=0 SlopeVerts=0
[+00:20:25.129] VoxelMesh: Chunk X=0 Y=0 Z=0 FlatVerts=0 SlopeVerts=0
[+00:20:25.129] VoxelChunk: GenerateAsync (1,-2,-3)
[+00:20:25.130] VoxelMesh: Chunk X=1 Y=-2 Z=-3 FlatVerts=0 SlopeVerts=0
[+00:20:25.462] VoxelMesh: Chunk X=0 Y=0 Z=0 FlatVerts=0 SlopeVerts=0
[+00:20:25.463] VoxelChunk: GenerateAsync (0,-2,-3)
[+00:20:25.465] VoxelMesh: Chunk X=0 Y=-2 Z=-3 FlatVerts=0 SlopeVerts=0
[+00:20:25.793] VoxelMesh: Chunk X=0 Y=0 Z=0 FlatVerts=0 SlopeVerts=0
[+00:20:25.793] VoxelChunk: GenerateAsync (-3,0,-2)
[+00:20:25.795] VoxelMesh: Chunk X=-3 Y=0 Z=-2 FlatVerts=0 SlopeVerts=0
[+00:20:26.127] VoxelMesh: Chunk X=0 Y=0 Z=0 FlatVerts=54 SlopeVerts=888
[+00:20:26.128] VoxelChunk: GenerateAsync (3,0,-1)
[+00:20:26.129] VoxelMesh: Chunk X=3 Y=0 Z=-1 FlatVerts=0 SlopeVerts=0
[+00:20:26.461] VoxelMesh: Chunk X=0 Y=0 Z=0 FlatVerts=0 SlopeVerts=0
[+00:20:26.462] VoxelChunk: GenerateAsync (-1,3,-3)
[+00:20:26.463] VoxelMesh: Chunk X=-1 Y=3 Z=-3 FlatVerts=0 SlopeVerts=0
[+00:20:26.792] VoxelMesh: Chunk X=0 Y=0 Z=0 FlatVerts=8892 SlopeVerts=1518
[+00:20:26.804] VoxelChunk: GenerateAsync (-3,1,-1)
[+00:20:26.805] VoxelMesh: Chunk X=-3 Y=1 Z=-1 FlatVerts=0 SlopeVerts=0
[+00:20:27.129] VoxelMesh: Chunk X=0 Y=0 Z=0 FlatVerts=0 SlopeVerts=0
[+00:20:27.129] VoxelChunk: GenerateAsync (-1,-2,-3)
[+00:20:27.131] VoxelMesh: Chunk X=-1 Y=-2 Z=-3 FlatVerts=0 SlopeVerts=0
[+00:20:27.462] VoxelMesh: Chunk X=0 Y=0 Z=0 FlatVerts=0 SlopeVerts=0
[+00:20:27.462] VoxelChunk: GenerateAsync (-2,-2,-3)
[+00:20:27.464] VoxelMesh: Chunk X=-2 Y=-2 Z=-3 FlatVerts=0 SlopeVerts=0
[+00:20:27.796] VoxelMesh: Chunk X=0 Y=0 Z=0 FlatVerts=0 SlopeVerts=0
[+00:20:27.797] VoxelChunk: GenerateAsync (0,3,-3)
[+00:20:27.798] VoxelMesh: Chunk X=0 Y=3 Z=-3 FlatVerts=0 SlopeVerts=0
[+00:20:28.129] VoxelMesh: Chunk X=0 Y=0 Z=0 FlatVerts=0 SlopeVerts=0
[+00:20:28.129] VoxelChunk: GenerateAsync (0,1,-3)
[+00:20:28.130] VoxelMesh: Chunk X=0 Y=1 Z=-3 FlatVerts=0 SlopeVerts=0
[+00:20:28.460] VoxelMesh: Chunk X=0 Y=0 Z=0 FlatVerts=0 SlopeVerts=0
[+00:20:28.460] VoxelChunk: GenerateAsync (3,3,-1)
[+00:20:28.462] VoxelMesh: Chunk X=3 Y=3 Z=-1 FlatVerts=0 SlopeVerts=0
[+00:20:28.799] VoxelMesh: Chunk X=0 Y=0 Z=0 FlatVerts=0 SlopeVerts=0
[+00:20:28.800] VoxelChunk: GenerateAsync (0,0,-3)
[+00:20:28.801] VoxelMesh: Chunk X=0 Y=0 Z=-3 FlatVerts=0 SlopeVerts=0
[+00:20:29.127] VoxelMesh: Chunk X=0 Y=0 Z=0 FlatVerts=2568 SlopeVerts=11586
[+00:20:29.138] VoxelChunk: GenerateAsync (-2,-3,0)
[+00:20:29.139] VoxelMesh: Chunk X=-2 Y=-3 Z=0 FlatVerts=0 SlopeVerts=0
[+00:20:29.461] VoxelMesh: Chunk X=0 Y=0 Z=0 FlatVerts=336 SlopeVerts=5088
[+00:20:29.464] VoxelChunk: GenerateAsync (-1,-3,0)
[+00:20:29.466] VoxelMesh: Chunk X=-1 Y=-3 Z=0 FlatVerts=0 SlopeVerts=66
[+00:20:29.794] VoxelMesh: Chunk X=0 Y=0 Z=0 FlatVerts=48 SlopeVerts=1338
[+00:20:29.796] VoxelChunk: GenerateAsync (0,-3,0)
[+00:20:29.798] VoxelMesh: Chunk X=0 Y=-3 Z=0 FlatVerts=0 SlopeVerts=0
[+00:20:30.130] VoxelMesh: Chunk X=0 Y=0 Z=0 FlatVerts=36 SlopeVerts=240
[+00:20:30.130] VoxelChunk: GenerateAsync (1,-3,0)
[+00:20:30.132] VoxelMesh: Chunk X=1 Y=-3 Z=0 FlatVerts=0 SlopeVerts=0
[+00:20:30.462] VoxelMesh: Chunk X=0 Y=0 Z=0 FlatVerts=0 SlopeVerts=672
[+00:20:30.463] VoxelChunk: GenerateAsync (2,-3,0)
[+00:20:30.464] VoxelMesh: Chunk X=2 Y=-3 Z=0 FlatVerts=0 SlopeVerts=0
[+00:20:30.796] VoxelMesh: Chunk X=0 Y=0 Z=0 FlatVerts=0 SlopeVerts=0
[+00:20:30.797] VoxelChunk: GenerateAsync (-3,-2,-3)
[+00:20:30.798] VoxelMesh: Chunk X=-3 Y=-2 Z=-3 FlatVerts=0 SlopeVerts=0
[+00:20:31.127] VoxelMesh: Chunk X=0 Y=0 Z=0 FlatVerts=612 SlopeVerts=1350
[+00:20:31.129] VoxelChunk: GenerateAsync (3,1,-1)
[+00:20:31.131] VoxelMesh: Chunk X=3 Y=1 Z=-1 FlatVerts=0 SlopeVerts=0
[+00:20:31.460] VoxelMesh: Chunk X=0 Y=0 Z=0 FlatVerts=5724 SlopeVerts=2100
[+00:20:31.470] VoxelChunk: GenerateAsync (-3,2,-1)
[+00:20:31.472] VoxelMesh: Chunk X=-3 Y=2 Z=-1 FlatVerts=0 SlopeVerts=0
[+00:20:31.797] VoxelMesh: Chunk X=0 Y=0 Z=0 FlatVerts=0 SlopeVerts=0
[+00:20:31.798] VoxelChunk: GenerateAsync (1,3,-3)
[+00:20:31.800] VoxelMesh: Chunk X=1 Y=3 Z=-3 FlatVerts=0 SlopeVerts=0
[+00:20:32.132] VoxelMesh: Chunk X=0 Y=0 Z=0 FlatVerts=0 SlopeVerts=0
[+00:20:32.133] VoxelChunk: GenerateAsync (3,0,-2)
[+00:20:32.135] VoxelMesh: Chunk X=3 Y=0 Z=-2 FlatVerts=0 SlopeVerts=0
[+00:20:32.462] VoxelMesh: Chunk X=0 Y=0 Z=0 FlatVerts=0 SlopeVerts=0
[+00:20:32.462] VoxelChunk: GenerateAsync (-3,1,-2)
[+00:20:32.463] VoxelMesh: Chunk X=-3 Y=1 Z=-2 FlatVerts=0 SlopeVerts=0
[+00:20:32.797] VoxelMesh: Chunk X=0 Y=0 Z=0 FlatVerts=0 SlopeVerts=0
[+00:20:32.798] VoxelChunk: GenerateAsync (2,3,-3)
[+00:20:32.799] VoxelMesh: Chunk X=2 Y=3 Z=-3 FlatVerts=0 SlopeVerts=0
[+00:20:33.129] VoxelMesh: Chunk X=0 Y=0 Z=0 FlatVerts=0 SlopeVerts=2448
[+00:20:33.131] VoxelChunk: GenerateAsync (3,-2,0)
[+00:20:33.131] VoxelMesh: Chunk X=3 Y=-2 Z=0 FlatVerts=0 SlopeVerts=102
[+00:20:33.464] VoxelMesh: Chunk X=0 Y=0 Z=0 FlatVerts=0 SlopeVerts=0
[+00:20:33.464] VoxelChunk: GenerateAsync (1,1,-3)
[+00:20:33.465] VoxelMesh: Chunk X=1 Y=1 Z=-3 FlatVerts=0 SlopeVerts=0
[+00:20:33.795] VoxelMesh: Chunk X=0 Y=0 Z=0 FlatVerts=558 SlopeVerts=462
[+00:20:33.796] VoxelChunk: GenerateAsync (3,2,-1)
[+00:20:33.799] VoxelMesh: Chunk X=3 Y=2 Z=-1 FlatVerts=0 SlopeVerts=0
[+00:20:34.130] VoxelMesh: Chunk X=0 Y=0 Z=0 FlatVerts=0 SlopeVerts=0
[+00:20:34.130] VoxelChunk: GenerateAsync (3,-3,-3)
[+00:20:34.131] VoxelMesh: Chunk X=3 Y=-3 Z=-3 FlatVerts=0 SlopeVerts=0
[+00:20:34.464] VoxelMesh: Chunk X=0 Y=0 Z=0 FlatVerts=0 SlopeVerts=0
[+00:20:34.464] VoxelChunk: GenerateAsync (2,-3,-3)
[+00:20:34.465] VoxelMesh: Chunk X=2 Y=-3 Z=-3 FlatVerts=0 SlopeVerts=0
[+00:20:34.797] VoxelMesh: Chunk X=0 Y=0 Z=0 FlatVerts=0 SlopeVerts=0
[+00:20:34.798] VoxelChunk: GenerateAsync (1,-3,-3)
[+00:20:34.799] VoxelMesh: Chunk X=1 Y=-3 Z=-3 FlatVerts=0 SlopeVerts=0
[+00:20:35.128] VoxelMesh: Chunk X=0 Y=0 Z=0 FlatVerts=2430 SlopeVerts=1974
[+00:20:35.132] VoxelChunk: GenerateAsync (-3,3,-1)
[+00:20:35.134] VoxelMesh: Chunk X=-3 Y=3 Z=-1 FlatVerts=0 SlopeVerts=0
[+00:20:35.462] VoxelMesh: Chunk X=0 Y=0 Z=0 FlatVerts=42 SlopeVerts=2082
[+00:20:35.465] VoxelChunk: GenerateAsync (3,-1,0)
[+00:20:35.465] VoxelMesh: Chunk X=3 Y=-1 Z=0 FlatVerts=312 SlopeVerts=462
[+00:20:35.796] VoxelMesh: Chunk X=0 Y=0 Z=0 FlatVerts=9894 SlopeVerts=576
[+00:20:35.809] VoxelChunk: GenerateAsync (-3,0,0)
[+00:20:35.810] VoxelMesh: Chunk X=-3 Y=0 Z=0 FlatVerts=0 SlopeVerts=0
[+00:20:36.127] VoxelMesh: Chunk X=0 Y=0 Z=0 FlatVerts=6078 SlopeVerts=2448
[+00:20:36.137] VoxelChunk: GenerateAsync (-2,3,-1)
[+00:20:36.138] VoxelMesh: Chunk X=-2 Y=3 Z=-1 FlatVerts=0 SlopeVerts=0
[+00:20:36.464] VoxelMesh: Chunk X=0 Y=0 Z=0 FlatVerts=0 SlopeVerts=0
[+00:20:36.464] VoxelChunk: GenerateAsync (0,-3,-3)
[+00:20:36.465] VoxelMesh: Chunk X=0 Y=-3 Z=-3 FlatVerts=0 SlopeVerts=0
[+00:20:36.798] VoxelMesh: Chunk X=0 Y=0 Z=0 FlatVerts=0 SlopeVerts=0
[+00:20:36.799] VoxelChunk: GenerateAsync (3,3,-3)
[+00:20:36.800] VoxelMesh: Chunk X=3 Y=3 Z=-3 FlatVerts=0 SlopeVerts=0
[+00:20:37.129] VoxelMesh: Chunk X=0 Y=0 Z=0 FlatVerts=6948 SlopeVerts=1038
[+00:20:37.138] VoxelChunk: GenerateAsync (-1,3,-1)
[+00:20:37.139] VoxelMesh: Chunk X=-1 Y=3 Z=-1 FlatVerts=0 SlopeVerts=0
[+00:20:37.462] VoxelMesh: Chunk X=0 Y=0 Z=0 FlatVerts=6060 SlopeVerts=1098
[+00:20:37.470] VoxelChunk: GenerateAsync (0,3,-1)
[+00:20:37.471] VoxelMesh: Chunk X=0 Y=3 Z=-1 FlatVerts=0 SlopeVerts=0
[+00:20:37.795] VoxelMesh: Chunk X=0 Y=0 Z=0 FlatVerts=2568 SlopeVerts=7140
[+00:20:37.803] VoxelChunk: GenerateAsync (3,0,0)
[+00:20:37.803] VoxelMesh: Chunk X=3 Y=0 Z=0 FlatVerts=432 SlopeVerts=438
[+00:20:38.130] VoxelMesh: Chunk X=0 Y=0 Z=0 FlatVerts=9288 SlopeVerts=3318
[+00:20:38.143] VoxelChunk: GenerateAsync (-3,1,0)
[+00:20:38.145] VoxelMesh: Chunk X=-3 Y=1 Z=0 FlatVerts=0 SlopeVerts=0
[+00:20:38.462] VoxelMesh: Chunk X=0 Y=0 Z=0 FlatVerts=3792 SlopeVerts=1224
[+00:20:38.467] VoxelChunk: GenerateAsync (1,3,-1)
[+00:20:38.469] VoxelMesh: Chunk X=1 Y=3 Z=-1 FlatVerts=0 SlopeVerts=0
[+00:20:38.795] VoxelMesh: Chunk X=0 Y=0 Z=0 FlatVerts=954 SlopeVerts=588
[+00:20:38.797] VoxelChunk: GenerateAsync (2,3,-1)
[+00:20:38.798] VoxelMesh: Chunk X=2 Y=3 Z=-1 FlatVerts=0 SlopeVerts=0
[+00:20:39.132] VoxelMesh: Chunk X=0 Y=0 Z=0 FlatVerts=0 SlopeVerts=0
[+00:20:39.132] VoxelChunk: GenerateAsync (-2,-3,-3)
[+00:20:39.134] VoxelMesh: Chunk X=-2 Y=-3 Z=-3 FlatVerts=0 SlopeVerts=0
[+00:20:39.464] VoxelMesh: Chunk X=0 Y=0 Z=0 FlatVerts=0 SlopeVerts=0
[+00:20:39.465] VoxelChunk: GenerateAsync (-3,-3,-3)
[+00:20:39.466] VoxelMesh: Chunk X=-3 Y=-3 Z=-3 FlatVerts=0 SlopeVerts=0
[+00:20:39.796] VoxelMesh: Chunk X=0 Y=0 Z=0 FlatVerts=0 SlopeVerts=0
[+00:20:39.796] VoxelChunk: GenerateAsync (-3,-3,-2)
[+00:20:39.798] VoxelMesh: Chunk X=-3 Y=-3 Z=-2 FlatVerts=0 SlopeVerts=0
[+00:20:40.134] VoxelMesh: Chunk X=0 Y=0 Z=0 FlatVerts=0 SlopeVerts=0
[+00:20:40.135] VoxelChunk: GenerateAsync (2,1,-3)
[+00:20:40.136] VoxelMesh: Chunk X=2 Y=1 Z=-3 FlatVerts=0 SlopeVerts=0
[+00:20:40.461] VoxelMesh: Chunk X=0 Y=0 Z=0 FlatVerts=6204 SlopeVerts=7098
[+00:20:40.473] VoxelChunk: GenerateAsync (-3,2,0)
[+00:20:40.475] VoxelMesh: Chunk X=-3 Y=2 Z=0 FlatVerts=0 SlopeVerts=0
[+00:20:40.797] VoxelMesh: Chunk X=0 Y=0 Z=0 FlatVerts=0 SlopeVerts=0
[+00:20:40.798] VoxelChunk: GenerateAsync (1,0,-3)
[+00:20:40.799] VoxelMesh: Chunk X=1 Y=0 Z=-3 FlatVerts=0 SlopeVerts=0
[+00:20:41.133] VoxelMesh: Chunk X=0 Y=0 Z=0 FlatVerts=0 SlopeVerts=0
[+00:20:41.133] VoxelChunk: GenerateAsync (-3,0,-3)
[+00:20:41.134] VoxelMesh: Chunk X=-3 Y=0 Z=-3 FlatVerts=0 SlopeVerts=0
[+00:20:41.464] VoxelMesh: Chunk X=0 Y=0 Z=0 FlatVerts=0 SlopeVerts=0
[+00:20:41.465] VoxelChunk: GenerateAsync (2,-1,-3)
[+00:20:41.467] VoxelMesh: Chunk X=2 Y=-1 Z=-3 FlatVerts=0 SlopeVerts=0
[+00:20:41.796] VoxelMesh: Chunk X=0 Y=0 Z=0 FlatVerts=0 SlopeVerts=0
[+00:20:41.796] VoxelChunk: GenerateAsync (0,-3,-1)
[+00:20:41.799] VoxelMesh: Chunk X=0 Y=-3 Z=-1 FlatVerts=0 SlopeVerts=0
[+00:20:42.132] VoxelMesh: Chunk X=0 Y=0 Z=0 FlatVerts=0 SlopeVerts=0
[+00:20:42.133] VoxelChunk: GenerateAsync (1,-3,-1)
[+00:20:42.134] VoxelMesh: Chunk X=1 Y=-3 Z=-1 FlatVerts=0 SlopeVerts=0
[+00:20:42.464] VoxelMesh: Chunk X=0 Y=0 Z=0 FlatVerts=0 SlopeVerts=0
[+00:20:42.465] VoxelChunk: GenerateAsync (-1,-1,-3)
[+00:20:42.466] VoxelMesh: Chunk X=-1 Y=-1 Z=-3 FlatVerts=0 SlopeVerts=0
[+00:20:42.794] VoxelMesh: Chunk X=0 Y=0 Z=0 FlatVerts=8154 SlopeVerts=4350
[+00:20:42.806] VoxelChunk: GenerateAsync (3,2,0)
[+00:20:42.809] VoxelMesh: Chunk X=3 Y=2 Z=0 FlatVerts=0 SlopeVerts=0
[+00:20:43.131] VoxelMesh: Chunk X=0 Y=0 Z=0 FlatVerts=3906 SlopeVerts=9792
[+00:20:43.141] VoxelChunk: GenerateAsync (-3,3,0)
[+00:20:43.142] VoxelMesh: Chunk X=-3 Y=3 Z=0 FlatVerts=0 SlopeVerts=0
[+00:20:43.463] VoxelMesh: Chunk X=0 Y=0 Z=0 FlatVerts=7650 SlopeVerts=8016
[+00:20:43.476] VoxelChunk: GenerateAsync (-2,3,0)
[+00:20:43.478] VoxelMesh: Chunk X=-2 Y=3 Z=0 FlatVerts=0 SlopeVerts=0
[+00:20:43.795] VoxelMesh: Chunk X=0 Y=0 Z=0 FlatVerts=8826 SlopeVerts=4620
[+00:20:43.808] VoxelChunk: GenerateAsync (-1,3,0)
[+00:20:43.809] VoxelMesh: Chunk X=-1 Y=3 Z=0 FlatVerts=18 SlopeVerts=24
[+00:20:44.131] VoxelMesh: Chunk X=0 Y=0 Z=0 FlatVerts=7860 SlopeVerts=6048
[+00:20:44.143] VoxelChunk: GenerateAsync (0,3,0)
[+00:20:44.144] VoxelMesh: Chunk X=0 Y=3 Z=0 FlatVerts=24 SlopeVerts=6
[+00:20:44.463] VoxelMesh: Chunk X=0 Y=0 Z=0 FlatVerts=6432 SlopeVerts=7572
[+00:20:44.476] VoxelChunk: GenerateAsync (1,3,0)
[+00:20:44.477] VoxelMesh: Chunk X=1 Y=3 Z=0 FlatVerts=0 SlopeVerts=12
[+00:20:44.795] VoxelMesh: Chunk X=0 Y=0 Z=0 FlatVerts=7056 SlopeVerts=5172
[+00:20:44.809] VoxelChunk: GenerateAsync (2,3,0)
[+00:20:44.810] VoxelMesh: Chunk X=2 Y=3 Z=0 FlatVerts=0 SlopeVerts=0
[+00:20:45.129] VoxelMesh: Chunk X=0 Y=0 Z=0 FlatVerts=8700 SlopeVerts=1266
[+00:20:45.139] VoxelChunk: GenerateAsync (3,3,0)
[+00:20:45.142] VoxelMesh: Chunk X=3 Y=3 Z=0 FlatVerts=0 SlopeVerts=0
[+00:20:45.465] VoxelMesh: Chunk X=0 Y=0 Z=0 FlatVerts=2226 SlopeVerts=14814
[+00:20:45.480] VoxelChunk: GenerateAsync (-3,-3,1)
[+00:20:45.480] VoxelMesh: Chunk X=-3 Y=-3 Z=1 FlatVerts=552 SlopeVerts=1548
[+00:20:45.799] VoxelMesh: Chunk X=0 Y=0 Z=0 FlatVerts=1410 SlopeVerts=22008
[+00:20:45.817] VoxelChunk: GenerateAsync (-2,-3,1)
[+00:20:45.817] VoxelMesh: Chunk X=-2 Y=-3 Z=1 FlatVerts=450 SlopeVerts=5172
[+00:20:46.134] VoxelMesh: Chunk X=0 Y=0 Z=0 FlatVerts=534 SlopeVerts=23796
[+00:20:46.151] VoxelChunk: GenerateAsync (-1,-3,1)
[+00:20:46.152] VoxelMesh: Chunk X=-1 Y=-3 Z=1 FlatVerts=72 SlopeVerts=3252
[+00:20:46.465] VoxelMesh: Chunk X=0 Y=0 Z=0 FlatVerts=84 SlopeVerts=12252
[+00:20:46.472] VoxelChunk: GenerateAsync (0,-3,1)
[+00:20:46.474] VoxelMesh: Chunk X=0 Y=-3 Z=1 FlatVerts=54 SlopeVerts=1092
[+00:20:46.798] VoxelMesh: Chunk X=0 Y=0 Z=0 FlatVerts=48 SlopeVerts=3636
[+00:20:46.800] VoxelChunk: GenerateAsync (1,-3,1)
[+00:20:46.801] VoxelMesh: Chunk X=1 Y=-3 Z=1 FlatVerts=0 SlopeVerts=0
[+00:20:47.130] VoxelMesh: Chunk X=0 Y=0 Z=0 FlatVerts=54 SlopeVerts=4992
[+00:20:47.133] VoxelChunk: GenerateAsync (2,-3,1)
[+00:20:47.135] VoxelMesh: Chunk X=2 Y=-3 Z=1 FlatVerts=0 SlopeVerts=0
[+00:20:47.463] VoxelMesh: Chunk X=0 Y=0 Z=0 FlatVerts=78 SlopeVerts=5994
[+00:20:47.466] VoxelChunk: GenerateAsync (3,-3,1)
[+00:20:47.468] VoxelMesh: Chunk X=3 Y=-3 Z=1 FlatVerts=60 SlopeVerts=342
[+00:20:47.798] VoxelMesh: Chunk X=0 Y=0 Z=0 FlatVerts=1728 SlopeVerts=9846
[+00:20:47.806] VoxelChunk: GenerateAsync (-3,-2,1)
[+00:20:47.809] VoxelMesh: Chunk X=-3 Y=-2 Z=1 FlatVerts=0 SlopeVerts=762
[+00:20:48.135] VoxelMesh: Chunk X=0 Y=0 Z=0 FlatVerts=0 SlopeVerts=0
[+00:20:48.135] VoxelChunk: GenerateAsync (3,-2,-1)
[+00:20:48.136] VoxelMesh: Chunk X=3 Y=-2 Z=-1 FlatVerts=0 SlopeVerts=0
[+00:20:48.463] VoxelMesh: Chunk X=0 Y=0 Z=0 FlatVerts=4008 SlopeVerts=16230
[+00:20:48.480] VoxelChunk: GenerateAsync (-3,-3,0)
[+00:20:48.481] VoxelMesh: Chunk X=-3 Y=-3 Z=0 FlatVerts=0 SlopeVerts=0
[+00:20:48.797] VoxelMesh: Chunk X=0 Y=0 Z=0 FlatVerts=0 SlopeVerts=294
[+00:20:48.798] VoxelChunk: GenerateAsync (-3,1,2)
[+00:20:48.799] VoxelMesh: Chunk X=-3 Y=1 Z=2 FlatVerts=0 SlopeVerts=42
[+00:20:49.133] VoxelMesh: Chunk X=0 Y=0 Z=0 FlatVerts=0 SlopeVerts=0
[+00:20:49.134] VoxelChunk: GenerateAsync (2,3,3)
[+00:20:49.135] VoxelMesh: Chunk X=2 Y=3 Z=3 FlatVerts=0 SlopeVerts=2670
[+00:20:49.467] VoxelMesh: Chunk X=0 Y=0 Z=0 FlatVerts=0 SlopeVerts=0
[+00:20:49.467] VoxelChunk: GenerateAsync (1,3,3)
[+00:20:49.468] VoxelMesh: Chunk X=1 Y=3 Z=3 FlatVerts=0 SlopeVerts=1308
[+00:20:49.798] VoxelMesh: Chunk X=0 Y=0 Z=0 FlatVerts=78 SlopeVerts=10080
[+00:20:49.804] VoxelChunk: GenerateAsync (3,-2,1)
[+00:20:49.805] VoxelMesh: Chunk X=3 Y=-2 Z=1 FlatVerts=1650 SlopeVerts=2316
[+00:20:50.135] VoxelMesh: Chunk X=0 Y=0 Z=0 FlatVerts=312 SlopeVerts=1518
[+00:20:50.137] VoxelChunk: GenerateAsync (-3,-1,1)
[+00:20:50.138] VoxelMesh: Chunk X=-3 Y=-1 Z=1 FlatVerts=0 SlopeVerts=0
[+00:20:50.466] VoxelMesh: Chunk X=0 Y=0 Z=0 FlatVerts=0 SlopeVerts=1572
[+00:20:50.468] VoxelChunk: GenerateAsync (-2,-3,3)
[+00:20:50.469] VoxelMesh: Chunk X=-2 Y=-3 Z=3 FlatVerts=0 SlopeVerts=30
[+00:20:50.798] VoxelMesh: Chunk X=0 Y=0 Z=0 FlatVerts=0 SlopeVerts=0
[+00:20:50.798] VoxelChunk: GenerateAsync (-3,1,3)
[+00:20:50.799] VoxelMesh: Chunk X=-3 Y=1 Z=3 FlatVerts=12 SlopeVerts=2220
[+00:20:51.136] VoxelMesh: Chunk X=0 Y=0 Z=0 FlatVerts=36 SlopeVerts=18618
[+00:20:51.149] VoxelChunk: GenerateAsync (-1,-3,3)
[+00:20:51.151] VoxelMesh: Chunk X=-1 Y=-3 Z=3 FlatVerts=0 SlopeVerts=4350
[+00:20:51.468] VoxelMesh: Chunk X=0 Y=0 Z=0 FlatVerts=0 SlopeVerts=19734
[+00:20:51.482] VoxelChunk: GenerateAsync (1,-1,3)
[+00:20:51.484] VoxelMesh: Chunk X=1 Y=-1 Z=3 FlatVerts=0 SlopeVerts=0
[+00:20:51.797] VoxelMesh: Chunk X=0 Y=0 Z=0 FlatVerts=0 SlopeVerts=0
[+00:20:51.798] VoxelChunk: GenerateAsync (-2,1,3)
[+00:20:51.799] VoxelMesh: Chunk X=-2 Y=1 Z=3 FlatVerts=144 SlopeVerts=7686
[+00:20:52.136] VoxelMesh: Chunk X=0 Y=0 Z=0 FlatVerts=0 SlopeVerts=0
[+00:20:52.137] VoxelChunk: GenerateAsync (0,2,3)
[+00:20:52.137] VoxelMesh: Chunk X=0 Y=2 Z=3 FlatVerts=0 SlopeVerts=0
[+00:20:52.465] VoxelMesh: Chunk X=0 Y=0 Z=0 FlatVerts=156 SlopeVerts=35592
[+00:20:52.490] VoxelChunk: GenerateAsync (0,-3,3)
[+00:20:52.491] VoxelMesh: Chunk X=0 Y=-3 Z=3 FlatVerts=12 SlopeVerts=5208
[+00:20:52.803] VoxelMesh: Chunk X=0 Y=0 Z=0 FlatVerts=72 SlopeVerts=40152
[+00:20:52.831] VoxelChunk: GenerateAsync (1,-2,3)
[+00:20:52.832] VoxelMesh: Chunk X=1 Y=-2 Z=3 FlatVerts=12 SlopeVerts=3816
[+00:20:53.135] VoxelMesh: Chunk X=0 Y=0 Z=0 FlatVerts=18 SlopeVerts=26208
[+00:20:53.154] VoxelChunk: GenerateAsync (2,-1,3)
[+00:20:53.156] VoxelMesh: Chunk X=2 Y=-1 Z=3 FlatVerts=0 SlopeVerts=0
[+00:20:53.465] VoxelMesh: Chunk X=0 Y=0 Z=0 FlatVerts=0 SlopeVerts=0
[+00:20:53.465] VoxelChunk: GenerateAsync (-3,0,3)
[+00:20:53.466] VoxelMesh: Chunk X=-3 Y=0 Z=3 FlatVerts=0 SlopeVerts=1566
[+00:20:53.798] VoxelMesh: Chunk X=0 Y=0 Z=0 FlatVerts=0 SlopeVerts=0
[+00:20:53.798] VoxelChunk: GenerateAsync (-1,1,3)
[+00:20:53.800] VoxelMesh: Chunk X=-1 Y=1 Z=3 FlatVerts=0 SlopeVerts=294
[+00:20:54.131] VoxelMesh: Chunk X=0 Y=0 Z=0 FlatVerts=36 SlopeVerts=834
[+00:20:54.132] VoxelChunk: GenerateAsync (-3,2,3)
[+00:20:54.133] VoxelMesh: Chunk X=-3 Y=2 Z=3 FlatVerts=6 SlopeVerts=960
[+00:20:54.465] VoxelMesh: Chunk X=0 Y=0 Z=0 FlatVerts=0 SlopeVerts=0
[+00:20:54.465] VoxelChunk: GenerateAsync (1,2,3)
[+00:20:54.467] VoxelMesh: Chunk X=1 Y=2 Z=3 FlatVerts=0 SlopeVerts=732
[+00:20:54.797] VoxelMesh: Chunk X=0 Y=0 Z=0 FlatVerts=36 SlopeVerts=1386
[+00:20:54.798] VoxelChunk: GenerateAsync (-3,3,3)
[+00:20:54.800] VoxelMesh: Chunk X=-3 Y=3 Z=3 FlatVerts=60 SlopeVerts=3114
[+00:20:55.134] VoxelMesh: Chunk X=0 Y=0 Z=0 FlatVerts=198 SlopeVerts=39942
[+00:20:55.177] VoxelChunk: GenerateAsync (1,-3,3)
[+00:20:55.180] VoxelMesh: Chunk X=1 Y=-3 Z=3 FlatVerts=0 SlopeVerts=4710
[+00:20:55.468] VoxelMesh: Chunk X=0 Y=0 Z=0 FlatVerts=0 SlopeVerts=588
[+00:20:55.469] VoxelChunk: GenerateAsync (-2,-2,3)
[+00:20:55.470] VoxelMesh: Chunk X=-2 Y=-2 Z=3 FlatVerts=0 SlopeVerts=6306
[+00:20:55.803] VoxelMesh: Chunk X=0 Y=0 Z=0 FlatVerts=24 SlopeVerts=36822
[+00:20:55.832] VoxelChunk: GenerateAsync (2,-2,3)
[+00:20:55.834] VoxelMesh: Chunk X=2 Y=-2 Z=3 FlatVerts=6 SlopeVerts=3102
[+00:20:56.135] VoxelMesh: Chunk X=0 Y=0 Z=0 FlatVerts=0 SlopeVerts=10266
[+00:20:56.141] VoxelChunk: GenerateAsync (0,-1,3)
[+00:20:56.142] VoxelMesh: Chunk X=0 Y=-1 Z=3 FlatVerts=0 SlopeVerts=72
[+00:20:56.463] VoxelMesh: Chunk X=0 Y=0 Z=0 FlatVerts=7380 SlopeVerts=11868
[+00:20:56.481] VoxelChunk: GenerateAsync (3,1,1)
[+00:20:56.483] VoxelMesh: Chunk X=3 Y=1 Z=1 FlatVerts=126 SlopeVerts=1152
[+00:20:56.799] VoxelMesh: Chunk X=0 Y=0 Z=0 FlatVerts=96 SlopeVerts=31830
[+00:20:56.822] VoxelChunk: GenerateAsync (3,-1,3)
[+00:20:56.823] VoxelMesh: Chunk X=3 Y=-1 Z=3 FlatVerts=0 SlopeVerts=0
[+00:20:57.134] VoxelMesh: Chunk X=0 Y=0 Z=0 FlatVerts=0 SlopeVerts=0
[+00:20:57.135] VoxelChunk: GenerateAsync (-2,0,3)
[+00:20:57.135] VoxelMesh: Chunk X=-2 Y=0 Z=3 FlatVerts=0 SlopeVerts=5388
[+00:20:57.469] VoxelMesh: Chunk X=0 Y=0 Z=0 FlatVerts=0 SlopeVerts=2418
[+00:20:57.471] VoxelChunk: GenerateAsync (1,0,3)
[+00:20:57.472] VoxelMesh: Chunk X=1 Y=0 Z=3 FlatVerts=0 SlopeVerts=0
[+00:20:57.798] VoxelMesh: Chunk X=0 Y=0 Z=0 FlatVerts=0 SlopeVerts=0
[+00:20:57.799] VoxelChunk: GenerateAsync (0,1,3)
[+00:20:57.799] VoxelMesh: Chunk X=0 Y=1 Z=3 FlatVerts=0 SlopeVerts=0
[+00:20:58.135] VoxelMesh: Chunk X=0 Y=0 Z=0 FlatVerts=0 SlopeVerts=12
[+00:20:58.135] VoxelChunk: GenerateAsync (1,1,3)
[+00:20:58.136] VoxelMesh: Chunk X=1 Y=1 Z=3 FlatVerts=0 SlopeVerts=0
[+00:20:58.463] VoxelMesh: Chunk X=0 Y=0 Z=0 FlatVerts=0 SlopeVerts=0
[+00:20:58.464] VoxelChunk: GenerateAsync (-2,2,3)
[+00:20:58.465] VoxelMesh: Chunk X=-2 Y=2 Z=3 FlatVerts=18 SlopeVerts=4698
[+00:20:58.799] VoxelMesh: Chunk X=0 Y=0 Z=0 FlatVerts=2850 SlopeVerts=16992
[+00:20:58.816] VoxelChunk: GenerateAsync (3,0,1)
[+00:20:58.817] VoxelMesh: Chunk X=3 Y=0 Z=1 FlatVerts=1176 SlopeVerts=2484
[+00:20:59.134] VoxelMesh: Chunk X=0 Y=0 Z=0 FlatVerts=0 SlopeVerts=0
[+00:20:59.134] VoxelChunk: GenerateAsync (2,2,3)
[+00:20:59.135] VoxelMesh: Chunk X=2 Y=2 Z=3 FlatVerts=0 SlopeVerts=2208
[+00:20:59.465] VoxelMesh: Chunk X=0 Y=0 Z=0 FlatVerts=0 SlopeVerts=0
[+00:20:59.466] VoxelChunk: GenerateAsync (3,2,3)
[+00:20:59.467] VoxelMesh: Chunk X=3 Y=2 Z=3 FlatVerts=0 SlopeVerts=1056
[+00:20:59.798] VoxelMesh: Chunk X=0 Y=0 Z=0 FlatVerts=0 SlopeVerts=0
[+00:20:59.798] VoxelChunk: GenerateAsync (-2,3,3)
[+00:20:59.799] VoxelMesh: Chunk X=-2 Y=3 Z=3 FlatVerts=0 SlopeVerts=1026
[+00:21:00.135] VoxelMesh: Chunk X=0 Y=0 Z=0 FlatVerts=2016 SlopeVerts=6270
[+00:21:00.142] VoxelChunk: GenerateAsync (0,3,1)
[+00:21:00.142] VoxelMesh: Chunk X=0 Y=3 Z=1 FlatVerts=732 SlopeVerts=1974
[+00:21:00.468] VoxelMesh: Chunk X=0 Y=0 Z=0 FlatVerts=132 SlopeVerts=39096
[+00:21:00.496] VoxelChunk: GenerateAsync (2,-3,3)
[+00:21:00.497] VoxelMesh: Chunk X=2 Y=-3 Z=3 FlatVerts=12 SlopeVerts=3144
[+00:21:00.801] VoxelMesh: Chunk X=0 Y=0 Z=0 FlatVerts=96 SlopeVerts=37170
[+00:21:00.831] VoxelChunk: GenerateAsync (3,-3,3)
[+00:21:00.833] VoxelMesh: Chunk X=3 Y=-3 Z=3 FlatVerts=0 SlopeVerts=4512
[+00:21:01.137] VoxelMesh: Chunk X=0 Y=0 Z=0 FlatVerts=0 SlopeVerts=8814
[+00:21:01.142] VoxelChunk: GenerateAsync (-1,-2,3)
[+00:21:01.143] VoxelMesh: Chunk X=-1 Y=-2 Z=3 FlatVerts=6 SlopeVerts=2718
[+00:21:01.468] VoxelMesh: Chunk X=0 Y=0 Z=0 FlatVerts=60 SlopeVerts=29784
[+00:21:01.488] VoxelChunk: GenerateAsync (0,-2,3)
[+00:21:01.490] VoxelMesh: Chunk X=0 Y=-2 Z=3 FlatVerts=66 SlopeVerts=4056
[+00:21:01.800] VoxelMesh: Chunk X=0 Y=0 Z=0 FlatVerts=60 SlopeVerts=35214
[+00:21:01.824] VoxelChunk: GenerateAsync (3,-2,3)
[+00:21:01.826] VoxelMesh: Chunk X=3 Y=-2 Z=3 FlatVerts=0 SlopeVerts=0
[+00:21:02.131] VoxelMesh: Chunk X=0 Y=0 Z=0 FlatVerts=0 SlopeVerts=0
[+00:21:02.132] VoxelChunk: GenerateAsync (-2,-1,3)
[+00:21:02.133] VoxelMesh: Chunk X=-2 Y=-1 Z=3 FlatVerts=66 SlopeVerts=4212
[+00:21:02.467] VoxelMesh: Chunk X=0 Y=0 Z=0 FlatVerts=126 SlopeVerts=33690
[+00:21:02.491] VoxelChunk: GenerateAsync (0,-3,2)
[+00:21:02.492] VoxelMesh: Chunk X=0 Y=-3 Z=2 FlatVerts=0 SlopeVerts=4050
[+00:21:02.800] VoxelMesh: Chunk X=0 Y=0 Z=0 FlatVerts=180 SlopeVerts=22272
[+00:21:02.816] VoxelChunk: GenerateAsync (1,-3,2)
[+00:21:02.817] VoxelMesh: Chunk X=1 Y=-3 Z=2 FlatVerts=0 SlopeVerts=678
[+00:21:03.133] VoxelMesh: Chunk X=0 Y=0 Z=0 FlatVerts=186 SlopeVerts=23802
[+00:21:03.150] VoxelChunk: GenerateAsync (2,-3,2)
[+00:21:03.150] VoxelMesh: Chunk X=2 Y=-3 Z=2 FlatVerts=0 SlopeVerts=36
[+00:21:03.464] VoxelMesh: Chunk X=0 Y=0 Z=0 FlatVerts=156 SlopeVerts=27012
[+00:21:03.484] VoxelChunk: GenerateAsync (3,-3,2)
[+00:21:03.485] VoxelMesh: Chunk X=3 Y=-3 Z=2 FlatVerts=0 SlopeVerts=2712
[+00:21:03.800] VoxelMesh: Chunk X=0 Y=0 Z=0 FlatVerts=48 SlopeVerts=528
[+00:21:03.801] VoxelChunk: GenerateAsync (-3,-2,2)
[+00:21:03.802] VoxelMesh: Chunk X=-3 Y=-2 Z=2 FlatVerts=18 SlopeVerts=2766
[+00:21:04.133] VoxelMesh: Chunk X=0 Y=0 Z=0 FlatVerts=828 SlopeVerts=8442
[+00:21:04.139] VoxelChunk: GenerateAsync (-3,2,1)
[+00:21:04.140] VoxelMesh: Chunk X=-3 Y=2 Z=1 FlatVerts=0 SlopeVerts=0
[+00:21:04.464] VoxelMesh: Chunk X=0 Y=0 Z=0 FlatVerts=0 SlopeVerts=0
[+00:21:04.466] VoxelChunk: GenerateAsync (-1,0,3)
[+00:21:04.467] VoxelMesh: Chunk X=-1 Y=0 Z=3 FlatVerts=108 SlopeVerts=6300
[+00:21:04.802] VoxelMesh: Chunk X=0 Y=0 Z=0 FlatVerts=0 SlopeVerts=108
[+00:21:04.804] VoxelChunk: GenerateAsync (0,0,3)
[+00:21:04.805] VoxelMesh: Chunk X=0 Y=0 Z=3 FlatVerts=0 SlopeVerts=42
[+00:21:05.137] VoxelMesh: Chunk X=0 Y=0 Z=0 FlatVerts=18 SlopeVerts=7752
[+00:21:05.142] VoxelChunk: GenerateAsync (2,0,3)
[+00:21:05.143] VoxelMesh: Chunk X=2 Y=0 Z=3 FlatVerts=0 SlopeVerts=0
[+00:21:05.466] VoxelMesh: Chunk X=0 Y=0 Z=0 FlatVerts=96 SlopeVerts=12786
[+00:21:05.474] VoxelChunk: GenerateAsync (3,0,3)
[+00:21:05.475] VoxelMesh: Chunk X=3 Y=0 Z=3 FlatVerts=0 SlopeVerts=252
[+00:21:05.798] VoxelMesh: Chunk X=0 Y=0 Z=0 FlatVerts=120 SlopeVerts=21480
[+00:21:05.813] VoxelChunk: GenerateAsync (3,-2,2)
[+00:21:05.815] VoxelMesh: Chunk X=3 Y=-2 Z=2 FlatVerts=102 SlopeVerts=1170
[+00:21:06.134] VoxelMesh: Chunk X=0 Y=0 Z=0 FlatVerts=0 SlopeVerts=0
[+00:21:06.134] VoxelChunk: GenerateAsync (-3,-1,2)
[+00:21:06.135] VoxelMesh: Chunk X=-3 Y=-1 Z=2 FlatVerts=0 SlopeVerts=0
[+00:21:06.465] VoxelMesh: Chunk X=0 Y=0 Z=0 FlatVerts=0 SlopeVerts=42
[+00:21:06.466] VoxelChunk: GenerateAsync (2,1,3)
[+00:21:06.466] VoxelMesh: Chunk X=2 Y=1 Z=3 FlatVerts=0 SlopeVerts=1176
[+00:21:06.799] VoxelMesh: Chunk X=0 Y=0 Z=0 FlatVerts=0 SlopeVerts=30
[+00:21:06.799] VoxelChunk: GenerateAsync (3,1,3)
[+00:21:06.800] VoxelMesh: Chunk X=3 Y=1 Z=3 FlatVerts=0 SlopeVerts=2796
[+00:21:07.133] VoxelMesh: Chunk X=0 Y=0 Z=0 FlatVerts=0 SlopeVerts=0
[+00:21:07.134] VoxelChunk: GenerateAsync (-1,2,3)
[+00:21:07.135] VoxelMesh: Chunk X=-1 Y=2 Z=3 FlatVerts=0 SlopeVerts=0
[+00:21:07.464] VoxelMesh: Chunk X=0 Y=0 Z=0 FlatVerts=228 SlopeVerts=13362
[+00:21:07.473] VoxelChunk: GenerateAsync (3,-1,1)
[+00:21:07.474] VoxelMesh: Chunk X=3 Y=-1 Z=1 FlatVerts=1422 SlopeVerts=2562
[+00:21:07.800] VoxelMesh: Chunk X=0 Y=0 Z=0 FlatVerts=10374 SlopeVerts=4788
[+00:21:07.818] VoxelChunk: GenerateAsync (3,2,1)
[+00:21:07.819] VoxelMesh: Chunk X=3 Y=2 Z=1 FlatVerts=0 SlopeVerts=0
[+00:21:08.134] VoxelMesh: Chunk X=0 Y=0 Z=0 FlatVerts=264 SlopeVerts=24378
[+00:21:08.153] VoxelChunk: GenerateAsync (3,-1,2)
[+00:21:08.154] VoxelMesh: Chunk X=3 Y=-1 Z=2 FlatVerts=84 SlopeVerts=120
[+00:21:08.466] VoxelMesh: Chunk X=0 Y=0 Z=0 FlatVerts=0 SlopeVerts=0
[+00:21:08.466] VoxelChunk: GenerateAsync (-3,0,2)
[+00:21:08.467] VoxelMesh: Chunk X=-3 Y=0 Z=2 FlatVerts=0 SlopeVerts=18
[+00:21:08.797] VoxelMesh: Chunk X=0 Y=0 Z=0 FlatVerts=1578 SlopeVerts=13698
[+00:21:08.808] VoxelChunk: GenerateAsync (-3,3,1)
[+00:21:08.809] VoxelMesh: Chunk X=-3 Y=3 Z=1 FlatVerts=0 SlopeVerts=0
[+00:21:09.136] VoxelMesh: Chunk X=0 Y=0 Z=0 FlatVerts=642 SlopeVerts=2130
[+00:21:09.139] VoxelChunk: GenerateAsync (-3,1,1)
[+00:21:09.141] VoxelMesh: Chunk X=-3 Y=1 Z=1 FlatVerts=0 SlopeVerts=0
[+00:21:09.464] VoxelMesh: Chunk X=0 Y=0 Z=0 FlatVerts=1596 SlopeVerts=5688
[+00:21:09.470] VoxelChunk: GenerateAsync (-2,3,1)
[+00:21:09.470] VoxelMesh: Chunk X=-2 Y=3 Z=1 FlatVerts=120 SlopeVerts=420
[+00:21:09.798] VoxelMesh: Chunk X=0 Y=0 Z=0 FlatVerts=0 SlopeVerts=0
[+00:21:09.799] VoxelChunk: GenerateAsync (-3,0,1)
[+00:21:09.800] VoxelMesh: Chunk X=-3 Y=0 Z=1 FlatVerts=0 SlopeVerts=0
[+00:21:10.131] VoxelMesh: Chunk X=0 Y=0 Z=0 FlatVerts=1878 SlopeVerts=3582
[+00:21:10.135] VoxelChunk: GenerateAsync (-1,3,1)
[+00:21:10.136] VoxelMesh: Chunk X=-1 Y=3 Z=1 FlatVerts=654 SlopeVerts=1950
[+00:21:10.468] VoxelMesh: Chunk X=0 Y=0 Z=0 FlatVerts=414 SlopeVerts=18228
[+00:21:10.482] VoxelChunk: GenerateAsync (3,0,2)
[+00:21:10.483] VoxelMesh: Chunk X=3 Y=0 Z=2 FlatVerts=18 SlopeVerts=1110
[+00:21:10.806] VoxelMesh: Chunk X=0 Y=0 Z=0 FlatVerts=0 SlopeVerts=0
[+00:21:10.806] VoxelChunk: GenerateAsync (0,3,3)
[+00:21:10.809] VoxelMesh: Chunk X=0 Y=3 Z=3 FlatVerts=0 SlopeVerts=0
[+00:21:11.132] VoxelMesh: Chunk X=0 Y=0 Z=0 FlatVerts=0 SlopeVerts=0
[+00:21:11.132] VoxelChunk: GenerateAsync (-1,3,3)
[+00:21:11.133] VoxelMesh: Chunk X=-1 Y=3 Z=3 FlatVerts=0 SlopeVerts=0
[+00:21:11.464] VoxelMesh: Chunk X=0 Y=0 Z=0 FlatVerts=3942 SlopeVerts=9798
[+00:21:11.476] VoxelChunk: GenerateAsync (1,3,1)
[+00:21:11.476] VoxelMesh: Chunk X=1 Y=3 Z=1 FlatVerts=300 SlopeVerts=726
[+00:21:11.800] VoxelMesh: Chunk X=0 Y=0 Z=0 FlatVerts=0 SlopeVerts=0
[+00:21:11.802] VoxelChunk: GenerateAsync (-3,-2,3)
[+00:21:11.803] VoxelMesh: Chunk X=-3 Y=-2 Z=3 FlatVerts=36 SlopeVerts=5982
[+00:21:12.135] VoxelMesh: Chunk X=0 Y=0 Z=0 FlatVerts=8826 SlopeVerts=7482
[+00:21:12.150] VoxelChunk: GenerateAsync (2,3,1)
[+00:21:12.151] VoxelMesh: Chunk X=2 Y=3 Z=1 FlatVerts=6 SlopeVerts=24
[+00:21:12.465] VoxelMesh: Chunk X=0 Y=0 Z=0 FlatVerts=10770 SlopeVerts=2040
[+00:21:12.479] VoxelChunk: GenerateAsync (3,3,1)
[+00:21:12.481] VoxelMesh: Chunk X=3 Y=3 Z=1 FlatVerts=0 SlopeVerts=42
[+00:21:12.799] VoxelMesh: Chunk X=0 Y=0 Z=0 FlatVerts=1044 SlopeVerts=3264
[+00:21:12.802] VoxelChunk: GenerateAsync (3,1,2)
[+00:21:12.803] VoxelMesh: Chunk X=3 Y=1 Z=2 FlatVerts=0 SlopeVerts=2064
[+00:21:13.137] VoxelMesh: Chunk X=0 Y=0 Z=0 FlatVerts=54 SlopeVerts=4116
[+00:21:13.139] VoxelChunk: GenerateAsync (-3,2,2)
[+00:21:13.141] VoxelMesh: Chunk X=-3 Y=2 Z=2 FlatVerts=0 SlopeVerts=6
[+00:21:13.466] VoxelMesh: Chunk X=0 Y=0 Z=0 FlatVerts=48 SlopeVerts=1098
[+00:21:13.468] VoxelChunk: GenerateAsync (-3,-3,2)
[+00:21:13.469] VoxelMesh: Chunk X=-3 Y=-3 Z=2 FlatVerts=120 SlopeVerts=5010
[+00:21:13.802] VoxelMesh: Chunk X=0 Y=0 Z=0 FlatVerts=0 SlopeVerts=0
[+00:21:13.803] VoxelChunk: GenerateAsync (-3,-1,3)
[+00:21:13.804] VoxelMesh: Chunk X=-3 Y=-1 Z=3 FlatVerts=0 SlopeVerts=720
[+00:21:14.135] VoxelMesh: Chunk X=0 Y=0 Z=0 FlatVerts=168 SlopeVerts=12966
[+00:21:14.143] VoxelChunk: GenerateAsync (-2,-3,2)
[+00:21:14.145] VoxelMesh: Chunk X=-2 Y=-3 Z=2 FlatVerts=0 SlopeVerts=2592
[+00:21:14.469] VoxelMesh: Chunk X=0 Y=0 Z=0 FlatVerts=0 SlopeVerts=36
[+00:21:14.469] VoxelChunk: GenerateAsync (-1,-1,3)
[+00:21:14.469] VoxelMesh: Chunk X=-1 Y=-1 Z=3 FlatVerts=12 SlopeVerts=4272
[+00:21:14.804] VoxelMesh: Chunk X=0 Y=0 Z=0 FlatVerts=198 SlopeVerts=32844
[+00:21:14.829] VoxelChunk: GenerateAsync (-1,-3,2)
[+00:21:14.831] VoxelMesh: Chunk X=-1 Y=-3 Z=2 FlatVerts=0 SlopeVerts=3528
[+00:21:15.136] VoxelMesh: Chunk X=0 Y=0 Z=0 FlatVerts=3180 SlopeVerts=1362
[+00:21:15.141] VoxelChunk: GenerateAsync (3,2,2)
[+00:21:15.141] VoxelMesh: Chunk X=3 Y=2 Z=2 FlatVerts=0 SlopeVerts=18
[+00:21:15.465] VoxelMesh: Chunk X=0 Y=0 Z=0 FlatVerts=54 SlopeVerts=7170
[+00:21:15.469] VoxelChunk: GenerateAsync (-3,3,2)
[+00:21:15.471] VoxelMesh: Chunk X=-3 Y=3 Z=2 FlatVerts=6 SlopeVerts=1428
[+00:21:15.799] VoxelMesh: Chunk X=0 Y=0 Z=0 FlatVerts=0 SlopeVerts=24
[+00:21:15.800] VoxelChunk: GenerateAsync (-2,3,2)
[+00:21:15.800] VoxelMesh: Chunk X=-2 Y=3 Z=2 FlatVerts=1056 SlopeVerts=3420
[+00:21:16.137] VoxelMesh: Chunk X=0 Y=0 Z=0 FlatVerts=0 SlopeVerts=0
[+00:21:16.138] VoxelChunk: GenerateAsync (-1,3,2)
[+00:21:16.139] VoxelMesh: Chunk X=-1 Y=3 Z=2 FlatVerts=1494 SlopeVerts=1200
[+00:21:16.470] VoxelMesh: Chunk X=0 Y=0 Z=0 FlatVerts=180 SlopeVerts=1428
[+00:21:16.471] VoxelChunk: GenerateAsync (0,3,2)
[+00:21:16.472] VoxelMesh: Chunk X=0 Y=3 Z=2 FlatVerts=1398 SlopeVerts=1296
[+00:21:16.802] VoxelMesh: Chunk X=0 Y=0 Z=0 FlatVerts=1260 SlopeVerts=3678
[+00:21:16.806] VoxelChunk: GenerateAsync (1,3,2)
[+00:21:16.808] VoxelMesh: Chunk X=1 Y=3 Z=2 FlatVerts=1302 SlopeVerts=2754
[+00:21:17.139] VoxelMesh: Chunk X=0 Y=0 Z=0 FlatVerts=2838 SlopeVerts=3324
[+00:21:17.144] VoxelChunk: GenerateAsync (2,3,2)
[+00:21:17.146] VoxelMesh: Chunk X=2 Y=3 Z=2 FlatVerts=30 SlopeVerts=2166
[+00:21:17.467] VoxelMesh: Chunk X=0 Y=0 Z=0 FlatVerts=2334 SlopeVerts=1128
[+00:21:17.472] VoxelChunk: GenerateAsync (3,3,2)
[+00:21:17.473] VoxelMesh: Chunk X=3 Y=3 Z=2 FlatVerts=252 SlopeVerts=4482
[+00:21:17.803] VoxelMesh: Chunk X=0 Y=0 Z=0 FlatVerts=0 SlopeVerts=0
[+00:21:17.804] VoxelChunk: GenerateAsync (-3,-3,3)
[+00:21:17.805] VoxelMesh: Chunk X=-3 Y=-3 Z=3 FlatVerts=0 SlopeVerts=348
[+00:21:18.134] VoxelMesh: Chunk X=0 Y=0 Z=0 FlatVerts=0 SlopeVerts=0
[+00:21:18.135] VoxelChunk: GenerateAsync (2,3,-4)
[+00:21:18.136] VoxelMesh: Chunk X=2 Y=3 Z=-4 FlatVerts=0 SlopeVerts=0
[+00:21:18.467] VoxelMesh: Chunk X=0 Y=0 Z=0 FlatVerts=0 SlopeVerts=0
[+00:21:18.467] VoxelChunk: GenerateAsync (0,-2,-4)
[+00:21:18.468] VoxelMesh: Chunk X=0 Y=-2 Z=-4 FlatVerts=0 SlopeVerts=0
[+00:21:18.800] VoxelMesh: Chunk X=0 Y=0 Z=0 FlatVerts=0 SlopeVerts=0
[+00:21:18.800] VoxelChunk: GenerateAsync (-1,-2,-4)
[+00:21:18.801] VoxelMesh: Chunk X=-1 Y=-2 Z=-4 FlatVerts=0 SlopeVerts=0
[+00:21:19.137] VoxelMesh: Chunk X=0 Y=0 Z=0 FlatVerts=0 SlopeVerts=0
[+00:21:19.137] VoxelChunk: GenerateAsync (-2,2,-4)
[+00:21:19.138] VoxelMesh: Chunk X=-2 Y=2 Z=-4 FlatVerts=0 SlopeVerts=0
[+00:21:19.467] VoxelMesh: Chunk X=0 Y=0 Z=0 FlatVerts=0 SlopeVerts=0
[+00:21:19.467] VoxelChunk: GenerateAsync (-2,-2,-4)
[+00:21:19.468] VoxelMesh: Chunk X=-2 Y=-2 Z=-4 FlatVerts=0 SlopeVerts=0
[+00:21:19.800] VoxelMesh: Chunk X=0 Y=0 Z=0 FlatVerts=0 SlopeVerts=0
[+00:21:19.800] VoxelChunk: GenerateAsync (-3,-2,-4)
[+00:21:19.801] VoxelMesh: Chunk X=-3 Y=-2 Z=-4 FlatVerts=0 SlopeVerts=0
[+00:21:20.134] VoxelMesh: Chunk X=0 Y=0 Z=0 FlatVerts=0 SlopeVerts=0
[+00:21:20.134] VoxelChunk: GenerateAsync (-3,2,-4)
[+00:21:20.135] VoxelMesh: Chunk X=-3 Y=2 Z=-4 FlatVerts=0 SlopeVerts=0
[+00:21:20.467] VoxelMesh: Chunk X=0 Y=0 Z=0 FlatVerts=0 SlopeVerts=0
[+00:21:20.468] VoxelChunk: GenerateAsync (-3,3,-4)
[+00:21:20.469] VoxelMesh: Chunk X=-3 Y=3 Z=-4 FlatVerts=0 SlopeVerts=0
[+00:21:20.799] VoxelMesh: Chunk X=0 Y=0 Z=0 FlatVerts=0 SlopeVerts=0
[+00:21:20.799] VoxelChunk: GenerateAsync (3,-3,-4)
[+00:21:20.800] VoxelMesh: Chunk X=3 Y=-3 Z=-4 FlatVerts=0 SlopeVerts=0
[+00:21:21.138] VoxelMesh: Chunk X=0 Y=0 Z=0 FlatVerts=0 SlopeVerts=0
[+00:21:21.138] VoxelChunk: GenerateAsync (2,-3,-4)
[+00:21:21.138] VoxelMesh: Chunk X=2 Y=-3 Z=-4 FlatVerts=0 SlopeVerts=0
[+00:21:21.465] VoxelMesh: Chunk X=0 Y=0 Z=0 FlatVerts=0 SlopeVerts=0
[+00:21:21.465] VoxelChunk: GenerateAsync (1,-3,-4)
[+00:21:21.466] VoxelMesh: Chunk X=1 Y=-3 Z=-4 FlatVerts=0 SlopeVerts=0
[+00:21:21.799] VoxelMesh: Chunk X=0 Y=0 Z=0 FlatVerts=0 SlopeVerts=0
[+00:21:21.799] VoxelChunk: GenerateAsync (0,-3,-4)
[+00:21:21.800] VoxelMesh: Chunk X=0 Y=-3 Z=-4 FlatVerts=0 SlopeVerts=0
[+00:21:22.133] VoxelMesh: Chunk X=0 Y=0 Z=0 FlatVerts=0 SlopeVerts=0
[+00:21:22.134] VoxelChunk: GenerateAsync (3,1,-4)
[+00:21:22.134] VoxelMesh: Chunk X=3 Y=1 Z=-4 FlatVerts=0 SlopeVerts=0
[+00:21:22.468] VoxelMesh: Chunk X=0 Y=0 Z=0 FlatVerts=0 SlopeVerts=0
[+00:21:22.468] VoxelChunk: GenerateAsync (2,1,-4)
[+00:21:22.469] VoxelMesh: Chunk X=2 Y=1 Z=-4 FlatVerts=0 SlopeVerts=0
[+00:21:22.800] VoxelMesh: Chunk X=0 Y=0 Z=0 FlatVerts=0 SlopeVerts=0
[+00:21:22.800] VoxelChunk: GenerateAsync (3,2,-4)
[+00:21:22.801] VoxelMesh: Chunk X=3 Y=2 Z=-4 FlatVerts=0 SlopeVerts=0
[+00:21:23.134] VoxelMesh: Chunk X=0 Y=0 Z=0 FlatVerts=0 SlopeVerts=0
[+00:21:23.135] VoxelChunk: GenerateAsync (-1,3,-4)
[+00:21:23.136] VoxelMesh: Chunk X=-1 Y=3 Z=-4 FlatVerts=0 SlopeVerts=0
[+00:21:23.468] VoxelMesh: Chunk X=0 Y=0 Z=0 FlatVerts=0 SlopeVerts=0
[+00:21:23.468] VoxelChunk: GenerateAsync (3,0,-4)
[+00:21:23.469] VoxelMesh: Chunk X=3 Y=0 Z=-4 FlatVerts=0 SlopeVerts=0
[+00:21:23.801] VoxelMesh: Chunk X=0 Y=0 Z=0 FlatVerts=0 SlopeVerts=0
[+00:21:23.801] VoxelChunk: GenerateAsync (2,2,-4)
[+00:21:23.801] VoxelMesh: Chunk X=2 Y=2 Z=-4 FlatVerts=0 SlopeVerts=0
[+00:21:24.133] VoxelMesh: Chunk X=0 Y=0 Z=0 FlatVerts=0 SlopeVerts=0
[+00:21:24.133] VoxelChunk: GenerateAsync (2,0,-4)
[+00:21:24.134] VoxelMesh: Chunk X=2 Y=0 Z=-4 FlatVerts=0 SlopeVerts=0
[+00:21:24.467] VoxelMesh: Chunk X=0 Y=0 Z=0 FlatVerts=0 SlopeVerts=0
[+00:21:24.468] VoxelChunk: GenerateAsync (1,0,-4)
[+00:21:24.469] VoxelMesh: Chunk X=1 Y=0 Z=-4 FlatVerts=0 SlopeVerts=0
[+00:21:24.800] VoxelMesh: Chunk X=0 Y=0 Z=0 FlatVerts=0 SlopeVerts=0
[+00:21:24.800] VoxelChunk: GenerateAsync (1,1,-4)
[+00:21:24.802] VoxelMesh: Chunk X=1 Y=1 Z=-4 FlatVerts=0 SlopeVerts=0
[+00:21:25.140] VoxelMesh: Chunk X=0 Y=0 Z=0 FlatVerts=0 SlopeVerts=0
[+00:21:25.140] VoxelChunk: GenerateAsync (0,0,-4)
[+00:21:25.142] VoxelMesh: Chunk X=0 Y=0 Z=-4 FlatVerts=0 SlopeVerts=0
[+00:21:25.467] VoxelMesh: Chunk X=0 Y=0 Z=0 FlatVerts=0 SlopeVerts=0
[+00:21:25.467] VoxelChunk: GenerateAsync (-1,0,-4)
[+00:21:25.470] VoxelMesh: Chunk X=-1 Y=0 Z=-4 FlatVerts=0 SlopeVerts=0
[+00:21:25.802] VoxelMesh: Chunk X=0 Y=0 Z=0 FlatVerts=0 SlopeVerts=0
[+00:21:25.802] VoxelChunk: GenerateAsync (0,1,-4)
[+00:21:25.803] VoxelMesh: Chunk X=0 Y=1 Z=-4 FlatVerts=0 SlopeVerts=0
[+00:21:26.135] VoxelMesh: Chunk X=0 Y=0 Z=0 FlatVerts=0 SlopeVerts=0
[+00:21:26.135] VoxelChunk: GenerateAsync (1,2,-4)
[+00:21:26.136] VoxelMesh: Chunk X=1 Y=2 Z=-4 FlatVerts=0 SlopeVerts=0
[+00:21:26.468] VoxelMesh: Chunk X=0 Y=0 Z=0 FlatVerts=0 SlopeVerts=0
[+00:21:26.468] VoxelChunk: GenerateAsync (-2,3,-4)
[+00:21:26.470] VoxelMesh: Chunk X=-2 Y=3 Z=-4 FlatVerts=0 SlopeVerts=0
[+00:21:26.800] VoxelMesh: Chunk X=0 Y=0 Z=0 FlatVerts=0 SlopeVerts=0
[+00:21:26.800] VoxelChunk: GenerateAsync (1,3,-4)
[+00:21:26.800] VoxelMesh: Chunk X=1 Y=3 Z=-4 FlatVerts=0 SlopeVerts=0
[+00:21:27.134] VoxelMesh: Chunk X=0 Y=0 Z=0 FlatVerts=0 SlopeVerts=0
[+00:21:27.134] VoxelChunk: GenerateAsync (-1,1,-4)
[+00:21:27.135] VoxelMesh: Chunk X=-1 Y=1 Z=-4 FlatVerts=0 SlopeVerts=0
[+00:21:27.466] VoxelMesh: Chunk X=0 Y=0 Z=0 FlatVerts=0 SlopeVerts=0
[+00:21:27.468] VoxelChunk: GenerateAsync (-2,0,-4)
[+00:21:27.468] VoxelMesh: Chunk X=-2 Y=0 Z=-4 FlatVerts=0 SlopeVerts=0
[+00:21:27.801] VoxelMesh: Chunk X=0 Y=0 Z=0 FlatVerts=0 SlopeVerts=0
[+00:21:27.801] VoxelChunk: GenerateAsync (-3,0,-4)
[+00:21:27.802] VoxelMesh: Chunk X=-3 Y=0 Z=-4 FlatVerts=0 SlopeVerts=0
[+00:21:28.134] VoxelMesh: Chunk X=0 Y=0 Z=0 FlatVerts=0 SlopeVerts=0
[+00:21:28.135] VoxelChunk: GenerateAsync (-2,1,-4)
[+00:21:28.136] VoxelMesh: Chunk X=-2 Y=1 Z=-4 FlatVerts=0 SlopeVerts=0
[+00:21:28.467] VoxelMesh: Chunk X=0 Y=0 Z=0 FlatVerts=0 SlopeVerts=0
[+00:21:28.467] VoxelChunk: GenerateAsync (0,2,-4)
[+00:21:28.469] VoxelMesh: Chunk X=0 Y=2 Z=-4 FlatVerts=0 SlopeVerts=0
[+00:21:28.799] VoxelMesh: Chunk X=0 Y=0 Z=0 FlatVerts=0 SlopeVerts=0
[+00:21:28.800] VoxelChunk: GenerateAsync (3,-1,-4)
[+00:21:28.800] VoxelMesh: Chunk X=3 Y=-1 Z=-4 FlatVerts=0 SlopeVerts=0
[+00:21:29.139] VoxelMesh: Chunk X=0 Y=0 Z=0 FlatVerts=0 SlopeVerts=0
[+00:21:29.140] VoxelChunk: GenerateAsync (2,-1,-4)
[+00:21:29.141] VoxelMesh: Chunk X=2 Y=-1 Z=-4 FlatVerts=0 SlopeVerts=0
[+00:21:29.467] VoxelMesh: Chunk X=0 Y=0 Z=0 FlatVerts=0 SlopeVerts=0
[+00:21:29.467] VoxelChunk: GenerateAsync (-3,1,-4)
[+00:21:29.469] VoxelMesh: Chunk X=-3 Y=1 Z=-4 FlatVerts=0 SlopeVerts=0
[+00:21:29.801] VoxelMesh: Chunk X=0 Y=0 Z=0 FlatVerts=0 SlopeVerts=0
[+00:21:29.802] VoxelChunk: GenerateAsync (1,-1,-4)
[+00:21:29.803] VoxelMesh: Chunk X=1 Y=-1 Z=-4 FlatVerts=0 SlopeVerts=0
[+00:21:30.143] VoxelMesh: Chunk X=0 Y=0 Z=0 FlatVerts=0 SlopeVerts=0
[+00:21:30.143] VoxelChunk: GenerateAsync (0,-1,-4)
[+00:21:30.150] VoxelMesh: Chunk X=0 Y=-1 Z=-4 FlatVerts=0 SlopeVerts=0
[+00:21:30.479] VoxelMesh: Chunk X=0 Y=0 Z=0 FlatVerts=0 SlopeVerts=0
[+00:21:30.480] VoxelChunk: GenerateAsync (-1,-1,-4)
[+00:21:30.493] VoxelMesh: Chunk X=-1 Y=-1 Z=-4 FlatVerts=0 SlopeVerts=0
[+00:21:30.801] VoxelMesh: Chunk X=0 Y=0 Z=0 FlatVerts=0 SlopeVerts=0
[+00:21:30.802] VoxelChunk: GenerateAsync (-2,-1,-4)
[+00:21:30.803] VoxelMesh: Chunk X=-2 Y=-1 Z=-4 FlatVerts=0 SlopeVerts=0
[+00:21:31.134] VoxelMesh: Chunk X=0 Y=0 Z=0 FlatVerts=0 SlopeVerts=0
[+00:21:31.135] VoxelChunk: GenerateAsync (-3,-1,-4)
[+00:21:31.135] VoxelMesh: Chunk X=-3 Y=-1 Z=-4 FlatVerts=0 SlopeVerts=0
[+00:21:31.466] VoxelMesh: Chunk X=0 Y=0 Z=0 FlatVerts=0 SlopeVerts=0
[+00:21:31.466] VoxelChunk: GenerateAsync (3,-2,-4)
[+00:21:31.467] VoxelMesh: Chunk X=3 Y=-2 Z=-4 FlatVerts=0 SlopeVerts=0
[+00:21:31.800] VoxelMesh: Chunk X=0 Y=0 Z=0 FlatVerts=0 SlopeVerts=0
[+00:21:31.800] VoxelChunk: GenerateAsync (-1,2,-4)
[+00:21:31.802] VoxelMesh: Chunk X=-1 Y=2 Z=-4 FlatVerts=0 SlopeVerts=0
[+00:21:32.134] VoxelMesh: Chunk X=0 Y=0 Z=0 FlatVerts=0 SlopeVerts=0
[+00:21:32.134] VoxelChunk: GenerateAsync (0,3,-4)
[+00:21:32.135] VoxelMesh: Chunk X=0 Y=3 Z=-4 FlatVerts=0 SlopeVerts=0
[+00:21:32.467] VoxelMesh: Chunk X=0 Y=0 Z=0 FlatVerts=0 SlopeVerts=0
[+00:21:32.468] VoxelChunk: GenerateAsync (3,3,-4)
[+00:21:32.469] VoxelMesh: Chunk X=3 Y=3 Z=-4 FlatVerts=0 SlopeVerts=0
[+00:21:32.800] VoxelMesh: Chunk X=0 Y=0 Z=0 FlatVerts=0 SlopeVerts=0
[+00:21:32.800] VoxelChunk: GenerateAsync (1,-2,-4)
[+00:21:32.801] VoxelMesh: Chunk X=1 Y=-2 Z=-4 FlatVerts=0 SlopeVerts=0
[+00:21:33.141] VoxelMesh: Chunk X=0 Y=0 Z=0 FlatVerts=0 SlopeVerts=0
[+00:21:33.141] VoxelChunk: GenerateAsync (-3,-3,-4)
[+00:21:33.142] VoxelMesh: Chunk X=-3 Y=-3 Z=-4 FlatVerts=0 SlopeVerts=0
[+00:21:33.467] VoxelMesh: Chunk X=0 Y=0 Z=0 FlatVerts=0 SlopeVerts=0
[+00:21:33.467] VoxelChunk: GenerateAsync (-1,-3,-4)
[+00:21:33.467] VoxelMesh: Chunk X=-1 Y=-3 Z=-4 FlatVerts=0 SlopeVerts=0
[+00:21:33.800] VoxelMesh: Chunk X=0 Y=0 Z=0 FlatVerts=0 SlopeVerts=0
[+00:21:33.800] VoxelChunk: GenerateAsync (2,-2,-4)
[+00:21:33.801] VoxelMesh: Chunk X=2 Y=-2 Z=-4 FlatVerts=0 SlopeVerts=0
[+00:21:34.134] VoxelMesh: Chunk X=0 Y=0 Z=0 FlatVerts=0 SlopeVerts=0
[+00:21:34.135] VoxelChunk: GenerateAsync (-2,-3,-4)
[+00:21:34.136] VoxelMesh: Chunk X=-2 Y=-3 Z=-4 FlatVerts=0 SlopeVerts=0
[+00:21:34.469] VoxelMesh: Chunk X=0 Y=0 Z=0 FlatVerts=0 SlopeVerts=0
[+00:21:34.469] VoxelChunk: GenerateAsync (-3,-3,4)
[+00:21:34.470] VoxelMesh: Chunk X=-3 Y=-3 Z=4 FlatVerts=0 SlopeVerts=0
[+00:21:34.802] VoxelMesh: Chunk X=0 Y=0 Z=0 FlatVerts=0 SlopeVerts=0
[+00:21:34.802] VoxelChunk: GenerateAsync (-2,-3,4)
[+00:21:34.804] VoxelMesh: Chunk X=-2 Y=-3 Z=4 FlatVerts=0 SlopeVerts=0
[+00:21:35.139] VoxelMesh: Chunk X=0 Y=0 Z=0 FlatVerts=30 SlopeVerts=4566
[+00:21:35.142] VoxelChunk: GenerateAsync (-1,-3,4)
[+00:21:35.144] VoxelMesh: Chunk X=-1 Y=-3 Z=4 FlatVerts=0 SlopeVerts=2052
[+00:21:35.474] VoxelMesh: Chunk X=0 Y=0 Z=0 FlatVerts=90 SlopeVerts=14202
[+00:21:35.485] VoxelChunk: GenerateAsync (0,-3,4)
[+00:21:35.486] VoxelMesh: Chunk X=0 Y=-3 Z=4 FlatVerts=0 SlopeVerts=4902
[+00:21:35.807] VoxelMesh: Chunk X=0 Y=0 Z=0 FlatVerts=78 SlopeVerts=30096
[+00:21:35.830] VoxelChunk: GenerateAsync (1,-3,4)
[+00:21:35.831] VoxelMesh: Chunk X=1 Y=-3 Z=4 FlatVerts=0 SlopeVerts=7728
[+00:21:36.142] VoxelMesh: Chunk X=0 Y=0 Z=0 FlatVerts=18 SlopeVerts=28116
[+00:21:36.162] VoxelChunk: GenerateAsync (2,-3,4)
[+00:21:36.165] VoxelMesh: Chunk X=2 Y=-3 Z=4 FlatVerts=18 SlopeVerts=7092
[+00:21:36.474] VoxelMesh: Chunk X=0 Y=0 Z=0 FlatVerts=36 SlopeVerts=19440
[+00:21:36.490] VoxelChunk: GenerateAsync (3,-3,4)
[+00:21:36.492] VoxelMesh: Chunk X=3 Y=-3 Z=4 FlatVerts=0 SlopeVerts=2700
[+00:21:36.803] VoxelMesh: Chunk X=0 Y=0 Z=0 FlatVerts=0 SlopeVerts=0
[+00:21:36.804] VoxelChunk: GenerateAsync (-3,-2,4)
[+00:21:36.805] VoxelMesh: Chunk X=-3 Y=-2 Z=4 FlatVerts=24 SlopeVerts=5244
[+00:21:37.157] VoxelMesh: Chunk X=0 Y=0 Z=0 FlatVerts=0 SlopeVerts=0
[+00:21:37.157] VoxelChunk: GenerateAsync (-2,-2,4)
[+00:21:37.160] VoxelMesh: Chunk X=-2 Y=-2 Z=4 FlatVerts=0 SlopeVerts=5550
[+00:21:37.476] VoxelMesh: Chunk X=0 Y=0 Z=0 FlatVerts=0 SlopeVerts=3084
[+00:21:37.479] VoxelChunk: GenerateAsync (-1,-2,4)
[+00:21:37.481] VoxelMesh: Chunk X=-1 Y=-2 Z=4 FlatVerts=0 SlopeVerts=894
[+00:21:37.575] VoxelMesh: Chunk X=0 Y=0 Z=0 FlatVerts=60 SlopeVerts=16818
[+00:21:37.587] VoxelChunk: GenerateAsync (0,-2,4)
[+00:21:37.589] VoxelMesh: Chunk X=0 Y=-2 Z=4 FlatVerts=0 SlopeVerts=1764
[+00:21:37.684] VoxelMesh: Chunk X=0 Y=0 Z=0 FlatVerts=90 SlopeVerts=33162
[+00:21:37.709] VoxelChunk: GenerateAsync (1,-2,4)
[+00:21:37.710] VoxelMesh: Chunk X=1 Y=-2 Z=4 FlatVerts=0 SlopeVerts=1200
[+00:21:37.787] VoxelMesh: Chunk X=0 Y=0 Z=0 FlatVerts=54 SlopeVerts=32040
[+00:21:37.809] VoxelChunk: GenerateAsync (2,-2,4)
[+00:21:37.811] VoxelMesh: Chunk X=2 Y=-2 Z=4 FlatVerts=0 SlopeVerts=246
[+00:21:37.893] VoxelMesh: Chunk X=0 Y=0 Z=0 FlatVerts=66 SlopeVerts=34452
[+00:21:37.918] VoxelChunk: GenerateAsync (3,-2,4)
[+00:21:37.919] VoxelMesh: Chunk X=3 Y=-2 Z=4 FlatVerts=0 SlopeVerts=0
[+00:21:38.000] VoxelMesh: Chunk X=0 Y=0 Z=0 FlatVerts=0 SlopeVerts=0
[+00:21:38.000] VoxelChunk: GenerateAsync (-3,-1,4)
[+00:21:38.002] VoxelMesh: Chunk X=-3 Y=-1 Z=4 FlatVerts=0 SlopeVerts=3654
[+00:21:38.103] VoxelMesh: Chunk X=0 Y=0 Z=0 FlatVerts=0 SlopeVerts=0
[+00:21:38.103] VoxelChunk: GenerateAsync (-2,-1,4)
[+00:21:38.105] VoxelMesh: Chunk X=-2 Y=-1 Z=4 FlatVerts=0 SlopeVerts=2328
[+00:21:38.210] VoxelMesh: Chunk X=0 Y=0 Z=0 FlatVerts=0 SlopeVerts=0
[+00:21:38.210] VoxelChunk: GenerateAsync (-1,-1,4)
[+00:21:38.212] VoxelMesh: Chunk X=-1 Y=-1 Z=4 FlatVerts=0 SlopeVerts=4416
[+00:21:38.311] VoxelMesh: Chunk X=0 Y=0 Z=0 FlatVerts=0 SlopeVerts=5460
[+00:21:38.315] VoxelChunk: GenerateAsync (0,-1,4)
[+00:21:38.317] VoxelMesh: Chunk X=0 Y=-1 Z=4 FlatVerts=0 SlopeVerts=0
[+00:21:38.415] VoxelMesh: Chunk X=0 Y=0 Z=0 FlatVerts=30 SlopeVerts=13686
[+00:21:38.427] VoxelChunk: GenerateAsync (1,-1,4)
[+00:21:38.429] VoxelMesh: Chunk X=1 Y=-1 Z=4 FlatVerts=0 SlopeVerts=0
[+00:21:38.522] VoxelMesh: Chunk X=0 Y=0 Z=0 FlatVerts=54 SlopeVerts=20274
[+00:21:38.539] VoxelChunk: GenerateAsync (2,-1,4)
[+00:21:38.541] VoxelMesh: Chunk X=2 Y=-1 Z=4 FlatVerts=0 SlopeVerts=0
[+00:21:38.621] VoxelMesh: Chunk X=0 Y=0 Z=0 FlatVerts=42 SlopeVerts=28584
[+00:21:38.645] VoxelChunk: GenerateAsync (3,-1,4)
[+00:21:38.648] VoxelMesh: Chunk X=3 Y=-1 Z=4 FlatVerts=0 SlopeVerts=0
[+00:21:38.728] VoxelMesh: Chunk X=0 Y=0 Z=0 FlatVerts=0 SlopeVerts=0
[+00:21:38.729] VoxelChunk: GenerateAsync (-3,0,4)
[+00:21:38.731] VoxelMesh: Chunk X=-3 Y=0 Z=4 FlatVerts=0 SlopeVerts=7002
[+00:21:38.833] VoxelMesh: Chunk X=0 Y=0 Z=0 FlatVerts=0 SlopeVerts=0
[+00:21:38.834] VoxelChunk: GenerateAsync (-2,0,4)
[+00:21:38.835] VoxelMesh: Chunk X=-2 Y=0 Z=4 FlatVerts=0 SlopeVerts=5376
[+00:21:38.935] VoxelMesh: Chunk X=0 Y=0 Z=0 FlatVerts=0 SlopeVerts=0
[+00:21:38.935] VoxelChunk: GenerateAsync (-1,0,4)
[+00:21:38.937] VoxelMesh: Chunk X=-1 Y=0 Z=4 FlatVerts=0 SlopeVerts=1614
[+00:21:39.040] VoxelMesh: Chunk X=0 Y=0 Z=0 FlatVerts=0 SlopeVerts=0
[+00:21:39.041] VoxelChunk: GenerateAsync (0,0,4)
[+00:21:39.042] VoxelMesh: Chunk X=0 Y=0 Z=4 FlatVerts=0 SlopeVerts=0
[+00:21:39.141] VoxelMesh: Chunk X=0 Y=0 Z=0 FlatVerts=0 SlopeVerts=0
[+00:21:39.142] VoxelChunk: GenerateAsync (1,0,4)
[+00:21:39.143] VoxelMesh: Chunk X=1 Y=0 Z=4 FlatVerts=0 SlopeVerts=0
[+00:21:39.240] VoxelMesh: Chunk X=0 Y=0 Z=0 FlatVerts=0 SlopeVerts=1902
[+00:21:39.242] VoxelChunk: GenerateAsync (2,0,4)
[+00:21:39.243] VoxelMesh: Chunk X=2 Y=0 Z=4 FlatVerts=0 SlopeVerts=0
[+00:21:39.341] VoxelMesh: Chunk X=0 Y=0 Z=0 FlatVerts=6 SlopeVerts=5514
[+00:21:39.345] VoxelChunk: GenerateAsync (3,0,4)
[+00:21:39.346] VoxelMesh: Chunk X=3 Y=0 Z=4 FlatVerts=0 SlopeVerts=0
[+00:21:39.443] VoxelMesh: Chunk X=0 Y=0 Z=0 FlatVerts=0 SlopeVerts=0
[+00:21:39.443] VoxelChunk: GenerateAsync (-3,1,4)
[+00:21:39.446] VoxelMesh: Chunk X=-3 Y=1 Z=4 FlatVerts=42 SlopeVerts=7620
[+00:21:39.546] VoxelMesh: Chunk X=0 Y=0 Z=0 FlatVerts=0 SlopeVerts=0
[+00:21:39.546] VoxelChunk: GenerateAsync (-2,1,4)
[+00:21:39.549] VoxelMesh: Chunk X=-2 Y=1 Z=4 FlatVerts=0 SlopeVerts=2244
[+00:21:39.653] VoxelMesh: Chunk X=0 Y=0 Z=0 FlatVerts=0 SlopeVerts=0
[+00:21:39.654] VoxelChunk: GenerateAsync (-1,1,4)
[+00:21:39.655] VoxelMesh: Chunk X=-1 Y=1 Z=4 FlatVerts=0 SlopeVerts=0
[+00:21:39.761] VoxelMesh: Chunk X=0 Y=0 Z=0 FlatVerts=0 SlopeVerts=0
[+00:21:39.762] VoxelChunk: GenerateAsync (0,1,4)
[+00:21:39.763] VoxelMesh: Chunk X=0 Y=1 Z=4 FlatVerts=0 SlopeVerts=0
[+00:21:39.867] VoxelMesh: Chunk X=0 Y=0 Z=0 FlatVerts=0 SlopeVerts=0
[+00:21:39.867] VoxelChunk: GenerateAsync (1,1,4)
[+00:21:39.869] VoxelMesh: Chunk X=1 Y=1 Z=4 FlatVerts=0 SlopeVerts=0
[+00:21:39.972] VoxelMesh: Chunk X=0 Y=0 Z=0 FlatVerts=0 SlopeVerts=0
[+00:21:39.973] VoxelChunk: GenerateAsync (2,1,4)
[+00:21:39.974] VoxelMesh: Chunk X=2 Y=1 Z=4 FlatVerts=0 SlopeVerts=300
[+00:21:40.081] VoxelMesh: Chunk X=0 Y=0 Z=0 FlatVerts=0 SlopeVerts=0
[+00:21:40.081] VoxelChunk: GenerateAsync (3,1,4)
[+00:21:40.082] VoxelMesh: Chunk X=3 Y=1 Z=4 FlatVerts=270 SlopeVerts=3144
[+00:21:40.182] VoxelMesh: Chunk X=0 Y=0 Z=0 FlatVerts=0 SlopeVerts=0
[+00:21:40.183] VoxelChunk: GenerateAsync (-3,2,4)
[+00:21:40.184] VoxelMesh: Chunk X=-3 Y=2 Z=4 FlatVerts=90 SlopeVerts=6630
[+00:21:40.287] VoxelMesh: Chunk X=0 Y=0 Z=0 FlatVerts=0 SlopeVerts=0
[+00:21:40.287] VoxelChunk: GenerateAsync (-2,2,4)
[+00:21:40.291] VoxelMesh: Chunk X=-2 Y=2 Z=4 FlatVerts=54 SlopeVerts=1302
[+00:21:40.388] VoxelMesh: Chunk X=0 Y=0 Z=0 FlatVerts=0 SlopeVerts=0
[+00:21:40.388] VoxelChunk: GenerateAsync (-1,2,4)
[+00:21:40.390] VoxelMesh: Chunk X=-1 Y=2 Z=4 FlatVerts=0 SlopeVerts=0
[+00:21:40.495] VoxelMesh: Chunk X=0 Y=0 Z=0 FlatVerts=0 SlopeVerts=0
[+00:21:40.496] VoxelChunk: GenerateAsync (0,2,4)
[+00:21:40.497] VoxelMesh: Chunk X=0 Y=2 Z=4 FlatVerts=0 SlopeVerts=0
[+00:21:40.601] VoxelMesh: Chunk X=0 Y=0 Z=0 FlatVerts=0 SlopeVerts=0
[+00:21:40.602] VoxelChunk: GenerateAsync (1,2,4)
[+00:21:40.603] VoxelMesh: Chunk X=1 Y=2 Z=4 FlatVerts=0 SlopeVerts=0
[+00:21:40.709] VoxelMesh: Chunk X=0 Y=0 Z=0 FlatVerts=0 SlopeVerts=0
[+00:21:40.709] VoxelChunk: GenerateAsync (2,2,4)
[+00:21:40.709] VoxelMesh: Chunk X=2 Y=2 Z=4 FlatVerts=0 SlopeVerts=3366
[+00:21:40.809] VoxelMesh: Chunk X=0 Y=0 Z=0 FlatVerts=0 SlopeVerts=0
[+00:21:40.809] VoxelChunk: GenerateAsync (3,2,4)
[+00:21:40.809] VoxelMesh: Chunk X=3 Y=2 Z=4 FlatVerts=372 SlopeVerts=3042
[+00:21:40.908] VoxelMesh: Chunk X=0 Y=0 Z=0 FlatVerts=0 SlopeVerts=0
[+00:21:40.908] VoxelChunk: GenerateAsync (-3,3,4)
[+00:21:40.911] VoxelMesh: Chunk X=-3 Y=3 Z=4 FlatVerts=6 SlopeVerts=1002
[+00:21:41.015] VoxelMesh: Chunk X=0 Y=0 Z=0 FlatVerts=0 SlopeVerts=0
[+00:21:41.016] VoxelChunk: GenerateAsync (-2,3,4)
[+00:21:41.017] VoxelMesh: Chunk X=-2 Y=3 Z=4 FlatVerts=0 SlopeVerts=0
[+00:21:41.121] VoxelMesh: Chunk X=0 Y=0 Z=0 FlatVerts=0 SlopeVerts=0
[+00:21:41.121] VoxelChunk: GenerateAsync (-1,3,4)
[+00:21:41.123] VoxelMesh: Chunk X=-1 Y=3 Z=4 FlatVerts=0 SlopeVerts=0
[+00:21:41.226] VoxelMesh: Chunk X=0 Y=0 Z=0 FlatVerts=0 SlopeVerts=0
[+00:21:41.226] VoxelChunk: GenerateAsync (0,3,4)
[+00:21:41.227] VoxelMesh: Chunk X=0 Y=3 Z=4 FlatVerts=0 SlopeVerts=0
[+00:21:41.332] VoxelMesh: Chunk X=0 Y=0 Z=0 FlatVerts=0 SlopeVerts=0
[+00:21:41.332] VoxelChunk: GenerateAsync (1,3,4)
[+00:21:41.334] VoxelMesh: Chunk X=1 Y=3 Z=4 FlatVerts=0 SlopeVerts=6
[+00:21:41.438] VoxelMesh: Chunk X=0 Y=0 Z=0 FlatVerts=0 SlopeVerts=0
[+00:21:41.438] VoxelChunk: GenerateAsync (2,3,4)
[+00:21:41.439] VoxelMesh: Chunk X=2 Y=3 Z=4 FlatVerts=0 SlopeVerts=3132
[+00:21:41.546] VoxelMesh: Chunk X=0 Y=0 Z=0 FlatVerts=0 SlopeVerts=0
[+00:21:41.546] VoxelChunk: GenerateAsync (3,3,4)
[+00:21:41.546] VoxelWorld: Editor generation complete, 441 chunks.
[+00:21:41.548] VoxelMesh: Chunk X=3 Y=3 Z=4 FlatVerts=0 SlopeVerts=648
