=== FIRSTVOXEL SESSION [2026.03.17-00.33.32] ===
[+00:33:32.048] FirstVoxel module started.
[+00:33:39.544] VoxelWorld: GenerateWorldDeferred started.
[+00:33:39.545] VoxelWorld: Queued 441 chunks.
[+00:33:39.647] VoxelMesh: Chunk X=0 Y=0 Z=0 FlatVerts=5988 SlopeVerts=10380
[+00:33:39.661] VoxelChunk: GenerateAsync (0,0,0)
[+00:33:39.662] VoxelMesh: Chunk X=0 Y=0 Z=0 FlatVerts=144 SlopeVerts=186
[+00:33:39.753] VoxelMesh: Chunk X=0 Y=0 Z=0 FlatVerts=3600 SlopeVerts=13752
[+00:33:39.769] VoxelChunk: GenerateAsync (1,0,0)
[+00:33:39.769] VoxelMesh: Chunk X=1 Y=0 Z=0 FlatVerts=2520 SlopeVerts=186
[+00:33:39.856] VoxelMesh: Chunk X=0 Y=0 Z=0 FlatVerts=1542 SlopeVerts=1056
[+00:33:39.859] VoxelChunk: GenerateAsync (0,-1,-1)
[+00:33:39.961] VoxelMesh: Chunk X=0 Y=0 Z=0 FlatVerts=216 SlopeVerts=198
[+00:33:39.961] VoxelChunk: GenerateAsync (1,-1,-1)
[+00:33:40.061] VoxelMesh: Chunk X=0 Y=0 Z=0 FlatVerts=4986 SlopeVerts=1782
[+00:33:40.068] VoxelChunk: GenerateAsync (-1,-1,-1)
[+00:33:40.171] VoxelMesh: Chunk X=0 Y=0 Z=0 FlatVerts=9000 SlopeVerts=2988
[+00:33:40.184] VoxelChunk: GenerateAsync (-1,0,0)
[+00:33:40.271] VoxelMesh: Chunk X=0 Y=0 Z=0 FlatVerts=8106 SlopeVerts=6360
[+00:33:40.284] VoxelChunk: GenerateAsync (1,1,0)
[+00:33:40.285] VoxelMesh: Chunk X=1 Y=1 Z=0 FlatVerts=2514 SlopeVerts=0
[+00:33:40.372] VoxelMesh: Chunk X=0 Y=0 Z=0 FlatVerts=900 SlopeVerts=11538
[+00:33:40.380] VoxelChunk: GenerateAsync (1,-1,0)
[+00:33:40.380] VoxelMesh: Chunk X=1 Y=-1 Z=0 FlatVerts=162 SlopeVerts=78
[+00:33:40.474] VoxelMesh: Chunk X=0 Y=0 Z=0 FlatVerts=0 SlopeVerts=0
[+00:33:40.474] VoxelChunk: GenerateAsync (-1,1,1)
[+00:33:40.476] VoxelMesh: Chunk X=-1 Y=1 Z=1 FlatVerts=24 SlopeVerts=3126
[+00:33:40.577] VoxelMesh: Chunk X=0 Y=0 Z=0 FlatVerts=9804 SlopeVerts=2352
[+00:33:40.590] VoxelChunk: GenerateAsync (0,1,0)
[+00:33:40.591] VoxelMesh: Chunk X=0 Y=1 Z=0 FlatVerts=1800 SlopeVerts=342
[+00:33:40.683] VoxelMesh: Chunk X=0 Y=0 Z=0 FlatVerts=9684 SlopeVerts=744
[+00:33:40.697] VoxelChunk: GenerateAsync (0,1,-1)
[+00:33:40.790] VoxelMesh: Chunk X=0 Y=0 Z=0 FlatVerts=6012 SlopeVerts=9192
[+00:33:40.803] VoxelChunk: GenerateAsync (-1,-1,0)
[+00:33:40.896] VoxelMesh: Chunk X=0 Y=0 Z=0 FlatVerts=8946 SlopeVerts=966
[+00:33:40.907] VoxelChunk: GenerateAsync (-1,0,-1)
[+00:33:41.003] VoxelMesh: Chunk X=0 Y=0 Z=0 FlatVerts=1608 SlopeVerts=20934
[+00:33:41.019] VoxelChunk: GenerateAsync (1,0,1)
[+00:33:41.021] VoxelMesh: Chunk X=1 Y=0 Z=1 FlatVerts=138 SlopeVerts=186
[+00:33:41.107] VoxelMesh: Chunk X=0 Y=0 Z=0 FlatVerts=648 SlopeVerts=25830
[+00:33:41.125] VoxelChunk: GenerateAsync (1,-1,1)
[+00:33:41.126] VoxelMesh: Chunk X=1 Y=-1 Z=1 FlatVerts=1296 SlopeVerts=2562
[+00:33:41.205] VoxelMesh: Chunk X=0 Y=0 Z=0 FlatVerts=10458 SlopeVerts=30
[+00:33:41.219] VoxelChunk: GenerateAsync (-1,1,0)
[+00:33:41.219] VoxelMesh: Chunk X=-1 Y=1 Z=0 FlatVerts=156 SlopeVerts=288
[+00:33:41.314] VoxelMesh: Chunk X=0 Y=0 Z=0 FlatVerts=2346 SlopeVerts=13626
[+00:33:41.326] VoxelChunk: GenerateAsync (0,-1,0)
[+00:33:41.417] VoxelMesh: Chunk X=0 Y=0 Z=0 FlatVerts=10458 SlopeVerts=30
[+00:33:41.430] VoxelChunk: GenerateAsync (-1,1,-1)
[+00:33:41.524] VoxelMesh: Chunk X=0 Y=0 Z=0 FlatVerts=5532 SlopeVerts=1776
[+00:33:41.532] VoxelChunk: GenerateAsync (0,0,-1)
[+00:33:41.632] VoxelMesh: Chunk X=0 Y=0 Z=0 FlatVerts=7176 SlopeVerts=1398
[+00:33:41.641] VoxelChunk: GenerateAsync (1,1,-1)
[+00:33:41.749] VoxelMesh: Chunk X=0 Y=0 Z=0 FlatVerts=2016 SlopeVerts=1272
[+00:33:41.753] VoxelChunk: GenerateAsync (1,0,-1)
[+00:33:41.846] VoxelMesh: Chunk X=0 Y=0 Z=0 FlatVerts=990 SlopeVerts=5526
[+00:33:41.851] VoxelChunk: GenerateAsync (1,1,1)
[+00:33:41.852] VoxelMesh: Chunk X=1 Y=1 Z=1 FlatVerts=0 SlopeVerts=0
[+00:33:41.945] VoxelMesh: Chunk X=0 Y=0 Z=0 FlatVerts=144 SlopeVerts=1698
[+00:33:41.947] VoxelChunk: GenerateAsync (0,1,1)
[+00:33:41.948] VoxelMesh: Chunk X=0 Y=1 Z=1 FlatVerts=222 SlopeVerts=600
[+00:33:42.052] VoxelMesh: Chunk X=0 Y=0 Z=0 FlatVerts=456 SlopeVerts=10890
[+00:33:42.060] VoxelChunk: GenerateAsync (0,0,1)
[+00:33:42.061] VoxelMesh: Chunk X=0 Y=0 Z=1 FlatVerts=690 SlopeVerts=3612
[+00:33:42.158] VoxelMesh: Chunk X=0 Y=0 Z=0 FlatVerts=54 SlopeVerts=2202
[+00:33:42.160] VoxelChunk: GenerateAsync (-1,0,1)
[+00:33:42.160] VoxelMesh: Chunk X=-1 Y=0 Z=1 FlatVerts=0 SlopeVerts=84
[+00:33:42.260] VoxelMesh: Chunk X=0 Y=0 Z=0 FlatVerts=792 SlopeVerts=22050
[+00:33:42.277] VoxelChunk: GenerateAsync (0,-1,1)
[+00:33:42.278] VoxelMesh: Chunk X=0 Y=-1 Z=1 FlatVerts=36 SlopeVerts=2394
[+00:33:42.368] VoxelMesh: Chunk X=0 Y=0 Z=0 FlatVerts=1050 SlopeVerts=10668
[+00:33:42.376] VoxelChunk: GenerateAsync (-1,-1,1)
[+00:33:42.472] VoxelMesh: Chunk X=0 Y=0 Z=0 FlatVerts=6 SlopeVerts=15186
[+00:33:42.482] VoxelChunk: GenerateAsync (0,-1,2)
[+00:33:42.483] VoxelMesh: Chunk X=0 Y=-1 Z=2 FlatVerts=396 SlopeVerts=3870
[+00:33:42.572] VoxelMesh: Chunk X=0 Y=0 Z=0 FlatVerts=6 SlopeVerts=3168
[+00:33:42.575] VoxelChunk: GenerateAsync (-1,-1,2)
[+00:33:42.576] VoxelMesh: Chunk X=-1 Y=-1 Z=2 FlatVerts=90 SlopeVerts=1290
[+00:33:42.675] VoxelChunk: GenerateAsync (-2,1,2)
[+00:33:42.676] VoxelMesh: Chunk X=-2 Y=1 Z=2 FlatVerts=30 SlopeVerts=1884
[+00:33:42.778] VoxelChunk: GenerateAsync (-2,-1,2)
[+00:33:42.779] VoxelMesh: Chunk X=-2 Y=-1 Z=2 FlatVerts=228 SlopeVerts=3066
[+00:33:42.885] VoxelMesh: Chunk X=0 Y=0 Z=0 FlatVerts=78 SlopeVerts=26964
[+00:33:42.905] VoxelChunk: GenerateAsync (2,-2,2)
[+00:33:42.907] VoxelMesh: Chunk X=2 Y=-2 Z=2 FlatVerts=0 SlopeVerts=3708
[+00:33:42.992] VoxelMesh: Chunk X=0 Y=0 Z=0 FlatVerts=270 SlopeVerts=19878
[+00:33:43.006] VoxelChunk: GenerateAsync (2,0,2)
[+00:33:43.102] VoxelMesh: Chunk X=0 Y=0 Z=0 FlatVerts=252 SlopeVerts=2622
[+00:33:43.105] VoxelChunk: GenerateAsync (2,1,2)
[+00:33:43.106] VoxelMesh: Chunk X=2 Y=1 Z=2 FlatVerts=0 SlopeVerts=1722
[+00:33:43.203] VoxelMesh: Chunk X=0 Y=0 Z=0 FlatVerts=18 SlopeVerts=25110
[+00:33:43.221] VoxelChunk: GenerateAsync (1,-2,2)
[+00:33:43.223] VoxelMesh: Chunk X=1 Y=-2 Z=2 FlatVerts=168 SlopeVerts=3192
[+00:33:43.307] VoxelMesh: Chunk X=0 Y=0 Z=0 FlatVerts=36 SlopeVerts=26892
[+00:33:43.325] VoxelChunk: GenerateAsync (0,-2,2)
[+00:33:43.326] VoxelMesh: Chunk X=0 Y=-2 Z=2 FlatVerts=96 SlopeVerts=2862
[+00:33:43.411] VoxelMesh: Chunk X=0 Y=0 Z=0 FlatVerts=0 SlopeVerts=0
[+00:33:43.411] VoxelChunk: GenerateAsync (-2,1,1)
[+00:33:43.412] VoxelMesh: Chunk X=-2 Y=1 Z=1 FlatVerts=0 SlopeVerts=0
[+00:33:43.517] VoxelMesh: Chunk X=0 Y=0 Z=0 FlatVerts=1734 SlopeVerts=24420
[+00:33:43.537] VoxelChunk: GenerateAsync (2,0,1)
[+00:33:43.539] VoxelMesh: Chunk X=2 Y=0 Z=1 FlatVerts=0 SlopeVerts=0
[+00:33:43.620] VoxelMesh: Chunk X=0 Y=0 Z=0 FlatVerts=0 SlopeVerts=10548
[+00:33:43.627] VoxelChunk: GenerateAsync (1,0,2)
[+00:33:43.735] VoxelMesh: Chunk X=0 Y=0 Z=0 FlatVerts=48 SlopeVerts=16800
[+00:33:43.753] VoxelChunk: GenerateAsync (-1,-2,2)
[+00:33:43.754] VoxelMesh: Chunk X=-1 Y=-2 Z=2 FlatVerts=198 SlopeVerts=5190
[+00:33:43.835] VoxelMesh: Chunk X=0 Y=0 Z=0 FlatVerts=18 SlopeVerts=4860
[+00:33:43.840] VoxelChunk: GenerateAsync (-2,-2,2)
[+00:33:43.841] VoxelMesh: Chunk X=-2 Y=-2 Z=2 FlatVerts=0 SlopeVerts=2358
[+00:33:43.935] VoxelMesh: Chunk X=0 Y=0 Z=0 FlatVerts=0 SlopeVerts=0
[+00:33:43.936] VoxelChunk: GenerateAsync (-2,0,1)
[+00:33:44.040] VoxelMesh: Chunk X=0 Y=0 Z=0 FlatVerts=636 SlopeVerts=23916
[+00:33:44.057] VoxelChunk: GenerateAsync (2,-1,1)
[+00:33:44.059] VoxelMesh: Chunk X=2 Y=-1 Z=1 FlatVerts=108 SlopeVerts=1128
[+00:33:44.142] VoxelMesh: Chunk X=0 Y=0 Z=0 FlatVerts=0 SlopeVerts=2088
[+00:33:44.144] VoxelChunk: GenerateAsync (0,0,2)
[+00:33:44.145] VoxelMesh: Chunk X=0 Y=0 Z=2 FlatVerts=0 SlopeVerts=930
[+00:33:44.245] VoxelMesh: Chunk X=0 Y=0 Z=0 FlatVerts=0 SlopeVerts=384
[+00:33:44.246] VoxelChunk: GenerateAsync (1,1,2)
[+00:33:44.352] VoxelChunk: GenerateAsync (-1,2,2)
[+00:33:44.355] VoxelMesh: Chunk X=-1 Y=2 Z=2 FlatVerts=0 SlopeVerts=114
[+00:33:44.455] VoxelMesh: Chunk X=0 Y=0 Z=0 FlatVerts=588 SlopeVerts=1656
[+00:33:44.457] VoxelChunk: GenerateAsync (-2,-1,1)
[+00:33:44.458] VoxelMesh: Chunk X=-2 Y=-1 Z=1 FlatVerts=0 SlopeVerts=12
[+00:33:44.557] VoxelMesh: Chunk X=0 Y=0 Z=0 FlatVerts=126 SlopeVerts=13938
[+00:33:44.568] VoxelChunk: GenerateAsync (2,-2,1)
[+00:33:44.569] VoxelMesh: Chunk X=2 Y=-2 Z=1 FlatVerts=228 SlopeVerts=2976
[+00:33:44.660] VoxelMesh: Chunk X=0 Y=0 Z=0 FlatVerts=5688 SlopeVerts=6942
[+00:33:44.673] VoxelChunk: GenerateAsync (2,2,1)
[+00:33:44.674] VoxelMesh: Chunk X=2 Y=2 Z=1 FlatVerts=0 SlopeVerts=672
[+00:33:44.763] VoxelMesh: Chunk X=0 Y=0 Z=0 FlatVerts=1248 SlopeVerts=3060
[+00:33:44.767] VoxelChunk: GenerateAsync (1,2,1)
[+00:33:44.768] VoxelMesh: Chunk X=1 Y=2 Z=1 FlatVerts=132 SlopeVerts=2706
[+00:33:44.864] VoxelMesh: Chunk X=0 Y=0 Z=0 FlatVerts=0 SlopeVerts=72
[+00:33:44.864] VoxelChunk: GenerateAsync (-1,0,2)
[+00:33:44.865] VoxelMesh: Chunk X=-1 Y=0 Z=2 FlatVerts=42 SlopeVerts=2886
[+00:33:44.967] VoxelMesh: Chunk X=0 Y=0 Z=0 FlatVerts=6 SlopeVerts=420
[+00:33:44.969] VoxelChunk: GenerateAsync (0,2,1)
[+00:33:44.971] VoxelMesh: Chunk X=0 Y=2 Z=1 FlatVerts=1284 SlopeVerts=0
[+00:33:45.078] VoxelChunk: GenerateAsync (-1,2,1)
[+00:33:45.080] VoxelMesh: Chunk X=-1 Y=2 Z=1 FlatVerts=798 SlopeVerts=1314
[+00:33:45.182] VoxelChunk: GenerateAsync (-2,0,2)
[+00:33:45.183] VoxelMesh: Chunk X=-2 Y=0 Z=2 FlatVerts=108 SlopeVerts=2688
[+00:33:45.283] VoxelChunk: GenerateAsync (0,1,2)
[+00:33:45.284] VoxelMesh: Chunk X=0 Y=1 Z=2 FlatVerts=0 SlopeVerts=0
[+00:33:45.385] VoxelMesh: Chunk X=0 Y=0 Z=0 FlatVerts=1890 SlopeVerts=1116
[+00:33:45.389] VoxelChunk: GenerateAsync (2,2,2)
[+00:33:45.389] VoxelMesh: Chunk X=2 Y=2 Z=2 FlatVerts=0 SlopeVerts=1560
[+00:33:45.489] VoxelMesh: Chunk X=0 Y=0 Z=0 FlatVerts=204 SlopeVerts=30936
[+00:33:45.512] VoxelChunk: GenerateAsync (2,-1,2)
[+00:33:45.590] VoxelMesh: Chunk X=0 Y=0 Z=0 FlatVerts=0 SlopeVerts=25512
[+00:33:45.609] VoxelChunk: GenerateAsync (1,-1,2)
[+00:33:45.610] VoxelMesh: Chunk X=1 Y=-1 Z=2 FlatVerts=24 SlopeVerts=306
[+00:33:45.692] VoxelChunk: GenerateAsync (-1,1,2)
[+00:33:45.693] VoxelMesh: Chunk X=-1 Y=1 Z=2 FlatVerts=78 SlopeVerts=4032
[+00:33:45.794] VoxelChunk: GenerateAsync (-2,2,2)
[+00:33:45.795] VoxelMesh: Chunk X=-2 Y=2 Z=2 FlatVerts=0 SlopeVerts=2952
[+00:33:45.895] VoxelChunk: GenerateAsync (0,2,2)
[+00:33:45.996] VoxelMesh: Chunk X=0 Y=0 Z=0 FlatVerts=0 SlopeVerts=6
[+00:33:45.996] VoxelChunk: GenerateAsync (1,2,2)
[+00:33:45.997] VoxelMesh: Chunk X=1 Y=2 Z=2 FlatVerts=0 SlopeVerts=1494
[+00:33:46.101] VoxelMesh: Chunk X=0 Y=0 Z=0 FlatVerts=60 SlopeVerts=936
[+00:33:46.101] VoxelChunk: GenerateAsync (-2,2,1)
[+00:33:46.103] VoxelMesh: Chunk X=-2 Y=2 Z=1 FlatVerts=0 SlopeVerts=1926
[+00:33:46.203] VoxelMesh: Chunk X=0 Y=0 Z=0 FlatVerts=2706 SlopeVerts=12882
[+00:33:46.215] VoxelChunk: GenerateAsync (2,1,1)
[+00:33:46.216] VoxelMesh: Chunk X=2 Y=1 Z=1 FlatVerts=0 SlopeVerts=2442
[+00:33:46.308] VoxelChunk: GenerateAsync (-1,1,-2)
[+00:33:46.416] VoxelChunk: GenerateAsync (2,-2,-1)
[+00:33:46.515] VoxelMesh: Chunk X=0 Y=0 Z=0 FlatVerts=10176 SlopeVerts=4224
[+00:33:46.531] VoxelChunk: GenerateAsync (1,2,0)
[+00:33:46.532] VoxelMesh: Chunk X=1 Y=2 Z=0 FlatVerts=1662 SlopeVerts=294
[+00:33:46.623] VoxelMesh: Chunk X=0 Y=0 Z=0 FlatVerts=10800 SlopeVerts=684
[+00:33:46.636] VoxelChunk: GenerateAsync (0,2,0)
[+00:33:46.636] VoxelMesh: Chunk X=0 Y=2 Z=0 FlatVerts=1668 SlopeVerts=0
[+00:33:46.728] VoxelMesh: Chunk X=0 Y=0 Z=0 FlatVerts=498 SlopeVerts=6768
[+00:33:46.733] VoxelChunk: GenerateAsync (2,-1,0)
[+00:33:46.734] VoxelMesh: Chunk X=2 Y=-1 Z=0 FlatVerts=1674 SlopeVerts=546
[+00:33:46.833] VoxelChunk: GenerateAsync (-1,0,-2)
[+00:33:46.938] VoxelMesh: Chunk X=0 Y=0 Z=0 FlatVerts=540 SlopeVerts=17862
[+00:33:46.952] VoxelChunk: GenerateAsync (0,-2,1)
[+00:33:47.041] VoxelMesh: Chunk X=0 Y=0 Z=0 FlatVerts=1092 SlopeVerts=864
[+00:33:47.043] VoxelChunk: GenerateAsync (-1,-2,-1)
[+00:33:47.148] VoxelMesh: Chunk X=0 Y=0 Z=0 FlatVerts=10326 SlopeVerts=6
[+00:33:47.160] VoxelChunk: GenerateAsync (-2,1,-1)
[+00:33:47.249] VoxelChunk: GenerateAsync (-1,2,-2)
[+00:33:47.354] VoxelMesh: Chunk X=0 Y=0 Z=0 FlatVerts=1872 SlopeVerts=11652
[+00:33:47.363] VoxelChunk: GenerateAsync (2,0,0)
[+00:33:47.365] VoxelMesh: Chunk X=2 Y=0 Z=0 FlatVerts=2574 SlopeVerts=12
[+00:33:47.455] VoxelChunk: GenerateAsync (-2,-1,-2)
[+00:33:47.560] VoxelMesh: Chunk X=0 Y=0 Z=0 FlatVerts=6 SlopeVerts=24
[+00:33:47.560] VoxelChunk: GenerateAsync (0,-2,-1)
[+00:33:47.669] VoxelChunk: GenerateAsync (2,-1,-2)
[+00:33:47.770] VoxelChunk: GenerateAsync (-2,2,-2)
[+00:33:47.871] VoxelMesh: Chunk X=0 Y=0 Z=0 FlatVerts=4062 SlopeVerts=1368
[+00:33:47.877] VoxelChunk: GenerateAsync (2,2,-1)
[+00:33:47.975] VoxelMesh: Chunk X=0 Y=0 Z=0 FlatVerts=4950 SlopeVerts=10152
[+00:33:47.988] VoxelChunk: GenerateAsync (-2,-2,0)
[+00:33:48.076] VoxelMesh: Chunk X=0 Y=0 Z=0 FlatVerts=10050 SlopeVerts=48
[+00:33:48.088] VoxelChunk: GenerateAsync (-2,0,0)
[+00:33:48.178] VoxelMesh: Chunk X=0 Y=0 Z=0 FlatVerts=5910 SlopeVerts=12258
[+00:33:48.195] VoxelChunk: GenerateAsync (2,1,0)
[+00:33:48.196] VoxelMesh: Chunk X=2 Y=1 Z=0 FlatVerts=1908 SlopeVerts=528
[+00:33:48.285] VoxelChunk: GenerateAsync (0,2,-2)
[+00:33:48.391] VoxelChunk: GenerateAsync (-1,-1,-2)
[+00:33:48.495] VoxelMesh: Chunk X=0 Y=0 Z=0 FlatVerts=3486 SlopeVerts=2028
[+00:33:48.502] VoxelChunk: GenerateAsync (2,1,-1)
[+00:33:48.594] VoxelChunk: GenerateAsync (1,-2,-1)
[+00:33:48.699] VoxelChunk: GenerateAsync (0,-1,-2)
[+00:33:48.804] VoxelMesh: Chunk X=0 Y=0 Z=0 FlatVerts=10050 SlopeVerts=48
[+00:33:48.816] VoxelChunk: GenerateAsync (-2,0,-1)
[+00:33:48.908] VoxelChunk: GenerateAsync (-1,-2,-2)
[+00:33:49.011] VoxelChunk: GenerateAsync (0,0,-2)
[+00:33:49.117] VoxelChunk: GenerateAsync (2,0,-2)
[+00:33:49.221] VoxelChunk: GenerateAsync (-2,1,-2)
[+00:33:49.324] VoxelMesh: Chunk X=0 Y=0 Z=0 FlatVerts=10242 SlopeVerts=0
[+00:33:49.331] VoxelChunk: GenerateAsync (-1,2,0)
[+00:33:49.332] VoxelMesh: Chunk X=-1 Y=2 Z=0 FlatVerts=1572 SlopeVerts=528
[+00:33:49.431] VoxelMesh: Chunk X=0 Y=0 Z=0 FlatVerts=2334 SlopeVerts=10620
[+00:33:49.441] VoxelChunk: GenerateAsync (-1,-2,0)
[+00:33:49.536] VoxelChunk: GenerateAsync (2,2,-2)
[+00:33:49.640] VoxelMesh: Chunk X=0 Y=0 Z=0 FlatVerts=72 SlopeVerts=10464
[+00:33:49.646] VoxelChunk: GenerateAsync (1,-2,1)
[+00:33:49.648] VoxelMesh: Chunk X=1 Y=-2 Z=1 FlatVerts=42 SlopeVerts=1656
[+00:33:49.751] VoxelChunk: GenerateAsync (-2,-2,-2)
[+00:33:49.855] VoxelMesh: Chunk X=0 Y=0 Z=0 FlatVerts=9300 SlopeVerts=1902
[+00:33:49.868] VoxelChunk: GenerateAsync (-2,2,0)
[+00:33:49.870] VoxelMesh: Chunk X=-2 Y=2 Z=0 FlatVerts=0 SlopeVerts=96
[+00:33:49.967] VoxelChunk: GenerateAsync (2,-2,-2)
[+00:33:50.072] VoxelChunk: GenerateAsync (1,2,-2)
[+00:33:50.177] VoxelChunk: GenerateAsync (1,-2,-2)
[+00:33:50.281] VoxelMesh: Chunk X=0 Y=0 Z=0 FlatVerts=8010 SlopeVerts=7500
[+00:33:50.296] VoxelChunk: GenerateAsync (2,2,0)
[+00:33:50.298] VoxelMesh: Chunk X=2 Y=2 Z=0 FlatVerts=30 SlopeVerts=12
[+00:33:50.384] VoxelMesh: Chunk X=0 Y=0 Z=0 FlatVerts=3522 SlopeVerts=1254
[+00:33:50.391] VoxelChunk: GenerateAsync (-2,-2,-1)
[+00:33:50.487] VoxelChunk: GenerateAsync (0,-2,-2)
[+00:33:50.590] VoxelMesh: Chunk X=0 Y=0 Z=0 FlatVerts=10242 SlopeVerts=0
[+00:33:50.598] VoxelChunk: GenerateAsync (-1,2,-1)
[+00:33:50.694] VoxelMesh: Chunk X=0 Y=0 Z=0 FlatVerts=1434 SlopeVerts=13392
[+00:33:50.705] VoxelChunk: GenerateAsync (-2,-2,1)
[+00:33:50.706] VoxelMesh: Chunk X=-2 Y=-2 Z=1 FlatVerts=0 SlopeVerts=582
[+00:33:50.793] VoxelMesh: Chunk X=0 Y=0 Z=0 FlatVerts=8022 SlopeVerts=1158
[+00:33:50.803] VoxelChunk: GenerateAsync (-2,-1,-1)
[+00:33:50.902] VoxelChunk: GenerateAsync (1,-1,-2)
[+00:33:51.002] VoxelMesh: Chunk X=0 Y=0 Z=0 FlatVerts=36 SlopeVerts=60
[+00:33:51.003] VoxelChunk: GenerateAsync (2,-1,-1)
[+00:33:51.107] VoxelMesh: Chunk X=0 Y=0 Z=0 FlatVerts=8928 SlopeVerts=1170
[+00:33:51.119] VoxelChunk: GenerateAsync (1,2,-1)
[+00:33:51.211] VoxelMesh: Chunk X=0 Y=0 Z=0 FlatVerts=1302 SlopeVerts=20784
[+00:33:51.228] VoxelChunk: GenerateAsync (-1,-2,1)
[+00:33:51.229] VoxelMesh: Chunk X=-1 Y=-2 Z=1 FlatVerts=18 SlopeVerts=180
[+00:33:51.311] VoxelMesh: Chunk X=0 Y=0 Z=0 FlatVerts=420 SlopeVerts=1302
[+00:33:51.313] VoxelChunk: GenerateAsync (2,0,-1)
[+00:33:51.410] VoxelChunk: GenerateAsync (-2,0,-2)
[+00:33:51.516] VoxelChunk: GenerateAsync (1,0,-2)
[+00:33:51.622] VoxelMesh: Chunk X=0 Y=0 Z=0 FlatVerts=72 SlopeVerts=4392
[+00:33:51.626] VoxelChunk: GenerateAsync (2,-2,0)
[+00:33:51.626] VoxelMesh: Chunk X=2 Y=-2 Z=0 FlatVerts=0 SlopeVerts=180
[+00:33:51.719] VoxelMesh: Chunk X=0 Y=0 Z=0 FlatVerts=9264 SlopeVerts=1062
[+00:33:51.731] VoxelChunk: GenerateAsync (-2,2,-1)
[+00:33:51.827] VoxelMesh: Chunk X=0 Y=0 Z=0 FlatVerts=10794 SlopeVerts=264
[+00:33:51.841] VoxelChunk: GenerateAsync (0,2,-1)
[+00:33:51.929] VoxelMesh: Chunk X=0 Y=0 Z=0 FlatVerts=10326 SlopeVerts=6
[+00:33:51.941] VoxelChunk: GenerateAsync (-2,1,0)
[+00:33:52.029] VoxelChunk: GenerateAsync (0,1,-2)
[+00:33:52.133] VoxelChunk: GenerateAsync (1,1,-2)
[+00:33:52.237] VoxelChunk: GenerateAsync (2,1,-2)
[+00:33:52.341] VoxelMesh: Chunk X=0 Y=0 Z=0 FlatVerts=510 SlopeVerts=6546
[+00:33:52.346] VoxelChunk: GenerateAsync (0,-2,0)
[+00:33:52.444] VoxelMesh: Chunk X=0 Y=0 Z=0 FlatVerts=72 SlopeVerts=3486
[+00:33:52.446] VoxelChunk: GenerateAsync (1,-2,0)
[+00:33:52.551] VoxelMesh: Chunk X=0 Y=0 Z=0 FlatVerts=8580 SlopeVerts=2688
[+00:33:52.564] VoxelChunk: GenerateAsync (-2,-1,0)
[+00:33:52.654] VoxelChunk: GenerateAsync (-2,-3,-2)
[+00:33:52.753] VoxelChunk: GenerateAsync (-3,2,-2)
[+00:33:52.860] VoxelMesh: Chunk X=0 Y=0 Z=0 FlatVerts=0 SlopeVerts=672
[+00:33:52.861] VoxelChunk: GenerateAsync (3,-3,0)
[+00:33:52.967] VoxelChunk: GenerateAsync (-1,-3,-2)
[+00:33:53.073] VoxelChunk: GenerateAsync (3,1,-3)
[+00:33:53.179] VoxelChunk: GenerateAsync (3,3,3)
[+00:33:53.180] VoxelMesh: Chunk X=3 Y=3 Z=3 FlatVerts=78 SlopeVerts=2490
[+00:33:53.285] VoxelChunk: GenerateAsync (3,1,-2)
[+00:33:53.391] VoxelMesh: Chunk X=0 Y=0 Z=0 FlatVerts=5904 SlopeVerts=10278
[+00:33:53.405] VoxelChunk: GenerateAsync (-3,-2,0)
[+00:33:53.498] VoxelChunk: GenerateAsync (0,-3,-2)
[+00:33:53.603] VoxelMesh: Chunk X=0 Y=0 Z=0 FlatVerts=8664 SlopeVerts=2394
[+00:33:53.615] VoxelChunk: GenerateAsync (-3,-1,0)
[+00:33:53.707] VoxelChunk: GenerateAsync (1,-3,-2)
[+00:33:53.815] VoxelChunk: GenerateAsync (-3,2,-3)
[+00:33:53.922] VoxelChunk: GenerateAsync (2,0,-3)
[+00:33:54.029] VoxelChunk: GenerateAsync (3,2,-2)
[+00:33:54.134] VoxelChunk: GenerateAsync (-3,3,-2)
[+00:33:54.241] VoxelChunk: GenerateAsync (2,-3,-2)
[+00:33:54.345] VoxelChunk: GenerateAsync (-2,3,-2)
[+00:33:54.449] VoxelChunk: GenerateAsync (-1,3,-2)
[+00:33:54.556] VoxelChunk: GenerateAsync (3,-3,-2)
[+00:33:54.662] VoxelChunk: GenerateAsync (-2,2,-3)
[+00:33:54.767] VoxelChunk: GenerateAsync (0,3,-2)
[+00:33:54.873] VoxelChunk: GenerateAsync (1,3,-2)
[+00:33:54.976] VoxelChunk: GenerateAsync (-3,-2,-2)
[+00:33:55.083] VoxelChunk: GenerateAsync (2,3,-2)
[+00:33:55.190] VoxelChunk: GenerateAsync (-1,-3,-3)
[+00:33:55.296] VoxelChunk: GenerateAsync (3,3,-2)
[+00:33:55.394] VoxelChunk: GenerateAsync (-1,2,-3)
[+00:33:55.504] VoxelChunk: GenerateAsync (3,0,-3)
[+00:33:55.604] VoxelChunk: GenerateAsync (-2,0,-3)
[+00:33:55.707] VoxelMesh: Chunk X=0 Y=0 Z=0 FlatVerts=1854 SlopeVerts=2880
[+00:33:55.711] VoxelChunk: GenerateAsync (-3,-3,-1)
[+00:33:55.809] VoxelMesh: Chunk X=0 Y=0 Z=0 FlatVerts=7062 SlopeVerts=10188
[+00:33:55.826] VoxelChunk: GenerateAsync (3,1,0)
[+00:33:55.828] VoxelMesh: Chunk X=3 Y=1 Z=0 FlatVerts=18 SlopeVerts=156
[+00:33:55.914] VoxelMesh: Chunk X=0 Y=0 Z=0 FlatVerts=1344 SlopeVerts=1146
[+00:33:55.918] VoxelChunk: GenerateAsync (-2,-3,-1)
[+00:33:56.017] VoxelMesh: Chunk X=0 Y=0 Z=0 FlatVerts=0 SlopeVerts=12
[+00:33:56.017] VoxelChunk: GenerateAsync (-1,-3,-1)
[+00:33:56.123] VoxelChunk: GenerateAsync (1,-1,-3)
[+00:33:56.228] VoxelChunk: GenerateAsync (0,2,-3)
[+00:33:56.336] VoxelChunk: GenerateAsync (2,-3,-1)
[+00:33:56.441] VoxelChunk: GenerateAsync (3,-3,-1)
[+00:33:56.544] VoxelMesh: Chunk X=0 Y=0 Z=0 FlatVerts=4212 SlopeVerts=1326
[+00:33:56.551] VoxelChunk: GenerateAsync (-3,-2,-1)
[+00:33:56.650] VoxelChunk: GenerateAsync (1,2,-3)
[+00:33:56.756] VoxelChunk: GenerateAsync (-3,1,-3)
[+00:33:56.864] VoxelChunk: GenerateAsync (3,-2,-2)
[+00:33:56.967] VoxelChunk: GenerateAsync (-3,-1,-2)
[+00:33:57.073] VoxelChunk: GenerateAsync (2,2,-3)
[+00:33:57.180] VoxelChunk: GenerateAsync (0,-1,-3)
[+00:33:57.284] VoxelMesh: Chunk X=0 Y=0 Z=0 FlatVerts=8388 SlopeVerts=1044
[+00:33:57.295] VoxelChunk: GenerateAsync (-3,-1,-1)
[+00:33:57.396] VoxelChunk: GenerateAsync (3,2,-3)
[+00:33:57.503] VoxelChunk: GenerateAsync (-2,1,-3)
[+00:33:57.610] VoxelChunk: GenerateAsync (-1,0,-3)
[+00:33:57.714] VoxelChunk: GenerateAsync (3,-1,-3)
[+00:33:57.820] VoxelChunk: GenerateAsync (-2,-1,-3)
[+00:33:57.921] VoxelChunk: GenerateAsync (-3,-1,-3)
[+00:33:58.022] VoxelChunk: GenerateAsync (3,-2,-3)
[+00:33:58.131] VoxelChunk: GenerateAsync (-3,3,-3)
[+00:33:58.237] VoxelChunk: GenerateAsync (3,-1,-1)
[+00:33:58.334] VoxelMesh: Chunk X=0 Y=0 Z=0 FlatVerts=9894 SlopeVerts=576
[+00:33:58.347] VoxelChunk: GenerateAsync (-3,0,-1)
[+00:33:58.439] VoxelChunk: GenerateAsync (2,-2,-3)
[+00:33:58.548] VoxelChunk: GenerateAsync (3,-1,-2)
[+00:33:58.654] VoxelChunk: GenerateAsync (-2,3,-3)
[+00:33:58.760] VoxelChunk: GenerateAsync (-1,1,-3)
[+00:33:58.866] VoxelChunk: GenerateAsync (1,-2,-3)
[+00:33:58.967] VoxelChunk: GenerateAsync (0,-2,-3)
[+00:33:59.066] VoxelChunk: GenerateAsync (-3,0,-2)
[+00:33:59.172] VoxelMesh: Chunk X=0 Y=0 Z=0 FlatVerts=54 SlopeVerts=888
[+00:33:59.173] VoxelChunk: GenerateAsync (3,0,-1)
[+00:33:59.283] VoxelChunk: GenerateAsync (-1,3,-3)
[+00:33:59.387] VoxelMesh: Chunk X=0 Y=0 Z=0 FlatVerts=8892 SlopeVerts=1518
[+00:33:59.399] VoxelChunk: GenerateAsync (-3,1,-1)
[+00:33:59.496] VoxelChunk: GenerateAsync (-1,-2,-3)
[+00:33:59.596] VoxelChunk: GenerateAsync (-2,-2,-3)
[+00:33:59.703] VoxelChunk: GenerateAsync (0,3,-3)
[+00:33:59.810] VoxelChunk: GenerateAsync (0,1,-3)
[+00:33:59.916] VoxelChunk: GenerateAsync (3,3,-1)
[+00:34:00.023] VoxelChunk: GenerateAsync (0,0,-3)
[+00:34:00.127] VoxelMesh: Chunk X=0 Y=0 Z=0 FlatVerts=2568 SlopeVerts=11586
[+00:34:00.138] VoxelChunk: GenerateAsync (-2,-3,0)
[+00:34:00.235] VoxelMesh: Chunk X=0 Y=0 Z=0 FlatVerts=336 SlopeVerts=5088
[+00:34:00.239] VoxelChunk: GenerateAsync (-1,-3,0)
[+00:34:00.240] VoxelMesh: Chunk X=-1 Y=-3 Z=0 FlatVerts=0 SlopeVerts=66
[+00:34:00.336] VoxelMesh: Chunk X=0 Y=0 Z=0 FlatVerts=48 SlopeVerts=1338
[+00:34:00.338] VoxelChunk: GenerateAsync (0,-3,0)
[+00:34:00.445] VoxelMesh: Chunk X=0 Y=0 Z=0 FlatVerts=36 SlopeVerts=240
[+00:34:00.446] VoxelChunk: GenerateAsync (1,-3,0)
[+00:34:00.552] VoxelMesh: Chunk X=0 Y=0 Z=0 FlatVerts=0 SlopeVerts=672
[+00:34:00.552] VoxelChunk: GenerateAsync (2,-3,0)
[+00:34:00.659] VoxelChunk: GenerateAsync (-3,-2,-3)
[+00:34:00.764] VoxelMesh: Chunk X=0 Y=0 Z=0 FlatVerts=612 SlopeVerts=1350
[+00:34:00.766] VoxelChunk: GenerateAsync (3,1,-1)
[+00:34:00.872] VoxelMesh: Chunk X=0 Y=0 Z=0 FlatVerts=5724 SlopeVerts=2100
[+00:34:00.880] VoxelChunk: GenerateAsync (-3,2,-1)
[+00:34:00.981] VoxelChunk: GenerateAsync (1,3,-3)
[+00:34:01.087] VoxelChunk: GenerateAsync (3,0,-2)
[+00:34:01.185] VoxelChunk: GenerateAsync (-3,1,-2)
[+00:34:01.293] VoxelChunk: GenerateAsync (2,3,-3)
[+00:34:01.403] VoxelMesh: Chunk X=0 Y=0 Z=0 FlatVerts=0 SlopeVerts=2448
[+00:34:01.405] VoxelChunk: GenerateAsync (3,-2,0)
[+00:34:01.406] VoxelMesh: Chunk X=3 Y=-2 Z=0 FlatVerts=0 SlopeVerts=102
[+00:34:01.504] VoxelChunk: GenerateAsync (1,1,-3)
[+00:34:01.610] VoxelMesh: Chunk X=0 Y=0 Z=0 FlatVerts=558 SlopeVerts=462
[+00:34:01.612] VoxelChunk: GenerateAsync (3,2,-1)
[+00:34:01.717] VoxelChunk: GenerateAsync (3,-3,-3)
[+00:34:01.818] VoxelChunk: GenerateAsync (2,-3,-3)
[+00:34:01.927] VoxelChunk: GenerateAsync (1,-3,-3)
[+00:34:02.032] VoxelMesh: Chunk X=0 Y=0 Z=0 FlatVerts=2430 SlopeVerts=1974
[+00:34:02.036] VoxelChunk: GenerateAsync (-3,3,-1)
[+00:34:02.134] VoxelMesh: Chunk X=0 Y=0 Z=0 FlatVerts=42 SlopeVerts=2082
[+00:34:02.135] VoxelChunk: GenerateAsync (3,-1,0)
[+00:34:02.137] VoxelMesh: Chunk X=3 Y=-1 Z=0 FlatVerts=312 SlopeVerts=462
[+00:34:02.233] VoxelMesh: Chunk X=0 Y=0 Z=0 FlatVerts=9894 SlopeVerts=576
[+00:34:02.247] VoxelChunk: GenerateAsync (-3,0,0)
[+00:34:02.334] VoxelMesh: Chunk X=0 Y=0 Z=0 FlatVerts=6078 SlopeVerts=2448
[+00:34:02.343] VoxelChunk: GenerateAsync (-2,3,-1)
[+00:34:02.442] VoxelChunk: GenerateAsync (0,-3,-3)
[+00:34:02.550] VoxelChunk: GenerateAsync (3,3,-3)
[+00:34:02.655] VoxelMesh: Chunk X=0 Y=0 Z=0 FlatVerts=6948 SlopeVerts=1038
[+00:34:02.664] VoxelChunk: GenerateAsync (-1,3,-1)
[+00:34:02.761] VoxelMesh: Chunk X=0 Y=0 Z=0 FlatVerts=6060 SlopeVerts=1098
[+00:34:02.769] VoxelChunk: GenerateAsync (0,3,-1)
[+00:34:02.866] VoxelMesh: Chunk X=0 Y=0 Z=0 FlatVerts=2568 SlopeVerts=7140
[+00:34:02.875] VoxelChunk: GenerateAsync (3,0,0)
[+00:34:02.876] VoxelMesh: Chunk X=3 Y=0 Z=0 FlatVerts=432 SlopeVerts=438
[+00:34:02.972] VoxelMesh: Chunk X=0 Y=0 Z=0 FlatVerts=9288 SlopeVerts=3318
[+00:34:02.986] VoxelChunk: GenerateAsync (-3,1,0)
[+00:34:03.074] VoxelMesh: Chunk X=0 Y=0 Z=0 FlatVerts=3792 SlopeVerts=1224
[+00:34:03.080] VoxelChunk: GenerateAsync (1,3,-1)
[+00:34:03.177] VoxelMesh: Chunk X=0 Y=0 Z=0 FlatVerts=954 SlopeVerts=588
[+00:34:03.179] VoxelChunk: GenerateAsync (2,3,-1)
[+00:34:03.286] VoxelChunk: GenerateAsync (-2,-3,-3)
[+00:34:03.386] VoxelChunk: GenerateAsync (-3,-3,-3)
[+00:34:03.491] VoxelChunk: GenerateAsync (-3,-3,-2)
[+00:34:03.598] VoxelChunk: GenerateAsync (2,1,-3)
[+00:34:03.704] VoxelMesh: Chunk X=0 Y=0 Z=0 FlatVerts=6204 SlopeVerts=7098
[+00:34:03.719] VoxelChunk: GenerateAsync (-3,2,0)
[+00:34:03.810] VoxelChunk: GenerateAsync (1,0,-3)
[+00:34:03.917] VoxelChunk: GenerateAsync (-3,0,-3)
[+00:34:04.019] VoxelChunk: GenerateAsync (2,-1,-3)
[+00:34:04.121] VoxelChunk: GenerateAsync (0,-3,-1)
[+00:34:04.227] VoxelChunk: GenerateAsync (1,-3,-1)
[+00:34:04.329] VoxelChunk: GenerateAsync (-1,-1,-3)
[+00:34:04.433] VoxelMesh: Chunk X=0 Y=0 Z=0 FlatVerts=8154 SlopeVerts=4350
[+00:34:04.446] VoxelChunk: GenerateAsync (3,2,0)
[+00:34:04.534] VoxelMesh: Chunk X=0 Y=0 Z=0 FlatVerts=3906 SlopeVerts=9792
[+00:34:04.546] VoxelChunk: GenerateAsync (-3,3,0)
[+00:34:04.643] VoxelMesh: Chunk X=0 Y=0 Z=0 FlatVerts=7650 SlopeVerts=8016
[+00:34:04.658] VoxelChunk: GenerateAsync (-2,3,0)
[+00:34:04.659] VoxelMesh: Chunk X=-2 Y=3 Z=0 FlatVerts=0 SlopeVerts=0
[+00:34:04.749] VoxelMesh: Chunk X=0 Y=0 Z=0 FlatVerts=8826 SlopeVerts=4620
[+00:34:04.763] VoxelChunk: GenerateAsync (-1,3,0)
[+00:34:04.764] VoxelMesh: Chunk X=-1 Y=3 Z=0 FlatVerts=18 SlopeVerts=24
[+00:34:04.854] VoxelMesh: Chunk X=0 Y=0 Z=0 FlatVerts=7860 SlopeVerts=6048
[+00:34:04.867] VoxelChunk: GenerateAsync (0,3,0)
[+00:34:04.869] VoxelMesh: Chunk X=0 Y=3 Z=0 FlatVerts=24 SlopeVerts=6
[+00:34:04.957] VoxelMesh: Chunk X=0 Y=0 Z=0 FlatVerts=6432 SlopeVerts=7572
[+00:34:04.969] VoxelChunk: GenerateAsync (1,3,0)
[+00:34:04.971] VoxelMesh: Chunk X=1 Y=3 Z=0 FlatVerts=0 SlopeVerts=12
[+00:34:05.059] VoxelMesh: Chunk X=0 Y=0 Z=0 FlatVerts=7056 SlopeVerts=5172
[+00:34:05.071] VoxelChunk: GenerateAsync (2,3,0)
[+00:34:05.163] VoxelMesh: Chunk X=0 Y=0 Z=0 FlatVerts=8700 SlopeVerts=1266
[+00:34:05.175] VoxelChunk: GenerateAsync (3,3,0)
[+00:34:05.274] VoxelMesh: Chunk X=0 Y=0 Z=0 FlatVerts=2226 SlopeVerts=14814
[+00:34:05.289] VoxelChunk: GenerateAsync (-3,-3,1)
[+00:34:05.290] VoxelMesh: Chunk X=-3 Y=-3 Z=1 FlatVerts=552 SlopeVerts=1548
[+00:34:05.376] VoxelMesh: Chunk X=0 Y=0 Z=0 FlatVerts=1410 SlopeVerts=22008
[+00:34:05.395] VoxelChunk: GenerateAsync (-2,-3,1)
[+00:34:05.395] VoxelMesh: Chunk X=-2 Y=-3 Z=1 FlatVerts=450 SlopeVerts=5172
[+00:34:05.482] VoxelMesh: Chunk X=0 Y=0 Z=0 FlatVerts=534 SlopeVerts=23796
[+00:34:05.499] VoxelChunk: GenerateAsync (-1,-3,1)
[+00:34:05.500] VoxelMesh: Chunk X=-1 Y=-3 Z=1 FlatVerts=72 SlopeVerts=3252
[+00:34:05.583] VoxelMesh: Chunk X=0 Y=0 Z=0 FlatVerts=84 SlopeVerts=12252
[+00:34:05.591] VoxelChunk: GenerateAsync (0,-3,1)
[+00:34:05.592] VoxelMesh: Chunk X=0 Y=-3 Z=1 FlatVerts=54 SlopeVerts=1092
[+00:34:05.689] VoxelMesh: Chunk X=0 Y=0 Z=0 FlatVerts=48 SlopeVerts=3636
[+00:34:05.691] VoxelChunk: GenerateAsync (1,-3,1)
[+00:34:05.797] VoxelMesh: Chunk X=0 Y=0 Z=0 FlatVerts=54 SlopeVerts=4992
[+00:34:05.801] VoxelChunk: GenerateAsync (2,-3,1)
[+00:34:05.900] VoxelMesh: Chunk X=0 Y=0 Z=0 FlatVerts=78 SlopeVerts=5994
[+00:34:05.904] VoxelChunk: GenerateAsync (3,-3,1)
[+00:34:05.905] VoxelMesh: Chunk X=3 Y=-3 Z=1 FlatVerts=60 SlopeVerts=342
[+00:34:06.005] VoxelMesh: Chunk X=0 Y=0 Z=0 FlatVerts=1728 SlopeVerts=9846
[+00:34:06.013] VoxelChunk: GenerateAsync (-3,-2,1)
[+00:34:06.015] VoxelMesh: Chunk X=-3 Y=-2 Z=1 FlatVerts=0 SlopeVerts=762
[+00:34:06.106] VoxelChunk: GenerateAsync (3,-2,-1)
[+00:34:06.211] VoxelMesh: Chunk X=0 Y=0 Z=0 FlatVerts=4008 SlopeVerts=16230
[+00:34:06.228] VoxelChunk: GenerateAsync (-3,-3,0)
[+00:34:06.318] VoxelMesh: Chunk X=0 Y=0 Z=0 FlatVerts=0 SlopeVerts=294
[+00:34:06.319] VoxelChunk: GenerateAsync (-3,1,2)
[+00:34:06.319] VoxelMesh: Chunk X=-3 Y=1 Z=2 FlatVerts=0 SlopeVerts=42
[+00:34:06.419] VoxelChunk: GenerateAsync (2,3,3)
[+00:34:34.520] VoxelMesh: Chunk X=2 Y=3 Z=3 FlatVerts=0 SlopeVerts=2670
[+00:34:34.614] VoxelChunk: GenerateAsync (1,3,3)
[+00:34:34.615] VoxelMesh: Chunk X=1 Y=3 Z=3 FlatVerts=0 SlopeVerts=1308
[+00:34:34.652] VoxelMesh: Chunk X=0 Y=0 Z=0 FlatVerts=78 SlopeVerts=10080
[+00:34:34.659] VoxelChunk: GenerateAsync (3,-2,1)
[+00:34:34.660] VoxelMesh: Chunk X=3 Y=-2 Z=1 FlatVerts=1650 SlopeVerts=2316
[+00:34:34.766] VoxelMesh: Chunk X=0 Y=0 Z=0 FlatVerts=312 SlopeVerts=1518
[+00:34:34.767] VoxelChunk: GenerateAsync (-3,-1,1)
[+00:34:34.864] VoxelMesh: Chunk X=0 Y=0 Z=0 FlatVerts=0 SlopeVerts=1572
[+00:34:34.866] VoxelChunk: GenerateAsync (-2,-3,3)
[+00:34:34.867] VoxelMesh: Chunk X=-2 Y=-3 Z=3 FlatVerts=0 SlopeVerts=30
[+00:34:34.964] VoxelChunk: GenerateAsync (-3,1,3)
[+00:34:34.965] VoxelMesh: Chunk X=-3 Y=1 Z=3 FlatVerts=12 SlopeVerts=2220
[+00:34:35.071] VoxelMesh: Chunk X=0 Y=0 Z=0 FlatVerts=36 SlopeVerts=18618
[+00:34:35.085] VoxelChunk: GenerateAsync (-1,-3,3)
[+00:34:35.087] VoxelMesh: Chunk X=-1 Y=-3 Z=3 FlatVerts=0 SlopeVerts=4350
[+00:34:35.182] VoxelMesh: Chunk X=0 Y=0 Z=0 FlatVerts=0 SlopeVerts=19734
[+00:34:35.197] VoxelChunk: GenerateAsync (1,-1,3)
[+00:34:35.289] VoxelChunk: GenerateAsync (-2,1,3)
[+00:34:35.291] VoxelMesh: Chunk X=-2 Y=1 Z=3 FlatVerts=144 SlopeVerts=7686
[+00:34:35.384] VoxelChunk: GenerateAsync (0,2,3)
[+00:34:35.492] VoxelMesh: Chunk X=0 Y=0 Z=0 FlatVerts=156 SlopeVerts=35592
[+00:34:35.518] VoxelChunk: GenerateAsync (0,-3,3)
[+00:34:35.519] VoxelMesh: Chunk X=0 Y=-3 Z=3 FlatVerts=12 SlopeVerts=5208
[+00:34:35.599] VoxelMesh: Chunk X=0 Y=0 Z=0 FlatVerts=72 SlopeVerts=40152
[+00:34:35.628] VoxelChunk: GenerateAsync (1,-2,3)
[+00:34:35.629] VoxelMesh: Chunk X=1 Y=-2 Z=3 FlatVerts=12 SlopeVerts=3816
[+00:34:35.708] VoxelMesh: Chunk X=0 Y=0 Z=0 FlatVerts=18 SlopeVerts=26208
[+00:34:35.725] VoxelChunk: GenerateAsync (2,-1,3)
[+00:34:35.825] VoxelChunk: GenerateAsync (-3,0,3)
[+00:34:35.826] VoxelMesh: Chunk X=-3 Y=0 Z=3 FlatVerts=0 SlopeVerts=1566
[+00:34:35.944] VoxelChunk: GenerateAsync (-1,1,3)
[+00:34:35.945] VoxelMesh: Chunk X=-1 Y=1 Z=3 FlatVerts=0 SlopeVerts=294
[+00:34:36.034] VoxelMesh: Chunk X=0 Y=0 Z=0 FlatVerts=36 SlopeVerts=834
[+00:34:36.035] VoxelChunk: GenerateAsync (-3,2,3)
[+00:34:36.035] VoxelMesh: Chunk X=-3 Y=2 Z=3 FlatVerts=6 SlopeVerts=960
[+00:34:36.140] VoxelChunk: GenerateAsync (1,2,3)
[+00:34:36.141] VoxelMesh: Chunk X=1 Y=2 Z=3 FlatVerts=0 SlopeVerts=732
[+00:34:36.243] VoxelMesh: Chunk X=0 Y=0 Z=0 FlatVerts=36 SlopeVerts=1386
[+00:34:36.244] VoxelChunk: GenerateAsync (-3,3,3)
[+00:34:36.246] VoxelMesh: Chunk X=-3 Y=3 Z=3 FlatVerts=60 SlopeVerts=3114
[+00:34:36.350] VoxelMesh: Chunk X=0 Y=0 Z=0 FlatVerts=198 SlopeVerts=39942
[+00:34:36.380] VoxelChunk: GenerateAsync (1,-3,3)
[+00:34:36.381] VoxelMesh: Chunk X=1 Y=-3 Z=3 FlatVerts=0 SlopeVerts=4710
[+00:34:36.458] VoxelMesh: Chunk X=0 Y=0 Z=0 FlatVerts=0 SlopeVerts=588
[+00:34:36.459] VoxelChunk: GenerateAsync (-2,-2,3)
[+00:34:36.460] VoxelMesh: Chunk X=-2 Y=-2 Z=3 FlatVerts=0 SlopeVerts=6306
[+00:34:36.559] VoxelMesh: Chunk X=0 Y=0 Z=0 FlatVerts=24 SlopeVerts=36822
[+00:34:36.584] VoxelChunk: GenerateAsync (2,-2,3)
[+00:34:36.586] VoxelMesh: Chunk X=2 Y=-2 Z=3 FlatVerts=6 SlopeVerts=3102
[+00:34:36.663] VoxelMesh: Chunk X=0 Y=0 Z=0 FlatVerts=0 SlopeVerts=10266
[+00:34:36.670] VoxelChunk: GenerateAsync (0,-1,3)
[+00:34:36.672] VoxelMesh: Chunk X=0 Y=-1 Z=3 FlatVerts=0 SlopeVerts=72
[+00:34:36.768] VoxelMesh: Chunk X=0 Y=0 Z=0 FlatVerts=7380 SlopeVerts=11868
[+00:34:36.786] VoxelChunk: GenerateAsync (3,1,1)
[+00:34:36.788] VoxelMesh: Chunk X=3 Y=1 Z=1 FlatVerts=126 SlopeVerts=1152
[+00:34:36.871] VoxelMesh: Chunk X=0 Y=0 Z=0 FlatVerts=96 SlopeVerts=31830
[+00:34:36.892] VoxelChunk: GenerateAsync (3,-1,3)
[+00:34:36.972] VoxelChunk: GenerateAsync (-2,0,3)
[+00:34:36.975] VoxelMesh: Chunk X=-2 Y=0 Z=3 FlatVerts=0 SlopeVerts=5388
[+00:34:37.080] VoxelMesh: Chunk X=0 Y=0 Z=0 FlatVerts=0 SlopeVerts=2418
[+00:34:37.083] VoxelChunk: GenerateAsync (1,0,3)
[+00:34:37.176] VoxelChunk: GenerateAsync (0,1,3)
[+00:34:37.281] VoxelMesh: Chunk X=0 Y=0 Z=0 FlatVerts=0 SlopeVerts=12
[+00:34:37.281] VoxelChunk: GenerateAsync (1,1,3)
[+00:34:37.389] VoxelChunk: GenerateAsync (-2,2,3)
[+00:34:37.391] VoxelMesh: Chunk X=-2 Y=2 Z=3 FlatVerts=18 SlopeVerts=4698
[+00:34:37.488] VoxelMesh: Chunk X=0 Y=0 Z=0 FlatVerts=2850 SlopeVerts=16992
[+00:34:37.506] VoxelChunk: GenerateAsync (3,0,1)
[+00:34:37.506] VoxelMesh: Chunk X=3 Y=0 Z=1 FlatVerts=1176 SlopeVerts=2484
[+00:34:37.593] VoxelChunk: GenerateAsync (2,2,3)
[+00:34:37.595] VoxelMesh: Chunk X=2 Y=2 Z=3 FlatVerts=0 SlopeVerts=2208
[+00:34:37.706] VoxelChunk: GenerateAsync (3,2,3)
[+00:34:37.706] VoxelMesh: Chunk X=3 Y=2 Z=3 FlatVerts=0 SlopeVerts=1056
[+00:34:37.812] VoxelChunk: GenerateAsync (-2,3,3)
[+00:34:37.813] VoxelMesh: Chunk X=-2 Y=3 Z=3 FlatVerts=0 SlopeVerts=1026
[+00:34:37.915] VoxelMesh: Chunk X=0 Y=0 Z=0 FlatVerts=2016 SlopeVerts=6270
[+00:34:37.922] VoxelChunk: GenerateAsync (0,3,1)
[+00:34:37.924] VoxelMesh: Chunk X=0 Y=3 Z=1 FlatVerts=732 SlopeVerts=1974
[+00:34:38.023] VoxelMesh: Chunk X=0 Y=0 Z=0 FlatVerts=132 SlopeVerts=39096
[+00:34:38.053] VoxelChunk: GenerateAsync (2,-3,3)
[+00:34:38.055] VoxelMesh: Chunk X=2 Y=-3 Z=3 FlatVerts=12 SlopeVerts=3144
[+00:34:38.126] VoxelMesh: Chunk X=0 Y=0 Z=0 FlatVerts=96 SlopeVerts=37170
[+00:34:38.153] VoxelChunk: GenerateAsync (3,-3,3)
[+00:34:38.155] VoxelMesh: Chunk X=3 Y=-3 Z=3 FlatVerts=0 SlopeVerts=4512
[+00:34:38.231] VoxelMesh: Chunk X=0 Y=0 Z=0 FlatVerts=0 SlopeVerts=8814
[+00:34:38.236] VoxelChunk: GenerateAsync (-1,-2,3)
[+00:34:38.239] VoxelMesh: Chunk X=-1 Y=-2 Z=3 FlatVerts=6 SlopeVerts=2718
[+00:34:38.336] VoxelMesh: Chunk X=0 Y=0 Z=0 FlatVerts=60 SlopeVerts=29784
[+00:34:38.358] VoxelChunk: GenerateAsync (0,-2,3)
[+00:34:38.359] VoxelMesh: Chunk X=0 Y=-2 Z=3 FlatVerts=66 SlopeVerts=4056
[+00:34:38.442] VoxelMesh: Chunk X=0 Y=0 Z=0 FlatVerts=60 SlopeVerts=35214
[+00:34:38.467] VoxelChunk: GenerateAsync (3,-2,3)
[+00:34:38.468] VoxelMesh: Chunk X=3 Y=-2 Z=3 FlatVerts=0 SlopeVerts=0
[+00:34:38.549] VoxelChunk: GenerateAsync (-2,-1,3)
[+00:34:38.550] VoxelMesh: Chunk X=-2 Y=-1 Z=3 FlatVerts=66 SlopeVerts=4212
[+00:34:38.653] VoxelMesh: Chunk X=0 Y=0 Z=0 FlatVerts=126 SlopeVerts=33690
[+00:34:38.678] VoxelChunk: GenerateAsync (0,-3,2)
[+00:34:38.679] VoxelMesh: Chunk X=0 Y=-3 Z=2 FlatVerts=0 SlopeVerts=4050
[+00:34:38.761] VoxelMesh: Chunk X=0 Y=0 Z=0 FlatVerts=180 SlopeVerts=22272
[+00:34:38.778] VoxelChunk: GenerateAsync (1,-3,2)
[+00:34:38.779] VoxelMesh: Chunk X=1 Y=-3 Z=2 FlatVerts=0 SlopeVerts=678
[+00:34:38.866] VoxelMesh: Chunk X=0 Y=0 Z=0 FlatVerts=186 SlopeVerts=23802
[+00:34:38.882] VoxelChunk: GenerateAsync (2,-3,2)
[+00:34:38.883] VoxelMesh: Chunk X=2 Y=-3 Z=2 FlatVerts=0 SlopeVerts=36
[+00:34:38.971] VoxelMesh: Chunk X=0 Y=0 Z=0 FlatVerts=156 SlopeVerts=27012
[+00:34:38.991] VoxelChunk: GenerateAsync (3,-3,2)
[+00:34:38.991] VoxelMesh: Chunk X=3 Y=-3 Z=2 FlatVerts=0 SlopeVerts=2712
[+00:34:39.074] VoxelMesh: Chunk X=0 Y=0 Z=0 FlatVerts=48 SlopeVerts=528
[+00:34:39.075] VoxelChunk: GenerateAsync (-3,-2,2)
[+00:34:39.077] VoxelMesh: Chunk X=-3 Y=-2 Z=2 FlatVerts=18 SlopeVerts=2766
[+00:34:39.181] VoxelMesh: Chunk X=0 Y=0 Z=0 FlatVerts=828 SlopeVerts=8442
[+00:34:39.187] VoxelChunk: GenerateAsync (-3,2,1)
[+00:34:39.283] VoxelChunk: GenerateAsync (-1,0,3)
[+00:34:39.285] VoxelMesh: Chunk X=-1 Y=0 Z=3 FlatVerts=108 SlopeVerts=6300
[+00:34:39.386] VoxelMesh: Chunk X=0 Y=0 Z=0 FlatVerts=0 SlopeVerts=108
[+00:34:39.387] VoxelChunk: GenerateAsync (0,0,3)
[+00:34:39.388] VoxelMesh: Chunk X=0 Y=0 Z=3 FlatVerts=0 SlopeVerts=42
[+00:34:39.490] VoxelMesh: Chunk X=0 Y=0 Z=0 FlatVerts=18 SlopeVerts=7752
[+00:34:39.495] VoxelChunk: GenerateAsync (2,0,3)
[+00:34:39.592] VoxelMesh: Chunk X=0 Y=0 Z=0 FlatVerts=96 SlopeVerts=12786
[+00:34:39.599] VoxelChunk: GenerateAsync (3,0,3)
[+00:34:39.600] VoxelMesh: Chunk X=3 Y=0 Z=3 FlatVerts=0 SlopeVerts=252
[+00:34:39.696] VoxelMesh: Chunk X=0 Y=0 Z=0 FlatVerts=120 SlopeVerts=21480
[+00:34:39.711] VoxelChunk: GenerateAsync (3,-2,2)
[+00:34:39.713] VoxelMesh: Chunk X=3 Y=-2 Z=2 FlatVerts=102 SlopeVerts=1170
[+00:34:39.802] VoxelChunk: GenerateAsync (-3,-1,2)
[+00:34:39.907] VoxelMesh: Chunk X=0 Y=0 Z=0 FlatVerts=0 SlopeVerts=42
[+00:34:39.908] VoxelChunk: GenerateAsync (2,1,3)
[+00:34:39.909] VoxelMesh: Chunk X=2 Y=1 Z=3 FlatVerts=0 SlopeVerts=1176
[+00:34:40.011] VoxelMesh: Chunk X=0 Y=0 Z=0 FlatVerts=0 SlopeVerts=30
[+00:34:40.011] VoxelChunk: GenerateAsync (3,1,3)
[+00:34:40.012] VoxelMesh: Chunk X=3 Y=1 Z=3 FlatVerts=0 SlopeVerts=2796
[+00:34:40.116] VoxelChunk: GenerateAsync (-1,2,3)
[+00:34:40.219] VoxelMesh: Chunk X=0 Y=0 Z=0 FlatVerts=228 SlopeVerts=13362
[+00:34:40.229] VoxelChunk: GenerateAsync (3,-1,1)
[+00:34:40.230] VoxelMesh: Chunk X=3 Y=-1 Z=1 FlatVerts=1422 SlopeVerts=2562
[+00:34:40.321] VoxelMesh: Chunk X=0 Y=0 Z=0 FlatVerts=10374 SlopeVerts=4788
[+00:34:40.337] VoxelChunk: GenerateAsync (3,2,1)
[+00:34:40.427] VoxelMesh: Chunk X=0 Y=0 Z=0 FlatVerts=264 SlopeVerts=24378
[+00:34:40.444] VoxelChunk: GenerateAsync (3,-1,2)
[+00:34:40.445] VoxelMesh: Chunk X=3 Y=-1 Z=2 FlatVerts=84 SlopeVerts=120
[+00:34:40.527] VoxelChunk: GenerateAsync (-3,0,2)
[+00:34:40.528] VoxelMesh: Chunk X=-3 Y=0 Z=2 FlatVerts=0 SlopeVerts=18
[+00:34:40.629] VoxelMesh: Chunk X=0 Y=0 Z=0 FlatVerts=1578 SlopeVerts=13698
[+00:34:40.639] VoxelChunk: GenerateAsync (-3,3,1)
[+00:34:40.735] VoxelMesh: Chunk X=0 Y=0 Z=0 FlatVerts=642 SlopeVerts=2130
[+00:34:40.738] VoxelChunk: GenerateAsync (-3,1,1)
[+00:34:40.841] VoxelMesh: Chunk X=0 Y=0 Z=0 FlatVerts=1596 SlopeVerts=5688
[+00:34:40.846] VoxelChunk: GenerateAsync (-2,3,1)
[+00:34:40.846] VoxelMesh: Chunk X=-2 Y=3 Z=1 FlatVerts=120 SlopeVerts=420
[+00:34:40.942] VoxelMesh: Chunk X=0 Y=0 Z=0 FlatVerts=0 SlopeVerts=0
[+00:34:40.943] VoxelChunk: GenerateAsync (-3,0,1)
[+00:34:41.045] VoxelMesh: Chunk X=0 Y=0 Z=0 FlatVerts=1878 SlopeVerts=3582
[+00:34:41.049] VoxelChunk: GenerateAsync (-1,3,1)
[+00:34:41.050] VoxelMesh: Chunk X=-1 Y=3 Z=1 FlatVerts=654 SlopeVerts=1950
[+00:34:41.148] VoxelMesh: Chunk X=0 Y=0 Z=0 FlatVerts=414 SlopeVerts=18228
[+00:34:41.162] VoxelChunk: GenerateAsync (3,0,2)
[+00:34:41.163] VoxelMesh: Chunk X=3 Y=0 Z=2 FlatVerts=18 SlopeVerts=1110
[+00:34:41.253] VoxelChunk: GenerateAsync (0,3,3)
[+00:34:41.357] VoxelChunk: GenerateAsync (-1,3,3)
[+00:34:41.459] VoxelMesh: Chunk X=0 Y=0 Z=0 FlatVerts=3942 SlopeVerts=9798
[+00:34:41.469] VoxelChunk: GenerateAsync (1,3,1)
[+00:34:41.470] VoxelMesh: Chunk X=1 Y=3 Z=1 FlatVerts=300 SlopeVerts=726
[+00:34:41.568] VoxelChunk: GenerateAsync (-3,-2,3)
[+00:34:41.569] VoxelMesh: Chunk X=-3 Y=-2 Z=3 FlatVerts=36 SlopeVerts=5982
[+00:34:41.672] VoxelMesh: Chunk X=0 Y=0 Z=0 FlatVerts=8826 SlopeVerts=7482
[+00:34:41.689] VoxelChunk: GenerateAsync (2,3,1)
[+00:34:41.690] VoxelMesh: Chunk X=2 Y=3 Z=1 FlatVerts=6 SlopeVerts=24
[+00:34:41.775] VoxelMesh: Chunk X=0 Y=0 Z=0 FlatVerts=10770 SlopeVerts=2040
[+00:34:41.790] VoxelChunk: GenerateAsync (3,3,1)
[+00:34:41.791] VoxelMesh: Chunk X=3 Y=3 Z=1 FlatVerts=0 SlopeVerts=42
[+00:34:41.885] VoxelMesh: Chunk X=0 Y=0 Z=0 FlatVerts=1044 SlopeVerts=3264
[+00:34:41.889] VoxelChunk: GenerateAsync (3,1,2)
[+00:34:41.890] VoxelMesh: Chunk X=3 Y=1 Z=2 FlatVerts=0 SlopeVerts=2064
[+00:34:41.985] VoxelMesh: Chunk X=0 Y=0 Z=0 FlatVerts=54 SlopeVerts=4116
[+00:34:41.988] VoxelChunk: GenerateAsync (-3,2,2)
[+00:34:41.989] VoxelMesh: Chunk X=-3 Y=2 Z=2 FlatVerts=0 SlopeVerts=6
[+00:34:42.092] VoxelMesh: Chunk X=0 Y=0 Z=0 FlatVerts=48 SlopeVerts=1098
[+00:34:42.093] VoxelChunk: GenerateAsync (-3,-3,2)
[+00:34:42.094] VoxelMesh: Chunk X=-3 Y=-3 Z=2 FlatVerts=120 SlopeVerts=5010
[+00:34:42.200] VoxelChunk: GenerateAsync (-3,-1,3)
[+00:34:42.201] VoxelMesh: Chunk X=-3 Y=-1 Z=3 FlatVerts=0 SlopeVerts=720
[+00:34:42.305] VoxelMesh: Chunk X=0 Y=0 Z=0 FlatVerts=168 SlopeVerts=12966
[+00:34:42.315] VoxelChunk: GenerateAsync (-2,-3,2)
[+00:34:42.316] VoxelMesh: Chunk X=-2 Y=-3 Z=2 FlatVerts=0 SlopeVerts=2592
[+00:34:42.404] VoxelMesh: Chunk X=0 Y=0 Z=0 FlatVerts=0 SlopeVerts=36
[+00:34:42.405] VoxelChunk: GenerateAsync (-1,-1,3)
[+00:34:42.407] VoxelMesh: Chunk X=-1 Y=-1 Z=3 FlatVerts=12 SlopeVerts=4272
[+00:34:42.512] VoxelMesh: Chunk X=0 Y=0 Z=0 FlatVerts=198 SlopeVerts=32844
[+00:34:42.535] VoxelChunk: GenerateAsync (-1,-3,2)
[+00:34:42.537] VoxelMesh: Chunk X=-1 Y=-3 Z=2 FlatVerts=0 SlopeVerts=3528
[+00:34:42.610] VoxelMesh: Chunk X=0 Y=0 Z=0 FlatVerts=3180 SlopeVerts=1362
[+00:34:42.615] VoxelChunk: GenerateAsync (3,2,2)
[+00:34:42.616] VoxelMesh: Chunk X=3 Y=2 Z=2 FlatVerts=0 SlopeVerts=18
[+00:34:42.718] VoxelMesh: Chunk X=0 Y=0 Z=0 FlatVerts=54 SlopeVerts=7170
[+00:34:42.722] VoxelChunk: GenerateAsync (-3,3,2)
[+00:34:42.723] VoxelMesh: Chunk X=-3 Y=3 Z=2 FlatVerts=6 SlopeVerts=1428
[+00:34:42.826] VoxelMesh: Chunk X=0 Y=0 Z=0 FlatVerts=0 SlopeVerts=24
[+00:34:42.827] VoxelChunk: GenerateAsync (-2,3,2)
[+00:34:42.828] VoxelMesh: Chunk X=-2 Y=3 Z=2 FlatVerts=1056 SlopeVerts=3420
[+00:34:42.934] VoxelMesh: Chunk X=0 Y=0 Z=0 FlatVerts=0 SlopeVerts=0
[+00:34:42.934] VoxelChunk: GenerateAsync (-1,3,2)
[+00:34:42.935] VoxelMesh: Chunk X=-1 Y=3 Z=2 FlatVerts=1494 SlopeVerts=1200
[+00:34:43.040] VoxelMesh: Chunk X=0 Y=0 Z=0 FlatVerts=180 SlopeVerts=1428
[+00:34:43.042] VoxelChunk: GenerateAsync (0,3,2)
[+00:34:43.044] VoxelMesh: Chunk X=0 Y=3 Z=2 FlatVerts=1398 SlopeVerts=1296
[+00:34:43.142] VoxelMesh: Chunk X=0 Y=0 Z=0 FlatVerts=1260 SlopeVerts=3678
[+00:34:43.147] VoxelChunk: GenerateAsync (1,3,2)
[+00:34:43.148] VoxelMesh: Chunk X=1 Y=3 Z=2 FlatVerts=1302 SlopeVerts=2754
[+00:34:43.249] VoxelMesh: Chunk X=0 Y=0 Z=0 FlatVerts=2838 SlopeVerts=3324
[+00:34:43.255] VoxelChunk: GenerateAsync (2,3,2)
[+00:34:43.257] VoxelMesh: Chunk X=2 Y=3 Z=2 FlatVerts=30 SlopeVerts=2166
[+00:34:43.350] VoxelMesh: Chunk X=0 Y=0 Z=0 FlatVerts=2334 SlopeVerts=1128
[+00:34:43.353] VoxelChunk: GenerateAsync (3,3,2)
[+00:34:43.355] VoxelMesh: Chunk X=3 Y=3 Z=2 FlatVerts=252 SlopeVerts=4482
[+00:34:43.452] VoxelChunk: GenerateAsync (-3,-3,3)
[+00:34:43.454] VoxelMesh: Chunk X=-3 Y=-3 Z=3 FlatVerts=0 SlopeVerts=348
[+00:34:43.556] VoxelChunk: GenerateAsync (2,3,-4)
[+00:34:43.659] VoxelChunk: GenerateAsync (0,-2,-4)
[+00:34:43.764] VoxelChunk: GenerateAsync (-1,-2,-4)
[+00:34:43.871] VoxelChunk: GenerateAsync (-2,2,-4)
[+00:34:43.974] VoxelChunk: GenerateAsync (-2,-2,-4)
[+00:34:44.076] VoxelChunk: GenerateAsync (-3,-2,-4)
[+00:34:44.184] VoxelChunk: GenerateAsync (-3,2,-4)
[+00:34:44.289] VoxelChunk: GenerateAsync (-3,3,-4)
[+00:34:44.387] VoxelChunk: GenerateAsync (3,-3,-4)
[+00:34:44.489] VoxelChunk: GenerateAsync (2,-3,-4)
[+00:34:44.592] VoxelChunk: GenerateAsync (1,-3,-4)
[+00:34:44.698] VoxelChunk: GenerateAsync (0,-3,-4)
[+00:34:44.802] VoxelChunk: GenerateAsync (3,1,-4)
[+00:34:44.904] VoxelChunk: GenerateAsync (2,1,-4)
[+00:34:45.010] VoxelChunk: GenerateAsync (3,2,-4)
[+00:34:45.113] VoxelChunk: GenerateAsync (-1,3,-4)
[+00:34:45.216] VoxelChunk: GenerateAsync (3,0,-4)
[+00:34:45.320] VoxelChunk: GenerateAsync (2,2,-4)
[+00:34:45.422] VoxelChunk: GenerateAsync (2,0,-4)
[+00:34:45.527] VoxelChunk: GenerateAsync (1,0,-4)
[+00:34:45.630] VoxelChunk: GenerateAsync (1,1,-4)
[+00:34:45.738] VoxelChunk: GenerateAsync (0,0,-4)
[+00:34:45.842] VoxelChunk: GenerateAsync (-1,0,-4)
[+00:34:45.944] VoxelChunk: GenerateAsync (0,1,-4)
[+00:34:46.048] VoxelChunk: GenerateAsync (1,2,-4)
[+00:34:46.152] VoxelChunk: GenerateAsync (-2,3,-4)
[+00:34:46.253] VoxelChunk: GenerateAsync (1,3,-4)
[+00:34:46.361] VoxelChunk: GenerateAsync (-1,1,-4)
[+00:34:46.464] VoxelChunk: GenerateAsync (-2,0,-4)
[+00:34:46.566] VoxelChunk: GenerateAsync (-3,0,-4)
[+00:34:46.666] VoxelChunk: GenerateAsync (-2,1,-4)
[+00:34:46.768] VoxelChunk: GenerateAsync (0,2,-4)
[+00:34:46.869] VoxelChunk: GenerateAsync (3,-1,-4)
[+00:34:46.972] VoxelChunk: GenerateAsync (2,-1,-4)
[+00:34:47.077] VoxelChunk: GenerateAsync (-3,1,-4)
[+00:34:47.179] VoxelChunk: GenerateAsync (1,-1,-4)
[+00:34:47.282] VoxelChunk: GenerateAsync (0,-1,-4)
[+00:34:47.386] VoxelChunk: GenerateAsync (-1,-1,-4)
[+00:34:47.489] VoxelChunk: GenerateAsync (-2,-1,-4)
[+00:34:47.592] VoxelChunk: GenerateAsync (-3,-1,-4)
[+00:34:47.694] VoxelChunk: GenerateAsync (3,-2,-4)
[+00:34:47.799] VoxelChunk: GenerateAsync (-1,2,-4)
[+00:34:47.903] VoxelChunk: GenerateAsync (0,3,-4)
[+00:34:48.007] VoxelChunk: GenerateAsync (3,3,-4)
[+00:34:48.109] VoxelChunk: GenerateAsync (1,-2,-4)
[+00:34:48.213] VoxelChunk: GenerateAsync (-3,-3,-4)
[+00:34:48.317] VoxelChunk: GenerateAsync (-1,-3,-4)
[+00:34:48.421] VoxelChunk: GenerateAsync (2,-2,-4)
[+00:34:48.523] VoxelChunk: GenerateAsync (-2,-3,-4)
[+00:34:48.626] VoxelChunk: GenerateAsync (-3,-3,4)
[+00:34:48.729] VoxelChunk: GenerateAsync (-2,-3,4)
[+00:34:48.834] VoxelMesh: Chunk X=0 Y=0 Z=0 FlatVerts=30 SlopeVerts=4566
[+00:34:48.837] VoxelChunk: GenerateAsync (-1,-3,4)
[+00:34:48.839] VoxelMesh: Chunk X=-1 Y=-3 Z=4 FlatVerts=0 SlopeVerts=2052
[+00:34:48.935] VoxelMesh: Chunk X=0 Y=0 Z=0 FlatVerts=90 SlopeVerts=14202
[+00:34:48.945] VoxelChunk: GenerateAsync (0,-3,4)
[+00:34:48.947] VoxelMesh: Chunk X=0 Y=-3 Z=4 FlatVerts=0 SlopeVerts=4902
[+00:34:49.040] VoxelMesh: Chunk X=0 Y=0 Z=0 FlatVerts=78 SlopeVerts=30096
[+00:34:49.061] VoxelChunk: GenerateAsync (1,-3,4)
[+00:34:49.063] VoxelMesh: Chunk X=1 Y=-3 Z=4 FlatVerts=0 SlopeVerts=7728
[+00:34:49.141] VoxelMesh: Chunk X=0 Y=0 Z=0 FlatVerts=18 SlopeVerts=28116
[+00:34:49.161] VoxelChunk: GenerateAsync (2,-3,4)
[+00:34:49.162] VoxelMesh: Chunk X=2 Y=-3 Z=4 FlatVerts=18 SlopeVerts=7092
[+00:34:49.246] VoxelMesh: Chunk X=0 Y=0 Z=0 FlatVerts=36 SlopeVerts=19440
[+00:34:49.260] VoxelChunk: GenerateAsync (3,-3,4)
[+00:34:49.262] VoxelMesh: Chunk X=3 Y=-3 Z=4 FlatVerts=0 SlopeVerts=2700
[+00:34:49.353] VoxelChunk: GenerateAsync (-3,-2,4)
[+00:34:49.355] VoxelMesh: Chunk X=-3 Y=-2 Z=4 FlatVerts=24 SlopeVerts=5244
[+00:34:49.457] VoxelChunk: GenerateAsync (-2,-2,4)
[+00:34:49.460] VoxelMesh: Chunk X=-2 Y=-2 Z=4 FlatVerts=0 SlopeVerts=5550
[+00:34:49.560] VoxelMesh: Chunk X=0 Y=0 Z=0 FlatVerts=0 SlopeVerts=3084
[+00:34:49.563] VoxelChunk: GenerateAsync (-1,-2,4)
[+00:34:49.564] VoxelMesh: Chunk X=-1 Y=-2 Z=4 FlatVerts=0 SlopeVerts=894
[+00:34:49.662] VoxelMesh: Chunk X=0 Y=0 Z=0 FlatVerts=60 SlopeVerts=16818
[+00:34:49.672] VoxelChunk: GenerateAsync (0,-2,4)
[+00:34:49.675] VoxelMesh: Chunk X=0 Y=-2 Z=4 FlatVerts=0 SlopeVerts=1764
[+00:34:49.764] VoxelMesh: Chunk X=0 Y=0 Z=0 FlatVerts=90 SlopeVerts=33162
[+00:34:49.788] VoxelChunk: GenerateAsync (1,-2,4)
[+00:34:49.790] VoxelMesh: Chunk X=1 Y=-2 Z=4 FlatVerts=0 SlopeVerts=1200
[+00:34:49.872] VoxelMesh: Chunk X=0 Y=0 Z=0 FlatVerts=54 SlopeVerts=32040
[+00:34:49.895] VoxelChunk: GenerateAsync (2,-2,4)
[+00:34:49.896] VoxelMesh: Chunk X=2 Y=-2 Z=4 FlatVerts=0 SlopeVerts=246
[+00:34:49.978] VoxelMesh: Chunk X=0 Y=0 Z=0 FlatVerts=66 SlopeVerts=34452
[+00:34:50.002] VoxelChunk: GenerateAsync (3,-2,4)
[+00:34:50.084] VoxelChunk: GenerateAsync (-3,-1,4)
[+00:34:50.084] VoxelMesh: Chunk X=-3 Y=-1 Z=4 FlatVerts=0 SlopeVerts=3654
[+00:34:50.189] VoxelChunk: GenerateAsync (-2,-1,4)
[+00:34:50.191] VoxelMesh: Chunk X=-2 Y=-1 Z=4 FlatVerts=0 SlopeVerts=2328
[+00:34:50.289] VoxelMesh: Chunk X=0 Y=0 Z=0 FlatVerts=0 SlopeVerts=0
[+00:34:50.289] VoxelChunk: GenerateAsync (-1,-1,4)
[+00:34:50.292] VoxelMesh: Chunk X=-1 Y=-1 Z=4 FlatVerts=0 SlopeVerts=4416
[+00:34:50.397] VoxelMesh: Chunk X=0 Y=0 Z=0 FlatVerts=0 SlopeVerts=5460
[+00:34:50.400] VoxelChunk: GenerateAsync (0,-1,4)
[+00:34:50.500] VoxelMesh: Chunk X=0 Y=0 Z=0 FlatVerts=30 SlopeVerts=13686
[+00:34:50.509] VoxelChunk: GenerateAsync (1,-1,4)
[+00:34:50.602] VoxelMesh: Chunk X=0 Y=0 Z=0 FlatVerts=54 SlopeVerts=20274
[+00:34:50.617] VoxelChunk: GenerateAsync (2,-1,4)
[+00:34:50.708] VoxelMesh: Chunk X=0 Y=0 Z=0 FlatVerts=42 SlopeVerts=28584
[+00:34:50.729] VoxelChunk: GenerateAsync (3,-1,4)
[+00:34:50.809] VoxelChunk: GenerateAsync (-3,0,4)
[+00:34:50.811] VoxelMesh: Chunk X=-3 Y=0 Z=4 FlatVerts=0 SlopeVerts=7002
[+00:34:50.925] VoxelChunk: GenerateAsync (-2,0,4)
[+00:34:50.926] VoxelMesh: Chunk X=-2 Y=0 Z=4 FlatVerts=0 SlopeVerts=5376
[+00:34:51.023] VoxelChunk: GenerateAsync (-1,0,4)
[+00:34:51.026] VoxelMesh: Chunk X=-1 Y=0 Z=4 FlatVerts=0 SlopeVerts=1614
[+00:34:51.128] VoxelChunk: GenerateAsync (0,0,4)
[+00:34:51.231] VoxelChunk: GenerateAsync (1,0,4)
[+00:34:51.335] VoxelMesh: Chunk X=0 Y=0 Z=0 FlatVerts=0 SlopeVerts=1902
[+00:34:51.337] VoxelChunk: GenerateAsync (2,0,4)
[+00:34:51.440] VoxelMesh: Chunk X=0 Y=0 Z=0 FlatVerts=6 SlopeVerts=5514
[+00:34:51.443] VoxelChunk: GenerateAsync (3,0,4)
[+00:34:51.444] VoxelMesh: Chunk X=3 Y=0 Z=4 FlatVerts=0 SlopeVerts=0
[+00:34:51.546] VoxelChunk: GenerateAsync (-3,1,4)
[+00:34:51.548] VoxelMesh: Chunk X=-3 Y=1 Z=4 FlatVerts=42 SlopeVerts=7620
[+00:34:51.649] VoxelChunk: GenerateAsync (-2,1,4)
[+00:34:51.652] VoxelMesh: Chunk X=-2 Y=1 Z=4 FlatVerts=0 SlopeVerts=2244
[+00:34:51.753] VoxelChunk: GenerateAsync (-1,1,4)
[+00:34:51.756] VoxelMesh: Chunk X=-1 Y=1 Z=4 FlatVerts=0 SlopeVerts=0
[+00:34:51.859] VoxelChunk: GenerateAsync (0,1,4)
[+00:34:51.961] VoxelChunk: GenerateAsync (1,1,4)
[+00:34:52.065] VoxelChunk: GenerateAsync (2,1,4)
[+00:34:52.066] VoxelMesh: Chunk X=2 Y=1 Z=4 FlatVerts=0 SlopeVerts=300
[+00:34:52.169] VoxelChunk: GenerateAsync (3,1,4)
[+00:34:52.170] VoxelMesh: Chunk X=3 Y=1 Z=4 FlatVerts=270 SlopeVerts=3144
[+00:34:52.269] VoxelChunk: GenerateAsync (-3,2,4)
[+00:34:52.271] VoxelMesh: Chunk X=-3 Y=2 Z=4 FlatVerts=90 SlopeVerts=6630
[+00:34:52.369] VoxelChunk: GenerateAsync (-2,2,4)
[+00:34:52.371] VoxelMesh: Chunk X=-2 Y=2 Z=4 FlatVerts=54 SlopeVerts=1302
[+00:34:52.474] VoxelChunk: GenerateAsync (-1,2,4)
[+00:34:52.578] VoxelChunk: GenerateAsync (0,2,4)
[+00:34:52.683] VoxelChunk: GenerateAsync (1,2,4)
[+00:34:52.684] VoxelMesh: Chunk X=1 Y=2 Z=4 FlatVerts=0 SlopeVerts=0
[+00:34:52.786] VoxelChunk: GenerateAsync (2,2,4)
[+00:34:52.787] VoxelMesh: Chunk X=2 Y=2 Z=4 FlatVerts=0 SlopeVerts=3366
[+00:34:52.890] VoxelChunk: GenerateAsync (3,2,4)
[+00:34:52.891] VoxelMesh: Chunk X=3 Y=2 Z=4 FlatVerts=372 SlopeVerts=3042
[+00:34:52.995] VoxelChunk: GenerateAsync (-3,3,4)
[+00:34:52.996] VoxelMesh: Chunk X=-3 Y=3 Z=4 FlatVerts=6 SlopeVerts=1002
[+00:34:53.099] VoxelChunk: GenerateAsync (-2,3,4)
[+00:34:53.101] VoxelMesh: Chunk X=-2 Y=3 Z=4 FlatVerts=0 SlopeVerts=0
[+00:34:53.203] VoxelChunk: GenerateAsync (-1,3,4)
[+00:34:53.306] VoxelChunk: GenerateAsync (0,3,4)
[+00:34:53.411] VoxelChunk: GenerateAsync (1,3,4)
[+00:34:53.413] VoxelMesh: Chunk X=1 Y=3 Z=4 FlatVerts=0 SlopeVerts=6
[+00:34:53.516] VoxelChunk: GenerateAsync (2,3,4)
[+00:34:53.517] VoxelMesh: Chunk X=2 Y=3 Z=4 FlatVerts=0 SlopeVerts=3132
[+00:34:53.621] VoxelChunk: GenerateAsync (3,3,4)
[+00:34:53.621] VoxelWorld: Editor generation complete, 441 chunks.
[+00:34:53.622] VoxelMesh: Chunk X=3 Y=3 Z=4 FlatVerts=0 SlopeVerts=648
