=== FIRSTVOXEL SESSION [2026.03.17-01.59.35] ===
[+01:59:35.055] FirstVoxel module started.
[+01:59:43.268] VoxelWorld: GenerateWorldDeferred started.
[+01:59:43.268] VoxelWorld: Queued 245 chunks.
[+01:59:43.371] VoxelMesh: Chunk X=0 Y=0 Z=0 FlatVerts=5484 SlopeVerts=10128
[+01:59:43.386] VoxelChunk: GenerateAsync (0,0,0)
[+01:59:43.387] VoxelMesh: Chunk X=0 Y=0 Z=0 FlatVerts=1230 SlopeVerts=780
[+01:59:43.476] VoxelMesh: Chunk X=0 Y=0 Z=0 FlatVerts=3360 SlopeVerts=13410
[+01:59:43.490] VoxelChunk: GenerateAsync (1,0,0)
[+01:59:43.491] VoxelMesh: Chunk X=1 Y=0 Z=0 FlatVerts=144 SlopeVerts=54
[+01:59:43.577] VoxelMesh: Chunk X=0 Y=0 Z=0 FlatVerts=7392 SlopeVerts=6270
[+01:59:43.590] VoxelChunk: GenerateAsync (1,1,0)
[+01:59:43.591] VoxelMesh: Chunk X=1 Y=1 Z=0 FlatVerts=1296 SlopeVerts=648
[+01:59:43.692] VoxelMesh: Chunk X=0 Y=0 Z=0 FlatVerts=924 SlopeVerts=5442
[+01:59:43.696] VoxelChunk: GenerateAsync (1,1,1)
[+01:59:43.698] VoxelMesh: Chunk X=1 Y=1 Z=1 FlatVerts=138 SlopeVerts=1668
[+01:59:43.796] VoxelMesh: Chunk X=0 Y=0 Z=0 FlatVerts=138 SlopeVerts=1668
[+01:59:43.798] VoxelChunk: GenerateAsync (0,1,1)
[+01:59:43.799] VoxelMesh: Chunk X=0 Y=1 Z=1 FlatVerts=0 SlopeVerts=0
[+01:59:43.903] VoxelMesh: Chunk X=0 Y=0 Z=0 FlatVerts=0 SlopeVerts=0
[+01:59:43.903] VoxelChunk: GenerateAsync (-1,1,1)
[+01:59:44.012] VoxelMesh: Chunk X=0 Y=0 Z=0 FlatVerts=1512 SlopeVerts=20490
[+01:59:44.028] VoxelChunk: GenerateAsync (1,0,1)
[+01:59:44.030] VoxelMesh: Chunk X=1 Y=0 Z=1 FlatVerts=252 SlopeVerts=4944
[+01:59:44.112] VoxelMesh: Chunk X=0 Y=0 Z=0 FlatVerts=432 SlopeVerts=10572
[+01:59:44.119] VoxelChunk: GenerateAsync (0,0,1)
[+01:59:44.120] VoxelMesh: Chunk X=0 Y=0 Z=1 FlatVerts=54 SlopeVerts=2094
[+01:59:44.223] VoxelMesh: Chunk X=0 Y=0 Z=0 FlatVerts=1368 SlopeVerts=846
[+01:59:44.225] VoxelChunk: GenerateAsync (0,-1,-1)
[+01:59:44.332] VoxelMesh: Chunk X=0 Y=0 Z=0 FlatVerts=150 SlopeVerts=84
[+01:59:44.332] VoxelChunk: GenerateAsync (1,-1,-1)
[+01:59:44.432] VoxelMesh: Chunk X=0 Y=0 Z=0 FlatVerts=9006 SlopeVerts=2322
[+01:59:44.444] VoxelChunk: GenerateAsync (0,1,0)
[+01:59:44.445] VoxelMesh: Chunk X=0 Y=1 Z=0 FlatVerts=2280 SlopeVerts=30
[+01:59:44.538] VoxelMesh: Chunk X=0 Y=0 Z=0 FlatVerts=9684 SlopeVerts=30
[+01:59:44.549] VoxelChunk: GenerateAsync (-1,1,-1)
[+01:59:44.644] VoxelMesh: Chunk X=0 Y=0 Z=0 FlatVerts=8130 SlopeVerts=2928
[+01:59:44.657] VoxelChunk: GenerateAsync (-1,0,0)
[+01:59:44.658] VoxelMesh: Chunk X=-1 Y=0 Z=0 FlatVerts=2148 SlopeVerts=48
[+01:59:44.746] VoxelMesh: Chunk X=0 Y=0 Z=0 FlatVerts=984 SlopeVerts=10200
[+01:59:44.752] VoxelChunk: GenerateAsync (-1,-1,1)
[+01:59:44.754] VoxelMesh: Chunk X=-1 Y=-1 Z=1 FlatVerts=474 SlopeVerts=1410
[+01:59:44.850] VoxelMesh: Chunk X=0 Y=0 Z=0 FlatVerts=4944 SlopeVerts=1518
[+01:59:44.856] VoxelChunk: GenerateAsync (0,0,-1)
[+01:59:44.948] VoxelMesh: Chunk X=0 Y=0 Z=0 FlatVerts=5400 SlopeVerts=8778
[+01:59:44.960] VoxelChunk: GenerateAsync (-1,-1,0)
[+01:59:44.960] VoxelMesh: Chunk X=-1 Y=-1 Z=0 FlatVerts=1002 SlopeVerts=744
[+01:59:45.057] VoxelMesh: Chunk X=0 Y=0 Z=0 FlatVerts=2196 SlopeVerts=12978
[+01:59:45.068] VoxelChunk: GenerateAsync (0,-1,0)
[+01:59:45.069] VoxelMesh: Chunk X=0 Y=-1 Z=0 FlatVerts=0 SlopeVerts=6
[+01:59:45.162] VoxelMesh: Chunk X=0 Y=0 Z=0 FlatVerts=54 SlopeVerts=2154
[+01:59:45.163] VoxelChunk: GenerateAsync (-1,0,1)
[+01:59:45.164] VoxelMesh: Chunk X=-1 Y=0 Z=1 FlatVerts=0 SlopeVerts=0
[+01:59:45.265] VoxelMesh: Chunk X=0 Y=0 Z=0 FlatVerts=9684 SlopeVerts=30
[+01:59:45.276] VoxelChunk: GenerateAsync (-1,1,0)
[+01:59:45.277] VoxelMesh: Chunk X=-1 Y=1 Z=0 FlatVerts=2394 SlopeVerts=0
[+01:59:45.371] VoxelMesh: Chunk X=0 Y=0 Z=0 FlatVerts=8844 SlopeVerts=678
[+01:59:45.383] VoxelChunk: GenerateAsync (0,1,-1)
[+01:59:45.474] VoxelMesh: Chunk X=0 Y=0 Z=0 FlatVerts=8046 SlopeVerts=864
[+01:59:45.485] VoxelChunk: GenerateAsync (-1,0,-1)
[+01:59:45.579] VoxelMesh: Chunk X=0 Y=0 Z=0 FlatVerts=864 SlopeVerts=11124
[+01:59:45.586] VoxelChunk: GenerateAsync (1,-1,0)
[+01:59:45.679] VoxelMesh: Chunk X=0 Y=0 Z=0 FlatVerts=6408 SlopeVerts=1260
[+01:59:45.688] VoxelChunk: GenerateAsync (1,1,-1)
[+01:59:45.782] VoxelMesh: Chunk X=0 Y=0 Z=0 FlatVerts=1698 SlopeVerts=1020
[+01:59:45.785] VoxelChunk: GenerateAsync (1,0,-1)
[+01:59:45.886] VoxelMesh: Chunk X=0 Y=0 Z=0 FlatVerts=624 SlopeVerts=25128
[+01:59:45.905] VoxelChunk: GenerateAsync (1,-1,1)
[+01:59:45.905] VoxelMesh: Chunk X=1 Y=-1 Z=1 FlatVerts=0 SlopeVerts=1428
[+01:59:45.991] VoxelMesh: Chunk X=0 Y=0 Z=0 FlatVerts=750 SlopeVerts=21078
[+01:59:46.006] VoxelChunk: GenerateAsync (0,-1,1)
[+01:59:46.007] VoxelMesh: Chunk X=0 Y=-1 Z=1 FlatVerts=486 SlopeVerts=3702
[+01:59:46.095] VoxelMesh: Chunk X=0 Y=0 Z=0 FlatVerts=4374 SlopeVerts=1584
[+01:59:46.102] VoxelChunk: GenerateAsync (-1,-1,-1)
[+01:59:46.198] VoxelChunk: GenerateAsync (1,0,-2)
[+01:59:46.300] VoxelChunk: GenerateAsync (2,0,-2)
[+01:59:46.403] VoxelChunk: GenerateAsync (0,-1,-2)
[+01:59:46.505] VoxelChunk: GenerateAsync (1,-1,-2)
[+01:59:46.609] VoxelChunk: GenerateAsync (-1,-2,-2)
[+01:59:46.710] VoxelChunk: GenerateAsync (-2,-2,-2)
[+01:59:46.812] VoxelChunk: GenerateAsync (2,-1,-2)
[+01:59:46.912] VoxelChunk: GenerateAsync (0,1,-2)
[+01:59:47.014] VoxelChunk: GenerateAsync (1,1,-2)
[+01:59:47.118] VoxelChunk: GenerateAsync (1,-2,-2)
[+01:59:47.222] VoxelChunk: GenerateAsync (2,1,-2)
[+01:59:47.323] VoxelChunk: GenerateAsync (-2,2,-2)
[+01:59:47.425] VoxelChunk: GenerateAsync (-2,0,-2)
[+01:59:47.528] VoxelChunk: GenerateAsync (-2,-1,-2)
[+01:59:47.632] VoxelChunk: GenerateAsync (-1,2,-2)
[+01:59:47.734] VoxelChunk: GenerateAsync (0,2,-2)
[+01:59:47.836] VoxelChunk: GenerateAsync (-1,0,-2)
[+01:59:47.940] VoxelChunk: GenerateAsync (1,2,-2)
[+01:59:48.046] VoxelChunk: GenerateAsync (2,2,-2)
[+01:59:48.150] VoxelChunk: GenerateAsync (0,0,-2)
[+01:59:48.253] VoxelChunk: GenerateAsync (-1,-1,-2)
[+01:59:48.362] VoxelChunk: GenerateAsync (2,-2,-2)
[+01:59:48.479] VoxelChunk: GenerateAsync (0,-2,-2)
[+01:59:48.577] VoxelChunk: GenerateAsync (-2,1,-2)
[+01:59:48.682] VoxelChunk: GenerateAsync (-1,1,-2)
[+01:59:48.789] VoxelMesh: Chunk X=0 Y=0 Z=0 FlatVerts=0 SlopeVerts=6
[+01:59:48.791] VoxelChunk: GenerateAsync (1,2,2)
[+01:59:48.894] VoxelMesh: Chunk X=0 Y=0 Z=0 FlatVerts=2976 SlopeVerts=1854
[+01:59:48.900] VoxelChunk: GenerateAsync (2,1,-1)
[+01:59:49.007] VoxelMesh: Chunk X=0 Y=0 Z=0 FlatVerts=0 SlopeVerts=0
[+01:59:49.007] VoxelChunk: GenerateAsync (-2,1,1)
[+01:59:49.107] VoxelMesh: Chunk X=0 Y=0 Z=0 FlatVerts=3294 SlopeVerts=1062
[+01:59:49.113] VoxelChunk: GenerateAsync (-2,-2,-1)
[+01:59:49.440] VoxelChunk: GenerateAsync (1,-2,-1)
[+01:59:49.769] VoxelChunk: GenerateAsync (-2,1,2)
[+01:59:50.104] VoxelMesh: Chunk X=0 Y=0 Z=0 FlatVerts=36 SlopeVerts=25776
[+01:59:50.123] VoxelChunk: GenerateAsync (0,-2,2)
[+01:59:50.124] VoxelMesh: Chunk X=0 Y=-2 Z=2 FlatVerts=24 SlopeVerts=3570
[+01:59:50.438] VoxelMesh: Chunk X=0 Y=0 Z=0 FlatVerts=54 SlopeVerts=924
[+01:59:50.439] VoxelChunk: GenerateAsync (-2,2,1)
[+01:59:50.440] VoxelMesh: Chunk X=-2 Y=2 Z=1 FlatVerts=0 SlopeVerts=0
[+01:59:50.773] VoxelMesh: Chunk X=0 Y=0 Z=0 FlatVerts=630 SlopeVerts=23292
[+01:59:50.792] VoxelChunk: GenerateAsync (2,-1,1)
[+01:59:50.793] VoxelMesh: Chunk X=2 Y=-1 Z=1 FlatVerts=72 SlopeVerts=1908
[+01:59:50.877] VoxelMesh: Chunk X=0 Y=0 Z=0 FlatVerts=7188 SlopeVerts=1068
[+01:59:50.887] VoxelChunk: GenerateAsync (-2,-1,-1)
[+01:59:50.987] VoxelMesh: Chunk X=0 Y=0 Z=0 FlatVerts=72 SlopeVerts=3336
[+01:59:50.989] VoxelChunk: GenerateAsync (1,-2,0)
[+01:59:51.393] VoxelChunk: GenerateAsync (0,1,2)
[+01:59:51.729] VoxelMesh: Chunk X=0 Y=0 Z=0 FlatVerts=1716 SlopeVerts=11262
[+01:59:51.738] VoxelChunk: GenerateAsync (2,0,0)
[+01:59:51.740] VoxelMesh: Chunk X=2 Y=0 Z=0 FlatVerts=6 SlopeVerts=30
[+01:59:52.067] VoxelMesh: Chunk X=0 Y=0 Z=0 FlatVerts=18 SlopeVerts=24204
[+01:59:52.087] VoxelChunk: GenerateAsync (1,-2,2)
[+01:59:52.088] VoxelMesh: Chunk X=1 Y=-2 Z=2 FlatVerts=0 SlopeVerts=294
[+01:59:52.394] VoxelChunk: GenerateAsync (-2,0,2)
[+01:59:52.727] VoxelMesh: Chunk X=0 Y=0 Z=0 FlatVerts=6 SlopeVerts=420
[+01:59:52.728] VoxelChunk: GenerateAsync (0,2,1)
[+01:59:53.064] VoxelMesh: Chunk X=0 Y=0 Z=0 FlatVerts=516 SlopeVerts=16914
[+01:59:53.078] VoxelChunk: GenerateAsync (0,-2,1)
[+01:59:53.079] VoxelMesh: Chunk X=0 Y=-2 Z=1 FlatVerts=0 SlopeVerts=912
[+01:59:53.396] VoxelMesh: Chunk X=0 Y=0 Z=0 FlatVerts=0 SlopeVerts=378
[+01:59:53.397] VoxelChunk: GenerateAsync (1,1,2)
[+01:59:53.730] VoxelMesh: Chunk X=0 Y=0 Z=0 FlatVerts=312 SlopeVerts=1098
[+01:59:53.732] VoxelChunk: GenerateAsync (2,0,-1)
[+01:59:54.062] VoxelMesh: Chunk X=0 Y=0 Z=0 FlatVerts=1314 SlopeVerts=13002
[+01:59:54.071] VoxelChunk: GenerateAsync (-2,-2,1)
[+01:59:54.073] VoxelMesh: Chunk X=-2 Y=-2 Z=1 FlatVerts=588 SlopeVerts=3900
[+01:59:54.399] VoxelMesh: Chunk X=0 Y=0 Z=0 FlatVerts=4680 SlopeVerts=9834
[+01:59:54.411] VoxelChunk: GenerateAsync (-2,-2,0)
[+01:59:54.411] VoxelMesh: Chunk X=-2 Y=-2 Z=0 FlatVerts=288 SlopeVerts=36
[+01:59:54.731] VoxelMesh: Chunk X=0 Y=0 Z=0 FlatVerts=72 SlopeVerts=4224
[+01:59:54.734] VoxelChunk: GenerateAsync (2,-2,0)
[+01:59:55.062] VoxelMesh: Chunk X=0 Y=0 Z=0 FlatVerts=8508 SlopeVerts=1872
[+01:59:55.072] VoxelChunk: GenerateAsync (-2,2,0)
[+01:59:55.073] VoxelMesh: Chunk X=-2 Y=2 Z=0 FlatVerts=2310 SlopeVerts=6
[+01:59:55.400] VoxelMesh: Chunk X=0 Y=0 Z=0 FlatVerts=0 SlopeVerts=6
[+01:59:55.401] VoxelChunk: GenerateAsync (0,-2,-1)
[+01:59:55.727] VoxelMesh: Chunk X=0 Y=0 Z=0 FlatVerts=5136 SlopeVerts=6690
[+01:59:55.738] VoxelChunk: GenerateAsync (2,2,1)
[+01:59:55.739] VoxelMesh: Chunk X=2 Y=2 Z=1 FlatVerts=0 SlopeVerts=288
[+01:59:56.063] VoxelMesh: Chunk X=0 Y=0 Z=0 FlatVerts=8052 SlopeVerts=1140
[+01:59:56.073] VoxelChunk: GenerateAsync (1,2,-1)
[+01:59:56.395] VoxelMesh: Chunk X=0 Y=0 Z=0 FlatVerts=9690 SlopeVerts=6
[+01:59:56.406] VoxelChunk: GenerateAsync (-2,1,0)
[+01:59:56.407] VoxelMesh: Chunk X=-2 Y=1 Z=0 FlatVerts=2628 SlopeVerts=0
[+01:59:56.733] VoxelMesh: Chunk X=0 Y=0 Z=0 FlatVerts=78 SlopeVerts=26088
[+01:59:56.751] VoxelChunk: GenerateAsync (2,-2,2)
[+01:59:56.752] VoxelMesh: Chunk X=2 Y=-2 Z=2 FlatVerts=0 SlopeVerts=18
[+01:59:57.061] VoxelMesh: Chunk X=0 Y=0 Z=0 FlatVerts=6 SlopeVerts=2988
[+01:59:57.063] VoxelChunk: GenerateAsync (-1,-1,2)
[+01:59:57.395] VoxelMesh: Chunk X=0 Y=0 Z=0 FlatVerts=0 SlopeVerts=60
[+01:59:57.396] VoxelChunk: GenerateAsync (-1,0,2)
[+01:59:57.727] VoxelMesh: Chunk X=0 Y=0 Z=0 FlatVerts=9168 SlopeVerts=4128
[+01:59:57.741] VoxelChunk: GenerateAsync (1,2,0)
[+01:59:57.742] VoxelMesh: Chunk X=1 Y=2 Z=0 FlatVerts=2616 SlopeVerts=0
[+01:59:58.064] VoxelMesh: Chunk X=0 Y=0 Z=0 FlatVerts=9186 SlopeVerts=0
[+01:59:58.070] VoxelChunk: GenerateAsync (-1,2,-1)
[+01:59:58.396] VoxelMesh: Chunk X=0 Y=0 Z=0 FlatVerts=8454 SlopeVerts=948
[+01:59:58.407] VoxelChunk: GenerateAsync (-2,2,-1)
[+01:59:58.730] VoxelMesh: Chunk X=0 Y=0 Z=0 FlatVerts=72 SlopeVerts=10068
[+01:59:58.736] VoxelChunk: GenerateAsync (1,-2,1)
[+01:59:59.062] VoxelMesh: Chunk X=0 Y=0 Z=0 FlatVerts=9708 SlopeVerts=672
[+01:59:59.074] VoxelChunk: GenerateAsync (0,2,0)
[+01:59:59.075] VoxelMesh: Chunk X=0 Y=2 Z=0 FlatVerts=2652 SlopeVerts=0
[+01:59:59.397] VoxelMesh: Chunk X=0 Y=0 Z=0 FlatVerts=228 SlopeVerts=2514
[+01:59:59.399] VoxelChunk: GenerateAsync (2,1,2)
[+01:59:59.400] VoxelMesh: Chunk X=2 Y=1 Z=2 FlatVerts=0 SlopeVerts=372
[+01:59:59.732] VoxelMesh: Chunk X=0 Y=0 Z=0 FlatVerts=1602 SlopeVerts=23772
[+01:59:59.751] VoxelChunk: GenerateAsync (2,0,1)
[+01:59:59.751] VoxelMesh: Chunk X=2 Y=0 Z=1 FlatVerts=342 SlopeVerts=2808
[+02:00:00.066] VoxelMesh: Chunk X=0 Y=0 Z=0 FlatVerts=468 SlopeVerts=6486
[+02:00:00.071] VoxelChunk: GenerateAsync (2,-1,0)
[+02:00:00.395] VoxelMesh: Chunk X=0 Y=0 Z=0 FlatVerts=1116 SlopeVerts=2994
[+02:00:00.398] VoxelChunk: GenerateAsync (1,2,1)
[+02:00:00.730] VoxelMesh: Chunk X=0 Y=0 Z=0 FlatVerts=1194 SlopeVerts=19944
[+02:00:00.745] VoxelChunk: GenerateAsync (-1,-2,1)
[+02:00:00.746] VoxelMesh: Chunk X=-1 Y=-2 Z=1 FlatVerts=258 SlopeVerts=3240
[+02:00:01.066] VoxelMesh: Chunk X=0 Y=0 Z=0 FlatVerts=126 SlopeVerts=13506
[+02:00:01.074] VoxelChunk: GenerateAsync (2,-2,1)
[+02:00:01.396] VoxelMesh: Chunk X=0 Y=0 Z=0 FlatVerts=546 SlopeVerts=1626
[+02:00:01.399] VoxelChunk: GenerateAsync (-2,-1,1)
[+02:00:01.400] VoxelMesh: Chunk X=-2 Y=-1 Z=1 FlatVerts=72 SlopeVerts=216
[+02:00:01.729] VoxelMesh: Chunk X=0 Y=0 Z=0 FlatVerts=5208 SlopeVerts=11892
[+02:00:01.744] VoxelChunk: GenerateAsync (2,1,0)
[+02:00:01.746] VoxelMesh: Chunk X=2 Y=1 Z=0 FlatVerts=258 SlopeVerts=282
[+02:00:02.062] VoxelMesh: Chunk X=0 Y=0 Z=0 FlatVerts=0 SlopeVerts=0
[+02:00:02.063] VoxelChunk: GenerateAsync (-2,0,1)
[+02:00:02.398] VoxelMesh: Chunk X=0 Y=0 Z=0 FlatVerts=204 SlopeVerts=29934
[+02:00:02.419] VoxelChunk: GenerateAsync (2,-1,2)
[+02:00:02.420] VoxelMesh: Chunk X=2 Y=-1 Z=2 FlatVerts=0 SlopeVerts=2310
[+02:00:02.730] VoxelMesh: Chunk X=0 Y=0 Z=0 FlatVerts=0 SlopeVerts=10098
[+02:00:02.736] VoxelChunk: GenerateAsync (1,0,2)
[+02:00:02.736] VoxelMesh: Chunk X=1 Y=0 Z=2 FlatVerts=0 SlopeVerts=1794
[+02:00:03.074] VoxelMesh: Chunk X=0 Y=0 Z=0 FlatVerts=7794 SlopeVerts=2634
[+02:00:03.090] VoxelChunk: GenerateAsync (-2,-1,0)
[+02:00:03.091] VoxelMesh: Chunk X=-2 Y=-1 Z=0 FlatVerts=2010 SlopeVerts=276
[+02:00:03.400] VoxelMesh: Chunk X=0 Y=0 Z=0 FlatVerts=2436 SlopeVerts=12558
[+02:00:03.411] VoxelChunk: GenerateAsync (2,1,1)
[+02:00:03.413] VoxelMesh: Chunk X=2 Y=1 Z=1 FlatVerts=792 SlopeVerts=3108
[+02:00:03.733] VoxelChunk: GenerateAsync (-1,2,1)
[+02:00:04.065] VoxelMesh: Chunk X=0 Y=0 Z=0 FlatVerts=9198 SlopeVerts=48
[+02:00:04.077] VoxelChunk: GenerateAsync (-2,0,0)
[+02:00:04.077] VoxelMesh: Chunk X=-2 Y=0 Z=0 FlatVerts=2028 SlopeVerts=0
[+02:00:04.398] VoxelMesh: Chunk X=0 Y=0 Z=0 FlatVerts=9702 SlopeVerts=252
[+02:00:04.410] VoxelChunk: GenerateAsync (0,2,-1)
[+02:00:04.730] VoxelMesh: Chunk X=0 Y=0 Z=0 FlatVerts=3594 SlopeVerts=1350
[+02:00:04.735] VoxelChunk: GenerateAsync (2,2,-1)
[+02:00:05.063] VoxelMesh: Chunk X=0 Y=0 Z=0 FlatVerts=9690 SlopeVerts=6
[+02:00:05.074] VoxelChunk: GenerateAsync (-2,1,-1)
[+02:00:05.396] VoxelMesh: Chunk X=0 Y=0 Z=0 FlatVerts=18 SlopeVerts=4632
[+02:00:05.399] VoxelChunk: GenerateAsync (-2,-2,2)
[+02:00:05.400] VoxelMesh: Chunk X=-2 Y=-2 Z=2 FlatVerts=0 SlopeVerts=0
[+02:00:05.731] VoxelMesh: Chunk X=0 Y=0 Z=0 FlatVerts=1002 SlopeVerts=750
[+02:00:05.733] VoxelChunk: GenerateAsync (-1,-2,-1)
[+02:00:06.065] VoxelChunk: GenerateAsync (2,-2,-1)
[+02:00:06.396] VoxelChunk: GenerateAsync (-2,-1,2)
[+02:00:06.729] VoxelMesh: Chunk X=0 Y=0 Z=0 FlatVerts=6 SlopeVerts=14418
[+02:00:06.739] VoxelChunk: GenerateAsync (0,-1,2)
[+02:00:06.740] VoxelMesh: Chunk X=0 Y=-1 Z=2 FlatVerts=6 SlopeVerts=2898
[+02:00:07.065] VoxelMesh: Chunk X=0 Y=0 Z=0 FlatVerts=0 SlopeVerts=24582
[+02:00:07.083] VoxelChunk: GenerateAsync (1,-1,2)
[+02:00:07.084] VoxelMesh: Chunk X=1 Y=-1 Z=2 FlatVerts=0 SlopeVerts=4110
[+02:00:07.399] VoxelMesh: Chunk X=0 Y=0 Z=0 FlatVerts=0 SlopeVerts=1932
[+02:00:07.400] VoxelChunk: GenerateAsync (0,0,2)
[+02:00:07.401] VoxelMesh: Chunk X=0 Y=0 Z=2 FlatVerts=0 SlopeVerts=60
[+02:00:07.730] VoxelMesh: Chunk X=0 Y=0 Z=0 FlatVerts=264 SlopeVerts=19056
[+02:00:07.743] VoxelChunk: GenerateAsync (2,0,2)
[+02:00:07.744] VoxelMesh: Chunk X=2 Y=0 Z=2 FlatVerts=0 SlopeVerts=5784
[+02:00:08.068] VoxelMesh: Chunk X=0 Y=0 Z=0 FlatVerts=6864 SlopeVerts=7170
[+02:00:08.080] VoxelChunk: GenerateAsync (2,2,0)
[+02:00:08.081] VoxelMesh: Chunk X=2 Y=2 Z=0 FlatVerts=2250 SlopeVerts=318
[+02:00:08.399] VoxelChunk: GenerateAsync (-1,1,2)
[+02:00:08.732] VoxelMesh: Chunk X=0 Y=0 Z=0 FlatVerts=9198 SlopeVerts=48
[+02:00:08.742] VoxelChunk: GenerateAsync (-2,0,-1)
[+02:00:09.066] VoxelMesh: Chunk X=0 Y=0 Z=0 FlatVerts=6 SlopeVerts=30
[+02:00:09.066] VoxelChunk: GenerateAsync (2,-1,-1)
[+02:00:09.396] VoxelChunk: GenerateAsync (0,2,2)
[+02:00:09.731] VoxelMesh: Chunk X=0 Y=0 Z=0 FlatVerts=1722 SlopeVerts=1014
[+02:00:09.734] VoxelChunk: GenerateAsync (2,2,2)
[+02:00:10.065] VoxelMesh: Chunk X=0 Y=0 Z=0 FlatVerts=48 SlopeVerts=16122
[+02:00:10.075] VoxelChunk: GenerateAsync (-1,-2,2)
[+02:00:10.076] VoxelMesh: Chunk X=-1 Y=-2 Z=2 FlatVerts=18 SlopeVerts=4140
[+02:00:10.400] VoxelMesh: Chunk X=0 Y=0 Z=0 FlatVerts=9186 SlopeVerts=0
[+02:00:10.407] VoxelChunk: GenerateAsync (-1,2,0)
[+02:00:10.408] VoxelMesh: Chunk X=-1 Y=2 Z=0 FlatVerts=2358 SlopeVerts=0
[+02:00:10.734] VoxelMesh: Chunk X=0 Y=0 Z=0 FlatVerts=2166 SlopeVerts=10068
[+02:00:10.743] VoxelChunk: GenerateAsync (-1,-2,0)
[+02:00:10.744] VoxelMesh: Chunk X=-1 Y=-2 Z=0 FlatVerts=0 SlopeVerts=0
[+02:00:11.066] VoxelMesh: Chunk X=0 Y=0 Z=0 FlatVerts=486 SlopeVerts=6048
[+02:00:11.071] VoxelChunk: GenerateAsync (0,-2,0)
[+02:00:11.396] VoxelChunk: GenerateAsync (-2,2,2)
[+02:00:11.730] VoxelChunk: GenerateAsync (-1,2,2)
[+02:00:12.066] VoxelChunk: GenerateAsync (3,2,-2)
[+02:00:12.398] VoxelMesh: Chunk X=0 Y=0 Z=0 FlatVerts=726 SlopeVerts=8364
[+02:00:12.404] VoxelChunk: GenerateAsync (-3,2,1)
[+02:00:12.405] VoxelMesh: Chunk X=-3 Y=2 Z=1 FlatVerts=570 SlopeVerts=1806
[+02:00:12.733] VoxelMesh: Chunk X=0 Y=0 Z=0 FlatVerts=5082 SlopeVerts=1878
[+02:00:12.741] VoxelChunk: GenerateAsync (-3,2,-1)
[+02:00:13.083] VoxelMesh: Chunk X=0 Y=0 Z=0 FlatVerts=1434 SlopeVerts=13416
[+02:00:13.098] VoxelChunk: GenerateAsync (-3,3,1)
[+02:00:13.099] VoxelMesh: Chunk X=-3 Y=3 Z=1 FlatVerts=90 SlopeVerts=2346
[+02:00:13.401] VoxelMesh: Chunk X=0 Y=0 Z=0 FlatVerts=1626 SlopeVerts=3408
[+02:00:13.406] VoxelChunk: GenerateAsync (-1,3,1)
[+02:00:13.733] VoxelChunk: GenerateAsync (-3,2,-2)
[+02:00:14.068] VoxelChunk: GenerateAsync (-3,-3,-2)
[+02:00:14.400] VoxelMesh: Chunk X=0 Y=0 Z=0 FlatVerts=8046 SlopeVerts=7134
[+02:00:14.416] VoxelChunk: GenerateAsync (2,3,1)
[+02:00:14.416] VoxelMesh: Chunk X=2 Y=3 Z=1 FlatVerts=1110 SlopeVerts=2280
[+02:00:14.736] VoxelMesh: Chunk X=0 Y=0 Z=0 FlatVerts=10056 SlopeVerts=1950
[+02:00:14.750] VoxelChunk: GenerateAsync (3,3,1)
[+02:00:14.750] VoxelMesh: Chunk X=3 Y=3 Z=1 FlatVerts=942 SlopeVerts=816
[+02:00:15.072] VoxelChunk: GenerateAsync (-1,-3,-2)
[+02:00:15.403] VoxelChunk: GenerateAsync (3,-1,-1)
[+02:00:15.733] VoxelMesh: Chunk X=0 Y=0 Z=0 FlatVerts=138 SlopeVerts=12354
[+02:00:15.741] VoxelChunk: GenerateAsync (-2,-3,2)
[+02:00:15.742] VoxelMesh: Chunk X=-2 Y=-3 Z=2 FlatVerts=0 SlopeVerts=468
[+02:00:16.072] VoxelMesh: Chunk X=0 Y=0 Z=0 FlatVerts=126 SlopeVerts=32142
[+02:00:16.096] VoxelChunk: GenerateAsync (0,-3,2)
[+02:00:16.098] VoxelMesh: Chunk X=0 Y=-3 Z=2 FlatVerts=0 SlopeVerts=3954
[+02:00:16.412] VoxelMesh: Chunk X=0 Y=0 Z=0 FlatVerts=2160 SlopeVerts=6666
[+02:00:16.422] VoxelChunk: GenerateAsync (3,0,0)
[+02:00:16.742] VoxelMesh: Chunk X=0 Y=0 Z=0 FlatVerts=8700 SlopeVerts=3246
[+02:00:16.758] VoxelChunk: GenerateAsync (-3,1,0)
[+02:00:16.759] VoxelMesh: Chunk X=-3 Y=1 Z=0 FlatVerts=2208 SlopeVerts=564
[+02:00:17.073] VoxelMesh: Chunk X=0 Y=0 Z=0 FlatVerts=150 SlopeVerts=25746
[+02:00:17.093] VoxelChunk: GenerateAsync (3,-3,2)
[+02:00:17.094] VoxelMesh: Chunk X=3 Y=-3 Z=2 FlatVerts=0 SlopeVerts=0
[+02:00:17.398] VoxelMesh: Chunk X=0 Y=0 Z=0 FlatVerts=42 SlopeVerts=510
[+02:00:17.399] VoxelChunk: GenerateAsync (-3,-2,2)
[+02:00:17.400] VoxelMesh: Chunk X=-3 Y=-2 Z=2 FlatVerts=42 SlopeVerts=510
[+02:00:17.732] VoxelMesh: Chunk X=0 Y=0 Z=0 FlatVerts=9222 SlopeVerts=564
[+02:00:17.744] VoxelChunk: GenerateAsync (-3,0,-1)
[+02:00:18.070] VoxelChunk: GenerateAsync (3,1,-2)
[+02:00:18.400] VoxelChunk: GenerateAsync (-3,1,-2)
[+02:00:18.733] VoxelMesh: Chunk X=0 Y=0 Z=0 FlatVerts=426 SlopeVerts=462
[+02:00:18.734] VoxelChunk: GenerateAsync (3,2,-1)
[+02:00:19.066] VoxelMesh: Chunk X=0 Y=0 Z=0 FlatVerts=120 SlopeVerts=20628
[+02:00:19.081] VoxelChunk: GenerateAsync (3,-2,2)
[+02:00:19.082] VoxelMesh: Chunk X=3 Y=-2 Z=2 FlatVerts=54 SlopeVerts=3786
[+02:00:19.405] VoxelChunk: GenerateAsync (3,0,-2)
[+02:00:19.731] VoxelChunk: GenerateAsync (-3,-1,2)
[+02:00:20.066] VoxelMesh: Chunk X=0 Y=0 Z=0 FlatVerts=2196 SlopeVerts=1782
[+02:00:20.070] VoxelChunk: GenerateAsync (-3,3,-1)
[+02:00:20.400] VoxelMesh: Chunk X=0 Y=0 Z=0 FlatVerts=3948 SlopeVerts=1074
[+02:00:20.406] VoxelChunk: GenerateAsync (-3,-2,-1)
[+02:00:20.732] VoxelMesh: Chunk X=0 Y=0 Z=0 FlatVerts=5952 SlopeVerts=9618
[+02:00:20.746] VoxelChunk: GenerateAsync (3,1,0)
[+02:00:20.747] VoxelMesh: Chunk X=3 Y=1 Z=0 FlatVerts=48 SlopeVerts=786
[+02:00:21.066] VoxelMesh: Chunk X=0 Y=0 Z=0 FlatVerts=5796 SlopeVerts=6954
[+02:00:21.078] VoxelChunk: GenerateAsync (-3,2,0)
[+02:00:21.079] VoxelMesh: Chunk X=-3 Y=2 Z=0 FlatVerts=990 SlopeVerts=864
[+02:00:21.401] VoxelMesh: Chunk X=0 Y=0 Z=0 FlatVerts=5484 SlopeVerts=2292
[+02:00:21.410] VoxelChunk: GenerateAsync (-2,3,-1)
[+02:00:21.731] VoxelChunk: GenerateAsync (-3,0,2)
[+02:00:22.066] VoxelMesh: Chunk X=0 Y=0 Z=0 FlatVerts=6174 SlopeVerts=1032
[+02:00:22.074] VoxelChunk: GenerateAsync (-1,3,-1)
[+02:00:22.400] VoxelMesh: Chunk X=0 Y=0 Z=0 FlatVerts=1614 SlopeVerts=2592
[+02:00:22.403] VoxelChunk: GenerateAsync (-3,-3,-1)
[+02:00:22.733] VoxelMesh: Chunk X=0 Y=0 Z=0 FlatVerts=378 SlopeVerts=17388
[+02:00:22.746] VoxelChunk: GenerateAsync (3,0,2)
[+02:00:22.747] VoxelMesh: Chunk X=3 Y=0 Z=2 FlatVerts=186 SlopeVerts=5556
[+02:00:23.070] VoxelMesh: Chunk X=0 Y=0 Z=0 FlatVerts=5376 SlopeVerts=1086
[+02:00:23.077] VoxelChunk: GenerateAsync (0,3,-1)
[+02:00:23.399] VoxelMesh: Chunk X=0 Y=0 Z=0 FlatVerts=0 SlopeVerts=294
[+02:00:23.399] VoxelChunk: GenerateAsync (-3,1,2)
[+02:00:23.732] VoxelMesh: Chunk X=0 Y=0 Z=0 FlatVerts=6792 SlopeVerts=4044
[+02:00:23.742] VoxelChunk: GenerateAsync (3,2,0)
[+02:00:23.744] VoxelMesh: Chunk X=3 Y=2 Z=0 FlatVerts=426 SlopeVerts=462
[+02:00:24.068] VoxelMesh: Chunk X=0 Y=0 Z=0 FlatVerts=3420 SlopeVerts=1194
[+02:00:24.073] VoxelChunk: GenerateAsync (1,3,-1)
[+02:00:24.402] VoxelChunk: GenerateAsync (3,3,-2)
[+02:00:24.736] VoxelChunk: GenerateAsync (3,-2,-1)
[+02:00:25.069] VoxelMesh: Chunk X=0 Y=0 Z=0 FlatVerts=918 SlopeVerts=570
[+02:00:25.070] VoxelChunk: GenerateAsync (2,3,-1)
[+02:00:25.403] VoxelChunk: GenerateAsync (3,3,-1)
[+02:00:25.734] VoxelChunk: GenerateAsync (2,3,-2)
[+02:00:26.070] VoxelMesh: Chunk X=0 Y=0 Z=0 FlatVerts=5868 SlopeVerts=7266
[+02:00:26.084] VoxelChunk: GenerateAsync (1,3,0)
[+02:00:26.084] VoxelMesh: Chunk X=1 Y=3 Z=0 FlatVerts=2268 SlopeVerts=252
[+02:00:26.404] VoxelMesh: Chunk X=0 Y=0 Z=0 FlatVerts=6180 SlopeVerts=4830
[+02:00:26.414] VoxelChunk: GenerateAsync (2,3,0)
[+02:00:26.416] VoxelMesh: Chunk X=2 Y=3 Z=0 FlatVerts=918 SlopeVerts=570
[+02:00:26.735] VoxelMesh: Chunk X=0 Y=0 Z=0 FlatVerts=3846 SlopeVerts=15750
[+02:00:26.752] VoxelChunk: GenerateAsync (-3,-3,0)
[+02:00:26.753] VoxelMesh: Chunk X=-3 Y=-3 Z=0 FlatVerts=168 SlopeVerts=1482
[+02:00:27.068] VoxelMesh: Chunk X=0 Y=0 Z=0 FlatVerts=7740 SlopeVerts=1110
[+02:00:27.078] VoxelChunk: GenerateAsync (3,3,0)
[+02:00:27.402] VoxelMesh: Chunk X=0 Y=0 Z=0 FlatVerts=2100 SlopeVerts=14412
[+02:00:27.416] VoxelChunk: GenerateAsync (-3,-3,1)
[+02:00:27.418] VoxelMesh: Chunk X=-3 Y=-3 Z=1 FlatVerts=414 SlopeVerts=3246
[+02:00:27.736] VoxelMesh: Chunk X=0 Y=0 Z=0 FlatVerts=2418 SlopeVerts=11196
[+02:00:27.746] VoxelChunk: GenerateAsync (-2,-3,0)
[+02:00:27.747] VoxelMesh: Chunk X=-2 Y=-3 Z=0 FlatVerts=912 SlopeVerts=954
[+02:00:28.070] VoxelMesh: Chunk X=0 Y=0 Z=0 FlatVerts=7800 SlopeVerts=918
[+02:00:28.081] VoxelChunk: GenerateAsync (-3,-1,-1)
[+02:00:28.403] VoxelChunk: GenerateAsync (2,-3,-1)
[+02:00:28.734] VoxelMesh: Chunk X=0 Y=0 Z=0 FlatVerts=1242 SlopeVerts=21312
[+02:00:28.750] VoxelChunk: GenerateAsync (-2,-3,1)
[+02:00:28.750] VoxelMesh: Chunk X=-2 Y=-3 Z=1 FlatVerts=270 SlopeVerts=2592
[+02:00:29.072] VoxelMesh: Chunk X=0 Y=0 Z=0 FlatVerts=444 SlopeVerts=22866
[+02:00:29.090] VoxelChunk: GenerateAsync (-1,-3,1)
[+02:00:29.091] VoxelMesh: Chunk X=-1 Y=-3 Z=1 FlatVerts=6 SlopeVerts=570
[+02:00:29.403] VoxelMesh: Chunk X=0 Y=0 Z=0 FlatVerts=276 SlopeVerts=4824
[+02:00:29.407] VoxelChunk: GenerateAsync (-1,-3,0)
[+02:00:29.736] VoxelMesh: Chunk X=0 Y=0 Z=0 FlatVerts=84 SlopeVerts=11508
[+02:00:29.746] VoxelChunk: GenerateAsync (0,-3,1)
[+02:00:29.748] VoxelMesh: Chunk X=0 Y=-3 Z=1 FlatVerts=12 SlopeVerts=102
[+02:00:30.069] VoxelMesh: Chunk X=0 Y=0 Z=0 FlatVerts=48 SlopeVerts=3264
[+02:00:30.072] VoxelChunk: GenerateAsync (1,-3,1)
[+02:00:30.073] VoxelMesh: Chunk X=1 Y=-3 Z=1 FlatVerts=36 SlopeVerts=186
[+02:00:30.400] VoxelMesh: Chunk X=0 Y=0 Z=0 FlatVerts=6516 SlopeVerts=11316
[+02:00:30.416] VoxelChunk: GenerateAsync (3,1,1)
[+02:00:30.417] VoxelMesh: Chunk X=3 Y=1 Z=1 FlatVerts=198 SlopeVerts=4230
[+02:00:30.738] VoxelMesh: Chunk X=0 Y=0 Z=0 FlatVerts=48 SlopeVerts=1200
[+02:00:30.739] VoxelChunk: GenerateAsync (0,-3,0)
[+02:00:31.071] VoxelMesh: Chunk X=0 Y=0 Z=0 FlatVerts=48 SlopeVerts=786
[+02:00:31.072] VoxelChunk: GenerateAsync (3,0,-1)
[+02:00:31.402] VoxelMesh: Chunk X=0 Y=0 Z=0 FlatVerts=54 SlopeVerts=4698
[+02:00:31.405] VoxelChunk: GenerateAsync (2,-3,1)
[+02:00:31.735] VoxelMesh: Chunk X=0 Y=0 Z=0 FlatVerts=72 SlopeVerts=5550
[+02:00:31.739] VoxelChunk: GenerateAsync (3,-3,1)
[+02:00:32.069] VoxelMesh: Chunk X=0 Y=0 Z=0 FlatVerts=36 SlopeVerts=186
[+02:00:32.069] VoxelChunk: GenerateAsync (1,-3,0)
[+02:00:32.401] VoxelMesh: Chunk X=0 Y=0 Z=0 FlatVerts=1656 SlopeVerts=9558
[+02:00:32.409] VoxelChunk: GenerateAsync (-3,-2,1)
[+02:00:32.410] VoxelMesh: Chunk X=-3 Y=-2 Z=1 FlatVerts=798 SlopeVerts=3582
[+02:00:32.737] VoxelMesh: Chunk X=0 Y=0 Z=0 FlatVerts=9498 SlopeVerts=4560
[+02:00:32.751] VoxelChunk: GenerateAsync (3,2,1)
[+02:00:32.751] VoxelMesh: Chunk X=3 Y=2 Z=1 FlatVerts=1230 SlopeVerts=2424
[+02:00:33.073] VoxelMesh: Chunk X=0 Y=0 Z=0 FlatVerts=0 SlopeVerts=618
[+02:00:33.073] VoxelChunk: GenerateAsync (2,-3,0)
[+02:00:33.399] VoxelMesh: Chunk X=0 Y=0 Z=0 FlatVerts=1416 SlopeVerts=5418
[+02:00:33.404] VoxelChunk: GenerateAsync (-2,3,1)
[+02:00:33.405] VoxelMesh: Chunk X=-2 Y=3 Z=1 FlatVerts=54 SlopeVerts=924
[+02:00:33.734] VoxelMesh: Chunk X=0 Y=0 Z=0 FlatVerts=8130 SlopeVerts=1440
[+02:00:33.745] VoxelChunk: GenerateAsync (-3,1,-1)
[+02:00:34.065] VoxelMesh: Chunk X=0 Y=0 Z=0 FlatVerts=1854 SlopeVerts=6132
[+02:00:34.072] VoxelChunk: GenerateAsync (0,3,1)
[+02:00:34.399] VoxelMesh: Chunk X=0 Y=0 Z=0 FlatVerts=3642 SlopeVerts=9456
[+02:00:34.410] VoxelChunk: GenerateAsync (1,3,1)
[+02:00:34.410] VoxelMesh: Chunk X=1 Y=3 Z=1 FlatVerts=6 SlopeVerts=420
[+02:00:34.736] VoxelMesh: Chunk X=0 Y=0 Z=0 FlatVerts=0 SlopeVerts=618
[+02:00:34.738] VoxelChunk: GenerateAsync (3,-3,0)
[+02:00:35.066] VoxelMesh: Chunk X=0 Y=0 Z=0 FlatVerts=5700 SlopeVerts=9984
[+02:00:35.080] VoxelChunk: GenerateAsync (-3,-2,0)
[+02:00:35.082] VoxelMesh: Chunk X=-3 Y=-2 Z=0 FlatVerts=252 SlopeVerts=114
[+02:00:35.400] VoxelMesh: Chunk X=0 Y=0 Z=0 FlatVerts=42 SlopeVerts=1080
[+02:00:35.401] VoxelChunk: GenerateAsync (-3,-3,2)
[+02:00:35.402] VoxelMesh: Chunk X=-3 Y=-3 Z=2 FlatVerts=0 SlopeVerts=102
[+02:00:35.735] VoxelMesh: Chunk X=0 Y=0 Z=0 FlatVerts=72 SlopeVerts=9594
[+02:00:35.741] VoxelChunk: GenerateAsync (3,-2,1)
[+02:00:35.743] VoxelMesh: Chunk X=3 Y=-2 Z=1 FlatVerts=0 SlopeVerts=618
[+02:00:36.068] VoxelMesh: Chunk X=0 Y=0 Z=0 FlatVerts=168 SlopeVerts=31302
[+02:00:36.090] VoxelChunk: GenerateAsync (-1,-3,2)
[+02:00:36.092] VoxelMesh: Chunk X=-1 Y=-3 Z=2 FlatVerts=126 SlopeVerts=6378
[+02:00:36.404] VoxelMesh: Chunk X=0 Y=0 Z=0 FlatVerts=294 SlopeVerts=1500
[+02:00:36.405] VoxelChunk: GenerateAsync (-3,-1,1)
[+02:00:36.406] VoxelMesh: Chunk X=-3 Y=-1 Z=1 FlatVerts=228 SlopeVerts=1278
[+02:00:36.736] VoxelMesh: Chunk X=0 Y=0 Z=0 FlatVerts=180 SlopeVerts=21300
[+02:00:36.751] VoxelChunk: GenerateAsync (1,-3,2)
[+02:00:36.752] VoxelMesh: Chunk X=1 Y=-3 Z=2 FlatVerts=12 SlopeVerts=2490
[+02:00:37.070] VoxelMesh: Chunk X=0 Y=0 Z=0 FlatVerts=180 SlopeVerts=22668
[+02:00:37.086] VoxelChunk: GenerateAsync (2,-3,2)
[+02:00:37.087] VoxelMesh: Chunk X=2 Y=-3 Z=2 FlatVerts=0 SlopeVerts=276
[+02:00:37.401] VoxelChunk: GenerateAsync (-3,0,-2)
[+02:00:37.735] VoxelChunk: GenerateAsync (1,3,-2)
[+02:00:38.072] VoxelChunk: GenerateAsync (0,-3,-1)
[+02:00:38.403] VoxelChunk: GenerateAsync (3,-1,-2)
[+02:00:38.735] VoxelChunk: GenerateAsync (-3,-1,-2)
[+02:00:39.069] VoxelMesh: Chunk X=0 Y=0 Z=0 FlatVerts=222 SlopeVerts=12822
[+02:00:39.076] VoxelChunk: GenerateAsync (3,-1,1)
[+02:00:39.078] VoxelMesh: Chunk X=3 Y=-1 Z=1 FlatVerts=0 SlopeVerts=1698
[+02:00:39.403] VoxelChunk: GenerateAsync (0,3,-2)
[+02:00:39.732] VoxelMesh: Chunk X=0 Y=0 Z=0 FlatVerts=0 SlopeVerts=0
[+02:00:39.733] VoxelChunk: GenerateAsync (-3,0,1)
[+02:00:40.073] VoxelChunk: GenerateAsync (3,-2,-2)
[+02:00:40.403] VoxelChunk: GenerateAsync (-3,-2,-2)
[+02:00:40.739] VoxelMesh: Chunk X=0 Y=0 Z=0 FlatVerts=0 SlopeVerts=2316
[+02:00:40.741] VoxelChunk: GenerateAsync (3,-2,0)
[+02:00:41.071] VoxelChunk: GenerateAsync (-1,3,-2)
[+02:00:41.404] VoxelMesh: Chunk X=0 Y=0 Z=0 FlatVerts=0 SlopeVerts=0
[+02:00:41.405] VoxelChunk: GenerateAsync (-1,-3,-1)
[+02:00:41.738] VoxelChunk: GenerateAsync (3,-3,-2)
[+02:00:42.072] VoxelMesh: Chunk X=0 Y=0 Z=0 FlatVerts=264 SlopeVerts=23418
[+02:00:42.091] VoxelChunk: GenerateAsync (3,-1,2)
[+02:00:42.093] VoxelMesh: Chunk X=3 Y=-1 Z=2 FlatVerts=0 SlopeVerts=3168
[+02:00:42.403] VoxelMesh: Chunk X=0 Y=0 Z=0 FlatVerts=8160 SlopeVerts=2352
[+02:00:42.416] VoxelChunk: GenerateAsync (-3,-1,0)
[+02:00:42.417] VoxelMesh: Chunk X=-3 Y=-1 Z=0 FlatVerts=1404 SlopeVerts=642
[+02:00:42.741] VoxelMesh: Chunk X=0 Y=0 Z=0 FlatVerts=2448 SlopeVerts=16194
[+02:00:42.758] VoxelChunk: GenerateAsync (3,0,1)
[+02:00:42.760] VoxelMesh: Chunk X=3 Y=0 Z=1 FlatVerts=18 SlopeVerts=72
[+02:00:43.071] VoxelMesh: Chunk X=0 Y=0 Z=0 FlatVerts=570 SlopeVerts=2100
[+02:00:43.074] VoxelChunk: GenerateAsync (-3,1,1)
[+02:00:43.075] VoxelMesh: Chunk X=-3 Y=1 Z=1 FlatVerts=0 SlopeVerts=0
[+02:00:43.405] VoxelChunk: GenerateAsync (2,-3,-2)
[+02:00:43.739] VoxelChunk: GenerateAsync (-2,3,-2)
[+02:00:44.072] VoxelChunk: GenerateAsync (1,-3,-2)
[+02:00:44.406] VoxelChunk: GenerateAsync (0,-3,-2)
[+02:00:44.738] VoxelChunk: GenerateAsync (-3,3,-2)
[+02:00:45.072] VoxelMesh: Chunk X=0 Y=0 Z=0 FlatVerts=474 SlopeVerts=1248
[+02:00:45.075] VoxelChunk: GenerateAsync (3,1,-1)
[+02:00:45.404] VoxelMesh: Chunk X=0 Y=0 Z=0 FlatVerts=1200 SlopeVerts=990
[+02:00:45.406] VoxelChunk: GenerateAsync (-2,-3,-1)
[+02:00:45.738] VoxelChunk: GenerateAsync (3,-3,-1)
[+02:00:46.069] VoxelMesh: Chunk X=0 Y=0 Z=0 FlatVerts=3618 SlopeVerts=9444
[+02:00:46.081] VoxelChunk: GenerateAsync (-3,3,0)
[+02:00:46.082] VoxelMesh: Chunk X=-3 Y=3 Z=0 FlatVerts=12 SlopeVerts=60
[+02:00:46.403] VoxelMesh: Chunk X=0 Y=0 Z=0 FlatVerts=6900 SlopeVerts=7686
[+02:00:46.416] VoxelChunk: GenerateAsync (-2,3,0)
[+02:00:46.416] VoxelMesh: Chunk X=-2 Y=3 Z=0 FlatVerts=1776 SlopeVerts=942
[+02:00:46.736] VoxelMesh: Chunk X=0 Y=0 Z=0 FlatVerts=7800 SlopeVerts=4440
[+02:00:46.748] VoxelChunk: GenerateAsync (-1,3,0)
[+02:00:46.749] VoxelMesh: Chunk X=-1 Y=3 Z=0 FlatVerts=2010 SlopeVerts=0
[+02:00:47.070] VoxelMesh: Chunk X=0 Y=0 Z=0 FlatVerts=924 SlopeVerts=3072
[+02:00:47.073] VoxelChunk: GenerateAsync (3,1,2)
[+02:00:47.074] VoxelMesh: Chunk X=3 Y=1 Z=2 FlatVerts=66 SlopeVerts=1842
[+02:00:47.402] VoxelMesh: Chunk X=0 Y=0 Z=0 FlatVerts=54 SlopeVerts=4116
[+02:00:47.404] VoxelChunk: GenerateAsync (-3,2,2)
[+02:00:47.405] VoxelMesh: Chunk X=-3 Y=2 Z=2 FlatVerts=0 SlopeVerts=294
[+02:00:47.739] VoxelChunk: GenerateAsync (1,-3,-1)
[+02:00:48.070] VoxelMesh: Chunk X=0 Y=0 Z=0 FlatVerts=7044 SlopeVerts=5880
[+02:00:48.082] VoxelChunk: GenerateAsync (0,3,0)
[+02:00:48.084] VoxelMesh: Chunk X=0 Y=3 Z=0 FlatVerts=2166 SlopeVerts=0
[+02:00:48.404] VoxelMesh: Chunk X=0 Y=0 Z=0 FlatVerts=24 SlopeVerts=1914
[+02:00:48.406] VoxelChunk: GenerateAsync (3,-1,0)
[+02:00:48.735] VoxelMesh: Chunk X=0 Y=0 Z=0 FlatVerts=9222 SlopeVerts=564
[+02:00:48.746] VoxelChunk: GenerateAsync (-3,0,0)
[+02:00:48.746] VoxelMesh: Chunk X=-3 Y=0 Z=0 FlatVerts=2358 SlopeVerts=0
[+02:00:49.072] VoxelChunk: GenerateAsync (-2,-3,-2)
[+02:00:49.402] VoxelMesh: Chunk X=0 Y=0 Z=0 FlatVerts=2868 SlopeVerts=1242
[+02:00:49.406] VoxelChunk: GenerateAsync (3,2,2)
[+02:00:49.407] VoxelMesh: Chunk X=3 Y=2 Z=2 FlatVerts=162 SlopeVerts=282
[+02:00:49.735] VoxelMesh: Chunk X=0 Y=0 Z=0 FlatVerts=54 SlopeVerts=7122
[+02:00:49.740] VoxelChunk: GenerateAsync (-3,3,2)
[+02:00:49.741] VoxelMesh: Chunk X=-3 Y=3 Z=2 FlatVerts=18 SlopeVerts=2988
[+02:00:50.072] VoxelMesh: Chunk X=0 Y=0 Z=0 FlatVerts=0 SlopeVerts=24
[+02:00:50.072] VoxelChunk: GenerateAsync (-2,3,2)
[+02:00:50.402] VoxelMesh: Chunk X=0 Y=0 Z=0 FlatVerts=0 SlopeVerts=0
[+02:00:50.403] VoxelChunk: GenerateAsync (-1,3,2)
[+02:00:50.738] VoxelMesh: Chunk X=0 Y=0 Z=0 FlatVerts=150 SlopeVerts=1374
[+02:00:50.740] VoxelChunk: GenerateAsync (0,3,2)
[+02:00:51.072] VoxelMesh: Chunk X=0 Y=0 Z=0 FlatVerts=1128 SlopeVerts=3450
[+02:00:51.076] VoxelChunk: GenerateAsync (1,3,2)
[+02:00:51.404] VoxelMesh: Chunk X=0 Y=0 Z=0 FlatVerts=2592 SlopeVerts=3066
[+02:00:51.408] VoxelChunk: GenerateAsync (2,3,2)
[+02:00:51.409] VoxelMesh: Chunk X=2 Y=3 Z=2 FlatVerts=0 SlopeVerts=6
[+02:00:51.736] VoxelMesh: Chunk X=0 Y=0 Z=0 FlatVerts=2112 SlopeVerts=1044
[+02:00:51.740] VoxelChunk: GenerateAsync (3,3,2)
[+02:00:51.740] VoxelWorld: Editor generation complete, 245 chunks.
[+02:00:51.741] VoxelMesh: Chunk X=3 Y=3 Z=2 FlatVerts=1542 SlopeVerts=744
