=== FIRSTVOXEL SESSION [2026.03.17-01.45.09] ===
[+01:45:09.354] FirstVoxel module started.
[+01:45:17.058] VoxelWorld: GenerateWorldDeferred started.
[+01:45:17.058] VoxelWorld: Queued 245 chunks.
[+01:45:17.165] VoxelMesh: Chunk X=0 Y=0 Z=0 FlatVerts=5472 SlopeVerts=10128
[+01:45:17.178] VoxelChunk: GenerateAsync (0,0,0)
[+01:45:17.180] VoxelMesh: Chunk X=0 Y=0 Z=0 FlatVerts=1230 SlopeVerts=780
[+01:45:17.268] VoxelMesh: Chunk X=0 Y=0 Z=0 FlatVerts=3348 SlopeVerts=13410
[+01:45:17.282] VoxelChunk: GenerateAsync (1,0,0)
[+01:45:17.283] VoxelMesh: Chunk X=1 Y=0 Z=0 FlatVerts=144 SlopeVerts=54
[+01:45:17.383] VoxelMesh: Chunk X=0 Y=0 Z=0 FlatVerts=7380 SlopeVerts=6270
[+01:45:17.397] VoxelChunk: GenerateAsync (1,1,0)
[+01:45:17.398] VoxelMesh: Chunk X=1 Y=1 Z=0 FlatVerts=1284 SlopeVerts=648
[+01:45:17.488] VoxelMesh: Chunk X=0 Y=0 Z=0 FlatVerts=924 SlopeVerts=5442
[+01:45:17.493] VoxelChunk: GenerateAsync (1,1,1)
[+01:45:17.494] VoxelMesh: Chunk X=1 Y=1 Z=1 FlatVerts=138 SlopeVerts=1668
[+01:45:17.593] VoxelMesh: Chunk X=0 Y=0 Z=0 FlatVerts=138 SlopeVerts=1668
[+01:45:17.594] VoxelChunk: GenerateAsync (0,1,1)
[+01:45:17.595] VoxelMesh: Chunk X=0 Y=1 Z=1 FlatVerts=0 SlopeVerts=0
[+01:45:17.694] VoxelMesh: Chunk X=0 Y=0 Z=0 FlatVerts=0 SlopeVerts=0
[+01:45:17.694] VoxelChunk: GenerateAsync (-1,1,1)
[+01:45:17.804] VoxelMesh: Chunk X=0 Y=0 Z=0 FlatVerts=1512 SlopeVerts=20490
[+01:45:17.830] VoxelChunk: GenerateAsync (1,0,1)
[+01:45:17.831] VoxelMesh: Chunk X=1 Y=0 Z=1 FlatVerts=252 SlopeVerts=4944
[+01:45:17.904] VoxelMesh: Chunk X=0 Y=0 Z=0 FlatVerts=432 SlopeVerts=10572
[+01:45:17.911] VoxelChunk: GenerateAsync (0,0,1)
[+01:45:17.912] VoxelMesh: Chunk X=0 Y=0 Z=1 FlatVerts=54 SlopeVerts=2094
[+01:45:18.021] VoxelMesh: Chunk X=0 Y=0 Z=0 FlatVerts=1368 SlopeVerts=846
[+01:45:18.023] VoxelChunk: GenerateAsync (0,-1,-1)
[+01:45:18.126] VoxelMesh: Chunk X=0 Y=0 Z=0 FlatVerts=150 SlopeVerts=84
[+01:45:18.127] VoxelChunk: GenerateAsync (1,-1,-1)
[+01:45:18.227] VoxelMesh: Chunk X=0 Y=0 Z=0 FlatVerts=8982 SlopeVerts=2322
[+01:45:18.239] VoxelChunk: GenerateAsync (0,1,0)
[+01:45:18.240] VoxelMesh: Chunk X=0 Y=1 Z=0 FlatVerts=2280 SlopeVerts=30
[+01:45:18.335] VoxelMesh: Chunk X=0 Y=0 Z=0 FlatVerts=9654 SlopeVerts=30
[+01:45:18.347] VoxelChunk: GenerateAsync (-1,1,-1)
[+01:45:18.440] VoxelMesh: Chunk X=0 Y=0 Z=0 FlatVerts=8118 SlopeVerts=2928
[+01:45:18.452] VoxelChunk: GenerateAsync (-1,0,0)
[+01:45:18.453] VoxelMesh: Chunk X=-1 Y=0 Z=0 FlatVerts=2142 SlopeVerts=48
[+01:45:18.548] VoxelMesh: Chunk X=0 Y=0 Z=0 FlatVerts=984 SlopeVerts=10200
[+01:45:18.556] VoxelChunk: GenerateAsync (-1,-1,1)
[+01:45:18.558] VoxelMesh: Chunk X=-1 Y=-1 Z=1 FlatVerts=474 SlopeVerts=1410
[+01:45:18.652] VoxelMesh: Chunk X=0 Y=0 Z=0 FlatVerts=4932 SlopeVerts=1518
[+01:45:18.659] VoxelChunk: GenerateAsync (0,0,-1)
[+01:45:18.753] VoxelMesh: Chunk X=0 Y=0 Z=0 FlatVerts=5394 SlopeVerts=8778
[+01:45:18.766] VoxelChunk: GenerateAsync (-1,-1,0)
[+01:45:18.768] VoxelMesh: Chunk X=-1 Y=-1 Z=0 FlatVerts=1002 SlopeVerts=744
[+01:45:18.854] VoxelMesh: Chunk X=0 Y=0 Z=0 FlatVerts=2196 SlopeVerts=12978
[+01:45:18.866] VoxelChunk: GenerateAsync (0,-1,0)
[+01:45:18.867] VoxelMesh: Chunk X=0 Y=-1 Z=0 FlatVerts=0 SlopeVerts=6
[+01:45:18.958] VoxelMesh: Chunk X=0 Y=0 Z=0 FlatVerts=54 SlopeVerts=2154
[+01:45:18.961] VoxelChunk: GenerateAsync (-1,0,1)
[+01:45:18.962] VoxelMesh: Chunk X=-1 Y=0 Z=1 FlatVerts=0 SlopeVerts=0
[+01:45:19.064] VoxelMesh: Chunk X=0 Y=0 Z=0 FlatVerts=9654 SlopeVerts=30
[+01:45:19.076] VoxelChunk: GenerateAsync (-1,1,0)
[+01:45:19.077] VoxelMesh: Chunk X=-1 Y=1 Z=0 FlatVerts=2388 SlopeVerts=0
[+01:45:19.169] VoxelMesh: Chunk X=0 Y=0 Z=0 FlatVerts=8820 SlopeVerts=678
[+01:45:19.181] VoxelChunk: GenerateAsync (0,1,-1)
[+01:45:19.274] VoxelMesh: Chunk X=0 Y=0 Z=0 FlatVerts=8034 SlopeVerts=864
[+01:45:19.285] VoxelChunk: GenerateAsync (-1,0,-1)
[+01:45:19.380] VoxelMesh: Chunk X=0 Y=0 Z=0 FlatVerts=864 SlopeVerts=11124
[+01:45:19.389] VoxelChunk: GenerateAsync (1,-1,0)
[+01:45:19.484] VoxelMesh: Chunk X=0 Y=0 Z=0 FlatVerts=6396 SlopeVerts=1260
[+01:45:19.492] VoxelChunk: GenerateAsync (1,1,-1)
[+01:45:19.584] VoxelMesh: Chunk X=0 Y=0 Z=0 FlatVerts=1686 SlopeVerts=1020
[+01:45:19.587] VoxelChunk: GenerateAsync (1,0,-1)
[+01:45:19.688] VoxelMesh: Chunk X=0 Y=0 Z=0 FlatVerts=624 SlopeVerts=25128
[+01:45:19.708] VoxelChunk: GenerateAsync (1,-1,1)
[+01:45:19.709] VoxelMesh: Chunk X=1 Y=-1 Z=1 FlatVerts=0 SlopeVerts=1428
[+01:45:19.795] VoxelMesh: Chunk X=0 Y=0 Z=0 FlatVerts=750 SlopeVerts=21078
[+01:45:19.811] VoxelChunk: GenerateAsync (0,-1,1)
[+01:45:19.812] VoxelMesh: Chunk X=0 Y=-1 Z=1 FlatVerts=486 SlopeVerts=3702
[+01:45:19.899] VoxelMesh: Chunk X=0 Y=0 Z=0 FlatVerts=4368 SlopeVerts=1584
[+01:45:19.906] VoxelChunk: GenerateAsync (-1,-1,-1)
[+01:45:20.003] VoxelChunk: GenerateAsync (1,0,-2)
[+01:45:20.106] VoxelChunk: GenerateAsync (2,0,-2)
[+01:45:20.207] VoxelChunk: GenerateAsync (0,-1,-2)
[+01:45:20.310] VoxelChunk: GenerateAsync (1,-1,-2)
[+01:45:20.412] VoxelChunk: GenerateAsync (-1,-2,-2)
[+01:45:20.516] VoxelChunk: GenerateAsync (-2,-2,-2)
[+01:45:20.619] VoxelChunk: GenerateAsync (2,-1,-2)
[+01:45:20.720] VoxelChunk: GenerateAsync (0,1,-2)
[+01:45:20.820] VoxelChunk: GenerateAsync (1,1,-2)
[+01:45:20.922] VoxelChunk: GenerateAsync (1,-2,-2)
[+01:45:21.024] VoxelChunk: GenerateAsync (2,1,-2)
[+01:45:21.126] VoxelChunk: GenerateAsync (-2,2,-2)
[+01:45:21.226] VoxelChunk: GenerateAsync (-2,0,-2)
[+01:45:21.327] VoxelChunk: GenerateAsync (-2,-1,-2)
[+01:45:21.430] VoxelChunk: GenerateAsync (-1,2,-2)
[+01:45:21.532] VoxelChunk: GenerateAsync (0,2,-2)
[+01:45:21.633] VoxelChunk: GenerateAsync (-1,0,-2)
[+01:45:21.734] VoxelChunk: GenerateAsync (1,2,-2)
[+01:45:21.837] VoxelChunk: GenerateAsync (2,2,-2)
[+01:45:21.938] VoxelChunk: GenerateAsync (0,0,-2)
[+01:45:22.043] VoxelChunk: GenerateAsync (-1,-1,-2)
[+01:45:22.148] VoxelChunk: GenerateAsync (2,-2,-2)
[+01:45:22.252] VoxelChunk: GenerateAsync (0,-2,-2)
[+01:45:22.354] VoxelChunk: GenerateAsync (-2,1,-2)
[+01:45:22.454] VoxelChunk: GenerateAsync (-1,1,-2)
[+01:45:22.555] VoxelMesh: Chunk X=0 Y=0 Z=0 FlatVerts=0 SlopeVerts=6
[+01:45:22.556] VoxelChunk: GenerateAsync (1,2,2)
[+01:45:22.660] VoxelMesh: Chunk X=0 Y=0 Z=0 FlatVerts=2976 SlopeVerts=1854
[+01:45:22.666] VoxelChunk: GenerateAsync (2,1,-1)
[+01:45:22.760] VoxelMesh: Chunk X=0 Y=0 Z=0 FlatVerts=0 SlopeVerts=0
[+01:45:22.760] VoxelChunk: GenerateAsync (-2,1,1)
[+01:45:22.864] VoxelMesh: Chunk X=0 Y=0 Z=0 FlatVerts=3294 SlopeVerts=1062
[+01:45:22.870] VoxelChunk: GenerateAsync (-2,-2,-1)
[+01:45:22.977] VoxelChunk: GenerateAsync (1,-2,-1)
[+01:45:23.072] VoxelChunk: GenerateAsync (-2,1,2)
[+01:45:23.174] VoxelMesh: Chunk X=0 Y=0 Z=0 FlatVerts=36 SlopeVerts=25776
[+01:45:23.195] VoxelChunk: GenerateAsync (0,-2,2)
[+01:45:23.197] VoxelMesh: Chunk X=0 Y=-2 Z=2 FlatVerts=24 SlopeVerts=3570
[+01:45:23.275] VoxelMesh: Chunk X=0 Y=0 Z=0 FlatVerts=54 SlopeVerts=924
[+01:45:23.276] VoxelChunk: GenerateAsync (-2,2,1)
[+01:45:23.277] VoxelMesh: Chunk X=-2 Y=2 Z=1 FlatVerts=0 SlopeVerts=0
[+01:45:23.379] VoxelMesh: Chunk X=0 Y=0 Z=0 FlatVerts=630 SlopeVerts=23292
[+01:45:23.397] VoxelChunk: GenerateAsync (2,-1,1)
[+01:45:23.398] VoxelMesh: Chunk X=2 Y=-1 Z=1 FlatVerts=72 SlopeVerts=1908
[+01:45:23.485] VoxelMesh: Chunk X=0 Y=0 Z=0 FlatVerts=7182 SlopeVerts=1068
[+01:45:23.494] VoxelChunk: GenerateAsync (-2,-1,-1)
[+01:45:23.590] VoxelMesh: Chunk X=0 Y=0 Z=0 FlatVerts=72 SlopeVerts=3336
[+01:45:23.592] VoxelChunk: GenerateAsync (1,-2,0)
[+01:45:23.693] VoxelChunk: GenerateAsync (0,1,2)
[+01:45:23.796] VoxelMesh: Chunk X=0 Y=0 Z=0 FlatVerts=1716 SlopeVerts=11262
[+01:45:23.805] VoxelChunk: GenerateAsync (2,0,0)
[+01:45:23.807] VoxelMesh: Chunk X=2 Y=0 Z=0 FlatVerts=6 SlopeVerts=30
[+01:45:23.901] VoxelMesh: Chunk X=0 Y=0 Z=0 FlatVerts=18 SlopeVerts=24204
[+01:45:23.918] VoxelChunk: GenerateAsync (1,-2,2)
[+01:45:23.919] VoxelMesh: Chunk X=1 Y=-2 Z=2 FlatVerts=0 SlopeVerts=294
[+01:45:24.002] VoxelChunk: GenerateAsync (-2,0,2)
[+01:45:24.103] VoxelMesh: Chunk X=0 Y=0 Z=0 FlatVerts=6 SlopeVerts=420
[+01:45:24.104] VoxelChunk: GenerateAsync (0,2,1)
[+01:45:24.207] VoxelMesh: Chunk X=0 Y=0 Z=0 FlatVerts=516 SlopeVerts=16914
[+01:45:24.220] VoxelChunk: GenerateAsync (0,-2,1)
[+01:45:24.220] VoxelMesh: Chunk X=0 Y=-2 Z=1 FlatVerts=0 SlopeVerts=912
[+01:45:24.305] VoxelMesh: Chunk X=0 Y=0 Z=0 FlatVerts=0 SlopeVerts=378
[+01:45:24.307] VoxelChunk: GenerateAsync (1,1,2)
[+01:45:24.413] VoxelMesh: Chunk X=0 Y=0 Z=0 FlatVerts=312 SlopeVerts=1098
[+01:45:24.414] VoxelChunk: GenerateAsync (2,0,-1)
[+01:45:24.516] VoxelMesh: Chunk X=0 Y=0 Z=0 FlatVerts=1314 SlopeVerts=12990
[+01:45:24.525] VoxelChunk: GenerateAsync (-2,-2,1)
[+01:45:24.527] VoxelMesh: Chunk X=-2 Y=-2 Z=1 FlatVerts=588 SlopeVerts=3888
[+01:45:24.622] VoxelMesh: Chunk X=0 Y=0 Z=0 FlatVerts=4680 SlopeVerts=9822
[+01:45:24.634] VoxelChunk: GenerateAsync (-2,-2,0)
[+01:45:24.635] VoxelMesh: Chunk X=-2 Y=-2 Z=0 FlatVerts=288 SlopeVerts=36
[+01:45:24.733] VoxelMesh: Chunk X=0 Y=0 Z=0 FlatVerts=72 SlopeVerts=4224
[+01:45:24.736] VoxelChunk: GenerateAsync (2,-2,0)
[+01:45:24.830] VoxelMesh: Chunk X=0 Y=0 Z=0 FlatVerts=8490 SlopeVerts=1872
[+01:45:24.842] VoxelChunk: GenerateAsync (-2,2,0)
[+01:45:24.842] VoxelMesh: Chunk X=-2 Y=2 Z=0 FlatVerts=2304 SlopeVerts=6
[+01:45:24.939] VoxelMesh: Chunk X=0 Y=0 Z=0 FlatVerts=0 SlopeVerts=6
[+01:45:24.940] VoxelChunk: GenerateAsync (0,-2,-1)
[+01:45:25.043] VoxelMesh: Chunk X=0 Y=0 Z=0 FlatVerts=5136 SlopeVerts=6684
[+01:45:25.053] VoxelChunk: GenerateAsync (2,2,1)
[+01:45:25.053] VoxelMesh: Chunk X=2 Y=2 Z=1 FlatVerts=0 SlopeVerts=288
[+01:45:25.149] VoxelMesh: Chunk X=0 Y=0 Z=0 FlatVerts=8010 SlopeVerts=1140
[+01:45:25.159] VoxelChunk: GenerateAsync (1,2,-1)
[+01:45:25.252] VoxelMesh: Chunk X=0 Y=0 Z=0 FlatVerts=9666 SlopeVerts=6
[+01:45:25.265] VoxelChunk: GenerateAsync (-2,1,0)
[+01:45:25.265] VoxelMesh: Chunk X=-2 Y=1 Z=0 FlatVerts=2628 SlopeVerts=0
[+01:45:25.361] VoxelMesh: Chunk X=0 Y=0 Z=0 FlatVerts=78 SlopeVerts=26088
[+01:45:25.381] VoxelChunk: GenerateAsync (2,-2,2)
[+01:45:25.383] VoxelMesh: Chunk X=2 Y=-2 Z=2 FlatVerts=0 SlopeVerts=18
[+01:45:25.466] VoxelMesh: Chunk X=0 Y=0 Z=0 FlatVerts=6 SlopeVerts=2988
[+01:45:25.468] VoxelChunk: GenerateAsync (-1,-1,2)
[+01:45:25.569] VoxelMesh: Chunk X=0 Y=0 Z=0 FlatVerts=0 SlopeVerts=60
[+01:45:25.570] VoxelChunk: GenerateAsync (-1,0,2)
[+01:45:25.672] VoxelMesh: Chunk X=0 Y=0 Z=0 FlatVerts=9126 SlopeVerts=4128
[+01:45:25.686] VoxelChunk: GenerateAsync (1,2,0)
[+01:45:25.686] VoxelMesh: Chunk X=1 Y=2 Z=0 FlatVerts=2616 SlopeVerts=0
[+01:45:25.773] VoxelMesh: Chunk X=0 Y=0 Z=0 FlatVerts=9156 SlopeVerts=0
[+01:45:25.781] VoxelChunk: GenerateAsync (-1,2,-1)
[+01:45:25.882] VoxelMesh: Chunk X=0 Y=0 Z=0 FlatVerts=8436 SlopeVerts=948
[+01:45:25.893] VoxelChunk: GenerateAsync (-2,2,-1)
[+01:45:25.988] VoxelMesh: Chunk X=0 Y=0 Z=0 FlatVerts=72 SlopeVerts=10068
[+01:45:25.995] VoxelChunk: GenerateAsync (1,-2,1)
[+01:45:26.088] VoxelMesh: Chunk X=0 Y=0 Z=0 FlatVerts=9648 SlopeVerts=672
[+01:45:26.101] VoxelChunk: GenerateAsync (0,2,0)
[+01:45:26.102] VoxelMesh: Chunk X=0 Y=2 Z=0 FlatVerts=2640 SlopeVerts=0
[+01:45:26.197] VoxelMesh: Chunk X=0 Y=0 Z=0 FlatVerts=228 SlopeVerts=2514
[+01:45:26.199] VoxelChunk: GenerateAsync (2,1,2)
[+01:45:26.200] VoxelMesh: Chunk X=2 Y=1 Z=2 FlatVerts=0 SlopeVerts=372
[+01:45:26.302] VoxelMesh: Chunk X=0 Y=0 Z=0 FlatVerts=1602 SlopeVerts=23772
[+01:45:26.323] VoxelChunk: GenerateAsync (2,0,1)
[+01:45:26.323] VoxelMesh: Chunk X=2 Y=0 Z=1 FlatVerts=342 SlopeVerts=2808
[+01:45:26.404] VoxelMesh: Chunk X=0 Y=0 Z=0 FlatVerts=468 SlopeVerts=6486
[+01:45:26.408] VoxelChunk: GenerateAsync (2,-1,0)
[+01:45:26.502] VoxelMesh: Chunk X=0 Y=0 Z=0 FlatVerts=1116 SlopeVerts=2994
[+01:45:26.505] VoxelChunk: GenerateAsync (1,2,1)
[+01:45:26.609] VoxelMesh: Chunk X=0 Y=0 Z=0 FlatVerts=1194 SlopeVerts=19944
[+01:45:26.626] VoxelChunk: GenerateAsync (-1,-2,1)
[+01:45:26.627] VoxelMesh: Chunk X=-1 Y=-2 Z=1 FlatVerts=258 SlopeVerts=3240
[+01:45:26.718] VoxelMesh: Chunk X=0 Y=0 Z=0 FlatVerts=126 SlopeVerts=13506
[+01:45:26.726] VoxelChunk: GenerateAsync (2,-2,1)
[+01:45:26.818] VoxelMesh: Chunk X=0 Y=0 Z=0 FlatVerts=546 SlopeVerts=1626
[+01:45:26.821] VoxelChunk: GenerateAsync (-2,-1,1)
[+01:45:26.822] VoxelMesh: Chunk X=-2 Y=-1 Z=1 FlatVerts=72 SlopeVerts=216
[+01:45:26.923] VoxelMesh: Chunk X=0 Y=0 Z=0 FlatVerts=5208 SlopeVerts=11892
[+01:45:26.939] VoxelChunk: GenerateAsync (2,1,0)
[+01:45:26.941] VoxelMesh: Chunk X=2 Y=1 Z=0 FlatVerts=258 SlopeVerts=282
[+01:45:27.024] VoxelMesh: Chunk X=0 Y=0 Z=0 FlatVerts=0 SlopeVerts=0
[+01:45:27.024] VoxelChunk: GenerateAsync (-2,0,1)
[+01:45:27.128] VoxelMesh: Chunk X=0 Y=0 Z=0 FlatVerts=204 SlopeVerts=29934
[+01:45:27.149] VoxelChunk: GenerateAsync (2,-1,2)
[+01:45:27.150] VoxelMesh: Chunk X=2 Y=-1 Z=2 FlatVerts=0 SlopeVerts=2310
[+01:45:27.232] VoxelMesh: Chunk X=0 Y=0 Z=0 FlatVerts=0 SlopeVerts=10098
[+01:45:27.238] VoxelChunk: GenerateAsync (1,0,2)
[+01:45:27.240] VoxelMesh: Chunk X=1 Y=0 Z=2 FlatVerts=0 SlopeVerts=1794
[+01:45:27.334] VoxelMesh: Chunk X=0 Y=0 Z=0 FlatVerts=7788 SlopeVerts=2634
[+01:45:27.345] VoxelChunk: GenerateAsync (-2,-1,0)
[+01:45:27.346] VoxelMesh: Chunk X=-2 Y=-1 Z=0 FlatVerts=2010 SlopeVerts=276
[+01:45:27.442] VoxelMesh: Chunk X=0 Y=0 Z=0 FlatVerts=2436 SlopeVerts=12558
[+01:45:27.453] VoxelChunk: GenerateAsync (2,1,1)
[+01:45:27.454] VoxelMesh: Chunk X=2 Y=1 Z=1 FlatVerts=792 SlopeVerts=3108
[+01:45:27.549] VoxelChunk: GenerateAsync (-1,2,1)
[+01:45:27.652] VoxelMesh: Chunk X=0 Y=0 Z=0 FlatVerts=9186 SlopeVerts=48
[+01:45:27.664] VoxelChunk: GenerateAsync (-2,0,0)
[+01:45:27.664] VoxelMesh: Chunk X=-2 Y=0 Z=0 FlatVerts=2028 SlopeVerts=0
[+01:45:27.758] VoxelMesh: Chunk X=0 Y=0 Z=0 FlatVerts=9642 SlopeVerts=252
[+01:45:27.770] VoxelChunk: GenerateAsync (0,2,-1)
[+01:45:27.866] VoxelMesh: Chunk X=0 Y=0 Z=0 FlatVerts=3594 SlopeVerts=1350
[+01:45:27.871] VoxelChunk: GenerateAsync (2,2,-1)
[+01:45:27.964] VoxelMesh: Chunk X=0 Y=0 Z=0 FlatVerts=9666 SlopeVerts=6
[+01:45:27.976] VoxelChunk: GenerateAsync (-2,1,-1)
[+01:45:28.070] VoxelMesh: Chunk X=0 Y=0 Z=0 FlatVerts=18 SlopeVerts=4632
[+01:45:28.073] VoxelChunk: GenerateAsync (-2,-2,2)
[+01:45:28.074] VoxelMesh: Chunk X=-2 Y=-2 Z=2 FlatVerts=0 SlopeVerts=0
[+01:45:28.177] VoxelMesh: Chunk X=0 Y=0 Z=0 FlatVerts=1002 SlopeVerts=750
[+01:45:28.178] VoxelChunk: GenerateAsync (-1,-2,-1)
[+01:45:28.284] VoxelChunk: GenerateAsync (2,-2,-1)
[+01:45:28.386] VoxelChunk: GenerateAsync (-2,-1,2)
[+01:45:28.488] VoxelMesh: Chunk X=0 Y=0 Z=0 FlatVerts=6 SlopeVerts=14418
[+01:45:28.496] VoxelChunk: GenerateAsync (0,-1,2)
[+01:45:28.498] VoxelMesh: Chunk X=0 Y=-1 Z=2 FlatVerts=6 SlopeVerts=2898
[+01:45:28.593] VoxelMesh: Chunk X=0 Y=0 Z=0 FlatVerts=0 SlopeVerts=24582
[+01:45:28.610] VoxelChunk: GenerateAsync (1,-1,2)
[+01:45:28.612] VoxelMesh: Chunk X=1 Y=-1 Z=2 FlatVerts=0 SlopeVerts=4110
[+01:45:28.698] VoxelMesh: Chunk X=0 Y=0 Z=0 FlatVerts=0 SlopeVerts=1932
[+01:45:28.700] VoxelChunk: GenerateAsync (0,0,2)
[+01:45:28.701] VoxelMesh: Chunk X=0 Y=0 Z=2 FlatVerts=0 SlopeVerts=60
[+01:45:28.804] VoxelMesh: Chunk X=0 Y=0 Z=0 FlatVerts=264 SlopeVerts=19056
[+01:45:28.818] VoxelChunk: GenerateAsync (2,0,2)
[+01:45:28.819] VoxelMesh: Chunk X=2 Y=0 Z=2 FlatVerts=0 SlopeVerts=5784
[+01:45:28.909] VoxelMesh: Chunk X=0 Y=0 Z=0 FlatVerts=6864 SlopeVerts=7164
[+01:45:28.922] VoxelChunk: GenerateAsync (2,2,0)
[+01:45:28.922] VoxelMesh: Chunk X=2 Y=2 Z=0 FlatVerts=2250 SlopeVerts=318
[+01:45:29.010] VoxelChunk: GenerateAsync (-1,1,2)
[+01:45:29.115] VoxelMesh: Chunk X=0 Y=0 Z=0 FlatVerts=9186 SlopeVerts=48
[+01:45:29.126] VoxelChunk: GenerateAsync (-2,0,-1)
[+01:45:29.222] VoxelMesh: Chunk X=0 Y=0 Z=0 FlatVerts=6 SlopeVerts=30
[+01:45:29.222] VoxelChunk: GenerateAsync (2,-1,-1)
[+01:45:29.320] VoxelChunk: GenerateAsync (0,2,2)
[+01:45:29.422] VoxelMesh: Chunk X=0 Y=0 Z=0 FlatVerts=1722 SlopeVerts=1014
[+01:45:29.426] VoxelChunk: GenerateAsync (2,2,2)
[+01:45:29.542] VoxelMesh: Chunk X=0 Y=0 Z=0 FlatVerts=48 SlopeVerts=16122
[+01:45:29.552] VoxelChunk: GenerateAsync (-1,-2,2)
[+01:45:29.552] VoxelMesh: Chunk X=-1 Y=-2 Z=2 FlatVerts=18 SlopeVerts=4140
[+01:45:29.648] VoxelMesh: Chunk X=0 Y=0 Z=0 FlatVerts=9156 SlopeVerts=0
[+01:45:29.655] VoxelChunk: GenerateAsync (-1,2,0)
[+01:45:29.656] VoxelMesh: Chunk X=-1 Y=2 Z=0 FlatVerts=2346 SlopeVerts=0
[+01:45:29.749] VoxelMesh: Chunk X=0 Y=0 Z=0 FlatVerts=2166 SlopeVerts=10068
[+01:45:29.758] VoxelChunk: GenerateAsync (-1,-2,0)
[+01:45:29.760] VoxelMesh: Chunk X=-1 Y=-2 Z=0 FlatVerts=0 SlopeVerts=0
[+01:45:29.860] VoxelMesh: Chunk X=0 Y=0 Z=0 FlatVerts=486 SlopeVerts=6048
[+01:45:29.866] VoxelChunk: GenerateAsync (0,-2,0)
[+01:45:29.962] VoxelChunk: GenerateAsync (-2,2,2)
[+01:45:30.283] VoxelChunk: GenerateAsync (-1,2,2)
[+01:45:30.620] VoxelChunk: GenerateAsync (3,2,-2)
[+01:45:30.950] VoxelMesh: Chunk X=0 Y=0 Z=0 FlatVerts=726 SlopeVerts=8364
[+01:45:30.956] VoxelChunk: GenerateAsync (-3,2,1)
[+01:45:30.958] VoxelMesh: Chunk X=-3 Y=2 Z=1 FlatVerts=570 SlopeVerts=1806
[+01:45:31.288] VoxelMesh: Chunk X=0 Y=0 Z=0 FlatVerts=5076 SlopeVerts=1878
[+01:45:31.295] VoxelChunk: GenerateAsync (-3,2,-1)
[+01:45:31.621] VoxelMesh: Chunk X=0 Y=0 Z=0 FlatVerts=1434 SlopeVerts=13416
[+01:45:31.633] VoxelChunk: GenerateAsync (-3,3,1)
[+01:45:31.634] VoxelMesh: Chunk X=-3 Y=3 Z=1 FlatVerts=90 SlopeVerts=2346
[+01:45:31.724] VoxelMesh: Chunk X=0 Y=0 Z=0 FlatVerts=1620 SlopeVerts=3408
[+01:45:31.729] VoxelChunk: GenerateAsync (-1,3,1)
[+01:45:31.831] VoxelChunk: GenerateAsync (-3,2,-2)
[+01:45:31.934] VoxelChunk: GenerateAsync (-3,-3,-2)
[+01:45:32.035] VoxelMesh: Chunk X=0 Y=0 Z=0 FlatVerts=8046 SlopeVerts=7128
[+01:45:32.050] VoxelChunk: GenerateAsync (2,3,1)
[+01:45:32.051] VoxelMesh: Chunk X=2 Y=3 Z=1 FlatVerts=1110 SlopeVerts=2280
[+01:45:32.138] VoxelMesh: Chunk X=0 Y=0 Z=0 FlatVerts=10056 SlopeVerts=1944
[+01:45:32.152] VoxelChunk: GenerateAsync (3,3,1)
[+01:45:32.153] VoxelMesh: Chunk X=3 Y=3 Z=1 FlatVerts=942 SlopeVerts=810
[+01:45:32.243] VoxelChunk: GenerateAsync (-1,-3,-2)
[+01:45:32.347] VoxelChunk: GenerateAsync (3,-1,-1)
[+01:45:32.447] VoxelMesh: Chunk X=0 Y=0 Z=0 FlatVerts=138 SlopeVerts=12354
[+01:45:32.455] VoxelChunk: GenerateAsync (-2,-3,2)
[+01:45:32.456] VoxelMesh: Chunk X=-2 Y=-3 Z=2 FlatVerts=0 SlopeVerts=468
[+01:45:32.553] VoxelMesh: Chunk X=0 Y=0 Z=0 FlatVerts=126 SlopeVerts=32130
[+01:45:32.577] VoxelChunk: GenerateAsync (0,-3,2)
[+01:45:32.579] VoxelMesh: Chunk X=0 Y=-3 Z=2 FlatVerts=0 SlopeVerts=3948
[+01:45:32.655] VoxelMesh: Chunk X=0 Y=0 Z=0 FlatVerts=2160 SlopeVerts=6666
[+01:45:32.662] VoxelChunk: GenerateAsync (3,0,0)
[+01:45:32.756] VoxelMesh: Chunk X=0 Y=0 Z=0 FlatVerts=8682 SlopeVerts=3246
[+01:45:32.770] VoxelChunk: GenerateAsync (-3,1,0)
[+01:45:32.771] VoxelMesh: Chunk X=-3 Y=1 Z=0 FlatVerts=2196 SlopeVerts=564
[+01:45:32.862] VoxelMesh: Chunk X=0 Y=0 Z=0 FlatVerts=150 SlopeVerts=25734
[+01:45:32.880] VoxelChunk: GenerateAsync (3,-3,2)
[+01:45:32.880] VoxelMesh: Chunk X=3 Y=-3 Z=2 FlatVerts=0 SlopeVerts=0
[+01:45:32.964] VoxelMesh: Chunk X=0 Y=0 Z=0 FlatVerts=42 SlopeVerts=510
[+01:45:32.966] VoxelChunk: GenerateAsync (-3,-2,2)
[+01:45:32.966] VoxelMesh: Chunk X=-3 Y=-2 Z=2 FlatVerts=42 SlopeVerts=510
[+01:45:33.067] VoxelMesh: Chunk X=0 Y=0 Z=0 FlatVerts=9204 SlopeVerts=564
[+01:45:33.079] VoxelChunk: GenerateAsync (-3,0,-1)
[+01:45:33.173] VoxelChunk: GenerateAsync (3,1,-2)
[+01:45:33.274] VoxelChunk: GenerateAsync (-3,1,-2)
[+01:45:33.376] VoxelMesh: Chunk X=0 Y=0 Z=0 FlatVerts=426 SlopeVerts=462
[+01:45:33.377] VoxelChunk: GenerateAsync (3,2,-1)
[+01:45:33.478] VoxelMesh: Chunk X=0 Y=0 Z=0 FlatVerts=120 SlopeVerts=20628
[+01:45:33.492] VoxelChunk: GenerateAsync (3,-2,2)
[+01:45:33.493] VoxelMesh: Chunk X=3 Y=-2 Z=2 FlatVerts=54 SlopeVerts=3786
[+01:45:33.584] VoxelChunk: GenerateAsync (3,0,-2)
[+01:45:33.684] VoxelChunk: GenerateAsync (-3,-1,2)
[+01:45:33.785] VoxelMesh: Chunk X=0 Y=0 Z=0 FlatVerts=2196 SlopeVerts=1782
[+01:45:33.790] VoxelChunk: GenerateAsync (-3,3,-1)
[+01:45:33.891] VoxelMesh: Chunk X=0 Y=0 Z=0 FlatVerts=3948 SlopeVerts=1074
[+01:45:33.897] VoxelChunk: GenerateAsync (-3,-2,-1)
[+01:45:33.999] VoxelMesh: Chunk X=0 Y=0 Z=0 FlatVerts=5952 SlopeVerts=9618
[+01:45:34.013] VoxelChunk: GenerateAsync (3,1,0)
[+01:45:34.014] VoxelMesh: Chunk X=3 Y=1 Z=0 FlatVerts=48 SlopeVerts=786
[+01:45:34.101] VoxelMesh: Chunk X=0 Y=0 Z=0 FlatVerts=5790 SlopeVerts=6954
[+01:45:34.116] VoxelChunk: GenerateAsync (-3,2,0)
[+01:45:34.116] VoxelMesh: Chunk X=-3 Y=2 Z=0 FlatVerts=990 SlopeVerts=864
[+01:45:34.204] VoxelMesh: Chunk X=0 Y=0 Z=0 FlatVerts=5478 SlopeVerts=2292
[+01:45:34.212] VoxelChunk: GenerateAsync (-2,3,-1)
[+01:45:34.303] VoxelChunk: GenerateAsync (-3,0,2)
[+01:45:34.404] VoxelMesh: Chunk X=0 Y=0 Z=0 FlatVerts=6162 SlopeVerts=1032
[+01:45:34.412] VoxelChunk: GenerateAsync (-1,3,-1)
[+01:45:34.505] VoxelMesh: Chunk X=0 Y=0 Z=0 FlatVerts=1614 SlopeVerts=2592
[+01:45:34.510] VoxelChunk: GenerateAsync (-3,-3,-1)
[+01:45:34.854] VoxelMesh: Chunk X=0 Y=0 Z=0 FlatVerts=378 SlopeVerts=17388
[+01:45:34.868] VoxelChunk: GenerateAsync (3,0,2)
[+01:45:34.869] VoxelMesh: Chunk X=3 Y=0 Z=2 FlatVerts=186 SlopeVerts=5556
[+01:45:35.193] VoxelMesh: Chunk X=0 Y=0 Z=0 FlatVerts=5328 SlopeVerts=1086
[+01:45:35.200] VoxelChunk: GenerateAsync (0,3,-1)
[+01:45:35.520] VoxelMesh: Chunk X=0 Y=0 Z=0 FlatVerts=0 SlopeVerts=294
[+01:45:35.520] VoxelChunk: GenerateAsync (-3,1,2)
[+01:45:35.855] VoxelMesh: Chunk X=0 Y=0 Z=0 FlatVerts=6792 SlopeVerts=4038
[+01:45:35.867] VoxelChunk: GenerateAsync (3,2,0)
[+01:45:35.868] VoxelMesh: Chunk X=3 Y=2 Z=0 FlatVerts=426 SlopeVerts=462
[+01:45:36.190] VoxelMesh: Chunk X=0 Y=0 Z=0 FlatVerts=3378 SlopeVerts=1194
[+01:45:36.195] VoxelChunk: GenerateAsync (1,3,-1)
[+01:45:36.523] VoxelChunk: GenerateAsync (3,3,-2)
[+01:45:36.857] VoxelChunk: GenerateAsync (3,-2,-1)
[+01:45:37.188] VoxelMesh: Chunk X=0 Y=0 Z=0 FlatVerts=918 SlopeVerts=570
[+01:45:37.192] VoxelChunk: GenerateAsync (2,3,-1)
[+01:45:37.522] VoxelChunk: GenerateAsync (3,3,-1)
[+01:45:37.857] VoxelChunk: GenerateAsync (2,3,-2)
[+01:45:38.188] VoxelMesh: Chunk X=0 Y=0 Z=0 FlatVerts=5826 SlopeVerts=7266
[+01:45:38.200] VoxelChunk: GenerateAsync (1,3,0)
[+01:45:38.200] VoxelMesh: Chunk X=1 Y=3 Z=0 FlatVerts=2226 SlopeVerts=252
[+01:45:38.523] VoxelMesh: Chunk X=0 Y=0 Z=0 FlatVerts=6180 SlopeVerts=4824
[+01:45:38.533] VoxelChunk: GenerateAsync (2,3,0)
[+01:45:38.534] VoxelMesh: Chunk X=2 Y=3 Z=0 FlatVerts=918 SlopeVerts=570
[+01:45:38.855] VoxelMesh: Chunk X=0 Y=0 Z=0 FlatVerts=3846 SlopeVerts=15738
[+01:45:38.872] VoxelChunk: GenerateAsync (-3,-3,0)
[+01:45:38.874] VoxelMesh: Chunk X=-3 Y=-3 Z=0 FlatVerts=168 SlopeVerts=1482
[+01:45:39.191] VoxelMesh: Chunk X=0 Y=0 Z=0 FlatVerts=7740 SlopeVerts=1104
[+01:45:39.200] VoxelChunk: GenerateAsync (3,3,0)
[+01:45:39.522] VoxelMesh: Chunk X=0 Y=0 Z=0 FlatVerts=2100 SlopeVerts=14400
[+01:45:39.535] VoxelChunk: GenerateAsync (-3,-3,1)
[+01:45:39.536] VoxelMesh: Chunk X=-3 Y=-3 Z=1 FlatVerts=414 SlopeVerts=3246
[+01:45:39.858] VoxelMesh: Chunk X=0 Y=0 Z=0 FlatVerts=2418 SlopeVerts=11184
[+01:45:39.868] VoxelChunk: GenerateAsync (-2,-3,0)
[+01:45:39.869] VoxelMesh: Chunk X=-2 Y=-3 Z=0 FlatVerts=912 SlopeVerts=954
[+01:45:40.191] VoxelMesh: Chunk X=0 Y=0 Z=0 FlatVerts=7794 SlopeVerts=918
[+01:45:40.200] VoxelChunk: GenerateAsync (-3,-1,-1)
[+01:45:40.525] VoxelChunk: GenerateAsync (2,-3,-1)
[+01:45:40.857] VoxelMesh: Chunk X=0 Y=0 Z=0 FlatVerts=1242 SlopeVerts=21300
[+01:45:40.875] VoxelChunk: GenerateAsync (-2,-3,1)
[+01:45:40.876] VoxelMesh: Chunk X=-2 Y=-3 Z=1 FlatVerts=270 SlopeVerts=2592
[+01:45:41.192] VoxelMesh: Chunk X=0 Y=0 Z=0 FlatVerts=444 SlopeVerts=22860
[+01:45:41.209] VoxelChunk: GenerateAsync (-1,-3,1)
[+01:45:41.210] VoxelMesh: Chunk X=-1 Y=-3 Z=1 FlatVerts=6 SlopeVerts=570
[+01:45:41.524] VoxelMesh: Chunk X=0 Y=0 Z=0 FlatVerts=276 SlopeVerts=4824
[+01:45:41.527] VoxelChunk: GenerateAsync (-1,-3,0)
[+01:45:41.856] VoxelMesh: Chunk X=0 Y=0 Z=0 FlatVerts=84 SlopeVerts=11502
[+01:45:41.865] VoxelChunk: GenerateAsync (0,-3,1)
[+01:45:41.866] VoxelMesh: Chunk X=0 Y=-3 Z=1 FlatVerts=12 SlopeVerts=102
[+01:45:42.193] VoxelMesh: Chunk X=0 Y=0 Z=0 FlatVerts=48 SlopeVerts=3264
[+01:45:42.196] VoxelChunk: GenerateAsync (1,-3,1)
[+01:45:42.197] VoxelMesh: Chunk X=1 Y=-3 Z=1 FlatVerts=36 SlopeVerts=186
[+01:45:42.528] VoxelMesh: Chunk X=0 Y=0 Z=0 FlatVerts=6516 SlopeVerts=11316
[+01:45:42.553] VoxelChunk: GenerateAsync (3,1,1)
[+01:45:42.554] VoxelMesh: Chunk X=3 Y=1 Z=1 FlatVerts=198 SlopeVerts=4230
[+01:45:42.866] VoxelMesh: Chunk X=0 Y=0 Z=0 FlatVerts=48 SlopeVerts=1200
[+01:45:42.867] VoxelChunk: GenerateAsync (0,-3,0)
[+01:45:43.194] VoxelMesh: Chunk X=0 Y=0 Z=0 FlatVerts=48 SlopeVerts=786
[+01:45:43.195] VoxelChunk: GenerateAsync (3,0,-1)
[+01:45:43.525] VoxelMesh: Chunk X=0 Y=0 Z=0 FlatVerts=54 SlopeVerts=4698
[+01:45:43.528] VoxelChunk: GenerateAsync (2,-3,1)
[+01:45:43.860] VoxelMesh: Chunk X=0 Y=0 Z=0 FlatVerts=72 SlopeVerts=5550
[+01:45:43.864] VoxelChunk: GenerateAsync (3,-3,1)
[+01:45:44.195] VoxelMesh: Chunk X=0 Y=0 Z=0 FlatVerts=36 SlopeVerts=186
[+01:45:44.196] VoxelChunk: GenerateAsync (1,-3,0)
[+01:45:44.523] VoxelMesh: Chunk X=0 Y=0 Z=0 FlatVerts=1656 SlopeVerts=9546
[+01:45:44.531] VoxelChunk: GenerateAsync (-3,-2,1)
[+01:45:44.532] VoxelMesh: Chunk X=-3 Y=-2 Z=1 FlatVerts=798 SlopeVerts=3582
[+01:45:44.861] VoxelMesh: Chunk X=0 Y=0 Z=0 FlatVerts=9498 SlopeVerts=4554
[+01:45:44.876] VoxelChunk: GenerateAsync (3,2,1)
[+01:45:44.876] VoxelMesh: Chunk X=3 Y=2 Z=1 FlatVerts=1230 SlopeVerts=2424
[+01:45:45.200] VoxelMesh: Chunk X=0 Y=0 Z=0 FlatVerts=0 SlopeVerts=618
[+01:45:45.201] VoxelChunk: GenerateAsync (2,-3,0)
[+01:45:45.524] VoxelMesh: Chunk X=0 Y=0 Z=0 FlatVerts=1410 SlopeVerts=5418
[+01:45:45.530] VoxelChunk: GenerateAsync (-2,3,1)
[+01:45:45.531] VoxelMesh: Chunk X=-2 Y=3 Z=1 FlatVerts=54 SlopeVerts=924
[+01:45:45.857] VoxelMesh: Chunk X=0 Y=0 Z=0 FlatVerts=8112 SlopeVerts=1440
[+01:45:45.868] VoxelChunk: GenerateAsync (-3,1,-1)
[+01:45:46.191] VoxelMesh: Chunk X=0 Y=0 Z=0 FlatVerts=1854 SlopeVerts=6132
[+01:45:46.197] VoxelChunk: GenerateAsync (0,3,1)
[+01:45:46.523] VoxelMesh: Chunk X=0 Y=0 Z=0 FlatVerts=3642 SlopeVerts=9456
[+01:45:46.535] VoxelChunk: GenerateAsync (1,3,1)
[+01:45:46.535] VoxelMesh: Chunk X=1 Y=3 Z=1 FlatVerts=6 SlopeVerts=420
[+01:45:46.860] VoxelMesh: Chunk X=0 Y=0 Z=0 FlatVerts=0 SlopeVerts=618
[+01:45:46.861] VoxelChunk: GenerateAsync (3,-3,0)
[+01:45:47.191] VoxelMesh: Chunk X=0 Y=0 Z=0 FlatVerts=5700 SlopeVerts=9972
[+01:45:47.204] VoxelChunk: GenerateAsync (-3,-2,0)
[+01:45:47.205] VoxelMesh: Chunk X=-3 Y=-2 Z=0 FlatVerts=252 SlopeVerts=114
[+01:45:47.527] VoxelMesh: Chunk X=0 Y=0 Z=0 FlatVerts=42 SlopeVerts=1080
[+01:45:47.528] VoxelChunk: GenerateAsync (-3,-3,2)
[+01:45:47.529] VoxelMesh: Chunk X=-3 Y=-3 Z=2 FlatVerts=0 SlopeVerts=102
[+01:45:47.859] VoxelMesh: Chunk X=0 Y=0 Z=0 FlatVerts=72 SlopeVerts=9594
[+01:45:47.865] VoxelChunk: GenerateAsync (3,-2,1)
[+01:45:47.866] VoxelMesh: Chunk X=3 Y=-2 Z=1 FlatVerts=0 SlopeVerts=618
[+01:45:48.193] VoxelMesh: Chunk X=0 Y=0 Z=0 FlatVerts=168 SlopeVerts=31290
[+01:45:48.216] VoxelChunk: GenerateAsync (-1,-3,2)
[+01:45:48.217] VoxelMesh: Chunk X=-1 Y=-3 Z=2 FlatVerts=126 SlopeVerts=6378
[+01:45:48.528] VoxelMesh: Chunk X=0 Y=0 Z=0 FlatVerts=294 SlopeVerts=1500
[+01:45:48.531] VoxelChunk: GenerateAsync (-3,-1,1)
[+01:45:48.532] VoxelMesh: Chunk X=-3 Y=-1 Z=1 FlatVerts=228 SlopeVerts=1278
[+01:45:48.861] VoxelMesh: Chunk X=0 Y=0 Z=0 FlatVerts=180 SlopeVerts=21294
[+01:45:48.878] VoxelChunk: GenerateAsync (1,-3,2)
[+01:45:48.878] VoxelMesh: Chunk X=1 Y=-3 Z=2 FlatVerts=12 SlopeVerts=2490
[+01:45:49.193] VoxelMesh: Chunk X=0 Y=0 Z=0 FlatVerts=180 SlopeVerts=22656
[+01:45:49.210] VoxelChunk: GenerateAsync (2,-3,2)
[+01:45:49.211] VoxelMesh: Chunk X=2 Y=-3 Z=2 FlatVerts=0 SlopeVerts=276
[+01:45:49.525] VoxelChunk: GenerateAsync (-3,0,-2)
[+01:45:49.858] VoxelChunk: GenerateAsync (1,3,-2)
[+01:45:50.194] VoxelChunk: GenerateAsync (0,-3,-1)
[+01:45:50.526] VoxelChunk: GenerateAsync (3,-1,-2)
[+01:45:50.858] VoxelChunk: GenerateAsync (-3,-1,-2)
[+01:45:51.193] VoxelMesh: Chunk X=0 Y=0 Z=0 FlatVerts=222 SlopeVerts=12822
[+01:45:51.200] VoxelChunk: GenerateAsync (3,-1,1)
[+01:45:51.202] VoxelMesh: Chunk X=3 Y=-1 Z=1 FlatVerts=0 SlopeVerts=1698
[+01:45:51.526] VoxelChunk: GenerateAsync (0,3,-2)
[+01:45:51.856] VoxelMesh: Chunk X=0 Y=0 Z=0 FlatVerts=0 SlopeVerts=0
[+01:45:51.856] VoxelChunk: GenerateAsync (-3,0,1)
[+01:45:52.194] VoxelChunk: GenerateAsync (3,-2,-2)
[+01:45:52.528] VoxelChunk: GenerateAsync (-3,-2,-2)
[+01:45:52.860] VoxelMesh: Chunk X=0 Y=0 Z=0 FlatVerts=0 SlopeVerts=2316
[+01:45:52.861] VoxelChunk: GenerateAsync (3,-2,0)
[+01:45:53.191] VoxelChunk: GenerateAsync (-1,3,-2)
[+01:45:53.526] VoxelMesh: Chunk X=0 Y=0 Z=0 FlatVerts=0 SlopeVerts=0
[+01:45:53.526] VoxelChunk: GenerateAsync (-1,-3,-1)
[+01:45:53.860] VoxelChunk: GenerateAsync (3,-3,-2)
[+01:45:54.192] VoxelMesh: Chunk X=0 Y=0 Z=0 FlatVerts=264 SlopeVerts=23418
[+01:45:54.208] VoxelChunk: GenerateAsync (3,-1,2)
[+01:45:54.211] VoxelMesh: Chunk X=3 Y=-1 Z=2 FlatVerts=0 SlopeVerts=3168
[+01:45:54.526] VoxelMesh: Chunk X=0 Y=0 Z=0 FlatVerts=8154 SlopeVerts=2352
[+01:45:54.537] VoxelChunk: GenerateAsync (-3,-1,0)
[+01:45:54.538] VoxelMesh: Chunk X=-3 Y=-1 Z=0 FlatVerts=1404 SlopeVerts=642
[+01:45:54.860] VoxelMesh: Chunk X=0 Y=0 Z=0 FlatVerts=2448 SlopeVerts=16194
[+01:45:54.875] VoxelChunk: GenerateAsync (3,0,1)
[+01:45:54.876] VoxelMesh: Chunk X=3 Y=0 Z=1 FlatVerts=18 SlopeVerts=72
[+01:45:55.190] VoxelMesh: Chunk X=0 Y=0 Z=0 FlatVerts=570 SlopeVerts=2100
[+01:45:55.193] VoxelChunk: GenerateAsync (-3,1,1)
[+01:45:55.193] VoxelMesh: Chunk X=-3 Y=1 Z=1 FlatVerts=0 SlopeVerts=0
[+01:45:55.527] VoxelChunk: GenerateAsync (2,-3,-2)
[+01:45:55.858] VoxelChunk: GenerateAsync (-2,3,-2)
[+01:45:56.194] VoxelChunk: GenerateAsync (1,-3,-2)
[+01:45:56.527] VoxelChunk: GenerateAsync (0,-3,-2)
[+01:45:56.859] VoxelChunk: GenerateAsync (-3,3,-2)
[+01:45:57.192] VoxelMesh: Chunk X=0 Y=0 Z=0 FlatVerts=474 SlopeVerts=1248
[+01:45:57.194] VoxelChunk: GenerateAsync (3,1,-1)
[+01:45:57.530] VoxelMesh: Chunk X=0 Y=0 Z=0 FlatVerts=1200 SlopeVerts=990
[+01:45:57.533] VoxelChunk: GenerateAsync (-2,-3,-1)
[+01:45:57.861] VoxelChunk: GenerateAsync (3,-3,-1)
[+01:45:58.192] VoxelMesh: Chunk X=0 Y=0 Z=0 FlatVerts=3618 SlopeVerts=9444
[+01:45:58.201] VoxelChunk: GenerateAsync (-3,3,0)
[+01:45:58.203] VoxelMesh: Chunk X=-3 Y=3 Z=0 FlatVerts=12 SlopeVerts=60
[+01:45:58.524] VoxelMesh: Chunk X=0 Y=0 Z=0 FlatVerts=6888 SlopeVerts=7686
[+01:45:58.537] VoxelChunk: GenerateAsync (-2,3,0)
[+01:45:58.537] VoxelMesh: Chunk X=-2 Y=3 Z=0 FlatVerts=1776 SlopeVerts=942
[+01:45:58.861] VoxelMesh: Chunk X=0 Y=0 Z=0 FlatVerts=7782 SlopeVerts=4440
[+01:45:58.874] VoxelChunk: GenerateAsync (-1,3,0)
[+01:45:58.875] VoxelMesh: Chunk X=-1 Y=3 Z=0 FlatVerts=2010 SlopeVerts=0
[+01:45:59.193] VoxelMesh: Chunk X=0 Y=0 Z=0 FlatVerts=924 SlopeVerts=3072
[+01:45:59.196] VoxelChunk: GenerateAsync (3,1,2)
[+01:45:59.197] VoxelMesh: Chunk X=3 Y=1 Z=2 FlatVerts=66 SlopeVerts=1842
[+01:45:59.526] VoxelMesh: Chunk X=0 Y=0 Z=0 FlatVerts=54 SlopeVerts=4116
[+01:45:59.528] VoxelChunk: GenerateAsync (-3,2,2)
[+01:45:59.529] VoxelMesh: Chunk X=-3 Y=2 Z=2 FlatVerts=0 SlopeVerts=294
[+01:45:59.862] VoxelChunk: GenerateAsync (1,-3,-1)
[+01:46:00.191] VoxelMesh: Chunk X=0 Y=0 Z=0 FlatVerts=6996 SlopeVerts=5880
[+01:46:00.204] VoxelChunk: GenerateAsync (0,3,0)
[+01:46:00.205] VoxelMesh: Chunk X=0 Y=3 Z=0 FlatVerts=2160 SlopeVerts=0
[+01:46:00.528] VoxelMesh: Chunk X=0 Y=0 Z=0 FlatVerts=24 SlopeVerts=1914
[+01:46:00.530] VoxelChunk: GenerateAsync (3,-1,0)
[+01:46:00.858] VoxelMesh: Chunk X=0 Y=0 Z=0 FlatVerts=9204 SlopeVerts=564
[+01:46:00.869] VoxelChunk: GenerateAsync (-3,0,0)
[+01:46:00.870] VoxelMesh: Chunk X=-3 Y=0 Z=0 FlatVerts=2352 SlopeVerts=0
[+01:46:01.197] VoxelChunk: GenerateAsync (-2,-3,-2)
[+01:46:01.524] VoxelMesh: Chunk X=0 Y=0 Z=0 FlatVerts=2868 SlopeVerts=1242
[+01:46:01.527] VoxelChunk: GenerateAsync (3,2,2)
[+01:46:01.528] VoxelMesh: Chunk X=3 Y=2 Z=2 FlatVerts=162 SlopeVerts=282
[+01:46:01.857] VoxelMesh: Chunk X=0 Y=0 Z=0 FlatVerts=54 SlopeVerts=7122
[+01:46:01.862] VoxelChunk: GenerateAsync (-3,3,2)
[+01:46:01.863] VoxelMesh: Chunk X=-3 Y=3 Z=2 FlatVerts=18 SlopeVerts=2988
[+01:46:02.192] VoxelMesh: Chunk X=0 Y=0 Z=0 FlatVerts=0 SlopeVerts=24
[+01:46:02.193] VoxelChunk: GenerateAsync (-2,3,2)
[+01:46:02.527] VoxelMesh: Chunk X=0 Y=0 Z=0 FlatVerts=0 SlopeVerts=0
[+01:46:02.527] VoxelChunk: GenerateAsync (-1,3,2)
[+01:46:02.858] VoxelMesh: Chunk X=0 Y=0 Z=0 FlatVerts=150 SlopeVerts=1374
[+01:46:02.860] VoxelChunk: GenerateAsync (0,3,2)
[+01:46:03.192] VoxelMesh: Chunk X=0 Y=0 Z=0 FlatVerts=1128 SlopeVerts=3450
[+01:46:03.198] VoxelChunk: GenerateAsync (1,3,2)
[+01:46:03.525] VoxelMesh: Chunk X=0 Y=0 Z=0 FlatVerts=2592 SlopeVerts=3066
[+01:46:03.531] VoxelChunk: GenerateAsync (2,3,2)
[+01:46:03.532] VoxelMesh: Chunk X=2 Y=3 Z=2 FlatVerts=0 SlopeVerts=6
[+01:46:03.858] VoxelMesh: Chunk X=0 Y=0 Z=0 FlatVerts=2112 SlopeVerts=1044
[+01:46:03.862] VoxelChunk: GenerateAsync (3,3,2)
[+01:46:03.862] VoxelWorld: Editor generation complete, 245 chunks.
[+01:46:03.863] VoxelMesh: Chunk X=3 Y=3 Z=2 FlatVerts=1542 SlopeVerts=744
