=== FIRSTVOXEL SESSION [2026.03.17-03.33.56] ===
[+03:33:56.578] FirstVoxel module started.
[+03:34:54.446] VoxelWorld: GenerateWorldDeferred started.
[+03:34:54.446] VoxelWorld: Queued 244 chunks.
[+03:34:54.550] VoxelMesh: Chunk X=0 Y=0 Z=0 FlatVerts=3438 SlopeVerts=13434
[+03:34:54.564] VoxelChunk: GenerateAsync (1,0,0)
[+03:34:54.565] VoxelMesh: Chunk X=1 Y=0 Z=0 FlatVerts=144 SlopeVerts=54
[+03:34:54.651] VoxelMesh: Chunk X=0 Y=0 Z=0 FlatVerts=1392 SlopeVerts=846
[+03:34:54.654] VoxelChunk: GenerateAsync (0,-1,-1)
[+03:34:54.756] VoxelMesh: Chunk X=0 Y=0 Z=0 FlatVerts=930 SlopeVerts=5442
[+03:34:54.761] VoxelChunk: GenerateAsync (1,1,1)
[+03:34:54.762] VoxelMesh: Chunk X=1 Y=1 Z=1 FlatVerts=144 SlopeVerts=1668
[+03:34:54.864] VoxelMesh: Chunk X=0 Y=0 Z=0 FlatVerts=144 SlopeVerts=1668
[+03:34:54.866] VoxelChunk: GenerateAsync (0,1,1)
[+03:34:54.866] VoxelMesh: Chunk X=0 Y=1 Z=1 FlatVerts=0 SlopeVerts=0
[+03:34:54.968] VoxelMesh: Chunk X=0 Y=0 Z=0 FlatVerts=0 SlopeVerts=0
[+03:34:54.969] VoxelChunk: GenerateAsync (-1,1,1)
[+03:34:55.074] VoxelMesh: Chunk X=0 Y=0 Z=0 FlatVerts=1530 SlopeVerts=20520
[+03:34:55.091] VoxelChunk: GenerateAsync (1,0,1)
[+03:34:55.092] VoxelMesh: Chunk X=1 Y=0 Z=1 FlatVerts=258 SlopeVerts=4968
[+03:34:55.176] VoxelMesh: Chunk X=0 Y=0 Z=0 FlatVerts=444 SlopeVerts=10596
[+03:34:55.183] VoxelChunk: GenerateAsync (0,0,1)
[+03:34:55.184] VoxelMesh: Chunk X=0 Y=0 Z=1 FlatVerts=54 SlopeVerts=2094
[+03:34:55.277] VoxelMesh: Chunk X=0 Y=0 Z=0 FlatVerts=54 SlopeVerts=2154
[+03:34:55.280] VoxelChunk: GenerateAsync (-1,0,1)
[+03:34:55.281] VoxelMesh: Chunk X=-1 Y=0 Z=1 FlatVerts=0 SlopeVerts=0
[+03:34:55.380] VoxelMesh: Chunk X=0 Y=0 Z=0 FlatVerts=9738 SlopeVerts=30
[+03:34:55.392] VoxelChunk: GenerateAsync (-1,1,0)
[+03:34:55.393] VoxelMesh: Chunk X=-1 Y=1 Z=0 FlatVerts=2394 SlopeVerts=0
[+03:34:55.484] VoxelMesh: Chunk X=0 Y=0 Z=0 FlatVerts=9138 SlopeVerts=2322
[+03:34:55.497] VoxelChunk: GenerateAsync (0,1,0)
[+03:34:55.498] VoxelMesh: Chunk X=0 Y=1 Z=0 FlatVerts=2286 SlopeVerts=30
[+03:34:55.589] VoxelMesh: Chunk X=0 Y=0 Z=0 FlatVerts=8970 SlopeVerts=678
[+03:34:56.647] VoxelChunk: GenerateAsync (0,1,-1)
[+03:34:56.665] VoxelMesh: Chunk X=0 Y=0 Z=0 FlatVerts=8082 SlopeVerts=864
[+03:34:56.675] VoxelChunk: GenerateAsync (-1,0,-1)
[+03:34:56.764] VoxelMesh: Chunk X=0 Y=0 Z=0 FlatVerts=762 SlopeVerts=21138
[+03:34:56.780] VoxelChunk: GenerateAsync (0,-1,1)
[+03:34:56.781] VoxelMesh: Chunk X=0 Y=-1 Z=1 FlatVerts=492 SlopeVerts=3714
[+03:34:56.871] VoxelMesh: Chunk X=0 Y=0 Z=0 FlatVerts=1758 SlopeVerts=1020
[+03:34:56.874] VoxelChunk: GenerateAsync (1,0,-1)
[+03:34:57.027] VoxelMesh: Chunk X=0 Y=0 Z=0 FlatVerts=2232 SlopeVerts=13020
[+03:34:57.037] VoxelChunk: GenerateAsync (0,-1,0)
[+03:34:57.039] VoxelMesh: Chunk X=0 Y=-1 Z=0 FlatVerts=0 SlopeVerts=6
[+03:34:57.087] VoxelMesh: Chunk X=0 Y=0 Z=0 FlatVerts=8166 SlopeVerts=2928
[+03:34:57.100] VoxelChunk: GenerateAsync (-1,0,0)
[+03:34:57.101] VoxelMesh: Chunk X=-1 Y=0 Z=0 FlatVerts=2154 SlopeVerts=48
[+03:34:57.194] VoxelMesh: Chunk X=0 Y=0 Z=0 FlatVerts=636 SlopeVerts=25182
[+03:34:57.213] VoxelChunk: GenerateAsync (1,-1,1)
[+03:34:57.214] VoxelMesh: Chunk X=1 Y=-1 Z=1 FlatVerts=0 SlopeVerts=1434
[+03:34:57.296] VoxelMesh: Chunk X=0 Y=0 Z=0 FlatVerts=1002 SlopeVerts=10224
[+03:34:57.303] VoxelChunk: GenerateAsync (-1,-1,1)
[+03:34:57.304] VoxelMesh: Chunk X=-1 Y=-1 Z=1 FlatVerts=486 SlopeVerts=1410
[+03:34:57.399] VoxelMesh: Chunk X=0 Y=0 Z=0 FlatVerts=876 SlopeVerts=11166
[+03:34:57.406] VoxelChunk: GenerateAsync (1,-1,0)
[+03:34:57.497] VoxelMesh: Chunk X=0 Y=0 Z=0 FlatVerts=5034 SlopeVerts=1518
[+03:34:57.505] VoxelChunk: GenerateAsync (0,0,-1)
[+03:34:57.599] VoxelMesh: Chunk X=0 Y=0 Z=0 FlatVerts=7524 SlopeVerts=6270
[+03:34:57.611] VoxelChunk: GenerateAsync (1,1,0)
[+03:34:57.611] VoxelMesh: Chunk X=1 Y=1 Z=0 FlatVerts=1356 SlopeVerts=648
[+03:34:57.706] VoxelMesh: Chunk X=0 Y=0 Z=0 FlatVerts=5454 SlopeVerts=8790
[+03:34:57.719] VoxelChunk: GenerateAsync (-1,-1,0)
[+03:34:57.719] VoxelMesh: Chunk X=-1 Y=-1 Z=0 FlatVerts=1008 SlopeVerts=744
[+03:34:57.813] VoxelMesh: Chunk X=0 Y=0 Z=0 FlatVerts=9738 SlopeVerts=30
[+03:34:57.825] VoxelChunk: GenerateAsync (-1,1,-1)
[+03:34:57.919] VoxelMesh: Chunk X=0 Y=0 Z=0 FlatVerts=6534 SlopeVerts=1260
[+03:34:57.928] VoxelChunk: GenerateAsync (1,1,-1)
[+03:34:58.023] VoxelMesh: Chunk X=0 Y=0 Z=0 FlatVerts=150 SlopeVerts=84
[+03:34:58.023] VoxelChunk: GenerateAsync (1,-1,-1)
[+03:34:58.126] VoxelMesh: Chunk X=0 Y=0 Z=0 FlatVerts=4410 SlopeVerts=1584
[+03:34:58.135] VoxelChunk: GenerateAsync (-1,-1,-1)
[+03:34:58.229] VoxelChunk: GenerateAsync (0,0,-2)
[+03:34:58.331] VoxelChunk: GenerateAsync (-1,-1,-2)
[+03:34:58.435] VoxelChunk: GenerateAsync (0,-1,-2)
[+03:34:58.539] VoxelChunk: GenerateAsync (2,-2,-2)
[+03:34:58.642] VoxelChunk: GenerateAsync (-1,-2,-2)
[+03:34:58.746] VoxelChunk: GenerateAsync (1,-1,-2)
[+03:34:58.849] VoxelChunk: GenerateAsync (-1,1,-2)
[+03:34:58.952] VoxelChunk: GenerateAsync (0,1,-2)
[+03:34:59.057] VoxelChunk: GenerateAsync (2,-1,-2)
[+03:34:59.162] VoxelChunk: GenerateAsync (0,-2,-2)
[+03:34:59.266] VoxelChunk: GenerateAsync (1,1,-2)
[+03:34:59.369] VoxelChunk: GenerateAsync (2,1,-2)
[+03:34:59.473] VoxelChunk: GenerateAsync (-2,2,-2)
[+03:34:59.577] VoxelChunk: GenerateAsync (2,2,-2)
[+03:34:59.679] VoxelChunk: GenerateAsync (-1,2,-2)
[+03:35:29.729] VoxelChunk: GenerateAsync (-2,0,-2)
[+03:35:30.009] VoxelChunk: GenerateAsync (0,2,-2)
[+03:35:30.341] VoxelChunk: GenerateAsync (1,2,-2)
[+03:35:30.675] VoxelChunk: GenerateAsync (-1,0,-2)
[+03:35:31.009] VoxelChunk: GenerateAsync (-2,-1,-2)
[+03:35:31.344] VoxelChunk: GenerateAsync (1,-2,-2)
[+03:35:31.676] VoxelChunk: GenerateAsync (-2,-2,-2)
[+03:35:32.009] VoxelChunk: GenerateAsync (-2,1,-2)
[+03:35:32.342] VoxelChunk: GenerateAsync (1,0,-2)
[+03:35:32.676] VoxelChunk: GenerateAsync (2,0,-2)
[+03:35:33.009] VoxelMesh: Chunk X=0 Y=0 Z=0 FlatVerts=474 SlopeVerts=6498
[+03:35:33.014] VoxelChunk: GenerateAsync (2,-1,0)
[+03:35:33.339] VoxelChunk: GenerateAsync (0,2,2)
[+03:35:33.673] VoxelChunk: GenerateAsync (-1,2,2)
[+03:35:34.014] VoxelMesh: Chunk X=0 Y=0 Z=0 FlatVerts=3018 SlopeVerts=1854
[+03:35:34.021] VoxelChunk: GenerateAsync (2,1,-1)
[+03:35:34.340] VoxelMesh: Chunk X=0 Y=0 Z=0 FlatVerts=0 SlopeVerts=378
[+03:35:34.341] VoxelChunk: GenerateAsync (1,1,2)
[+03:35:34.676] VoxelMesh: Chunk X=0 Y=0 Z=0 FlatVerts=318 SlopeVerts=1098
[+03:35:34.678] VoxelChunk: GenerateAsync (2,0,-1)
[+03:35:35.007] VoxelMesh: Chunk X=0 Y=0 Z=0 FlatVerts=9846 SlopeVerts=252
[+03:35:35.019] VoxelChunk: GenerateAsync (0,2,-1)
[+03:35:35.339] VoxelMesh: Chunk X=0 Y=0 Z=0 FlatVerts=246 SlopeVerts=2532
[+03:35:35.342] VoxelChunk: GenerateAsync (2,1,2)
[+03:35:35.343] VoxelMesh: Chunk X=2 Y=1 Z=2 FlatVerts=0 SlopeVerts=372
[+03:35:35.676] VoxelMesh: Chunk X=0 Y=0 Z=0 FlatVerts=18 SlopeVerts=24234
[+03:35:35.693] VoxelChunk: GenerateAsync (1,-2,2)
[+03:35:35.694] VoxelMesh: Chunk X=1 Y=-2 Z=2 FlatVerts=0 SlopeVerts=294
[+03:35:36.008] VoxelMesh: Chunk X=0 Y=0 Z=0 FlatVerts=0 SlopeVerts=0
[+03:35:36.008] VoxelChunk: GenerateAsync (-2,1,1)
[+03:35:36.342] VoxelMesh: Chunk X=0 Y=0 Z=0 FlatVerts=636 SlopeVerts=23328
[+03:35:36.360] VoxelChunk: GenerateAsync (2,-1,1)
[+03:35:36.361] VoxelMesh: Chunk X=2 Y=-1 Z=1 FlatVerts=72 SlopeVerts=1920
[+03:35:36.676] VoxelMesh: Chunk X=0 Y=0 Z=0 FlatVerts=1338 SlopeVerts=13044
[+03:35:36.686] VoxelChunk: GenerateAsync (-2,-2,1)
[+03:35:36.687] VoxelMesh: Chunk X=-2 Y=-2 Z=1 FlatVerts=588 SlopeVerts=3912
[+03:35:37.014] VoxelMesh: Chunk X=0 Y=0 Z=0 FlatVerts=72 SlopeVerts=3354
[+03:35:37.016] VoxelChunk: GenerateAsync (1,-2,0)
[+03:35:37.340] VoxelMesh: Chunk X=0 Y=0 Z=0 FlatVerts=2466 SlopeVerts=12582
[+03:35:37.351] VoxelChunk: GenerateAsync (2,1,1)
[+03:35:37.352] VoxelMesh: Chunk X=2 Y=1 Z=1 FlatVerts=792 SlopeVerts=3108
[+03:35:37.679] VoxelMesh: Chunk X=0 Y=0 Z=0 FlatVerts=1734 SlopeVerts=11262
[+03:35:37.688] VoxelChunk: GenerateAsync (2,0,0)
[+03:35:37.689] VoxelMesh: Chunk X=2 Y=0 Z=0 FlatVerts=6 SlopeVerts=30
[+03:35:38.012] VoxelMesh: Chunk X=0 Y=0 Z=0 FlatVerts=78 SlopeVerts=26136
[+03:35:38.031] VoxelChunk: GenerateAsync (2,-2,2)
[+03:35:38.031] VoxelMesh: Chunk X=2 Y=-2 Z=2 FlatVerts=0 SlopeVerts=18
[+03:35:38.340] VoxelMesh: Chunk X=0 Y=0 Z=0 FlatVerts=0 SlopeVerts=60
[+03:35:38.341] VoxelChunk: GenerateAsync (-1,0,2)
[+03:35:38.675] VoxelMesh: Chunk X=0 Y=0 Z=0 FlatVerts=9246 SlopeVerts=48
[+03:35:38.686] VoxelChunk: GenerateAsync (-2,0,-1)
[+03:35:39.007] VoxelMesh: Chunk X=0 Y=0 Z=0 FlatVerts=8592 SlopeVerts=1872
[+03:35:39.019] VoxelChunk: GenerateAsync (-2,2,0)
[+03:35:39.020] VoxelMesh: Chunk X=-2 Y=2 Z=0 FlatVerts=2340 SlopeVerts=6
[+03:35:39.345] VoxelMesh: Chunk X=0 Y=0 Z=0 FlatVerts=204 SlopeVerts=29976
[+03:35:39.368] VoxelChunk: GenerateAsync (2,-1,2)
[+03:35:39.370] VoxelMesh: Chunk X=2 Y=-1 Z=2 FlatVerts=0 SlopeVerts=2310
[+03:35:39.678] VoxelMesh: Chunk X=0 Y=0 Z=0 FlatVerts=1008 SlopeVerts=750
[+03:35:39.679] VoxelChunk: GenerateAsync (-1,-2,-1)
[+03:35:40.009] VoxelMesh: Chunk X=0 Y=0 Z=0 FlatVerts=1224 SlopeVerts=20016
[+03:35:40.025] VoxelChunk: GenerateAsync (-1,-2,1)
[+03:35:40.026] VoxelMesh: Chunk X=-1 Y=-2 Z=1 FlatVerts=270 SlopeVerts=3258
[+03:35:40.343] VoxelMesh: Chunk X=0 Y=0 Z=0 FlatVerts=9792 SlopeVerts=6
[+03:35:40.355] VoxelChunk: GenerateAsync (-2,1,0)
[+03:35:40.356] VoxelMesh: Chunk X=-2 Y=1 Z=0 FlatVerts=2670 SlopeVerts=0
[+03:35:40.679] VoxelMesh: Chunk X=0 Y=0 Z=0 FlatVerts=72 SlopeVerts=4242
[+03:35:40.681] VoxelChunk: GenerateAsync (2,-2,0)
[+03:35:41.008] VoxelMesh: Chunk X=0 Y=0 Z=0 FlatVerts=1614 SlopeVerts=23808
[+03:35:41.027] VoxelChunk: GenerateAsync (2,0,1)
[+03:35:41.028] VoxelMesh: Chunk X=2 Y=0 Z=1 FlatVerts=348 SlopeVerts=2808
[+03:35:41.346] VoxelMesh: Chunk X=0 Y=0 Z=0 FlatVerts=6 SlopeVerts=30
[+03:35:41.346] VoxelChunk: GenerateAsync (2,-1,-1)
[+03:35:41.676] VoxelMesh: Chunk X=0 Y=0 Z=0 FlatVerts=9300 SlopeVerts=0
[+03:35:41.682] VoxelChunk: GenerateAsync (-1,2,-1)
[+03:35:42.014] VoxelChunk: GenerateAsync (2,-2,-1)
[+03:35:42.339] VoxelMesh: Chunk X=0 Y=0 Z=0 FlatVerts=18 SlopeVerts=4644
[+03:35:42.343] VoxelChunk: GenerateAsync (-2,-2,2)
[+03:35:42.344] VoxelMesh: Chunk X=-2 Y=-2 Z=2 FlatVerts=0 SlopeVerts=0
[+03:35:42.675] VoxelMesh: Chunk X=0 Y=0 Z=0 FlatVerts=5262 SlopeVerts=11898
[+03:35:42.689] VoxelChunk: GenerateAsync (2,1,0)
[+03:35:42.691] VoxelMesh: Chunk X=2 Y=1 Z=0 FlatVerts=258 SlopeVerts=282
[+03:35:43.012] VoxelMesh: Chunk X=0 Y=0 Z=0 FlatVerts=6 SlopeVerts=14442
[+03:35:43.022] VoxelChunk: GenerateAsync (0,-1,2)
[+03:35:43.023] VoxelMesh: Chunk X=0 Y=-1 Z=2 FlatVerts=6 SlopeVerts=2910
[+03:35:43.342] VoxelMesh: Chunk X=0 Y=0 Z=0 FlatVerts=0 SlopeVerts=1932
[+03:35:43.344] VoxelChunk: GenerateAsync (0,0,2)
[+03:35:43.344] VoxelMesh: Chunk X=0 Y=0 Z=2 FlatVerts=0 SlopeVerts=60
[+03:35:43.674] VoxelChunk: GenerateAsync (-1,1,2)
[+03:35:44.007] VoxelMesh: Chunk X=0 Y=0 Z=0 FlatVerts=54 SlopeVerts=924
[+03:35:44.009] VoxelChunk: GenerateAsync (-2,2,1)
[+03:35:44.009] VoxelMesh: Chunk X=-2 Y=2 Z=1 FlatVerts=0 SlopeVerts=0
[+03:35:44.339] VoxelChunk: GenerateAsync (-1,2,1)
[+03:35:44.676] VoxelMesh: Chunk X=0 Y=0 Z=0 FlatVerts=72 SlopeVerts=10092
[+03:35:44.683] VoxelChunk: GenerateAsync (1,-2,1)
[+03:35:45.007] VoxelMesh: Chunk X=0 Y=0 Z=0 FlatVerts=558 SlopeVerts=1626
[+03:35:45.009] VoxelChunk: GenerateAsync (-2,-1,1)
[+03:35:45.011] VoxelMesh: Chunk X=-2 Y=-1 Z=1 FlatVerts=72 SlopeVerts=216
[+03:35:45.340] VoxelChunk: GenerateAsync (-2,2,2)
[+03:35:45.674] VoxelMesh: Chunk X=0 Y=0 Z=0 FlatVerts=7836 SlopeVerts=2634
[+03:35:45.684] VoxelChunk: GenerateAsync (-2,-1,0)
[+03:35:45.686] VoxelMesh: Chunk X=-2 Y=-1 Z=0 FlatVerts=2028 SlopeVerts=276
[+03:35:46.012] VoxelMesh: Chunk X=0 Y=0 Z=0 FlatVerts=7218 SlopeVerts=1068
[+03:35:46.021] VoxelChunk: GenerateAsync (-2,-1,-1)
[+03:35:46.341] VoxelMesh: Chunk X=0 Y=0 Z=0 FlatVerts=1116 SlopeVerts=3000
[+03:35:46.343] VoxelChunk: GenerateAsync (1,2,1)
[+03:35:46.676] VoxelMesh: Chunk X=0 Y=0 Z=0 FlatVerts=522 SlopeVerts=16968
[+03:35:46.689] VoxelChunk: GenerateAsync (0,-2,1)
[+03:35:46.690] VoxelMesh: Chunk X=0 Y=-2 Z=1 FlatVerts=0 SlopeVerts=918
[+03:35:47.011] VoxelMesh: Chunk X=0 Y=0 Z=0 FlatVerts=126 SlopeVerts=13536
[+03:35:47.020] VoxelChunk: GenerateAsync (2,-2,1)
[+03:35:47.342] VoxelMesh: Chunk X=0 Y=0 Z=0 FlatVerts=4728 SlopeVerts=9864
[+03:35:47.354] VoxelChunk: GenerateAsync (-2,-2,0)
[+03:35:47.354] VoxelMesh: Chunk X=-2 Y=-2 Z=0 FlatVerts=288 SlopeVerts=36
[+03:35:47.678] VoxelMesh: Chunk X=0 Y=0 Z=0 FlatVerts=0 SlopeVerts=6
[+03:35:47.679] VoxelChunk: GenerateAsync (0,-2,-1)
[+03:35:48.008] VoxelMesh: Chunk X=0 Y=0 Z=0 FlatVerts=0 SlopeVerts=0
[+03:35:48.008] VoxelChunk: GenerateAsync (-2,0,1)
[+03:35:48.341] VoxelMesh: Chunk X=0 Y=0 Z=0 FlatVerts=9300 SlopeVerts=0
[+03:35:48.347] VoxelChunk: GenerateAsync (-1,2,0)
[+03:35:48.348] VoxelMesh: Chunk X=-1 Y=2 Z=0 FlatVerts=2388 SlopeVerts=0
[+03:35:48.677] VoxelMesh: Chunk X=0 Y=0 Z=0 FlatVerts=264 SlopeVerts=19104
[+03:35:48.691] VoxelChunk: GenerateAsync (2,0,2)
[+03:35:48.692] VoxelMesh: Chunk X=2 Y=0 Z=2 FlatVerts=0 SlopeVerts=5790
[+03:35:49.011] VoxelChunk: GenerateAsync (-2,1,2)
[+03:35:49.340] VoxelMesh: Chunk X=0 Y=0 Z=0 FlatVerts=0 SlopeVerts=6
[+03:35:49.341] VoxelChunk: GenerateAsync (1,2,2)
[+03:35:49.673] VoxelMesh: Chunk X=0 Y=0 Z=0 FlatVerts=6 SlopeVerts=420
[+03:35:49.674] VoxelChunk: GenerateAsync (0,2,1)
[+03:35:50.012] VoxelMesh: Chunk X=0 Y=0 Z=0 FlatVerts=9246 SlopeVerts=48
[+03:35:50.023] VoxelChunk: GenerateAsync (-2,0,0)
[+03:35:50.024] VoxelMesh: Chunk X=-2 Y=0 Z=0 FlatVerts=2028 SlopeVerts=0
[+03:35:50.343] VoxelMesh: Chunk X=0 Y=0 Z=0 FlatVerts=9792 SlopeVerts=6
[+03:35:50.354] VoxelChunk: GenerateAsync (-2,1,-1)
[+03:35:50.675] VoxelMesh: Chunk X=0 Y=0 Z=0 FlatVerts=8166 SlopeVerts=1140
[+03:35:50.685] VoxelChunk: GenerateAsync (1,2,-1)
[+03:35:51.009] VoxelMesh: Chunk X=0 Y=0 Z=0 FlatVerts=3642 SlopeVerts=1350
[+03:35:51.015] VoxelChunk: GenerateAsync (2,2,-1)
[+03:35:51.341] VoxelMesh: Chunk X=0 Y=0 Z=0 FlatVerts=48 SlopeVerts=16182
[+03:35:51.351] VoxelChunk: GenerateAsync (-1,-2,2)
[+03:35:51.353] VoxelMesh: Chunk X=-1 Y=-2 Z=2 FlatVerts=18 SlopeVerts=4152
[+03:35:51.678] VoxelMesh: Chunk X=0 Y=0 Z=0 FlatVerts=36 SlopeVerts=25836
[+03:35:51.696] VoxelChunk: GenerateAsync (0,-2,2)
[+03:35:51.698] VoxelMesh: Chunk X=0 Y=-2 Z=2 FlatVerts=24 SlopeVerts=3582
[+03:35:52.010] VoxelChunk: GenerateAsync (-2,-1,2)
[+03:35:52.341] VoxelMesh: Chunk X=0 Y=0 Z=0 FlatVerts=6 SlopeVerts=3000
[+03:35:52.343] VoxelChunk: GenerateAsync (-1,-1,2)
[+03:35:52.676] VoxelMesh: Chunk X=0 Y=0 Z=0 FlatVerts=0 SlopeVerts=24606
[+03:35:52.692] VoxelChunk: GenerateAsync (1,-1,2)
[+03:35:52.694] VoxelMesh: Chunk X=1 Y=-1 Z=2 FlatVerts=0 SlopeVerts=4116
[+03:35:53.009] VoxelChunk: GenerateAsync (-2,0,2)
[+03:35:53.341] VoxelMesh: Chunk X=0 Y=0 Z=0 FlatVerts=0 SlopeVerts=10110
[+03:35:53.347] VoxelChunk: GenerateAsync (1,0,2)
[+03:35:53.348] VoxelMesh: Chunk X=1 Y=0 Z=2 FlatVerts=0 SlopeVerts=1794
[+03:35:53.678] VoxelMesh: Chunk X=0 Y=0 Z=0 FlatVerts=6924 SlopeVerts=7182
[+03:35:53.691] VoxelChunk: GenerateAsync (2,2,0)
[+03:35:53.692] VoxelMesh: Chunk X=2 Y=2 Z=0 FlatVerts=2274 SlopeVerts=318
[+03:35:54.012] VoxelChunk: GenerateAsync (0,1,2)
[+03:35:54.343] VoxelChunk: GenerateAsync (1,-2,-1)
[+03:35:54.675] VoxelMesh: Chunk X=0 Y=0 Z=0 FlatVerts=8538 SlopeVerts=948
[+03:35:54.685] VoxelChunk: GenerateAsync (-2,2,-1)
[+03:35:55.007] VoxelMesh: Chunk X=0 Y=0 Z=0 FlatVerts=1746 SlopeVerts=1038
[+03:35:55.011] VoxelChunk: GenerateAsync (2,2,2)
[+03:35:55.341] VoxelMesh: Chunk X=0 Y=0 Z=0 FlatVerts=5184 SlopeVerts=6714
[+03:35:55.351] VoxelChunk: GenerateAsync (2,2,1)
[+03:35:55.353] VoxelMesh: Chunk X=2 Y=2 Z=1 FlatVerts=0 SlopeVerts=288
[+03:35:55.676] VoxelMesh: Chunk X=0 Y=0 Z=0 FlatVerts=3318 SlopeVerts=1062
[+03:35:55.681] VoxelChunk: GenerateAsync (-2,-2,-1)
[+03:35:56.007] VoxelMesh: Chunk X=0 Y=0 Z=0 FlatVerts=9852 SlopeVerts=672
[+03:35:56.020] VoxelChunk: GenerateAsync (0,2,0)
[+03:35:56.021] VoxelMesh: Chunk X=0 Y=2 Z=0 FlatVerts=2670 SlopeVerts=0
[+03:35:56.343] VoxelMesh: Chunk X=0 Y=0 Z=0 FlatVerts=9282 SlopeVerts=4134
[+03:35:56.357] VoxelChunk: GenerateAsync (1,2,0)
[+03:35:56.358] VoxelMesh: Chunk X=1 Y=2 Z=0 FlatVerts=2658 SlopeVerts=0
[+03:35:56.677] VoxelMesh: Chunk X=0 Y=0 Z=0 FlatVerts=2202 SlopeVerts=10104
[+03:35:56.687] VoxelChunk: GenerateAsync (-1,-2,0)
[+03:35:56.688] VoxelMesh: Chunk X=-1 Y=-2 Z=0 FlatVerts=0 SlopeVerts=0
[+03:35:57.010] VoxelMesh: Chunk X=0 Y=0 Z=0 FlatVerts=492 SlopeVerts=6072
[+03:35:57.014] VoxelChunk: GenerateAsync (0,-2,0)
[+03:35:57.340] VoxelMesh: Chunk X=0 Y=0 Z=0 FlatVerts=726 SlopeVerts=8364
[+03:35:57.347] VoxelChunk: GenerateAsync (-3,2,1)
[+03:35:57.347] VoxelMesh: Chunk X=-3 Y=2 Z=1 FlatVerts=570 SlopeVerts=1806
[+03:35:57.676] VoxelMesh: Chunk X=0 Y=0 Z=0 FlatVerts=9294 SlopeVerts=564
[+03:35:57.688] VoxelChunk: GenerateAsync (-3,0,0)
[+03:35:57.689] VoxelMesh: Chunk X=-3 Y=0 Z=0 FlatVerts=2382 SlopeVerts=0
[+03:35:58.014] VoxelMesh: Chunk X=0 Y=0 Z=0 FlatVerts=9618 SlopeVerts=4590
[+03:35:58.029] VoxelChunk: GenerateAsync (3,2,1)
[+03:35:58.030] VoxelMesh: Chunk X=3 Y=2 Z=1 FlatVerts=1236 SlopeVerts=2430
[+03:35:58.345] VoxelMesh: Chunk X=0 Y=0 Z=0 FlatVerts=1446 SlopeVerts=13422
[+03:35:58.355] VoxelChunk: GenerateAsync (-3,3,1)
[+03:35:58.356] VoxelMesh: Chunk X=-3 Y=3 Z=1 FlatVerts=90 SlopeVerts=2346
[+03:35:58.679] VoxelChunk: GenerateAsync (3,-1,-1)
[+03:35:59.012] VoxelChunk: GenerateAsync (3,1,-2)
[+03:35:59.341] VoxelMesh: Chunk X=0 Y=0 Z=0 FlatVerts=3678 SlopeVerts=9498
[+03:35:59.352] VoxelChunk: GenerateAsync (1,3,1)
[+03:35:59.353] VoxelMesh: Chunk X=1 Y=3 Z=1 FlatVerts=6 SlopeVerts=420
[+03:35:59.678] VoxelChunk: GenerateAsync (-2,-3,-2)
[+03:36:00.009] VoxelMesh: Chunk X=0 Y=0 Z=0 FlatVerts=10146 SlopeVerts=1962
[+03:36:00.024] VoxelChunk: GenerateAsync (3,3,1)
[+03:36:00.025] VoxelMesh: Chunk X=3 Y=3 Z=1 FlatVerts=948 SlopeVerts=816
[+03:36:00.342] VoxelMesh: Chunk X=0 Y=0 Z=0 FlatVerts=48 SlopeVerts=1086
[+03:36:00.344] VoxelChunk: GenerateAsync (-3,-3,2)
[+03:36:00.345] VoxelMesh: Chunk X=-3 Y=-3 Z=2 FlatVerts=0 SlopeVerts=102
[+03:36:00.676] VoxelMesh: Chunk X=0 Y=0 Z=0 FlatVerts=138 SlopeVerts=12408
[+03:36:00.684] VoxelChunk: GenerateAsync (-2,-3,2)
[+03:36:00.685] VoxelMesh: Chunk X=-2 Y=-3 Z=2 FlatVerts=0 SlopeVerts=468
[+03:36:01.010] VoxelMesh: Chunk X=0 Y=0 Z=0 FlatVerts=2220 SlopeVerts=6690
[+03:36:01.018] VoxelChunk: GenerateAsync (3,0,0)
[+03:36:01.341] VoxelMesh: Chunk X=0 Y=0 Z=0 FlatVerts=9294 SlopeVerts=564
[+03:36:01.355] VoxelChunk: GenerateAsync (-3,0,-1)
[+03:36:01.674] VoxelMesh: Chunk X=0 Y=0 Z=0 FlatVerts=8778 SlopeVerts=3246
[+03:36:01.688] VoxelChunk: GenerateAsync (-3,1,0)
[+03:36:01.689] VoxelMesh: Chunk X=-3 Y=1 Z=0 FlatVerts=2214 SlopeVerts=564
[+03:36:02.017] VoxelMesh: Chunk X=0 Y=0 Z=0 FlatVerts=180 SlopeVerts=21384
[+03:36:02.033] VoxelChunk: GenerateAsync (1,-3,2)
[+03:36:02.034] VoxelMesh: Chunk X=1 Y=-3 Z=2 FlatVerts=12 SlopeVerts=2514
[+03:36:02.346] VoxelMesh: Chunk X=0 Y=0 Z=0 FlatVerts=180 SlopeVerts=22734
[+03:36:02.362] VoxelChunk: GenerateAsync (2,-3,2)
[+03:36:02.363] VoxelMesh: Chunk X=2 Y=-3 Z=2 FlatVerts=0 SlopeVerts=276
[+03:36:02.677] VoxelChunk: GenerateAsync (-3,1,-2)
[+03:36:03.017] VoxelChunk: GenerateAsync (3,0,-2)
[+03:36:03.344] VoxelMesh: Chunk X=0 Y=0 Z=0 FlatVerts=438 SlopeVerts=462
[+03:36:03.345] VoxelChunk: GenerateAsync (3,2,-1)
[+03:36:03.677] VoxelChunk: GenerateAsync (-3,0,-2)
[+03:36:04.014] VoxelMesh: Chunk X=0 Y=0 Z=0 FlatVerts=120 SlopeVerts=20658
[+03:36:04.029] VoxelChunk: GenerateAsync (3,-2,2)
[+03:36:04.031] VoxelMesh: Chunk X=3 Y=-2 Z=2 FlatVerts=54 SlopeVerts=3798
[+03:36:04.346] VoxelMesh: Chunk X=0 Y=0 Z=0 FlatVerts=2214 SlopeVerts=1782
[+03:36:04.350] VoxelChunk: GenerateAsync (-3,3,-1)
[+03:36:04.677] VoxelMesh: Chunk X=0 Y=0 Z=0 FlatVerts=6072 SlopeVerts=9654
[+03:36:04.689] VoxelChunk: GenerateAsync (3,1,0)
[+03:36:04.692] VoxelMesh: Chunk X=3 Y=1 Z=0 FlatVerts=54 SlopeVerts=786
[+03:36:05.009] VoxelMesh: Chunk X=0 Y=0 Z=0 FlatVerts=5832 SlopeVerts=6954
[+03:36:05.021] VoxelChunk: GenerateAsync (-3,2,0)
[+03:36:05.022] VoxelMesh: Chunk X=-3 Y=2 Z=0 FlatVerts=990 SlopeVerts=864
[+03:36:05.344] VoxelMesh: Chunk X=0 Y=0 Z=0 FlatVerts=5532 SlopeVerts=2292
[+03:36:05.353] VoxelChunk: GenerateAsync (-2,3,-1)
[+03:36:05.678] VoxelChunk: GenerateAsync (3,3,-2)
[+03:36:06.018] VoxelChunk: GenerateAsync (3,-2,-1)
[+03:36:06.342] VoxelChunk: GenerateAsync (-3,0,2)
[+03:36:06.676] VoxelMesh: Chunk X=0 Y=0 Z=0 FlatVerts=6252 SlopeVerts=1032
[+03:36:06.684] VoxelChunk: GenerateAsync (-1,3,-1)
[+03:36:07.010] VoxelMesh: Chunk X=0 Y=0 Z=0 FlatVerts=5472 SlopeVerts=1086
[+03:36:07.017] VoxelChunk: GenerateAsync (0,3,-1)
[+03:36:07.345] VoxelChunk: GenerateAsync (2,3,-2)
[+03:36:07.676] VoxelMesh: Chunk X=0 Y=0 Z=0 FlatVerts=390 SlopeVerts=17424
[+03:36:07.690] VoxelChunk: GenerateAsync (3,0,2)
[+03:36:07.691] VoxelMesh: Chunk X=3 Y=0 Z=2 FlatVerts=186 SlopeVerts=5574
[+03:36:08.014] VoxelMesh: Chunk X=0 Y=0 Z=0 FlatVerts=6864 SlopeVerts=4056
[+03:36:08.024] VoxelChunk: GenerateAsync (3,2,0)
[+03:36:08.025] VoxelMesh: Chunk X=3 Y=2 Z=0 FlatVerts=438 SlopeVerts=462
[+03:36:08.345] VoxelMesh: Chunk X=0 Y=0 Z=0 FlatVerts=3480 SlopeVerts=1194
[+03:36:08.350] VoxelChunk: GenerateAsync (1,3,-1)
[+03:36:08.676] VoxelMesh: Chunk X=0 Y=0 Z=0 FlatVerts=3648 SlopeVerts=9450
[+03:36:08.686] VoxelChunk: GenerateAsync (-3,3,0)
[+03:36:08.687] VoxelMesh: Chunk X=-3 Y=3 Z=0 FlatVerts=12 SlopeVerts=60
[+03:36:09.009] VoxelMesh: Chunk X=0 Y=0 Z=0 FlatVerts=6960 SlopeVerts=7692
[+03:36:09.022] VoxelChunk: GenerateAsync (-2,3,0)
[+03:36:09.023] VoxelMesh: Chunk X=-2 Y=3 Z=0 FlatVerts=1782 SlopeVerts=942
[+03:36:09.347] VoxelMesh: Chunk X=0 Y=0 Z=0 FlatVerts=930 SlopeVerts=570
[+03:36:09.349] VoxelChunk: GenerateAsync (2,3,-1)
[+03:36:09.679] VoxelChunk: GenerateAsync (1,3,-2)
[+03:36:10.015] VoxelMesh: Chunk X=0 Y=0 Z=0 FlatVerts=7854 SlopeVerts=918
[+03:36:10.026] VoxelChunk: GenerateAsync (-3,-1,-1)
[+03:36:10.343] VoxelMesh: Chunk X=0 Y=0 Z=0 FlatVerts=7902 SlopeVerts=4446
[+03:36:10.356] VoxelChunk: GenerateAsync (-1,3,0)
[+03:36:10.357] VoxelMesh: Chunk X=-1 Y=3 Z=0 FlatVerts=2028 SlopeVerts=0
[+03:36:10.679] VoxelChunk: GenerateAsync (3,3,-1)
[+03:36:11.013] VoxelChunk: GenerateAsync (2,-3,-1)
[+03:36:11.343] VoxelMesh: Chunk X=0 Y=0 Z=0 FlatVerts=6246 SlopeVerts=4860
[+03:36:11.355] VoxelChunk: GenerateAsync (2,3,0)
[+03:36:11.356] VoxelMesh: Chunk X=2 Y=3 Z=0 FlatVerts=930 SlopeVerts=570
[+03:36:11.680] VoxelMesh: Chunk X=0 Y=0 Z=0 FlatVerts=3876 SlopeVerts=15792
[+03:36:11.696] VoxelChunk: GenerateAsync (-3,-3,0)
[+03:36:11.696] VoxelMesh: Chunk X=-3 Y=-3 Z=0 FlatVerts=168 SlopeVerts=1488
[+03:36:12.013] VoxelMesh: Chunk X=0 Y=0 Z=0 FlatVerts=7794 SlopeVerts=1110
[+03:36:12.022] VoxelChunk: GenerateAsync (3,3,0)
[+03:36:12.344] VoxelMesh: Chunk X=0 Y=0 Z=0 FlatVerts=2124 SlopeVerts=14460
[+03:36:12.358] VoxelChunk: GenerateAsync (-3,-3,1)
[+03:36:12.359] VoxelMesh: Chunk X=-3 Y=-3 Z=1 FlatVerts=420 SlopeVerts=3264
[+03:36:12.683] VoxelMesh: Chunk X=0 Y=0 Z=0 FlatVerts=2436 SlopeVerts=11226
[+03:36:12.692] VoxelChunk: GenerateAsync (-2,-3,0)
[+03:36:12.693] VoxelMesh: Chunk X=-2 Y=-3 Z=0 FlatVerts=918 SlopeVerts=954
[+03:36:13.013] VoxelMesh: Chunk X=0 Y=0 Z=0 FlatVerts=1254 SlopeVerts=21384
[+03:36:13.030] VoxelChunk: GenerateAsync (-2,-3,1)
[+03:36:13.031] VoxelMesh: Chunk X=-2 Y=-3 Z=1 FlatVerts=270 SlopeVerts=2592
[+03:36:13.347] VoxelMesh: Chunk X=0 Y=0 Z=0 FlatVerts=456 SlopeVerts=22944
[+03:36:13.364] VoxelChunk: GenerateAsync (-1,-3,1)
[+03:36:13.364] VoxelMesh: Chunk X=-1 Y=-3 Z=1 FlatVerts=6 SlopeVerts=570
[+03:36:13.680] VoxelMesh: Chunk X=0 Y=0 Z=0 FlatVerts=288 SlopeVerts=4848
[+03:36:13.683] VoxelChunk: GenerateAsync (-1,-3,0)
[+03:36:14.018] VoxelMesh: Chunk X=0 Y=0 Z=0 FlatVerts=54 SlopeVerts=786
[+03:36:14.019] VoxelChunk: GenerateAsync (3,0,-1)
[+03:36:14.346] VoxelChunk: GenerateAsync (3,-3,-1)
[+03:36:14.679] VoxelMesh: Chunk X=0 Y=0 Z=0 FlatVerts=84 SlopeVerts=11550
[+03:36:14.686] VoxelChunk: GenerateAsync (0,-3,1)
[+03:36:14.687] VoxelMesh: Chunk X=0 Y=-3 Z=1 FlatVerts=12 SlopeVerts=102
[+03:36:15.013] VoxelMesh: Chunk X=0 Y=0 Z=0 FlatVerts=48 SlopeVerts=3288
[+03:36:15.015] VoxelChunk: GenerateAsync (1,-3,1)
[+03:36:15.016] VoxelMesh: Chunk X=1 Y=-3 Z=1 FlatVerts=36 SlopeVerts=186
[+03:36:15.346] VoxelMesh: Chunk X=0 Y=0 Z=0 FlatVerts=48 SlopeVerts=1206
[+03:36:15.347] VoxelChunk: GenerateAsync (0,-3,0)
[+03:36:15.685] VoxelMesh: Chunk X=0 Y=0 Z=0 FlatVerts=54 SlopeVerts=4716
[+03:36:15.689] VoxelChunk: GenerateAsync (2,-3,1)
[+03:36:16.013] VoxelMesh: Chunk X=0 Y=0 Z=0 FlatVerts=72 SlopeVerts=5568
[+03:36:16.016] VoxelChunk: GenerateAsync (3,-3,1)
[+03:36:16.347] VoxelMesh: Chunk X=0 Y=0 Z=0 FlatVerts=36 SlopeVerts=186
[+03:36:16.348] VoxelChunk: GenerateAsync (1,-3,0)
[+03:36:16.677] VoxelMesh: Chunk X=0 Y=0 Z=0 FlatVerts=8208 SlopeVerts=1440
[+03:36:16.688] VoxelChunk: GenerateAsync (-3,1,-1)
[+03:36:17.011] VoxelMesh: Chunk X=0 Y=0 Z=0 FlatVerts=1674 SlopeVerts=9588
[+03:36:17.019] VoxelChunk: GenerateAsync (-3,-2,1)
[+03:36:17.020] VoxelMesh: Chunk X=-3 Y=-2 Z=1 FlatVerts=810 SlopeVerts=3594
[+03:36:17.349] VoxelMesh: Chunk X=0 Y=0 Z=0 FlatVerts=0 SlopeVerts=624
[+03:36:17.349] VoxelChunk: GenerateAsync (2,-3,0)
[+03:36:17.680] VoxelMesh: Chunk X=0 Y=0 Z=0 FlatVerts=0 SlopeVerts=624
[+03:36:17.681] VoxelChunk: GenerateAsync (3,-3,0)
[+03:36:18.019] VoxelMesh: Chunk X=0 Y=0 Z=0 FlatVerts=0 SlopeVerts=0
[+03:36:18.020] VoxelChunk: GenerateAsync (-1,-3,-1)
[+03:36:18.344] VoxelMesh: Chunk X=0 Y=0 Z=0 FlatVerts=5748 SlopeVerts=10002
[+03:36:18.358] VoxelChunk: GenerateAsync (-3,-2,0)
[+03:36:18.359] VoxelMesh: Chunk X=-3 Y=-2 Z=0 FlatVerts=252 SlopeVerts=114
[+03:36:18.677] VoxelMesh: Chunk X=0 Y=0 Z=0 FlatVerts=1428 SlopeVerts=5424
[+03:36:18.683] VoxelChunk: GenerateAsync (-2,3,1)
[+03:36:18.683] VoxelMesh: Chunk X=-2 Y=3 Z=1 FlatVerts=54 SlopeVerts=924
[+03:36:19.010] VoxelMesh: Chunk X=0 Y=0 Z=0 FlatVerts=1650 SlopeVerts=3414
[+03:36:19.015] VoxelChunk: GenerateAsync (-1,3,1)
[+03:36:19.343] VoxelMesh: Chunk X=0 Y=0 Z=0 FlatVerts=1884 SlopeVerts=6138
[+03:36:19.349] VoxelChunk: GenerateAsync (0,3,1)
[+03:36:19.679] VoxelMesh: Chunk X=0 Y=0 Z=0 FlatVerts=72 SlopeVerts=9612
[+03:36:19.687] VoxelChunk: GenerateAsync (3,-2,1)
[+03:36:19.688] VoxelMesh: Chunk X=3 Y=-2 Z=1 FlatVerts=0 SlopeVerts=624
[+03:36:20.011] VoxelMesh: Chunk X=0 Y=0 Z=0 FlatVerts=8136 SlopeVerts=7188
[+03:36:20.027] VoxelChunk: GenerateAsync (2,3,1)
[+03:36:20.028] VoxelMesh: Chunk X=2 Y=3 Z=1 FlatVerts=1110 SlopeVerts=2286
[+03:36:20.349] VoxelMesh: Chunk X=0 Y=0 Z=0 FlatVerts=294 SlopeVerts=1500
[+03:36:20.351] VoxelChunk: GenerateAsync (-3,-1,1)
[+03:36:20.352] VoxelMesh: Chunk X=-3 Y=-1 Z=1 FlatVerts=228 SlopeVerts=1278
[+03:36:20.680] VoxelChunk: GenerateAsync (0,3,-2)
[+03:36:21.014] VoxelChunk: GenerateAsync (3,-1,-2)
[+03:36:21.345] VoxelMesh: Chunk X=0 Y=0 Z=0 FlatVerts=168 SlopeVerts=31434
[+03:36:21.367] VoxelChunk: GenerateAsync (-1,-3,2)
[+03:36:21.368] VoxelMesh: Chunk X=-1 Y=-3 Z=2 FlatVerts=126 SlopeVerts=6408
[+03:36:21.683] VoxelMesh: Chunk X=0 Y=0 Z=0 FlatVerts=126 SlopeVerts=32280
[+03:36:21.706] VoxelChunk: GenerateAsync (0,-3,2)
[+03:36:21.707] VoxelMesh: Chunk X=0 Y=-3 Z=2 FlatVerts=0 SlopeVerts=3954
[+03:36:22.019] VoxelChunk: GenerateAsync (-3,-1,-2)
[+03:36:22.347] VoxelChunk: GenerateAsync (3,-2,-2)
[+03:36:22.679] VoxelMesh: Chunk X=0 Y=0 Z=0 FlatVerts=150 SlopeVerts=25812
[+03:36:22.696] VoxelChunk: GenerateAsync (3,-3,2)
[+03:36:22.698] VoxelMesh: Chunk X=3 Y=-3 Z=2 FlatVerts=0 SlopeVerts=0
[+03:36:23.011] VoxelMesh: Chunk X=0 Y=0 Z=0 FlatVerts=48 SlopeVerts=516
[+03:36:23.012] VoxelChunk: GenerateAsync (-3,-2,2)
[+03:36:23.013] VoxelMesh: Chunk X=-3 Y=-2 Z=2 FlatVerts=48 SlopeVerts=516
[+03:36:23.346] VoxelChunk: GenerateAsync (-1,3,-2)
[+03:36:23.679] VoxelMesh: Chunk X=0 Y=0 Z=0 FlatVerts=1206 SlopeVerts=990
[+03:36:23.682] VoxelChunk: GenerateAsync (-2,-3,-1)
[+03:36:24.014] VoxelMesh: Chunk X=0 Y=0 Z=0 FlatVerts=222 SlopeVerts=12840
[+03:36:24.021] VoxelChunk: GenerateAsync (3,-1,1)
[+03:36:24.023] VoxelMesh: Chunk X=3 Y=-1 Z=1 FlatVerts=0 SlopeVerts=1698
[+03:36:24.345] VoxelMesh: Chunk X=0 Y=0 Z=0 FlatVerts=0 SlopeVerts=0
[+03:36:24.346] VoxelChunk: GenerateAsync (-3,0,1)
[+03:36:24.679] VoxelChunk: GenerateAsync (-2,3,-2)
[+03:36:25.012] VoxelChunk: GenerateAsync (-3,-2,-2)
[+03:36:25.343] VoxelChunk: GenerateAsync (-3,-1,2)
[+03:36:25.681] VoxelChunk: GenerateAsync (3,-3,-2)
[+03:36:26.020] VoxelMesh: Chunk X=0 Y=0 Z=0 FlatVerts=0 SlopeVerts=2322
[+03:36:26.021] VoxelChunk: GenerateAsync (3,-2,0)
[+03:36:26.347] VoxelChunk: GenerateAsync (2,-3,-2)
[+03:36:26.679] VoxelMesh: Chunk X=0 Y=0 Z=0 FlatVerts=8214 SlopeVerts=2352
[+03:36:26.689] VoxelChunk: GenerateAsync (-3,-1,0)
[+03:36:26.690] VoxelMesh: Chunk X=-3 Y=-1 Z=0 FlatVerts=1416 SlopeVerts=642
[+03:36:27.015] VoxelMesh: Chunk X=0 Y=0 Z=0 FlatVerts=1620 SlopeVerts=2598
[+03:36:27.018] VoxelChunk: GenerateAsync (-3,-3,-1)
[+03:36:27.346] VoxelMesh: Chunk X=0 Y=0 Z=0 FlatVerts=264 SlopeVerts=23448
[+03:36:27.362] VoxelChunk: GenerateAsync (3,-1,2)
[+03:36:27.364] VoxelMesh: Chunk X=3 Y=-1 Z=2 FlatVerts=0 SlopeVerts=3168
[+03:36:27.681] VoxelMesh: Chunk X=0 Y=0 Z=0 FlatVerts=2514 SlopeVerts=16248
[+03:36:27.695] VoxelChunk: GenerateAsync (3,0,1)
[+03:36:27.696] VoxelMesh: Chunk X=3 Y=0 Z=1 FlatVerts=18 SlopeVerts=72
[+03:36:28.010] VoxelMesh: Chunk X=0 Y=0 Z=0 FlatVerts=570 SlopeVerts=2100
[+03:36:28.013] VoxelChunk: GenerateAsync (-3,1,1)
[+03:36:28.014] VoxelMesh: Chunk X=-3 Y=1 Z=1 FlatVerts=0 SlopeVerts=0
[+03:36:28.348] VoxelChunk: GenerateAsync (1,-3,-2)
[+03:36:28.680] VoxelChunk: GenerateAsync (-3,3,-2)
[+03:36:29.012] VoxelMesh: Chunk X=0 Y=0 Z=0 FlatVerts=492 SlopeVerts=1248
[+03:36:29.016] VoxelChunk: GenerateAsync (3,1,-1)
[+03:36:29.348] VoxelChunk: GenerateAsync (0,-3,-2)
[+03:36:29.681] VoxelChunk: GenerateAsync (-1,-3,-2)
[+03:36:30.017] VoxelMesh: Chunk X=0 Y=0 Z=0 FlatVerts=0 SlopeVerts=294
[+03:36:30.017] VoxelChunk: GenerateAsync (-3,1,2)
[+03:36:30.347] VoxelChunk: GenerateAsync (3,2,-2)
[+03:36:30.679] VoxelMesh: Chunk X=0 Y=0 Z=0 FlatVerts=6654 SlopeVerts=11376
[+03:36:30.695] VoxelChunk: GenerateAsync (3,1,1)
[+03:36:30.696] VoxelMesh: Chunk X=3 Y=1 Z=1 FlatVerts=204 SlopeVerts=4230
[+03:36:31.016] VoxelChunk: GenerateAsync (-3,2,-2)
[+03:36:31.346] VoxelMesh: Chunk X=0 Y=0 Z=0 FlatVerts=5118 SlopeVerts=1878
[+03:36:31.352] VoxelChunk: GenerateAsync (-3,2,-1)
[+03:36:31.679] VoxelMesh: Chunk X=0 Y=0 Z=0 FlatVerts=3978 SlopeVerts=1074
[+03:36:31.684] VoxelChunk: GenerateAsync (-3,-2,-1)
[+03:36:32.014] VoxelChunk: GenerateAsync (1,-3,-1)
[+03:36:32.345] VoxelMesh: Chunk X=0 Y=0 Z=0 FlatVerts=960 SlopeVerts=3096
[+03:36:32.348] VoxelChunk: GenerateAsync (3,1,2)
[+03:36:32.349] VoxelMesh: Chunk X=3 Y=1 Z=2 FlatVerts=66 SlopeVerts=1854
[+03:36:32.680] VoxelMesh: Chunk X=0 Y=0 Z=0 FlatVerts=54 SlopeVerts=4116
[+03:36:32.682] VoxelChunk: GenerateAsync (-3,2,2)
[+03:36:32.683] VoxelMesh: Chunk X=-3 Y=2 Z=2 FlatVerts=0 SlopeVerts=294
[+03:36:33.014] VoxelChunk: GenerateAsync (0,-3,-1)
[+03:36:33.344] VoxelMesh: Chunk X=0 Y=0 Z=0 FlatVerts=7158 SlopeVerts=5886
[+03:36:33.357] VoxelChunk: GenerateAsync (0,3,0)
[+03:36:33.358] VoxelMesh: Chunk X=0 Y=3 Z=0 FlatVerts=2214 SlopeVerts=0
[+03:36:33.680] VoxelMesh: Chunk X=0 Y=0 Z=0 FlatVerts=5934 SlopeVerts=7296
[+03:36:33.692] VoxelChunk: GenerateAsync (1,3,0)
[+03:36:33.693] VoxelMesh: Chunk X=1 Y=3 Z=0 FlatVerts=2304 SlopeVerts=252
[+03:36:34.021] VoxelMesh: Chunk X=0 Y=0 Z=0 FlatVerts=24 SlopeVerts=1914
[+03:36:34.022] VoxelChunk: GenerateAsync (3,-1,0)
[+03:36:34.348] VoxelChunk: GenerateAsync (-3,-3,-2)
[+03:36:34.678] VoxelMesh: Chunk X=0 Y=0 Z=0 FlatVerts=2916 SlopeVerts=1272
[+03:36:34.682] VoxelChunk: GenerateAsync (3,2,2)
[+03:36:34.683] VoxelMesh: Chunk X=3 Y=2 Z=2 FlatVerts=180 SlopeVerts=288
[+03:36:35.011] VoxelMesh: Chunk X=0 Y=0 Z=0 FlatVerts=54 SlopeVerts=7122
[+03:36:35.016] VoxelChunk: GenerateAsync (-3,3,2)
[+03:36:35.017] VoxelMesh: Chunk X=-3 Y=3 Z=2 FlatVerts=18 SlopeVerts=2988
[+03:36:35.346] VoxelMesh: Chunk X=0 Y=0 Z=0 FlatVerts=0 SlopeVerts=24
[+03:36:35.346] VoxelChunk: GenerateAsync (-2,3,2)
[+03:36:35.678] VoxelMesh: Chunk X=0 Y=0 Z=0 FlatVerts=0 SlopeVerts=0
[+03:36:35.679] VoxelChunk: GenerateAsync (-1,3,2)
[+03:36:36.012] VoxelMesh: Chunk X=0 Y=0 Z=0 FlatVerts=162 SlopeVerts=1374
[+03:36:36.013] VoxelChunk: GenerateAsync (0,3,2)
[+03:36:36.345] VoxelMesh: Chunk X=0 Y=0 Z=0 FlatVerts=1158 SlopeVerts=3462
[+03:36:36.349] VoxelChunk: GenerateAsync (1,3,2)
[+03:36:36.677] VoxelMesh: Chunk X=0 Y=0 Z=0 FlatVerts=2616 SlopeVerts=3102
[+03:36:36.683] VoxelChunk: GenerateAsync (2,3,2)
[+03:36:36.684] VoxelMesh: Chunk X=2 Y=3 Z=2 FlatVerts=0 SlopeVerts=6
[+03:36:37.011] VoxelMesh: Chunk X=0 Y=0 Z=0 FlatVerts=2136 SlopeVerts=1068
[+03:36:37.014] VoxelChunk: GenerateAsync (3,3,2)
[+03:36:37.014] VoxelWorld: Editor generation complete, 245 chunks.
[+03:36:37.015] VoxelMesh: Chunk X=3 Y=3 Z=2 FlatVerts=1548 SlopeVerts=762
