=== FIRSTVOXEL SESSION [2026.03.17-02.09.35] ===
[+02:09:35.794] FirstVoxel module started.
[+02:10:03.144] VoxelWorld: GenerateWorldDeferred started.
[+02:10:03.144] VoxelWorld: Queued 245 chunks.
[+02:10:03.244] VoxelMesh: Chunk X=0 Y=0 Z=0 FlatVerts=5484 SlopeVerts=10128
[+02:10:03.258] VoxelChunk: GenerateAsync (0,0,0)
[+02:10:03.259] VoxelMesh: Chunk X=0 Y=0 Z=0 FlatVerts=1230 SlopeVerts=780
[+02:10:03.347] VoxelMesh: Chunk X=0 Y=0 Z=0 FlatVerts=3360 SlopeVerts=13410
[+02:10:03.361] VoxelChunk: GenerateAsync (1,0,0)
[+02:10:03.363] VoxelMesh: Chunk X=1 Y=0 Z=0 FlatVerts=144 SlopeVerts=54
[+02:10:03.454] VoxelMesh: Chunk X=0 Y=0 Z=0 FlatVerts=7392 SlopeVerts=6270
[+02:10:03.466] VoxelChunk: GenerateAsync (1,1,0)
[+02:10:03.467] VoxelMesh: Chunk X=1 Y=1 Z=0 FlatVerts=1296 SlopeVerts=648
[+02:10:03.558] VoxelMesh: Chunk X=0 Y=0 Z=0 FlatVerts=924 SlopeVerts=5442
[+02:10:03.564] VoxelChunk: GenerateAsync (1,1,1)
[+02:10:03.565] VoxelMesh: Chunk X=1 Y=1 Z=1 FlatVerts=138 SlopeVerts=1668
[+02:10:03.666] VoxelMesh: Chunk X=0 Y=0 Z=0 FlatVerts=138 SlopeVerts=1668
[+02:10:03.667] VoxelChunk: GenerateAsync (0,1,1)
[+02:10:03.668] VoxelMesh: Chunk X=0 Y=1 Z=1 FlatVerts=0 SlopeVerts=0
[+02:10:03.766] VoxelMesh: Chunk X=0 Y=0 Z=0 FlatVerts=0 SlopeVerts=0
[+02:10:03.766] VoxelChunk: GenerateAsync (-1,1,1)
[+02:10:03.867] VoxelMesh: Chunk X=0 Y=0 Z=0 FlatVerts=1512 SlopeVerts=20490
[+02:10:03.884] VoxelChunk: GenerateAsync (1,0,1)
[+02:10:03.885] VoxelMesh: Chunk X=1 Y=0 Z=1 FlatVerts=252 SlopeVerts=4944
[+02:10:03.970] VoxelMesh: Chunk X=0 Y=0 Z=0 FlatVerts=432 SlopeVerts=10572
[+02:10:03.977] VoxelChunk: GenerateAsync (0,0,1)
[+02:10:03.978] VoxelMesh: Chunk X=0 Y=0 Z=1 FlatVerts=54 SlopeVerts=2094
[+02:10:04.079] VoxelMesh: Chunk X=0 Y=0 Z=0 FlatVerts=1368 SlopeVerts=846
[+02:10:04.083] VoxelChunk: GenerateAsync (0,-1,-1)
[+02:10:04.183] VoxelMesh: Chunk X=0 Y=0 Z=0 FlatVerts=150 SlopeVerts=84
[+02:10:04.184] VoxelChunk: GenerateAsync (1,-1,-1)
[+02:10:04.290] VoxelMesh: Chunk X=0 Y=0 Z=0 FlatVerts=9006 SlopeVerts=2322
[+02:10:04.303] VoxelChunk: GenerateAsync (0,1,0)
[+02:10:04.304] VoxelMesh: Chunk X=0 Y=1 Z=0 FlatVerts=2280 SlopeVerts=30
[+02:10:04.389] VoxelMesh: Chunk X=0 Y=0 Z=0 FlatVerts=9684 SlopeVerts=30
[+02:10:04.400] VoxelChunk: GenerateAsync (-1,1,-1)
[+02:10:04.491] VoxelMesh: Chunk X=0 Y=0 Z=0 FlatVerts=8130 SlopeVerts=2928
[+02:10:04.503] VoxelChunk: GenerateAsync (-1,0,0)
[+02:10:04.504] VoxelMesh: Chunk X=-1 Y=0 Z=0 FlatVerts=2148 SlopeVerts=48
[+02:10:04.595] VoxelMesh: Chunk X=0 Y=0 Z=0 FlatVerts=984 SlopeVerts=10200
[+02:10:04.602] VoxelChunk: GenerateAsync (-1,-1,1)
[+02:10:04.604] VoxelMesh: Chunk X=-1 Y=-1 Z=1 FlatVerts=474 SlopeVerts=1410
[+02:10:04.705] VoxelMesh: Chunk X=0 Y=0 Z=0 FlatVerts=4944 SlopeVerts=1518
[+02:10:04.712] VoxelChunk: GenerateAsync (0,0,-1)
[+02:10:04.811] VoxelMesh: Chunk X=0 Y=0 Z=0 FlatVerts=5400 SlopeVerts=8778
[+02:10:04.823] VoxelChunk: GenerateAsync (-1,-1,0)
[+02:10:04.824] VoxelMesh: Chunk X=-1 Y=-1 Z=0 FlatVerts=1002 SlopeVerts=744
[+02:10:04.917] VoxelMesh: Chunk X=0 Y=0 Z=0 FlatVerts=2196 SlopeVerts=12978
[+02:10:04.928] VoxelChunk: GenerateAsync (0,-1,0)
[+02:10:04.929] VoxelMesh: Chunk X=0 Y=-1 Z=0 FlatVerts=0 SlopeVerts=6
[+02:10:05.020] VoxelMesh: Chunk X=0 Y=0 Z=0 FlatVerts=54 SlopeVerts=2154
[+02:10:05.021] VoxelChunk: GenerateAsync (-1,0,1)
[+02:10:05.023] VoxelMesh: Chunk X=-1 Y=0 Z=1 FlatVerts=0 SlopeVerts=0
[+02:10:05.123] VoxelMesh: Chunk X=0 Y=0 Z=0 FlatVerts=9684 SlopeVerts=30
[+02:10:05.134] VoxelChunk: GenerateAsync (-1,1,0)
[+02:10:05.135] VoxelMesh: Chunk X=-1 Y=1 Z=0 FlatVerts=2394 SlopeVerts=0
[+02:10:05.228] VoxelMesh: Chunk X=0 Y=0 Z=0 FlatVerts=8844 SlopeVerts=678
[+02:10:05.239] VoxelChunk: GenerateAsync (0,1,-1)
[+02:10:05.331] VoxelMesh: Chunk X=0 Y=0 Z=0 FlatVerts=8046 SlopeVerts=864
[+02:10:05.341] VoxelChunk: GenerateAsync (-1,0,-1)
[+02:10:05.436] VoxelMesh: Chunk X=0 Y=0 Z=0 FlatVerts=864 SlopeVerts=11124
[+02:10:05.444] VoxelChunk: GenerateAsync (1,-1,0)
[+02:10:05.538] VoxelMesh: Chunk X=0 Y=0 Z=0 FlatVerts=6408 SlopeVerts=1260
[+02:10:05.547] VoxelChunk: GenerateAsync (1,1,-1)
[+02:10:05.640] VoxelMesh: Chunk X=0 Y=0 Z=0 FlatVerts=1698 SlopeVerts=1020
[+02:10:05.643] VoxelChunk: GenerateAsync (1,0,-1)
[+02:10:05.745] VoxelMesh: Chunk X=0 Y=0 Z=0 FlatVerts=624 SlopeVerts=25128
[+02:10:05.764] VoxelChunk: GenerateAsync (1,-1,1)
[+02:10:05.765] VoxelMesh: Chunk X=1 Y=-1 Z=1 FlatVerts=0 SlopeVerts=1428
[+02:10:05.851] VoxelMesh: Chunk X=0 Y=0 Z=0 FlatVerts=750 SlopeVerts=21078
[+02:10:05.868] VoxelChunk: GenerateAsync (0,-1,1)
[+02:10:05.869] VoxelMesh: Chunk X=0 Y=-1 Z=1 FlatVerts=486 SlopeVerts=3702
[+02:10:05.955] VoxelMesh: Chunk X=0 Y=0 Z=0 FlatVerts=4374 SlopeVerts=1584
[+02:10:05.961] VoxelChunk: GenerateAsync (-1,-1,-1)
[+02:10:06.062] VoxelChunk: GenerateAsync (1,0,-2)
[+02:10:06.165] VoxelChunk: GenerateAsync (2,0,-2)
[+02:10:06.267] VoxelChunk: GenerateAsync (0,-1,-2)
[+02:10:06.369] VoxelChunk: GenerateAsync (1,-1,-2)
[+02:10:06.469] VoxelChunk: GenerateAsync (-1,-2,-2)
[+02:10:06.570] VoxelChunk: GenerateAsync (-2,-2,-2)
[+02:10:06.673] VoxelChunk: GenerateAsync (2,-1,-2)
[+02:10:06.775] VoxelChunk: GenerateAsync (0,1,-2)
[+02:10:06.878] VoxelChunk: GenerateAsync (1,1,-2)
[+02:10:06.981] VoxelChunk: GenerateAsync (1,-2,-2)
[+02:10:07.085] VoxelChunk: GenerateAsync (2,1,-2)
[+02:10:07.189] VoxelChunk: GenerateAsync (-2,2,-2)
[+02:10:07.290] VoxelChunk: GenerateAsync (-2,0,-2)
[+02:10:07.391] VoxelChunk: GenerateAsync (-2,-1,-2)
[+02:10:07.491] VoxelChunk: GenerateAsync (-1,2,-2)
[+02:10:07.591] VoxelChunk: GenerateAsync (0,2,-2)
[+02:10:07.692] VoxelChunk: GenerateAsync (-1,0,-2)
[+02:10:07.792] VoxelChunk: GenerateAsync (1,2,-2)
[+02:10:07.895] VoxelChunk: GenerateAsync (2,2,-2)
[+02:10:07.997] VoxelChunk: GenerateAsync (0,0,-2)
[+02:10:08.099] VoxelChunk: GenerateAsync (-1,-1,-2)
[+02:10:08.201] VoxelChunk: GenerateAsync (2,-2,-2)
[+02:10:08.306] VoxelChunk: GenerateAsync (0,-2,-2)
[+02:10:08.405] VoxelChunk: GenerateAsync (-2,1,-2)
[+02:10:08.506] VoxelChunk: GenerateAsync (-1,1,-2)
[+02:10:08.605] VoxelMesh: Chunk X=0 Y=0 Z=0 FlatVerts=0 SlopeVerts=6
[+02:10:08.605] VoxelChunk: GenerateAsync (1,2,2)
[+02:10:08.706] VoxelMesh: Chunk X=0 Y=0 Z=0 FlatVerts=2976 SlopeVerts=1854
[+02:10:08.711] VoxelChunk: GenerateAsync (2,1,-1)
[+02:10:08.810] VoxelMesh: Chunk X=0 Y=0 Z=0 FlatVerts=0 SlopeVerts=0
[+02:10:08.810] VoxelChunk: GenerateAsync (-2,1,1)
[+02:10:08.912] VoxelMesh: Chunk X=0 Y=0 Z=0 FlatVerts=3294 SlopeVerts=1062
[+02:10:08.916] VoxelChunk: GenerateAsync (-2,-2,-1)
[+02:10:09.019] VoxelChunk: GenerateAsync (1,-2,-1)
[+02:10:09.118] VoxelChunk: GenerateAsync (-2,1,2)
[+02:10:09.219] VoxelMesh: Chunk X=0 Y=0 Z=0 FlatVerts=36 SlopeVerts=25776
[+02:10:09.238] VoxelChunk: GenerateAsync (0,-2,2)
[+02:10:09.239] VoxelMesh: Chunk X=0 Y=-2 Z=2 FlatVerts=24 SlopeVerts=3570
[+02:10:09.323] VoxelMesh: Chunk X=0 Y=0 Z=0 FlatVerts=54 SlopeVerts=924
[+02:10:09.324] VoxelChunk: GenerateAsync (-2,2,1)
[+02:10:09.325] VoxelMesh: Chunk X=-2 Y=2 Z=1 FlatVerts=0 SlopeVerts=0
[+02:10:09.427] VoxelMesh: Chunk X=0 Y=0 Z=0 FlatVerts=630 SlopeVerts=23292
[+02:10:09.443] VoxelChunk: GenerateAsync (2,-1,1)
[+02:10:09.445] VoxelMesh: Chunk X=2 Y=-1 Z=1 FlatVerts=72 SlopeVerts=1908
[+02:10:09.529] VoxelMesh: Chunk X=0 Y=0 Z=0 FlatVerts=7188 SlopeVerts=1068
[+02:10:09.538] VoxelChunk: GenerateAsync (-2,-1,-1)
[+02:10:09.632] VoxelMesh: Chunk X=0 Y=0 Z=0 FlatVerts=72 SlopeVerts=3336
[+02:10:09.634] VoxelChunk: GenerateAsync (1,-2,0)
[+02:10:09.732] VoxelChunk: GenerateAsync (0,1,2)
[+02:10:09.835] VoxelMesh: Chunk X=0 Y=0 Z=0 FlatVerts=1716 SlopeVerts=11262
[+02:10:09.843] VoxelChunk: GenerateAsync (2,0,0)
[+02:10:09.845] VoxelMesh: Chunk X=2 Y=0 Z=0 FlatVerts=6 SlopeVerts=30
[+02:10:09.936] VoxelMesh: Chunk X=0 Y=0 Z=0 FlatVerts=18 SlopeVerts=24204
[+02:10:09.953] VoxelChunk: GenerateAsync (1,-2,2)
[+02:10:09.954] VoxelMesh: Chunk X=1 Y=-2 Z=2 FlatVerts=0 SlopeVerts=294
[+02:10:10.036] VoxelChunk: GenerateAsync (-2,0,2)
[+02:10:10.136] VoxelMesh: Chunk X=0 Y=0 Z=0 FlatVerts=6 SlopeVerts=420
[+02:10:10.137] VoxelChunk: GenerateAsync (0,2,1)
[+02:10:10.245] VoxelMesh: Chunk X=0 Y=0 Z=0 FlatVerts=516 SlopeVerts=16914
[+02:10:10.258] VoxelChunk: GenerateAsync (0,-2,1)
[+02:10:10.259] VoxelMesh: Chunk X=0 Y=-2 Z=1 FlatVerts=0 SlopeVerts=912
[+02:10:10.351] VoxelMesh: Chunk X=0 Y=0 Z=0 FlatVerts=0 SlopeVerts=378
[+02:10:10.352] VoxelChunk: GenerateAsync (1,1,2)
[+02:10:10.455] VoxelMesh: Chunk X=0 Y=0 Z=0 FlatVerts=312 SlopeVerts=1098
[+02:10:10.457] VoxelChunk: GenerateAsync (2,0,-1)
[+02:10:10.559] VoxelMesh: Chunk X=0 Y=0 Z=0 FlatVerts=1314 SlopeVerts=13002
[+02:10:10.569] VoxelChunk: GenerateAsync (-2,-2,1)
[+02:10:10.571] VoxelMesh: Chunk X=-2 Y=-2 Z=1 FlatVerts=588 SlopeVerts=3900
[+02:10:10.667] VoxelMesh: Chunk X=0 Y=0 Z=0 FlatVerts=4680 SlopeVerts=9834
[+02:10:10.679] VoxelChunk: GenerateAsync (-2,-2,0)
[+02:10:10.680] VoxelMesh: Chunk X=-2 Y=-2 Z=0 FlatVerts=288 SlopeVerts=36
[+02:10:10.773] VoxelMesh: Chunk X=0 Y=0 Z=0 FlatVerts=72 SlopeVerts=4224
[+02:10:10.776] VoxelChunk: GenerateAsync (2,-2,0)
[+02:10:10.877] VoxelMesh: Chunk X=0 Y=0 Z=0 FlatVerts=8508 SlopeVerts=1872
[+02:10:10.889] VoxelChunk: GenerateAsync (-2,2,0)
[+02:10:10.891] VoxelMesh: Chunk X=-2 Y=2 Z=0 FlatVerts=2310 SlopeVerts=6
[+02:10:11.295] VoxelMesh: Chunk X=0 Y=0 Z=0 FlatVerts=0 SlopeVerts=6
[+02:10:11.296] VoxelChunk: GenerateAsync (0,-2,-1)
[+02:10:11.627] VoxelMesh: Chunk X=0 Y=0 Z=0 FlatVerts=5136 SlopeVerts=6690
[+02:10:11.637] VoxelChunk: GenerateAsync (2,2,1)
[+02:10:11.638] VoxelMesh: Chunk X=2 Y=2 Z=1 FlatVerts=0 SlopeVerts=288
[+02:10:11.962] VoxelMesh: Chunk X=0 Y=0 Z=0 FlatVerts=8052 SlopeVerts=1140
[+02:10:11.972] VoxelChunk: GenerateAsync (1,2,-1)
[+02:10:12.293] VoxelMesh: Chunk X=0 Y=0 Z=0 FlatVerts=9690 SlopeVerts=6
[+02:10:12.305] VoxelChunk: GenerateAsync (-2,1,0)
[+02:10:12.306] VoxelMesh: Chunk X=-2 Y=1 Z=0 FlatVerts=2628 SlopeVerts=0
[+02:10:12.631] VoxelMesh: Chunk X=0 Y=0 Z=0 FlatVerts=78 SlopeVerts=26088
[+02:10:12.650] VoxelChunk: GenerateAsync (2,-2,2)
[+02:10:12.651] VoxelMesh: Chunk X=2 Y=-2 Z=2 FlatVerts=0 SlopeVerts=18
[+02:10:12.960] VoxelMesh: Chunk X=0 Y=0 Z=0 FlatVerts=6 SlopeVerts=2988
[+02:10:12.963] VoxelChunk: GenerateAsync (-1,-1,2)
[+02:10:13.293] VoxelMesh: Chunk X=0 Y=0 Z=0 FlatVerts=0 SlopeVerts=60
[+02:10:13.294] VoxelChunk: GenerateAsync (-1,0,2)
[+02:10:13.627] VoxelMesh: Chunk X=0 Y=0 Z=0 FlatVerts=9168 SlopeVerts=4128
[+02:10:13.641] VoxelChunk: GenerateAsync (1,2,0)
[+02:10:13.642] VoxelMesh: Chunk X=1 Y=2 Z=0 FlatVerts=2616 SlopeVerts=0
[+02:10:13.963] VoxelMesh: Chunk X=0 Y=0 Z=0 FlatVerts=9186 SlopeVerts=0
[+02:10:13.969] VoxelChunk: GenerateAsync (-1,2,-1)
[+02:10:14.315] VoxelMesh: Chunk X=0 Y=0 Z=0 FlatVerts=8454 SlopeVerts=948
[+02:10:14.328] VoxelChunk: GenerateAsync (-2,2,-1)
[+02:10:14.416] VoxelMesh: Chunk X=0 Y=0 Z=0 FlatVerts=72 SlopeVerts=10068
[+02:10:14.424] VoxelChunk: GenerateAsync (1,-2,1)
[+02:10:14.518] VoxelMesh: Chunk X=0 Y=0 Z=0 FlatVerts=9708 SlopeVerts=672
[+02:10:14.532] VoxelChunk: GenerateAsync (0,2,0)
[+02:10:14.533] VoxelMesh: Chunk X=0 Y=2 Z=0 FlatVerts=2652 SlopeVerts=0
[+02:10:14.618] VoxelMesh: Chunk X=0 Y=0 Z=0 FlatVerts=228 SlopeVerts=2514
[+02:10:14.620] VoxelChunk: GenerateAsync (2,1,2)
[+02:10:14.621] VoxelMesh: Chunk X=2 Y=1 Z=2 FlatVerts=0 SlopeVerts=372
[+02:10:14.720] VoxelMesh: Chunk X=0 Y=0 Z=0 FlatVerts=1602 SlopeVerts=23772
[+02:10:14.740] VoxelChunk: GenerateAsync (2,0,1)
[+02:10:14.741] VoxelMesh: Chunk X=2 Y=0 Z=1 FlatVerts=342 SlopeVerts=2808
[+02:10:14.829] VoxelMesh: Chunk X=0 Y=0 Z=0 FlatVerts=468 SlopeVerts=6486
[+02:10:14.833] VoxelChunk: GenerateAsync (2,-1,0)
[+02:10:14.933] VoxelMesh: Chunk X=0 Y=0 Z=0 FlatVerts=1116 SlopeVerts=2994
[+02:10:14.936] VoxelChunk: GenerateAsync (1,2,1)
[+02:10:15.037] VoxelMesh: Chunk X=0 Y=0 Z=0 FlatVerts=1194 SlopeVerts=19944
[+02:10:15.053] VoxelChunk: GenerateAsync (-1,-2,1)
[+02:10:15.054] VoxelMesh: Chunk X=-1 Y=-2 Z=1 FlatVerts=258 SlopeVerts=3240
[+02:10:15.142] VoxelMesh: Chunk X=0 Y=0 Z=0 FlatVerts=126 SlopeVerts=13506
[+02:10:15.150] VoxelChunk: GenerateAsync (2,-2,1)
[+02:10:15.241] VoxelMesh: Chunk X=0 Y=0 Z=0 FlatVerts=546 SlopeVerts=1626
[+02:10:15.243] VoxelChunk: GenerateAsync (-2,-1,1)
[+02:10:15.244] VoxelMesh: Chunk X=-2 Y=-1 Z=1 FlatVerts=72 SlopeVerts=216
[+02:10:15.342] VoxelMesh: Chunk X=0 Y=0 Z=0 FlatVerts=5208 SlopeVerts=11892
[+02:10:15.359] VoxelChunk: GenerateAsync (2,1,0)
[+02:10:15.360] VoxelMesh: Chunk X=2 Y=1 Z=0 FlatVerts=258 SlopeVerts=282
[+02:10:15.448] VoxelMesh: Chunk X=0 Y=0 Z=0 FlatVerts=0 SlopeVerts=0
[+02:10:15.448] VoxelChunk: GenerateAsync (-2,0,1)
[+02:10:15.551] VoxelMesh: Chunk X=0 Y=0 Z=0 FlatVerts=204 SlopeVerts=29934
[+02:10:15.572] VoxelChunk: GenerateAsync (2,-1,2)
[+02:10:15.573] VoxelMesh: Chunk X=2 Y=-1 Z=2 FlatVerts=0 SlopeVerts=2310
[+02:10:15.657] VoxelMesh: Chunk X=0 Y=0 Z=0 FlatVerts=0 SlopeVerts=10098
[+02:10:15.663] VoxelChunk: GenerateAsync (1,0,2)
[+02:10:15.664] VoxelMesh: Chunk X=1 Y=0 Z=2 FlatVerts=0 SlopeVerts=1794
[+02:10:15.763] VoxelMesh: Chunk X=0 Y=0 Z=0 FlatVerts=7794 SlopeVerts=2634
[+02:10:15.775] VoxelChunk: GenerateAsync (-2,-1,0)
[+02:10:15.776] VoxelMesh: Chunk X=-2 Y=-1 Z=0 FlatVerts=2010 SlopeVerts=276
[+02:10:15.863] VoxelMesh: Chunk X=0 Y=0 Z=0 FlatVerts=2436 SlopeVerts=12558
[+02:10:15.873] VoxelChunk: GenerateAsync (2,1,1)
[+02:10:15.874] VoxelMesh: Chunk X=2 Y=1 Z=1 FlatVerts=792 SlopeVerts=3108
[+02:10:15.969] VoxelChunk: GenerateAsync (-1,2,1)
[+02:10:16.070] VoxelMesh: Chunk X=0 Y=0 Z=0 FlatVerts=9198 SlopeVerts=48
[+02:10:16.081] VoxelChunk: GenerateAsync (-2,0,0)
[+02:10:16.082] VoxelMesh: Chunk X=-2 Y=0 Z=0 FlatVerts=2028 SlopeVerts=0
[+02:10:16.174] VoxelMesh: Chunk X=0 Y=0 Z=0 FlatVerts=9702 SlopeVerts=252
[+02:10:16.186] VoxelChunk: GenerateAsync (0,2,-1)
[+02:10:16.281] VoxelMesh: Chunk X=0 Y=0 Z=0 FlatVerts=3594 SlopeVerts=1350
[+02:10:16.286] VoxelChunk: GenerateAsync (2,2,-1)
[+02:10:16.387] VoxelMesh: Chunk X=0 Y=0 Z=0 FlatVerts=9690 SlopeVerts=6
[+02:10:16.398] VoxelChunk: GenerateAsync (-2,1,-1)
[+02:10:16.490] VoxelMesh: Chunk X=0 Y=0 Z=0 FlatVerts=18 SlopeVerts=4632
[+02:10:16.493] VoxelChunk: GenerateAsync (-2,-2,2)
[+02:10:16.494] VoxelMesh: Chunk X=-2 Y=-2 Z=2 FlatVerts=0 SlopeVerts=0
