=== FIRSTVOXEL SESSION [2026.03.17-01.47.52] ===
[+01:47:52.346] FirstVoxel module started.
[+01:47:59.256] VoxelWorld: GenerateWorldDeferred started.
[+01:47:59.256] VoxelWorld: Queued 245 chunks.
[+01:47:59.358] VoxelMesh: Chunk X=0 Y=0 Z=0 FlatVerts=5472 SlopeVerts=10128
[+01:47:59.371] VoxelChunk: GenerateAsync (0,0,0)
[+01:47:59.371] VoxelMesh: Chunk X=0 Y=0 Z=0 FlatVerts=1230 SlopeVerts=780
[+01:47:59.465] VoxelMesh: Chunk X=0 Y=0 Z=0 FlatVerts=3348 SlopeVerts=13410
[+01:47:59.479] VoxelChunk: GenerateAsync (1,0,0)
[+01:47:59.480] VoxelMesh: Chunk X=1 Y=0 Z=0 FlatVerts=144 SlopeVerts=54
[+01:47:59.566] VoxelMesh: Chunk X=0 Y=0 Z=0 FlatVerts=7380 SlopeVerts=6270
[+01:47:59.578] VoxelChunk: GenerateAsync (1,1,0)
[+01:47:59.579] VoxelMesh: Chunk X=1 Y=1 Z=0 FlatVerts=1284 SlopeVerts=648
[+01:47:59.673] VoxelMesh: Chunk X=0 Y=0 Z=0 FlatVerts=924 SlopeVerts=5442
[+01:47:59.677] VoxelChunk: GenerateAsync (1,1,1)
[+01:47:59.678] VoxelMesh: Chunk X=1 Y=1 Z=1 FlatVerts=138 SlopeVerts=1668
[+01:47:59.778] VoxelMesh: Chunk X=0 Y=0 Z=0 FlatVerts=138 SlopeVerts=1668
[+01:47:59.780] VoxelChunk: GenerateAsync (0,1,1)
[+01:47:59.781] VoxelMesh: Chunk X=0 Y=1 Z=1 FlatVerts=0 SlopeVerts=0
[+01:47:59.880] VoxelMesh: Chunk X=0 Y=0 Z=0 FlatVerts=0 SlopeVerts=0
[+01:47:59.881] VoxelChunk: GenerateAsync (-1,1,1)
[+01:47:59.984] VoxelMesh: Chunk X=0 Y=0 Z=0 FlatVerts=1512 SlopeVerts=20490
[+01:48:00.000] VoxelChunk: GenerateAsync (1,0,1)
[+01:48:00.002] VoxelMesh: Chunk X=1 Y=0 Z=1 FlatVerts=252 SlopeVerts=4944
[+01:48:00.088] VoxelMesh: Chunk X=0 Y=0 Z=0 FlatVerts=432 SlopeVerts=10572
[+01:48:00.095] VoxelChunk: GenerateAsync (0,0,1)
[+01:48:00.096] VoxelMesh: Chunk X=0 Y=0 Z=1 FlatVerts=54 SlopeVerts=2094
[+01:48:00.190] VoxelMesh: Chunk X=0 Y=0 Z=0 FlatVerts=1368 SlopeVerts=846
[+01:48:00.193] VoxelChunk: GenerateAsync (0,-1,-1)
[+01:48:00.300] VoxelMesh: Chunk X=0 Y=0 Z=0 FlatVerts=150 SlopeVerts=84
[+01:48:00.300] VoxelChunk: GenerateAsync (1,-1,-1)
[+01:48:00.401] VoxelMesh: Chunk X=0 Y=0 Z=0 FlatVerts=8982 SlopeVerts=2322
[+01:48:00.414] VoxelChunk: GenerateAsync (0,1,0)
[+01:48:00.414] VoxelMesh: Chunk X=0 Y=1 Z=0 FlatVerts=2280 SlopeVerts=30
[+01:48:00.508] VoxelMesh: Chunk X=0 Y=0 Z=0 FlatVerts=9654 SlopeVerts=30
[+01:48:00.519] VoxelChunk: GenerateAsync (-1,1,-1)
[+01:48:00.611] VoxelMesh: Chunk X=0 Y=0 Z=0 FlatVerts=8118 SlopeVerts=2928
[+01:48:00.622] VoxelChunk: GenerateAsync (-1,0,0)
[+01:48:00.623] VoxelMesh: Chunk X=-1 Y=0 Z=0 FlatVerts=2142 SlopeVerts=48
[+01:48:00.716] VoxelMesh: Chunk X=0 Y=0 Z=0 FlatVerts=984 SlopeVerts=10200
[+01:48:00.724] VoxelChunk: GenerateAsync (-1,-1,1)
[+01:48:00.725] VoxelMesh: Chunk X=-1 Y=-1 Z=1 FlatVerts=474 SlopeVerts=1410
[+01:48:00.818] VoxelMesh: Chunk X=0 Y=0 Z=0 FlatVerts=4932 SlopeVerts=1518
[+01:48:00.826] VoxelChunk: GenerateAsync (0,0,-1)
[+01:48:00.919] VoxelMesh: Chunk X=0 Y=0 Z=0 FlatVerts=5394 SlopeVerts=8778
[+01:48:00.930] VoxelChunk: GenerateAsync (-1,-1,0)
[+01:48:00.931] VoxelMesh: Chunk X=-1 Y=-1 Z=0 FlatVerts=1002 SlopeVerts=744
[+01:48:01.030] VoxelMesh: Chunk X=0 Y=0 Z=0 FlatVerts=2196 SlopeVerts=12978
[+01:48:01.043] VoxelChunk: GenerateAsync (0,-1,0)
[+01:48:01.044] VoxelMesh: Chunk X=0 Y=-1 Z=0 FlatVerts=0 SlopeVerts=6
[+01:48:01.129] VoxelMesh: Chunk X=0 Y=0 Z=0 FlatVerts=54 SlopeVerts=2154
[+01:48:01.131] VoxelChunk: GenerateAsync (-1,0,1)
[+01:48:01.132] VoxelMesh: Chunk X=-1 Y=0 Z=1 FlatVerts=0 SlopeVerts=0
[+01:48:01.231] VoxelMesh: Chunk X=0 Y=0 Z=0 FlatVerts=9654 SlopeVerts=30
[+01:48:01.243] VoxelChunk: GenerateAsync (-1,1,0)
[+01:48:01.244] VoxelMesh: Chunk X=-1 Y=1 Z=0 FlatVerts=2388 SlopeVerts=0
[+01:48:01.338] VoxelMesh: Chunk X=0 Y=0 Z=0 FlatVerts=8820 SlopeVerts=678
[+01:48:01.348] VoxelChunk: GenerateAsync (0,1,-1)
[+01:48:01.441] VoxelMesh: Chunk X=0 Y=0 Z=0 FlatVerts=8034 SlopeVerts=864
[+01:48:01.452] VoxelChunk: GenerateAsync (-1,0,-1)
[+01:48:01.546] VoxelMesh: Chunk X=0 Y=0 Z=0 FlatVerts=864 SlopeVerts=11124
[+01:48:01.553] VoxelChunk: GenerateAsync (1,-1,0)
[+01:48:01.646] VoxelMesh: Chunk X=0 Y=0 Z=0 FlatVerts=6396 SlopeVerts=1260
[+01:48:01.654] VoxelChunk: GenerateAsync (1,1,-1)
[+01:48:01.749] VoxelMesh: Chunk X=0 Y=0 Z=0 FlatVerts=1686 SlopeVerts=1020
[+01:48:01.752] VoxelChunk: GenerateAsync (1,0,-1)
[+01:48:01.853] VoxelMesh: Chunk X=0 Y=0 Z=0 FlatVerts=624 SlopeVerts=25128
[+01:48:01.872] VoxelChunk: GenerateAsync (1,-1,1)
[+01:48:01.873] VoxelMesh: Chunk X=1 Y=-1 Z=1 FlatVerts=0 SlopeVerts=1428
[+01:48:01.958] VoxelMesh: Chunk X=0 Y=0 Z=0 FlatVerts=750 SlopeVerts=21078
[+01:48:01.974] VoxelChunk: GenerateAsync (0,-1,1)
[+01:48:01.975] VoxelMesh: Chunk X=0 Y=-1 Z=1 FlatVerts=486 SlopeVerts=3702
[+01:48:02.063] VoxelMesh: Chunk X=0 Y=0 Z=0 FlatVerts=4368 SlopeVerts=1584
[+01:48:02.070] VoxelChunk: GenerateAsync (-1,-1,-1)
[+01:48:02.173] VoxelChunk: GenerateAsync (1,0,-2)
[+01:48:02.275] VoxelChunk: GenerateAsync (2,0,-2)
[+01:48:02.377] VoxelChunk: GenerateAsync (0,-1,-2)
[+01:48:02.482] VoxelChunk: GenerateAsync (1,-1,-2)
[+01:48:02.585] VoxelChunk: GenerateAsync (-1,-2,-2)
[+01:48:02.686] VoxelChunk: GenerateAsync (-2,-2,-2)
[+01:48:02.788] VoxelChunk: GenerateAsync (2,-1,-2)
[+01:48:02.892] VoxelChunk: GenerateAsync (0,1,-2)
[+01:48:02.996] VoxelChunk: GenerateAsync (1,1,-2)
[+01:48:03.101] VoxelChunk: GenerateAsync (1,-2,-2)
[+01:48:03.204] VoxelChunk: GenerateAsync (2,1,-2)
[+01:48:03.308] VoxelChunk: GenerateAsync (-2,2,-2)
[+01:48:03.410] VoxelChunk: GenerateAsync (-2,0,-2)
[+01:48:03.513] VoxelChunk: GenerateAsync (-2,-1,-2)
[+01:48:03.616] VoxelChunk: GenerateAsync (-1,2,-2)
[+01:48:03.719] VoxelChunk: GenerateAsync (0,2,-2)
[+01:48:03.822] VoxelChunk: GenerateAsync (-1,0,-2)
[+01:48:03.926] VoxelChunk: GenerateAsync (1,2,-2)
[+01:48:04.032] VoxelChunk: GenerateAsync (2,2,-2)
[+01:48:04.138] VoxelChunk: GenerateAsync (0,0,-2)
[+01:48:04.242] VoxelChunk: GenerateAsync (-1,-1,-2)
[+01:48:04.346] VoxelChunk: GenerateAsync (2,-2,-2)
[+01:48:04.451] VoxelChunk: GenerateAsync (0,-2,-2)
[+01:48:04.554] VoxelChunk: GenerateAsync (-2,1,-2)
[+01:48:04.659] VoxelChunk: GenerateAsync (-1,1,-2)
[+01:48:04.760] VoxelMesh: Chunk X=0 Y=0 Z=0 FlatVerts=0 SlopeVerts=6
[+01:48:04.761] VoxelChunk: GenerateAsync (1,2,2)
[+01:48:04.864] VoxelMesh: Chunk X=0 Y=0 Z=0 FlatVerts=2976 SlopeVerts=1854
[+01:48:04.869] VoxelChunk: GenerateAsync (2,1,-1)
[+01:48:04.962] VoxelMesh: Chunk X=0 Y=0 Z=0 FlatVerts=0 SlopeVerts=0
[+01:48:04.963] VoxelChunk: GenerateAsync (-2,1,1)
[+01:48:05.065] VoxelMesh: Chunk X=0 Y=0 Z=0 FlatVerts=3294 SlopeVerts=1062
[+01:48:05.071] VoxelChunk: GenerateAsync (-2,-2,-1)
[+01:48:05.174] VoxelChunk: GenerateAsync (1,-2,-1)
[+01:48:05.275] VoxelChunk: GenerateAsync (-2,1,2)
[+01:48:05.378] VoxelMesh: Chunk X=0 Y=0 Z=0 FlatVerts=36 SlopeVerts=25776
[+01:48:05.397] VoxelChunk: GenerateAsync (0,-2,2)
[+01:48:05.398] VoxelMesh: Chunk X=0 Y=-2 Z=2 FlatVerts=24 SlopeVerts=3570
[+01:48:05.477] VoxelMesh: Chunk X=0 Y=0 Z=0 FlatVerts=54 SlopeVerts=924
[+01:48:05.478] VoxelChunk: GenerateAsync (-2,2,1)
[+01:48:05.479] VoxelMesh: Chunk X=-2 Y=2 Z=1 FlatVerts=0 SlopeVerts=0
[+01:48:05.581] VoxelMesh: Chunk X=0 Y=0 Z=0 FlatVerts=630 SlopeVerts=23292
[+01:48:05.598] VoxelChunk: GenerateAsync (2,-1,1)
[+01:48:05.600] VoxelMesh: Chunk X=2 Y=-1 Z=1 FlatVerts=72 SlopeVerts=1908
[+01:48:05.686] VoxelMesh: Chunk X=0 Y=0 Z=0 FlatVerts=7182 SlopeVerts=1068
[+01:48:05.696] VoxelChunk: GenerateAsync (-2,-1,-1)
[+01:48:05.792] VoxelMesh: Chunk X=0 Y=0 Z=0 FlatVerts=72 SlopeVerts=3336
[+01:48:05.794] VoxelChunk: GenerateAsync (1,-2,0)
[+01:48:05.894] VoxelChunk: GenerateAsync (0,1,2)
[+01:48:05.997] VoxelMesh: Chunk X=0 Y=0 Z=0 FlatVerts=1716 SlopeVerts=11262
[+01:48:06.006] VoxelChunk: GenerateAsync (2,0,0)
[+01:48:06.008] VoxelMesh: Chunk X=2 Y=0 Z=0 FlatVerts=6 SlopeVerts=30
[+01:48:06.101] VoxelMesh: Chunk X=0 Y=0 Z=0 FlatVerts=18 SlopeVerts=24204
[+01:48:06.120] VoxelChunk: GenerateAsync (1,-2,2)
[+01:48:06.121] VoxelMesh: Chunk X=1 Y=-2 Z=2 FlatVerts=0 SlopeVerts=294
[+01:48:06.205] VoxelChunk: GenerateAsync (-2,0,2)
[+01:48:06.305] VoxelMesh: Chunk X=0 Y=0 Z=0 FlatVerts=6 SlopeVerts=420
[+01:48:06.307] VoxelChunk: GenerateAsync (0,2,1)
[+01:48:06.409] VoxelMesh: Chunk X=0 Y=0 Z=0 FlatVerts=516 SlopeVerts=16914
[+01:48:06.423] VoxelChunk: GenerateAsync (0,-2,1)
[+01:48:06.425] VoxelMesh: Chunk X=0 Y=-2 Z=1 FlatVerts=0 SlopeVerts=912
[+01:48:06.509] VoxelMesh: Chunk X=0 Y=0 Z=0 FlatVerts=0 SlopeVerts=378
[+01:48:06.509] VoxelChunk: GenerateAsync (1,1,2)
[+01:48:06.613] VoxelMesh: Chunk X=0 Y=0 Z=0 FlatVerts=312 SlopeVerts=1098
[+01:48:06.614] VoxelChunk: GenerateAsync (2,0,-1)
[+01:48:06.716] VoxelMesh: Chunk X=0 Y=0 Z=0 FlatVerts=1314 SlopeVerts=12990
[+01:48:06.727] VoxelChunk: GenerateAsync (-2,-2,1)
[+01:48:06.728] VoxelMesh: Chunk X=-2 Y=-2 Z=1 FlatVerts=588 SlopeVerts=3888
[+01:48:06.824] VoxelMesh: Chunk X=0 Y=0 Z=0 FlatVerts=4680 SlopeVerts=9822
[+01:48:06.837] VoxelChunk: GenerateAsync (-2,-2,0)
[+01:48:06.838] VoxelMesh: Chunk X=-2 Y=-2 Z=0 FlatVerts=288 SlopeVerts=36
[+01:48:06.935] VoxelMesh: Chunk X=0 Y=0 Z=0 FlatVerts=72 SlopeVerts=4224
[+01:48:06.938] VoxelChunk: GenerateAsync (2,-2,0)
[+01:48:07.034] VoxelMesh: Chunk X=0 Y=0 Z=0 FlatVerts=8490 SlopeVerts=1872
[+01:48:07.046] VoxelChunk: GenerateAsync (-2,2,0)
[+01:48:07.047] VoxelMesh: Chunk X=-2 Y=2 Z=0 FlatVerts=2304 SlopeVerts=6
[+01:48:07.145] VoxelMesh: Chunk X=0 Y=0 Z=0 FlatVerts=0 SlopeVerts=6
[+01:48:07.145] VoxelChunk: GenerateAsync (0,-2,-1)
[+01:48:07.246] VoxelMesh: Chunk X=0 Y=0 Z=0 FlatVerts=5136 SlopeVerts=6684
[+01:48:07.257] VoxelChunk: GenerateAsync (2,2,1)
[+01:48:07.258] VoxelMesh: Chunk X=2 Y=2 Z=1 FlatVerts=0 SlopeVerts=288
[+01:48:07.356] VoxelMesh: Chunk X=0 Y=0 Z=0 FlatVerts=8010 SlopeVerts=1140
[+01:48:07.367] VoxelChunk: GenerateAsync (1,2,-1)
[+01:48:07.471] VoxelMesh: Chunk X=0 Y=0 Z=0 FlatVerts=9666 SlopeVerts=6
[+01:48:07.485] VoxelChunk: GenerateAsync (-2,1,0)
[+01:48:07.486] VoxelMesh: Chunk X=-2 Y=1 Z=0 FlatVerts=2628 SlopeVerts=0
[+01:48:07.586] VoxelMesh: Chunk X=0 Y=0 Z=0 FlatVerts=78 SlopeVerts=26088
[+01:48:07.607] VoxelChunk: GenerateAsync (2,-2,2)
[+01:48:07.608] VoxelMesh: Chunk X=2 Y=-2 Z=2 FlatVerts=0 SlopeVerts=18
[+01:48:07.691] VoxelMesh: Chunk X=0 Y=0 Z=0 FlatVerts=6 SlopeVerts=2988
[+01:48:07.694] VoxelChunk: GenerateAsync (-1,-1,2)
[+01:48:07.795] VoxelMesh: Chunk X=0 Y=0 Z=0 FlatVerts=0 SlopeVerts=60
[+01:48:07.796] VoxelChunk: GenerateAsync (-1,0,2)
[+01:48:07.899] VoxelMesh: Chunk X=0 Y=0 Z=0 FlatVerts=9126 SlopeVerts=4128
[+01:48:07.913] VoxelChunk: GenerateAsync (1,2,0)
[+01:48:07.914] VoxelMesh: Chunk X=1 Y=2 Z=0 FlatVerts=2616 SlopeVerts=0
[+01:48:08.256] VoxelMesh: Chunk X=0 Y=0 Z=0 FlatVerts=9156 SlopeVerts=0
[+01:48:08.263] VoxelChunk: GenerateAsync (-1,2,-1)
[+01:48:08.591] VoxelMesh: Chunk X=0 Y=0 Z=0 FlatVerts=8436 SlopeVerts=948
[+01:48:08.602] VoxelChunk: GenerateAsync (-2,2,-1)
[+01:48:08.928] VoxelMesh: Chunk X=0 Y=0 Z=0 FlatVerts=72 SlopeVerts=10068
[+01:48:08.935] VoxelChunk: GenerateAsync (1,-2,1)
[+01:48:09.258] VoxelMesh: Chunk X=0 Y=0 Z=0 FlatVerts=9648 SlopeVerts=672
[+01:48:09.271] VoxelChunk: GenerateAsync (0,2,0)
[+01:48:09.272] VoxelMesh: Chunk X=0 Y=2 Z=0 FlatVerts=2640 SlopeVerts=0
[+01:48:09.593] VoxelMesh: Chunk X=0 Y=0 Z=0 FlatVerts=228 SlopeVerts=2514
[+01:48:09.595] VoxelChunk: GenerateAsync (2,1,2)
[+01:48:09.596] VoxelMesh: Chunk X=2 Y=1 Z=2 FlatVerts=0 SlopeVerts=372
[+01:48:09.925] VoxelMesh: Chunk X=0 Y=0 Z=0 FlatVerts=1602 SlopeVerts=23772
[+01:48:09.945] VoxelChunk: GenerateAsync (2,0,1)
[+01:48:09.946] VoxelMesh: Chunk X=2 Y=0 Z=1 FlatVerts=342 SlopeVerts=2808
[+01:48:10.268] VoxelMesh: Chunk X=0 Y=0 Z=0 FlatVerts=468 SlopeVerts=6486
[+01:48:10.273] VoxelChunk: GenerateAsync (2,-1,0)
[+01:48:10.358] VoxelMesh: Chunk X=0 Y=0 Z=0 FlatVerts=1116 SlopeVerts=2994
[+01:48:10.362] VoxelChunk: GenerateAsync (1,2,1)
[+01:48:10.468] VoxelMesh: Chunk X=0 Y=0 Z=0 FlatVerts=1194 SlopeVerts=19944
[+01:48:10.483] VoxelChunk: GenerateAsync (-1,-2,1)
[+01:48:10.484] VoxelMesh: Chunk X=-1 Y=-2 Z=1 FlatVerts=258 SlopeVerts=3240
[+01:48:10.573] VoxelMesh: Chunk X=0 Y=0 Z=0 FlatVerts=126 SlopeVerts=13506
[+01:48:10.582] VoxelChunk: GenerateAsync (2,-2,1)
[+01:48:10.677] VoxelMesh: Chunk X=0 Y=0 Z=0 FlatVerts=546 SlopeVerts=1626
[+01:48:10.678] VoxelChunk: GenerateAsync (-2,-1,1)
[+01:48:10.680] VoxelMesh: Chunk X=-2 Y=-1 Z=1 FlatVerts=72 SlopeVerts=216
[+01:48:10.782] VoxelMesh: Chunk X=0 Y=0 Z=0 FlatVerts=5208 SlopeVerts=11892
[+01:48:10.798] VoxelChunk: GenerateAsync (2,1,0)
[+01:48:10.799] VoxelMesh: Chunk X=2 Y=1 Z=0 FlatVerts=258 SlopeVerts=282
[+01:48:10.883] VoxelMesh: Chunk X=0 Y=0 Z=0 FlatVerts=0 SlopeVerts=0
[+01:48:10.885] VoxelChunk: GenerateAsync (-2,0,1)
[+01:48:10.987] VoxelMesh: Chunk X=0 Y=0 Z=0 FlatVerts=204 SlopeVerts=29934
[+01:48:11.010] VoxelChunk: GenerateAsync (2,-1,2)
[+01:48:11.012] VoxelMesh: Chunk X=2 Y=-1 Z=2 FlatVerts=0 SlopeVerts=2310
[+01:48:11.090] VoxelMesh: Chunk X=0 Y=0 Z=0 FlatVerts=0 SlopeVerts=10098
[+01:48:11.096] VoxelChunk: GenerateAsync (1,0,2)
[+01:48:11.097] VoxelMesh: Chunk X=1 Y=0 Z=2 FlatVerts=0 SlopeVerts=1794
[+01:48:11.198] VoxelMesh: Chunk X=0 Y=0 Z=0 FlatVerts=7788 SlopeVerts=2634
[+01:48:11.210] VoxelChunk: GenerateAsync (-2,-1,0)
[+01:48:11.210] VoxelMesh: Chunk X=-2 Y=-1 Z=0 FlatVerts=2010 SlopeVerts=276
[+01:48:11.306] VoxelMesh: Chunk X=0 Y=0 Z=0 FlatVerts=2436 SlopeVerts=12558
[+01:48:11.317] VoxelChunk: GenerateAsync (2,1,1)
[+01:48:11.318] VoxelMesh: Chunk X=2 Y=1 Z=1 FlatVerts=792 SlopeVerts=3108
[+01:48:11.414] VoxelChunk: GenerateAsync (-1,2,1)
[+01:48:11.515] VoxelMesh: Chunk X=0 Y=0 Z=0 FlatVerts=9186 SlopeVerts=48
[+01:48:11.528] VoxelChunk: GenerateAsync (-2,0,0)
[+01:48:11.528] VoxelMesh: Chunk X=-2 Y=0 Z=0 FlatVerts=2028 SlopeVerts=0
[+01:48:11.621] VoxelMesh: Chunk X=0 Y=0 Z=0 FlatVerts=9642 SlopeVerts=252
[+01:48:11.633] VoxelChunk: GenerateAsync (0,2,-1)
[+01:48:11.728] VoxelMesh: Chunk X=0 Y=0 Z=0 FlatVerts=3594 SlopeVerts=1350
[+01:48:11.733] VoxelChunk: GenerateAsync (2,2,-1)
[+01:48:11.828] VoxelMesh: Chunk X=0 Y=0 Z=0 FlatVerts=9666 SlopeVerts=6
[+01:48:11.841] VoxelChunk: GenerateAsync (-2,1,-1)
[+01:48:11.934] VoxelMesh: Chunk X=0 Y=0 Z=0 FlatVerts=18 SlopeVerts=4632
[+01:48:11.938] VoxelChunk: GenerateAsync (-2,-2,2)
[+01:48:11.938] VoxelMesh: Chunk X=-2 Y=-2 Z=2 FlatVerts=0 SlopeVerts=0
[+01:48:12.040] VoxelMesh: Chunk X=0 Y=0 Z=0 FlatVerts=1002 SlopeVerts=750
[+01:48:12.043] VoxelChunk: GenerateAsync (-1,-2,-1)
[+01:48:12.147] VoxelChunk: GenerateAsync (2,-2,-1)
[+01:48:12.248] VoxelChunk: GenerateAsync (-2,-1,2)
[+01:48:12.584] VoxelMesh: Chunk X=0 Y=0 Z=0 FlatVerts=6 SlopeVerts=14418
[+01:48:12.595] VoxelChunk: GenerateAsync (0,-1,2)
[+01:48:12.596] VoxelMesh: Chunk X=0 Y=-1 Z=2 FlatVerts=6 SlopeVerts=2898
[+01:48:12.919] VoxelMesh: Chunk X=0 Y=0 Z=0 FlatVerts=0 SlopeVerts=24582
[+01:48:12.938] VoxelChunk: GenerateAsync (1,-1,2)
[+01:48:12.939] VoxelMesh: Chunk X=1 Y=-1 Z=2 FlatVerts=0 SlopeVerts=4110
[+01:48:13.252] VoxelMesh: Chunk X=0 Y=0 Z=0 FlatVerts=0 SlopeVerts=1932
[+01:48:13.254] VoxelChunk: GenerateAsync (0,0,2)
[+01:48:13.254] VoxelMesh: Chunk X=0 Y=0 Z=2 FlatVerts=0 SlopeVerts=60
[+01:48:13.584] VoxelMesh: Chunk X=0 Y=0 Z=0 FlatVerts=264 SlopeVerts=19056
[+01:48:13.598] VoxelChunk: GenerateAsync (2,0,2)
[+01:48:13.599] VoxelMesh: Chunk X=2 Y=0 Z=2 FlatVerts=0 SlopeVerts=5784
[+01:48:13.920] VoxelMesh: Chunk X=0 Y=0 Z=0 FlatVerts=6864 SlopeVerts=7164
[+01:48:13.934] VoxelChunk: GenerateAsync (2,2,0)
[+01:48:13.935] VoxelMesh: Chunk X=2 Y=2 Z=0 FlatVerts=2250 SlopeVerts=318
[+01:48:14.252] VoxelChunk: GenerateAsync (-1,1,2)
[+01:48:14.584] VoxelMesh: Chunk X=0 Y=0 Z=0 FlatVerts=9186 SlopeVerts=48
[+01:48:14.595] VoxelChunk: GenerateAsync (-2,0,-1)
[+01:48:14.920] VoxelMesh: Chunk X=0 Y=0 Z=0 FlatVerts=6 SlopeVerts=30
[+01:48:14.920] VoxelChunk: GenerateAsync (2,-1,-1)
[+01:48:15.249] VoxelChunk: GenerateAsync (0,2,2)
[+01:48:15.583] VoxelMesh: Chunk X=0 Y=0 Z=0 FlatVerts=1722 SlopeVerts=1014
[+01:48:15.586] VoxelChunk: GenerateAsync (2,2,2)
[+01:48:15.918] VoxelMesh: Chunk X=0 Y=0 Z=0 FlatVerts=48 SlopeVerts=16122
[+01:48:15.928] VoxelChunk: GenerateAsync (-1,-2,2)
[+01:48:15.929] VoxelMesh: Chunk X=-1 Y=-2 Z=2 FlatVerts=18 SlopeVerts=4140
[+01:48:16.253] VoxelMesh: Chunk X=0 Y=0 Z=0 FlatVerts=9156 SlopeVerts=0
[+01:48:16.259] VoxelChunk: GenerateAsync (-1,2,0)
[+01:48:16.260] VoxelMesh: Chunk X=-1 Y=2 Z=0 FlatVerts=2346 SlopeVerts=0
[+01:48:16.586] VoxelMesh: Chunk X=0 Y=0 Z=0 FlatVerts=2166 SlopeVerts=10068
[+01:48:16.594] VoxelChunk: GenerateAsync (-1,-2,0)
[+01:48:16.596] VoxelMesh: Chunk X=-1 Y=-2 Z=0 FlatVerts=0 SlopeVerts=0
[+01:48:16.919] VoxelMesh: Chunk X=0 Y=0 Z=0 FlatVerts=486 SlopeVerts=6048
[+01:48:16.923] VoxelChunk: GenerateAsync (0,-2,0)
[+01:48:17.249] VoxelChunk: GenerateAsync (-2,2,2)
[+01:48:17.582] VoxelChunk: GenerateAsync (-1,2,2)
[+01:48:17.919] VoxelChunk: GenerateAsync (3,2,-2)
[+01:48:18.249] VoxelMesh: Chunk X=0 Y=0 Z=0 FlatVerts=726 SlopeVerts=8364
[+01:48:18.256] VoxelChunk: GenerateAsync (-3,2,1)
[+01:48:18.256] VoxelMesh: Chunk X=-3 Y=2 Z=1 FlatVerts=570 SlopeVerts=1806
[+01:48:18.586] VoxelMesh: Chunk X=0 Y=0 Z=0 FlatVerts=5076 SlopeVerts=1878
[+01:48:18.594] VoxelChunk: GenerateAsync (-3,2,-1)
[+01:48:18.916] VoxelMesh: Chunk X=0 Y=0 Z=0 FlatVerts=1434 SlopeVerts=13416
[+01:48:18.927] VoxelChunk: GenerateAsync (-3,3,1)
[+01:48:18.928] VoxelMesh: Chunk X=-3 Y=3 Z=1 FlatVerts=90 SlopeVerts=2346
[+01:48:19.251] VoxelMesh: Chunk X=0 Y=0 Z=0 FlatVerts=1620 SlopeVerts=3408
[+01:48:19.255] VoxelChunk: GenerateAsync (-1,3,1)
[+01:48:19.585] VoxelChunk: GenerateAsync (-3,2,-2)
[+01:48:19.921] VoxelChunk: GenerateAsync (-3,-3,-2)
[+01:48:20.253] VoxelMesh: Chunk X=0 Y=0 Z=0 FlatVerts=8046 SlopeVerts=7128
[+01:48:20.268] VoxelChunk: GenerateAsync (2,3,1)
[+01:48:20.269] VoxelMesh: Chunk X=2 Y=3 Z=1 FlatVerts=1110 SlopeVerts=2280
[+01:48:20.591] VoxelMesh: Chunk X=0 Y=0 Z=0 FlatVerts=10056 SlopeVerts=1944
[+01:48:20.608] VoxelChunk: GenerateAsync (3,3,1)
[+01:48:20.609] VoxelMesh: Chunk X=3 Y=3 Z=1 FlatVerts=942 SlopeVerts=810
[+01:48:20.925] VoxelChunk: GenerateAsync (-1,-3,-2)
[+01:48:21.257] VoxelChunk: GenerateAsync (3,-1,-1)
[+01:48:21.585] VoxelMesh: Chunk X=0 Y=0 Z=0 FlatVerts=138 SlopeVerts=12354
[+01:48:21.594] VoxelChunk: GenerateAsync (-2,-3,2)
[+01:48:21.595] VoxelMesh: Chunk X=-2 Y=-3 Z=2 FlatVerts=0 SlopeVerts=468
[+01:48:21.922] VoxelMesh: Chunk X=0 Y=0 Z=0 FlatVerts=126 SlopeVerts=32130
[+01:48:21.947] VoxelChunk: GenerateAsync (0,-3,2)
[+01:48:21.948] VoxelMesh: Chunk X=0 Y=-3 Z=2 FlatVerts=0 SlopeVerts=3948
[+01:48:22.256] VoxelMesh: Chunk X=0 Y=0 Z=0 FlatVerts=2160 SlopeVerts=6666
[+01:48:22.262] VoxelChunk: GenerateAsync (3,0,0)
[+01:48:22.585] VoxelMesh: Chunk X=0 Y=0 Z=0 FlatVerts=8682 SlopeVerts=3246
[+01:48:22.598] VoxelChunk: GenerateAsync (-3,1,0)
[+01:48:22.598] VoxelMesh: Chunk X=-3 Y=1 Z=0 FlatVerts=2196 SlopeVerts=564
[+01:48:22.923] VoxelMesh: Chunk X=0 Y=0 Z=0 FlatVerts=150 SlopeVerts=25734
[+01:48:22.942] VoxelChunk: GenerateAsync (3,-3,2)
[+01:48:22.944] VoxelMesh: Chunk X=3 Y=-3 Z=2 FlatVerts=0 SlopeVerts=0
[+01:48:23.251] VoxelMesh: Chunk X=0 Y=0 Z=0 FlatVerts=42 SlopeVerts=510
[+01:48:23.252] VoxelChunk: GenerateAsync (-3,-2,2)
[+01:48:23.252] VoxelMesh: Chunk X=-3 Y=-2 Z=2 FlatVerts=42 SlopeVerts=510
[+01:48:23.586] VoxelMesh: Chunk X=0 Y=0 Z=0 FlatVerts=9204 SlopeVerts=564
[+01:48:23.600] VoxelChunk: GenerateAsync (-3,0,-1)
[+01:48:23.922] VoxelChunk: GenerateAsync (3,1,-2)
[+01:48:24.254] VoxelChunk: GenerateAsync (-3,1,-2)
[+01:48:24.587] VoxelMesh: Chunk X=0 Y=0 Z=0 FlatVerts=426 SlopeVerts=462
[+01:48:24.589] VoxelChunk: GenerateAsync (3,2,-1)
[+01:48:24.920] VoxelMesh: Chunk X=0 Y=0 Z=0 FlatVerts=120 SlopeVerts=20628
[+01:48:24.935] VoxelChunk: GenerateAsync (3,-2,2)
[+01:48:24.936] VoxelMesh: Chunk X=3 Y=-2 Z=2 FlatVerts=54 SlopeVerts=3786
[+01:48:25.257] VoxelChunk: GenerateAsync (3,0,-2)
[+01:48:25.589] VoxelChunk: GenerateAsync (-3,-1,2)
[+01:48:25.919] VoxelMesh: Chunk X=0 Y=0 Z=0 FlatVerts=2196 SlopeVerts=1782
[+01:48:25.924] VoxelChunk: GenerateAsync (-3,3,-1)
[+01:48:26.252] VoxelMesh: Chunk X=0 Y=0 Z=0 FlatVerts=3948 SlopeVerts=1074
[+01:48:26.259] VoxelChunk: GenerateAsync (-3,-2,-1)
[+01:48:26.593] VoxelMesh: Chunk X=0 Y=0 Z=0 FlatVerts=5952 SlopeVerts=9618
[+01:48:26.613] VoxelChunk: GenerateAsync (3,1,0)
[+01:48:26.614] VoxelMesh: Chunk X=3 Y=1 Z=0 FlatVerts=48 SlopeVerts=786
[+01:48:26.920] VoxelMesh: Chunk X=0 Y=0 Z=0 FlatVerts=5790 SlopeVerts=6954
[+01:48:26.933] VoxelChunk: GenerateAsync (-3,2,0)
[+01:48:26.934] VoxelMesh: Chunk X=-3 Y=2 Z=0 FlatVerts=990 SlopeVerts=864
[+01:48:27.254] VoxelMesh: Chunk X=0 Y=0 Z=0 FlatVerts=5478 SlopeVerts=2292
[+01:48:27.262] VoxelChunk: GenerateAsync (-2,3,-1)
[+01:48:27.584] VoxelChunk: GenerateAsync (-3,0,2)
[+01:48:27.919] VoxelMesh: Chunk X=0 Y=0 Z=0 FlatVerts=6162 SlopeVerts=1032
[+01:48:27.928] VoxelChunk: GenerateAsync (-1,3,-1)
[+01:48:28.253] VoxelMesh: Chunk X=0 Y=0 Z=0 FlatVerts=1614 SlopeVerts=2592
[+01:48:28.256] VoxelChunk: GenerateAsync (-3,-3,-1)
[+01:48:28.586] VoxelMesh: Chunk X=0 Y=0 Z=0 FlatVerts=378 SlopeVerts=17388
[+01:48:28.598] VoxelChunk: GenerateAsync (3,0,2)
[+01:48:28.601] VoxelMesh: Chunk X=3 Y=0 Z=2 FlatVerts=186 SlopeVerts=5556
[+01:48:28.925] VoxelMesh: Chunk X=0 Y=0 Z=0 FlatVerts=5328 SlopeVerts=1086
[+01:48:28.932] VoxelChunk: GenerateAsync (0,3,-1)
[+01:48:29.251] VoxelMesh: Chunk X=0 Y=0 Z=0 FlatVerts=0 SlopeVerts=294
[+01:48:29.252] VoxelChunk: GenerateAsync (-3,1,2)
[+01:48:29.585] VoxelMesh: Chunk X=0 Y=0 Z=0 FlatVerts=6792 SlopeVerts=4038
[+01:48:29.597] VoxelChunk: GenerateAsync (3,2,0)
[+01:48:29.598] VoxelMesh: Chunk X=3 Y=2 Z=0 FlatVerts=426 SlopeVerts=462
[+01:48:29.920] VoxelMesh: Chunk X=0 Y=0 Z=0 FlatVerts=3378 SlopeVerts=1194
[+01:48:29.925] VoxelChunk: GenerateAsync (1,3,-1)
[+01:48:30.255] VoxelChunk: GenerateAsync (3,3,-2)
[+01:48:30.593] VoxelChunk: GenerateAsync (3,-2,-1)
[+01:48:30.920] VoxelMesh: Chunk X=0 Y=0 Z=0 FlatVerts=918 SlopeVerts=570
[+01:48:30.922] VoxelChunk: GenerateAsync (2,3,-1)
[+01:48:31.253] VoxelChunk: GenerateAsync (3,3,-1)
[+01:48:31.588] VoxelChunk: GenerateAsync (2,3,-2)
[+01:48:31.919] VoxelMesh: Chunk X=0 Y=0 Z=0 FlatVerts=5826 SlopeVerts=7266
[+01:48:31.931] VoxelChunk: GenerateAsync (1,3,0)
[+01:48:31.932] VoxelMesh: Chunk X=1 Y=3 Z=0 FlatVerts=2226 SlopeVerts=252
[+01:48:32.255] VoxelMesh: Chunk X=0 Y=0 Z=0 FlatVerts=6180 SlopeVerts=4824
[+01:48:32.266] VoxelChunk: GenerateAsync (2,3,0)
[+01:48:32.266] VoxelMesh: Chunk X=2 Y=3 Z=0 FlatVerts=918 SlopeVerts=570
[+01:48:32.587] VoxelMesh: Chunk X=0 Y=0 Z=0 FlatVerts=3846 SlopeVerts=15738
[+01:48:32.604] VoxelChunk: GenerateAsync (-3,-3,0)
[+01:48:32.605] VoxelMesh: Chunk X=-3 Y=-3 Z=0 FlatVerts=168 SlopeVerts=1482
[+01:48:32.920] VoxelMesh: Chunk X=0 Y=0 Z=0 FlatVerts=7740 SlopeVerts=1104
[+01:48:32.930] VoxelChunk: GenerateAsync (3,3,0)
[+01:48:33.254] VoxelMesh: Chunk X=0 Y=0 Z=0 FlatVerts=2100 SlopeVerts=14400
[+01:48:33.269] VoxelChunk: GenerateAsync (-3,-3,1)
[+01:48:33.270] VoxelMesh: Chunk X=-3 Y=-3 Z=1 FlatVerts=414 SlopeVerts=3246
[+01:48:33.592] VoxelMesh: Chunk X=0 Y=0 Z=0 FlatVerts=2418 SlopeVerts=11184
[+01:48:33.602] VoxelChunk: GenerateAsync (-2,-3,0)
[+01:48:33.604] VoxelMesh: Chunk X=-2 Y=-3 Z=0 FlatVerts=912 SlopeVerts=954
[+01:48:33.922] VoxelMesh: Chunk X=0 Y=0 Z=0 FlatVerts=7794 SlopeVerts=918
[+01:48:33.932] VoxelChunk: GenerateAsync (-3,-1,-1)
[+01:48:34.256] VoxelChunk: GenerateAsync (2,-3,-1)
[+01:48:34.586] VoxelMesh: Chunk X=0 Y=0 Z=0 FlatVerts=1242 SlopeVerts=21300
[+01:48:34.603] VoxelChunk: GenerateAsync (-2,-3,1)
[+01:48:34.604] VoxelMesh: Chunk X=-2 Y=-3 Z=1 FlatVerts=270 SlopeVerts=2592
[+01:48:34.924] VoxelMesh: Chunk X=0 Y=0 Z=0 FlatVerts=444 SlopeVerts=22860
[+01:48:34.941] VoxelChunk: GenerateAsync (-1,-3,1)
[+01:48:34.942] VoxelMesh: Chunk X=-1 Y=-3 Z=1 FlatVerts=6 SlopeVerts=570
[+01:48:35.257] VoxelMesh: Chunk X=0 Y=0 Z=0 FlatVerts=276 SlopeVerts=4824
[+01:48:35.261] VoxelChunk: GenerateAsync (-1,-3,0)
[+01:48:35.592] VoxelMesh: Chunk X=0 Y=0 Z=0 FlatVerts=84 SlopeVerts=11502
[+01:48:35.600] VoxelChunk: GenerateAsync (0,-3,1)
[+01:48:35.601] VoxelMesh: Chunk X=0 Y=-3 Z=1 FlatVerts=12 SlopeVerts=102
[+01:48:35.923] VoxelMesh: Chunk X=0 Y=0 Z=0 FlatVerts=48 SlopeVerts=3264
[+01:48:35.925] VoxelChunk: GenerateAsync (1,-3,1)
[+01:48:35.926] VoxelMesh: Chunk X=1 Y=-3 Z=1 FlatVerts=36 SlopeVerts=186
[+01:48:36.260] VoxelMesh: Chunk X=0 Y=0 Z=0 FlatVerts=6516 SlopeVerts=11316
[+01:48:36.280] VoxelChunk: GenerateAsync (3,1,1)
[+01:48:36.281] VoxelMesh: Chunk X=3 Y=1 Z=1 FlatVerts=198 SlopeVerts=4230
[+01:48:36.593] VoxelMesh: Chunk X=0 Y=0 Z=0 FlatVerts=48 SlopeVerts=1200
[+01:48:36.595] VoxelChunk: GenerateAsync (0,-3,0)
[+01:48:36.923] VoxelMesh: Chunk X=0 Y=0 Z=0 FlatVerts=48 SlopeVerts=786
[+01:48:36.924] VoxelChunk: GenerateAsync (3,0,-1)
[+01:48:37.256] VoxelMesh: Chunk X=0 Y=0 Z=0 FlatVerts=54 SlopeVerts=4698
[+01:48:37.260] VoxelChunk: GenerateAsync (2,-3,1)
[+01:48:37.589] VoxelMesh: Chunk X=0 Y=0 Z=0 FlatVerts=72 SlopeVerts=5550
[+01:48:37.593] VoxelChunk: GenerateAsync (3,-3,1)
[+01:48:37.924] VoxelMesh: Chunk X=0 Y=0 Z=0 FlatVerts=36 SlopeVerts=186
[+01:48:37.925] VoxelChunk: GenerateAsync (1,-3,0)
[+01:48:38.254] VoxelMesh: Chunk X=0 Y=0 Z=0 FlatVerts=1656 SlopeVerts=9546
[+01:48:38.264] VoxelChunk: GenerateAsync (-3,-2,1)
[+01:48:38.265] VoxelMesh: Chunk X=-3 Y=-2 Z=1 FlatVerts=798 SlopeVerts=3582
[+01:48:38.591] VoxelMesh: Chunk X=0 Y=0 Z=0 FlatVerts=9498 SlopeVerts=4554
[+01:48:38.607] VoxelChunk: GenerateAsync (3,2,1)
[+01:48:38.608] VoxelMesh: Chunk X=3 Y=2 Z=1 FlatVerts=1230 SlopeVerts=2424
[+01:48:38.926] VoxelMesh: Chunk X=0 Y=0 Z=0 FlatVerts=0 SlopeVerts=618
[+01:48:38.928] VoxelChunk: GenerateAsync (2,-3,0)
[+01:48:39.252] VoxelMesh: Chunk X=0 Y=0 Z=0 FlatVerts=1410 SlopeVerts=5418
[+01:48:39.258] VoxelChunk: GenerateAsync (-2,3,1)
[+01:48:39.258] VoxelMesh: Chunk X=-2 Y=3 Z=1 FlatVerts=54 SlopeVerts=924
[+01:48:39.587] VoxelMesh: Chunk X=0 Y=0 Z=0 FlatVerts=8112 SlopeVerts=1440
[+01:48:39.598] VoxelChunk: GenerateAsync (-3,1,-1)
[+01:48:39.919] VoxelMesh: Chunk X=0 Y=0 Z=0 FlatVerts=1854 SlopeVerts=6132
[+01:48:39.925] VoxelChunk: GenerateAsync (0,3,1)
[+01:48:40.252] VoxelMesh: Chunk X=0 Y=0 Z=0 FlatVerts=3642 SlopeVerts=9456
[+01:48:40.263] VoxelChunk: GenerateAsync (1,3,1)
[+01:48:40.264] VoxelMesh: Chunk X=1 Y=3 Z=1 FlatVerts=6 SlopeVerts=420
[+01:48:40.593] VoxelMesh: Chunk X=0 Y=0 Z=0 FlatVerts=0 SlopeVerts=618
[+01:48:40.593] VoxelChunk: GenerateAsync (3,-3,0)
[+01:48:40.920] VoxelMesh: Chunk X=0 Y=0 Z=0 FlatVerts=5700 SlopeVerts=9972
[+01:48:40.933] VoxelChunk: GenerateAsync (-3,-2,0)
[+01:48:40.935] VoxelMesh: Chunk X=-3 Y=-2 Z=0 FlatVerts=252 SlopeVerts=114
[+01:48:41.253] VoxelMesh: Chunk X=0 Y=0 Z=0 FlatVerts=42 SlopeVerts=1080
[+01:48:41.254] VoxelChunk: GenerateAsync (-3,-3,2)
[+01:48:41.255] VoxelMesh: Chunk X=-3 Y=-3 Z=2 FlatVerts=0 SlopeVerts=102
[+01:48:41.590] VoxelMesh: Chunk X=0 Y=0 Z=0 FlatVerts=72 SlopeVerts=9594
[+01:48:41.596] VoxelChunk: GenerateAsync (3,-2,1)
[+01:48:41.598] VoxelMesh: Chunk X=3 Y=-2 Z=1 FlatVerts=0 SlopeVerts=618
[+01:48:41.921] VoxelMesh: Chunk X=0 Y=0 Z=0 FlatVerts=168 SlopeVerts=31290
[+01:48:41.943] VoxelChunk: GenerateAsync (-1,-3,2)
[+01:48:41.945] VoxelMesh: Chunk X=-1 Y=-3 Z=2 FlatVerts=126 SlopeVerts=6378
[+01:48:42.258] VoxelMesh: Chunk X=0 Y=0 Z=0 FlatVerts=294 SlopeVerts=1500
[+01:48:42.260] VoxelChunk: GenerateAsync (-3,-1,1)
[+01:48:42.261] VoxelMesh: Chunk X=-3 Y=-1 Z=1 FlatVerts=228 SlopeVerts=1278
[+01:48:42.590] VoxelMesh: Chunk X=0 Y=0 Z=0 FlatVerts=180 SlopeVerts=21294
[+01:48:42.605] VoxelChunk: GenerateAsync (1,-3,2)
[+01:48:42.606] VoxelMesh: Chunk X=1 Y=-3 Z=2 FlatVerts=12 SlopeVerts=2490
[+01:48:42.924] VoxelMesh: Chunk X=0 Y=0 Z=0 FlatVerts=180 SlopeVerts=22656
[+01:48:42.950] VoxelChunk: GenerateAsync (2,-3,2)
[+01:48:42.951] VoxelMesh: Chunk X=2 Y=-3 Z=2 FlatVerts=0 SlopeVerts=276
[+01:48:43.254] VoxelChunk: GenerateAsync (-3,0,-2)
[+01:48:43.590] VoxelChunk: GenerateAsync (1,3,-2)
[+01:48:43.924] VoxelChunk: GenerateAsync (0,-3,-1)
[+01:48:44.258] VoxelChunk: GenerateAsync (3,-1,-2)
[+01:48:44.589] VoxelChunk: GenerateAsync (-3,-1,-2)
[+01:48:44.923] VoxelMesh: Chunk X=0 Y=0 Z=0 FlatVerts=222 SlopeVerts=12822
[+01:48:44.931] VoxelChunk: GenerateAsync (3,-1,1)
[+01:48:44.932] VoxelMesh: Chunk X=3 Y=-1 Z=1 FlatVerts=0 SlopeVerts=1698
[+01:48:45.258] VoxelChunk: GenerateAsync (0,3,-2)
[+01:48:45.593] VoxelMesh: Chunk X=0 Y=0 Z=0 FlatVerts=0 SlopeVerts=0
[+01:48:45.594] VoxelChunk: GenerateAsync (-3,0,1)
[+01:48:45.925] VoxelChunk: GenerateAsync (3,-2,-2)
[+01:48:46.258] VoxelChunk: GenerateAsync (-3,-2,-2)
[+01:48:46.592] VoxelMesh: Chunk X=0 Y=0 Z=0 FlatVerts=0 SlopeVerts=2316
[+01:48:46.594] VoxelChunk: GenerateAsync (3,-2,0)
[+01:48:46.924] VoxelChunk: GenerateAsync (-1,3,-2)
[+01:48:47.259] VoxelMesh: Chunk X=0 Y=0 Z=0 FlatVerts=0 SlopeVerts=0
[+01:48:47.259] VoxelChunk: GenerateAsync (-1,-3,-1)
[+01:48:47.593] VoxelChunk: GenerateAsync (3,-3,-2)
[+01:48:47.924] VoxelMesh: Chunk X=0 Y=0 Z=0 FlatVerts=264 SlopeVerts=23418
[+01:48:47.942] VoxelChunk: GenerateAsync (3,-1,2)
[+01:48:47.944] VoxelMesh: Chunk X=3 Y=-1 Z=2 FlatVerts=0 SlopeVerts=3168
[+01:48:48.258] VoxelMesh: Chunk X=0 Y=0 Z=0 FlatVerts=8154 SlopeVerts=2352
[+01:48:48.270] VoxelChunk: GenerateAsync (-3,-1,0)
[+01:48:48.271] VoxelMesh: Chunk X=-3 Y=-1 Z=0 FlatVerts=1404 SlopeVerts=642
[+01:48:48.593] VoxelMesh: Chunk X=0 Y=0 Z=0 FlatVerts=2448 SlopeVerts=16194
[+01:48:48.608] VoxelChunk: GenerateAsync (3,0,1)
[+01:48:48.609] VoxelMesh: Chunk X=3 Y=0 Z=1 FlatVerts=18 SlopeVerts=72
[+01:48:48.922] VoxelMesh: Chunk X=0 Y=0 Z=0 FlatVerts=570 SlopeVerts=2100
[+01:48:48.924] VoxelChunk: GenerateAsync (-3,1,1)
[+01:48:48.925] VoxelMesh: Chunk X=-3 Y=1 Z=1 FlatVerts=0 SlopeVerts=0
[+01:48:49.258] VoxelChunk: GenerateAsync (2,-3,-2)
[+01:48:49.591] VoxelChunk: GenerateAsync (-2,3,-2)
[+01:48:49.925] VoxelChunk: GenerateAsync (1,-3,-2)
[+01:48:50.258] VoxelChunk: GenerateAsync (0,-3,-2)
[+01:48:50.594] VoxelChunk: GenerateAsync (-3,3,-2)
[+01:48:50.923] VoxelMesh: Chunk X=0 Y=0 Z=0 FlatVerts=474 SlopeVerts=1248
[+01:48:50.925] VoxelChunk: GenerateAsync (3,1,-1)
[+01:48:51.256] VoxelMesh: Chunk X=0 Y=0 Z=0 FlatVerts=1200 SlopeVerts=990
[+01:48:51.259] VoxelChunk: GenerateAsync (-2,-3,-1)
[+01:48:51.593] VoxelChunk: GenerateAsync (3,-3,-1)
[+01:48:51.922] VoxelMesh: Chunk X=0 Y=0 Z=0 FlatVerts=3618 SlopeVerts=9444
[+01:48:51.932] VoxelChunk: GenerateAsync (-3,3,0)
[+01:48:51.934] VoxelMesh: Chunk X=-3 Y=3 Z=0 FlatVerts=12 SlopeVerts=60
[+01:48:52.255] VoxelMesh: Chunk X=0 Y=0 Z=0 FlatVerts=6888 SlopeVerts=7686
[+01:48:52.269] VoxelChunk: GenerateAsync (-2,3,0)
[+01:48:52.270] VoxelMesh: Chunk X=-2 Y=3 Z=0 FlatVerts=1776 SlopeVerts=942
[+01:48:52.591] VoxelMesh: Chunk X=0 Y=0 Z=0 FlatVerts=7782 SlopeVerts=4440
[+01:48:52.603] VoxelChunk: GenerateAsync (-1,3,0)
[+01:48:52.605] VoxelMesh: Chunk X=-1 Y=3 Z=0 FlatVerts=2010 SlopeVerts=0
[+01:48:52.923] VoxelMesh: Chunk X=0 Y=0 Z=0 FlatVerts=924 SlopeVerts=3072
[+01:48:52.926] VoxelChunk: GenerateAsync (3,1,2)
[+01:48:52.927] VoxelMesh: Chunk X=3 Y=1 Z=2 FlatVerts=66 SlopeVerts=1842
[+01:48:53.256] VoxelMesh: Chunk X=0 Y=0 Z=0 FlatVerts=54 SlopeVerts=4116
[+01:48:53.260] VoxelChunk: GenerateAsync (-3,2,2)
[+01:48:53.260] VoxelMesh: Chunk X=-3 Y=2 Z=2 FlatVerts=0 SlopeVerts=294
[+01:48:53.593] VoxelChunk: GenerateAsync (1,-3,-1)
[+01:48:53.923] VoxelMesh: Chunk X=0 Y=0 Z=0 FlatVerts=6996 SlopeVerts=5880
[+01:48:53.935] VoxelChunk: GenerateAsync (0,3,0)
[+01:48:53.936] VoxelMesh: Chunk X=0 Y=3 Z=0 FlatVerts=2160 SlopeVerts=0
[+01:48:54.261] VoxelMesh: Chunk X=0 Y=0 Z=0 FlatVerts=24 SlopeVerts=1914
[+01:48:54.262] VoxelChunk: GenerateAsync (3,-1,0)
[+01:48:54.590] VoxelMesh: Chunk X=0 Y=0 Z=0 FlatVerts=9204 SlopeVerts=564
[+01:48:54.602] VoxelChunk: GenerateAsync (-3,0,0)
[+01:48:54.603] VoxelMesh: Chunk X=-3 Y=0 Z=0 FlatVerts=2352 SlopeVerts=0
[+01:48:54.927] VoxelChunk: GenerateAsync (-2,-3,-2)
[+01:48:55.256] VoxelMesh: Chunk X=0 Y=0 Z=0 FlatVerts=2868 SlopeVerts=1242
[+01:48:55.261] VoxelChunk: GenerateAsync (3,2,2)
[+01:48:55.262] VoxelMesh: Chunk X=3 Y=2 Z=2 FlatVerts=162 SlopeVerts=282
[+01:48:55.592] VoxelMesh: Chunk X=0 Y=0 Z=0 FlatVerts=54 SlopeVerts=7122
[+01:48:55.597] VoxelChunk: GenerateAsync (-3,3,2)
[+01:48:55.598] VoxelMesh: Chunk X=-3 Y=3 Z=2 FlatVerts=18 SlopeVerts=2988
[+01:48:55.926] VoxelMesh: Chunk X=0 Y=0 Z=0 FlatVerts=0 SlopeVerts=24
[+01:48:55.927] VoxelChunk: GenerateAsync (-2,3,2)
[+01:48:56.255] VoxelMesh: Chunk X=0 Y=0 Z=0 FlatVerts=0 SlopeVerts=0
[+01:48:56.257] VoxelChunk: GenerateAsync (-1,3,2)
[+01:48:56.590] VoxelMesh: Chunk X=0 Y=0 Z=0 FlatVerts=150 SlopeVerts=1374
[+01:48:56.592] VoxelChunk: GenerateAsync (0,3,2)
[+01:48:56.923] VoxelMesh: Chunk X=0 Y=0 Z=0 FlatVerts=1128 SlopeVerts=3450
[+01:48:56.926] VoxelChunk: GenerateAsync (1,3,2)
[+01:48:57.257] VoxelMesh: Chunk X=0 Y=0 Z=0 FlatVerts=2592 SlopeVerts=3066
[+01:48:57.263] VoxelChunk: GenerateAsync (2,3,2)
[+01:48:57.263] VoxelMesh: Chunk X=2 Y=3 Z=2 FlatVerts=0 SlopeVerts=6
[+01:48:57.590] VoxelMesh: Chunk X=0 Y=0 Z=0 FlatVerts=2112 SlopeVerts=1044
[+01:48:57.593] VoxelChunk: GenerateAsync (3,3,2)
[+01:48:57.593] VoxelWorld: Editor generation complete, 245 chunks.
[+01:48:57.594] VoxelMesh: Chunk X=3 Y=3 Z=2 FlatVerts=1542 SlopeVerts=744
