=== FIRSTVOXEL SESSION [2026.03.16-01.27.11] ===
[+01:27:11.815] FirstVoxel module started.
[+01:29:15.184] VoxelWorld: GenerateWorld called.
[+01:29:15.196] VoxelWorld: GenerateWorldDeferred started.
[+01:29:15.197] VoxelWorld: Queued 441 chunks.
[+01:29:15.211] VoxelChunk: GenerateAsync (0,0,0)
[+01:29:15.217] VoxelChunk: GenerateAsync (1,0,0)
[+01:29:15.225] VoxelChunk: GenerateAsync (0,-1,-1)
[+01:29:15.232] VoxelChunk: GenerateAsync (1,-1,-1)
[+01:29:15.247] VoxelChunk: GenerateAsync (-1,-1,-1)
[+01:29:15.260] VoxelChunk: GenerateAsync (-1,0,0)
[+01:29:15.265] VoxelChunk: GenerateAsync (1,1,0)
[+01:29:15.273] VoxelChunk: GenerateAsync (1,-1,0)
[+01:29:15.293] VoxelChunk: GenerateAsync (-1,1,1)
[+01:29:15.301] VoxelChunk: GenerateAsync (0,1,0)
[+01:29:15.307] VoxelChunk: GenerateAsync (0,1,-1)
[+01:29:15.316] VoxelChunk: GenerateAsync (-1,-1,0)
[+01:29:15.344] VoxelChunk: GenerateAsync (-1,0,-1)
[+01:29:15.363] VoxelChunk: GenerateAsync (1,0,1)
[+01:29:15.384] VoxelChunk: GenerateAsync (1,-1,1)
[+01:29:15.402] VoxelChunk: GenerateAsync (-1,1,0)
[+01:29:15.459] VoxelChunk: GenerateAsync (0,-1,0)
[+01:29:15.465] VoxelChunk: GenerateAsync (-1,1,-1)
[+01:29:15.471] VoxelChunk: GenerateAsync (0,0,-1)
[+01:29:15.478] VoxelChunk: GenerateAsync (1,1,-1)
[+01:29:15.500] VoxelChunk: GenerateAsync (1,0,-1)
[+01:29:15.513] VoxelChunk: GenerateAsync (1,1,1)
[+01:29:15.524] VoxelChunk: GenerateAsync (0,1,1)
[+01:29:15.538] VoxelChunk: GenerateAsync (0,0,1)
[+01:29:15.578] VoxelChunk: GenerateAsync (-1,0,1)
[+01:29:15.593] VoxelChunk: GenerateAsync (0,-1,1)
[+01:29:15.608] VoxelChunk: GenerateAsync (-1,-1,1)
[+01:29:15.629] VoxelChunk: GenerateAsync (0,-1,2)
[+01:29:15.667] VoxelChunk: GenerateAsync (-1,-1,2)
[+01:29:15.670] VoxelChunk: GenerateAsync (-2,1,2)
[+01:29:15.674] VoxelChunk: GenerateAsync (-2,-1,2)
[+01:29:15.686] VoxelChunk: GenerateAsync (2,-2,2)
[+01:29:15.722] VoxelChunk: GenerateAsync (2,0,2)
[+01:29:15.736] VoxelChunk: GenerateAsync (2,1,2)
[+01:29:15.749] VoxelChunk: GenerateAsync (1,-2,2)
[+01:29:15.770] VoxelChunk: GenerateAsync (0,-2,2)
[+01:29:15.788] VoxelChunk: GenerateAsync (-2,1,1)
[+01:29:15.797] VoxelChunk: GenerateAsync (2,0,1)
[+01:29:15.817] VoxelChunk: GenerateAsync (1,0,2)
[+01:29:15.836] VoxelChunk: GenerateAsync (-1,-2,2)
[+01:29:15.987] VoxelChunk: GenerateAsync (-2,-2,2)
[+01:29:15.998] VoxelChunk: GenerateAsync (-2,0,1)
[+01:29:16.007] VoxelChunk: GenerateAsync (2,-1,1)
[+01:29:16.021] VoxelChunk: GenerateAsync (0,0,2)
[+01:29:16.110] VoxelChunk: GenerateAsync (1,1,2)
[+01:29:16.114] VoxelChunk: GenerateAsync (-1,2,2)
[+01:29:16.126] VoxelChunk: GenerateAsync (-2,-1,1)
[+01:29:16.133] VoxelChunk: GenerateAsync (2,-2,1)
[+01:29:16.190] VoxelChunk: GenerateAsync (2,2,1)
[+01:29:16.791] VoxelChunk: GenerateAsync (1,2,1)
[+01:29:16.796] VoxelChunk: GenerateAsync (-1,0,2)
[+01:29:16.808] VoxelChunk: GenerateAsync (0,2,1)
[+01:29:17.125] VoxelChunk: GenerateAsync (-1,2,1)
[+01:29:47.304] VoxelChunk: GenerateAsync (-2,0,2)
[+01:29:47.315] VoxelChunk: GenerateAsync (0,1,2)
[+01:29:47.328] VoxelChunk: GenerateAsync (2,2,2)
[+01:29:47.377] VoxelChunk: GenerateAsync (2,-1,2)
[+01:29:47.410] VoxelChunk: GenerateAsync (1,-1,2)
[+01:29:47.415] VoxelChunk: GenerateAsync (-1,1,2)
[+01:29:47.419] VoxelChunk: GenerateAsync (-2,2,2)
[+01:29:47.680] VoxelChunk: GenerateAsync (0,2,2)
[+01:29:47.692] VoxelChunk: GenerateAsync (1,2,2)
[+01:29:47.703] VoxelChunk: GenerateAsync (-2,2,1)
[+01:29:47.716] VoxelChunk: GenerateAsync (2,1,1)
[+01:29:48.025] VoxelChunk: GenerateAsync (-1,1,-2)
[+01:29:48.035] VoxelChunk: GenerateAsync (2,-2,-1)
[+01:29:48.040] VoxelChunk: GenerateAsync (1,2,0)
[+01:29:48.048] VoxelChunk: GenerateAsync (0,2,0)
[+01:29:48.345] VoxelChunk: GenerateAsync (2,-1,0)
[+01:29:48.353] VoxelChunk: GenerateAsync (-1,0,-2)
[+01:29:48.363] VoxelChunk: GenerateAsync (0,-2,1)
[+01:29:48.370] VoxelChunk: GenerateAsync (-1,-2,-1)
[+01:29:48.680] VoxelChunk: GenerateAsync (-2,1,-1)
[+01:29:48.687] VoxelChunk: GenerateAsync (-1,2,-2)
[+01:29:48.693] VoxelChunk: GenerateAsync (2,0,0)
[+01:29:48.701] VoxelChunk: GenerateAsync (-2,-1,-2)
[+01:29:49.009] VoxelChunk: GenerateAsync (0,-2,-1)
[+01:29:49.016] VoxelChunk: GenerateAsync (2,-1,-2)
[+01:29:49.024] VoxelChunk: GenerateAsync (-2,2,-2)
[+01:29:49.030] VoxelChunk: GenerateAsync (2,2,-1)
[+01:29:49.344] VoxelChunk: GenerateAsync (-2,-2,0)
[+01:29:49.354] VoxelChunk: GenerateAsync (-2,0,0)
[+01:29:49.360] VoxelChunk: GenerateAsync (2,1,0)
[+01:29:49.366] VoxelChunk: GenerateAsync (0,2,-2)
[+01:29:49.677] VoxelChunk: GenerateAsync (-1,-1,-2)
[+01:29:49.684] VoxelChunk: GenerateAsync (2,1,-1)
[+01:29:49.691] VoxelChunk: GenerateAsync (1,-2,-1)
[+01:29:49.699] VoxelChunk: GenerateAsync (0,-1,-2)
[+01:29:50.006] VoxelChunk: GenerateAsync (-2,0,-1)
[+01:29:50.013] VoxelChunk: GenerateAsync (-1,-2,-2)
[+01:29:50.020] VoxelChunk: GenerateAsync (0,0,-2)
[+01:29:50.028] VoxelChunk: GenerateAsync (2,0,-2)
[+01:29:50.342] VoxelChunk: GenerateAsync (-2,1,-2)
[+01:29:50.352] VoxelChunk: GenerateAsync (-1,2,0)
[+01:29:50.359] VoxelChunk: GenerateAsync (-1,-2,0)
[+01:29:50.367] VoxelChunk: GenerateAsync (2,2,-2)
[+01:29:50.676] VoxelChunk: GenerateAsync (1,-2,1)
[+01:29:50.684] VoxelChunk: GenerateAsync (-2,-2,-2)
[+01:29:50.694] VoxelChunk: GenerateAsync (-2,2,0)
[+01:29:50.700] VoxelChunk: GenerateAsync (2,-2,-2)
[+01:29:51.016] VoxelChunk: GenerateAsync (1,2,-2)
[+01:29:51.023] VoxelChunk: GenerateAsync (1,-2,-2)
[+01:29:51.027] VoxelChunk: GenerateAsync (2,2,0)
[+01:29:51.032] VoxelChunk: GenerateAsync (-2,-2,-1)
[+01:29:51.342] VoxelChunk: GenerateAsync (0,-2,-2)
[+01:29:51.349] VoxelChunk: GenerateAsync (-1,2,-1)
[+01:29:51.365] VoxelChunk: GenerateAsync (-2,-2,1)
[+01:29:51.369] VoxelChunk: GenerateAsync (-2,-1,-1)
[+01:29:51.676] VoxelChunk: GenerateAsync (1,-1,-2)
[+01:29:51.684] VoxelChunk: GenerateAsync (2,-1,-1)
[+01:29:51.689] VoxelChunk: GenerateAsync (1,2,-1)
[+01:29:51.702] VoxelChunk: GenerateAsync (-1,-2,1)
[+01:29:52.012] VoxelChunk: GenerateAsync (2,0,-1)
[+01:29:52.018] VoxelChunk: GenerateAsync (-2,0,-2)
[+01:29:52.027] VoxelChunk: GenerateAsync (1,0,-2)
[+01:29:52.034] VoxelChunk: GenerateAsync (2,-2,0)
[+01:29:52.340] VoxelChunk: GenerateAsync (-2,2,-1)
[+01:29:52.348] VoxelChunk: GenerateAsync (0,2,-1)
[+01:29:52.354] VoxelChunk: GenerateAsync (-2,1,0)
[+01:29:52.361] VoxelChunk: GenerateAsync (0,1,-2)
[+01:29:52.676] VoxelChunk: GenerateAsync (1,1,-2)
[+01:29:52.684] VoxelChunk: GenerateAsync (2,1,-2)
[+01:29:52.690] VoxelChunk: GenerateAsync (0,-2,0)
[+01:29:52.697] VoxelChunk: GenerateAsync (1,-2,0)
[+01:29:53.013] VoxelChunk: GenerateAsync (-2,-1,0)
[+01:29:53.022] VoxelChunk: GenerateAsync (-2,-3,-2)
[+01:29:53.029] VoxelChunk: GenerateAsync (-3,2,-2)
[+01:29:53.036] VoxelChunk: GenerateAsync (3,-3,0)
[+01:29:53.343] VoxelChunk: GenerateAsync (-1,-3,-2)
[+01:29:53.350] VoxelChunk: GenerateAsync (3,1,-3)
[+01:29:53.354] VoxelChunk: GenerateAsync (3,3,3)
[+01:29:53.361] VoxelChunk: GenerateAsync (3,1,-2)
[+01:29:53.678] VoxelChunk: GenerateAsync (-3,-2,0)
[+01:29:53.685] VoxelChunk: GenerateAsync (0,-3,-2)
[+01:29:53.697] VoxelChunk: GenerateAsync (-3,-1,0)
[+01:29:53.704] VoxelChunk: GenerateAsync (1,-3,-2)
[+01:29:54.009] VoxelChunk: GenerateAsync (-3,2,-3)
[+01:29:54.016] VoxelChunk: GenerateAsync (2,0,-3)
[+01:29:54.024] VoxelChunk: GenerateAsync (3,2,-2)
[+01:29:54.031] VoxelChunk: GenerateAsync (-3,3,-2)
[+01:29:54.340] VoxelChunk: GenerateAsync (2,-3,-2)
[+01:29:54.347] VoxelChunk: GenerateAsync (-2,3,-2)
[+01:29:54.355] VoxelChunk: GenerateAsync (-1,3,-2)
[+01:29:54.362] VoxelChunk: GenerateAsync (3,-3,-2)
[+01:29:54.676] VoxelChunk: GenerateAsync (-2,2,-3)
[+01:29:54.684] VoxelChunk: GenerateAsync (0,3,-2)
[+01:29:54.692] VoxelChunk: GenerateAsync (1,3,-2)
[+01:29:54.699] VoxelChunk: GenerateAsync (-3,-2,-2)
[+01:29:55.010] VoxelChunk: GenerateAsync (2,3,-2)
[+01:29:55.018] VoxelChunk: GenerateAsync (-1,-3,-3)
[+01:29:55.026] VoxelChunk: GenerateAsync (3,3,-2)
[+01:29:55.033] VoxelChunk: GenerateAsync (-1,2,-3)
[+01:29:55.342] VoxelChunk: GenerateAsync (3,0,-3)
[+01:29:55.350] VoxelChunk: GenerateAsync (-2,0,-3)
[+01:29:55.355] VoxelChunk: GenerateAsync (-3,-3,-1)
[+01:29:55.359] VoxelChunk: GenerateAsync (3,1,0)
[+01:29:55.676] VoxelChunk: GenerateAsync (-2,-3,-1)
[+01:29:55.684] VoxelChunk: GenerateAsync (-1,-3,-1)
[+01:29:55.690] VoxelChunk: GenerateAsync (1,-1,-3)
[+01:29:55.698] VoxelChunk: GenerateAsync (0,2,-3)
[+01:29:56.033] VoxelChunk: GenerateAsync (2,-3,-1)
[+01:29:56.042] VoxelChunk: GenerateAsync (3,-3,-1)
[+01:29:56.048] VoxelChunk: GenerateAsync (-3,-2,-1)
[+01:29:56.056] VoxelChunk: GenerateAsync (1,2,-3)
[+01:29:56.072] VoxelChunk: GenerateAsync (-3,1,-3)
[+01:29:56.078] VoxelChunk: GenerateAsync (3,-2,-2)
[+01:29:56.085] VoxelChunk: GenerateAsync (-3,-1,-2)
[+01:29:56.093] VoxelChunk: GenerateAsync (2,2,-3)
[+01:29:56.109] VoxelChunk: GenerateAsync (0,-1,-3)
[+01:29:56.114] VoxelChunk: GenerateAsync (-3,-1,-1)
[+01:29:56.122] VoxelChunk: GenerateAsync (3,2,-3)
[+01:29:56.130] VoxelChunk: GenerateAsync (-2,1,-3)
[+01:29:56.145] VoxelChunk: GenerateAsync (-1,0,-3)
[+01:29:56.152] VoxelChunk: GenerateAsync (3,-1,-3)
[+01:29:56.159] VoxelChunk: GenerateAsync (-2,-1,-3)
[+01:29:56.166] VoxelChunk: GenerateAsync (-3,-1,-3)
[+01:29:56.429] VoxelChunk: GenerateAsync (3,-2,-3)
[+01:29:56.437] VoxelChunk: GenerateAsync (-3,3,-3)
[+01:29:56.444] VoxelChunk: GenerateAsync (3,-1,-1)
[+01:29:56.449] VoxelChunk: GenerateAsync (-3,0,-1)
[+01:29:56.578] VoxelChunk: GenerateAsync (2,-2,-3)
[+01:30:25.554] VoxelChunk: GenerateAsync (3,-1,-2)
[+01:30:25.562] VoxelChunk: GenerateAsync (-2,3,-3)
[+01:30:25.570] VoxelChunk: GenerateAsync (-1,1,-3)
[+01:30:25.590] VoxelChunk: GenerateAsync (1,-2,-3)
[+01:30:25.597] VoxelChunk: GenerateAsync (0,-2,-3)
[+01:30:25.604] VoxelChunk: GenerateAsync (-3,0,-2)
[+01:30:25.614] VoxelChunk: GenerateAsync (3,0,-1)
[+01:30:25.918] VoxelChunk: GenerateAsync (-1,3,-3)
[+01:30:25.923] VoxelChunk: GenerateAsync (-3,1,-1)
[+01:30:25.931] VoxelChunk: GenerateAsync (-1,-2,-3)
[+01:30:25.938] VoxelChunk: GenerateAsync (-2,-2,-3)
[+01:30:26.251] VoxelChunk: GenerateAsync (0,3,-3)
[+01:30:26.258] VoxelChunk: GenerateAsync (0,1,-3)
[+01:30:26.265] VoxelChunk: GenerateAsync (3,3,-1)
[+01:30:26.272] VoxelChunk: GenerateAsync (0,0,-3)
[+01:30:26.586] VoxelChunk: GenerateAsync (-2,-3,0)
[+01:30:26.593] VoxelChunk: GenerateAsync (-1,-3,0)
[+01:30:26.600] VoxelChunk: GenerateAsync (0,-3,0)
[+01:30:26.608] VoxelChunk: GenerateAsync (1,-3,0)
[+01:30:26.918] VoxelChunk: GenerateAsync (2,-3,0)
[+01:30:26.926] VoxelChunk: GenerateAsync (-3,-2,-3)
[+01:30:26.932] VoxelChunk: GenerateAsync (3,1,-1)
[+01:30:26.938] VoxelChunk: GenerateAsync (-3,2,-1)
[+01:30:27.251] VoxelChunk: GenerateAsync (1,3,-3)
[+01:30:27.259] VoxelChunk: GenerateAsync (3,0,-2)
[+01:30:27.266] VoxelChunk: GenerateAsync (-3,1,-2)
[+01:30:27.273] VoxelChunk: GenerateAsync (2,3,-3)
[+01:30:27.586] VoxelChunk: GenerateAsync (3,-2,0)
[+01:30:27.595] VoxelChunk: GenerateAsync (1,1,-3)
[+01:30:27.601] VoxelChunk: GenerateAsync (3,2,-1)
[+01:30:27.607] VoxelChunk: GenerateAsync (3,-3,-3)
[+01:30:27.916] VoxelChunk: GenerateAsync (2,-3,-3)
[+01:30:27.924] VoxelChunk: GenerateAsync (1,-3,-3)
[+01:30:27.929] VoxelChunk: GenerateAsync (-3,3,-1)
[+01:30:27.935] VoxelChunk: GenerateAsync (3,-1,0)
[+01:30:28.251] VoxelChunk: GenerateAsync (-3,0,0)
[+01:30:28.256] VoxelChunk: GenerateAsync (-2,3,-1)
[+01:30:28.261] VoxelChunk: GenerateAsync (0,-3,-3)
[+01:30:28.269] VoxelChunk: GenerateAsync (3,3,-3)
[+01:30:28.582] VoxelChunk: GenerateAsync (-1,3,-1)
[+01:30:28.588] VoxelChunk: GenerateAsync (0,3,-1)
[+01:30:28.594] VoxelChunk: GenerateAsync (3,0,0)
[+01:30:28.604] VoxelChunk: GenerateAsync (-3,1,0)
[+01:30:28.917] VoxelChunk: GenerateAsync (1,3,-1)
[+01:30:28.924] VoxelChunk: GenerateAsync (2,3,-1)
[+01:30:28.932] VoxelChunk: GenerateAsync (-2,-3,-3)
[+01:30:28.939] VoxelChunk: GenerateAsync (-3,-3,-3)
[+01:30:29.253] VoxelChunk: GenerateAsync (-3,-3,-2)
[+01:30:29.260] VoxelChunk: GenerateAsync (2,1,-3)
[+01:30:29.270] VoxelChunk: GenerateAsync (-3,2,0)
[+01:30:29.277] VoxelChunk: GenerateAsync (1,0,-3)
[+01:30:29.591] VoxelChunk: GenerateAsync (-3,0,-3)
[+01:30:29.598] VoxelChunk: GenerateAsync (2,-1,-3)
[+01:30:29.606] VoxelChunk: GenerateAsync (0,-3,-1)
[+01:30:29.613] VoxelChunk: GenerateAsync (1,-3,-1)
[+01:30:29.918] VoxelChunk: GenerateAsync (-1,-1,-3)
[+01:30:29.922] VoxelChunk: GenerateAsync (3,2,0)
[+01:30:29.932] VoxelChunk: GenerateAsync (-3,3,0)
[+01:30:29.944] VoxelChunk: GenerateAsync (-2,3,0)
[+01:30:30.255] VoxelChunk: GenerateAsync (-1,3,0)
[+01:30:30.263] VoxelChunk: GenerateAsync (0,3,0)
[+01:30:30.270] VoxelChunk: GenerateAsync (1,3,0)
[+01:30:30.274] VoxelChunk: GenerateAsync (2,3,0)
[+01:30:30.587] VoxelChunk: GenerateAsync (3,3,0)
[+01:30:30.609] VoxelChunk: GenerateAsync (-3,-3,1)
[+01:30:30.623] VoxelChunk: GenerateAsync (-2,-3,1)
[+01:30:30.631] VoxelChunk: GenerateAsync (-1,-3,1)
[+01:30:30.917] VoxelChunk: GenerateAsync (0,-3,1)
[+01:30:30.925] VoxelChunk: GenerateAsync (1,-3,1)
[+01:30:30.931] VoxelChunk: GenerateAsync (2,-3,1)
[+01:30:30.938] VoxelChunk: GenerateAsync (3,-3,1)
[+01:30:31.281] VoxelChunk: GenerateAsync (-3,-2,1)
[+01:30:31.289] VoxelChunk: GenerateAsync (3,-2,-1)
[+01:30:31.299] VoxelChunk: GenerateAsync (-3,-3,0)
[+01:30:31.302] VoxelChunk: GenerateAsync (-3,1,2)
[+01:30:31.582] VoxelChunk: GenerateAsync (2,3,3)
[+01:30:31.585] VoxelChunk: GenerateAsync (1,3,3)
[+01:30:31.593] VoxelChunk: GenerateAsync (3,-2,1)
[+01:30:31.605] VoxelChunk: GenerateAsync (-3,-1,1)
[+01:30:31.929] VoxelChunk: GenerateAsync (-2,-3,3)
[+01:30:31.933] VoxelChunk: GenerateAsync (-3,1,3)
[+01:30:31.959] VoxelChunk: GenerateAsync (-1,-3,3)
[+01:30:31.983] VoxelChunk: GenerateAsync (1,-1,3)
[+01:30:32.258] VoxelChunk: GenerateAsync (-2,1,3)
[+01:30:32.264] VoxelChunk: GenerateAsync (0,2,3)
[+01:30:32.304] VoxelChunk: GenerateAsync (0,-3,3)
[+01:30:32.324] VoxelChunk: GenerateAsync (1,-2,3)
[+01:30:32.361] VoxelChunk: GenerateAsync (2,-1,3)
[+01:30:32.364] VoxelChunk: GenerateAsync (-3,0,3)
[+01:30:32.367] VoxelChunk: GenerateAsync (-1,1,3)
[+01:30:32.370] VoxelChunk: GenerateAsync (-3,2,3)
[+01:30:32.673] VoxelChunk: GenerateAsync (1,2,3)
[+01:30:32.676] VoxelChunk: GenerateAsync (-3,3,3)
[+01:30:32.696] VoxelChunk: GenerateAsync (1,-3,3)
[+01:30:32.701] VoxelChunk: GenerateAsync (-2,-2,3)
[+01:30:33.018] VoxelChunk: GenerateAsync (2,-2,3)
[+01:30:33.038] VoxelChunk: GenerateAsync (0,-1,3)
[+01:30:33.050] VoxelChunk: GenerateAsync (3,1,1)
[+01:30:33.068] VoxelChunk: GenerateAsync (3,-1,3)
[+01:30:33.339] VoxelChunk: GenerateAsync (-2,0,3)
[+01:30:33.356] VoxelChunk: GenerateAsync (1,0,3)
[+01:30:33.359] VoxelChunk: GenerateAsync (0,1,3)
[+01:30:33.365] VoxelChunk: GenerateAsync (1,1,3)
[+01:30:33.673] VoxelChunk: GenerateAsync (-2,2,3)
[+01:30:33.681] VoxelChunk: GenerateAsync (3,0,1)
[+01:30:33.684] VoxelChunk: GenerateAsync (2,2,3)
[+01:30:33.687] VoxelChunk: GenerateAsync (3,2,3)
[+01:30:34.008] VoxelChunk: GenerateAsync (-2,3,3)
[+01:30:34.022] VoxelChunk: GenerateAsync (0,3,1)
[+01:30:34.041] VoxelChunk: GenerateAsync (2,-3,3)
[+01:30:34.065] VoxelChunk: GenerateAsync (3,-3,3)
[+01:30:34.350] VoxelChunk: GenerateAsync (-1,-2,3)
[+01:30:34.374] VoxelChunk: GenerateAsync (0,-2,3)
[+01:30:34.391] VoxelChunk: GenerateAsync (3,-2,3)
[+01:30:34.394] VoxelChunk: GenerateAsync (-2,-1,3)
[+01:30:34.690] VoxelChunk: GenerateAsync (0,-3,2)
[+01:30:34.700] VoxelChunk: GenerateAsync (1,-3,2)
[+01:30:34.709] VoxelChunk: GenerateAsync (2,-3,2)
[+01:30:34.719] VoxelChunk: GenerateAsync (3,-3,2)
[+01:30:35.011] VoxelChunk: GenerateAsync (-3,-2,2)
[+01:30:35.022] VoxelChunk: GenerateAsync (-3,2,1)
[+01:30:35.026] VoxelChunk: GenerateAsync (-1,0,3)
[+01:30:35.033] VoxelChunk: GenerateAsync (0,0,3)
[+01:30:35.360] VoxelChunk: GenerateAsync (2,0,3)
[+01:30:35.376] VoxelChunk: GenerateAsync (3,0,3)
[+01:30:35.387] VoxelChunk: GenerateAsync (3,-2,2)
[+01:30:35.391] VoxelChunk: GenerateAsync (-3,-1,2)
[+01:30:35.676] VoxelChunk: GenerateAsync (2,1,3)
[+01:30:35.682] VoxelChunk: GenerateAsync (3,1,3)
[+01:30:35.685] VoxelChunk: GenerateAsync (-1,2,3)
[+01:30:35.692] VoxelChunk: GenerateAsync (3,-1,1)
[+01:30:36.017] VoxelChunk: GenerateAsync (3,2,1)
[+01:30:36.027] VoxelChunk: GenerateAsync (3,-1,2)
[+01:30:36.030] VoxelChunk: GenerateAsync (-3,0,2)
[+01:30:36.045] VoxelChunk: GenerateAsync (-3,3,1)
[+01:30:36.354] VoxelChunk: GenerateAsync (-3,1,1)
[+01:30:36.365] VoxelChunk: GenerateAsync (-2,3,1)
[+01:30:36.372] VoxelChunk: GenerateAsync (-3,0,1)
[+01:30:36.382] VoxelChunk: GenerateAsync (-1,3,1)
[+01:30:36.687] VoxelChunk: GenerateAsync (3,0,2)
[+01:30:36.691] VoxelChunk: GenerateAsync (0,3,3)
[+01:30:36.694] VoxelChunk: GenerateAsync (-1,3,3)
[+01:30:36.707] VoxelChunk: GenerateAsync (1,3,1)
[+01:30:37.012] VoxelChunk: GenerateAsync (-3,-2,3)
[+01:30:37.023] VoxelChunk: GenerateAsync (2,3,1)
[+01:30:37.034] VoxelChunk: GenerateAsync (3,3,1)
[+01:30:37.048] VoxelChunk: GenerateAsync (3,1,2)
[+01:30:37.352] VoxelChunk: GenerateAsync (-3,2,2)
[+01:30:37.363] VoxelChunk: GenerateAsync (-3,-3,2)
[+01:30:37.367] VoxelChunk: GenerateAsync (-3,-1,3)
[+01:30:37.387] VoxelChunk: GenerateAsync (-2,-3,2)
[+01:30:37.678] VoxelChunk: GenerateAsync (-1,-1,3)
[+01:30:37.701] VoxelChunk: GenerateAsync (-1,-3,2)
[+01:30:37.711] VoxelChunk: GenerateAsync (3,2,2)
[+01:30:37.718] VoxelChunk: GenerateAsync (-3,3,2)
[+01:30:38.009] VoxelChunk: GenerateAsync (-2,3,2)
[+01:30:38.012] VoxelChunk: GenerateAsync (-1,3,2)
[+01:30:38.019] VoxelChunk: GenerateAsync (0,3,2)
[+01:30:38.032] VoxelChunk: GenerateAsync (1,3,2)
[+01:30:38.351] VoxelChunk: GenerateAsync (2,3,2)
[+01:30:38.364] VoxelChunk: GenerateAsync (3,3,2)
[+01:30:38.367] VoxelChunk: GenerateAsync (-3,-3,3)
[+01:30:38.374] VoxelChunk: GenerateAsync (2,3,-4)
[+01:30:38.682] VoxelChunk: GenerateAsync (0,-2,-4)
[+01:30:38.689] VoxelChunk: GenerateAsync (-1,-2,-4)
[+01:30:38.695] VoxelChunk: GenerateAsync (-2,2,-4)
[+01:30:38.705] VoxelChunk: GenerateAsync (-2,-2,-4)
[+01:30:39.007] VoxelChunk: GenerateAsync (-3,-2,-4)
[+01:30:39.017] VoxelChunk: GenerateAsync (-3,2,-4)
[+01:30:39.027] VoxelChunk: GenerateAsync (-3,3,-4)
[+01:30:39.035] VoxelChunk: GenerateAsync (3,-3,-4)
[+01:30:39.336] VoxelChunk: GenerateAsync (2,-3,-4)
[+01:30:39.341] VoxelChunk: GenerateAsync (1,-3,-4)
[+01:30:39.346] VoxelChunk: GenerateAsync (0,-3,-4)
[+01:30:39.352] VoxelChunk: GenerateAsync (3,1,-4)
[+01:30:39.672] VoxelChunk: GenerateAsync (2,1,-4)
[+01:30:39.679] VoxelChunk: GenerateAsync (3,2,-4)
[+01:30:39.686] VoxelChunk: GenerateAsync (-1,3,-4)
[+01:30:39.691] VoxelChunk: GenerateAsync (3,0,-4)
[+01:30:40.006] VoxelChunk: GenerateAsync (2,2,-4)
[+01:30:40.012] VoxelChunk: GenerateAsync (2,0,-4)
[+01:30:40.018] VoxelChunk: GenerateAsync (1,0,-4)
[+01:30:40.025] VoxelChunk: GenerateAsync (1,1,-4)
[+01:30:40.340] VoxelChunk: GenerateAsync (0,0,-4)
[+01:30:40.347] VoxelChunk: GenerateAsync (-1,0,-4)
[+01:30:40.354] VoxelChunk: GenerateAsync (0,1,-4)
[+01:30:40.361] VoxelChunk: GenerateAsync (1,2,-4)
[+01:30:40.675] VoxelChunk: GenerateAsync (-2,3,-4)
[+01:30:40.681] VoxelChunk: GenerateAsync (1,3,-4)
[+01:30:40.688] VoxelChunk: GenerateAsync (-1,1,-4)
[+01:30:40.695] VoxelChunk: GenerateAsync (-2,0,-4)
[+01:30:41.006] VoxelChunk: GenerateAsync (-3,0,-4)
[+01:30:41.016] VoxelChunk: GenerateAsync (-2,1,-4)
[+01:30:41.022] VoxelChunk: GenerateAsync (0,2,-4)
[+01:30:41.027] VoxelChunk: GenerateAsync (3,-1,-4)
[+01:30:41.337] VoxelChunk: GenerateAsync (2,-1,-4)
[+01:30:41.344] VoxelChunk: GenerateAsync (-3,1,-4)
[+01:30:41.349] VoxelChunk: GenerateAsync (1,-1,-4)
[+01:30:41.355] VoxelChunk: GenerateAsync (0,-1,-4)
[+01:30:41.681] VoxelChunk: GenerateAsync (-1,-1,-4)
[+01:30:41.690] VoxelChunk: GenerateAsync (-2,-1,-4)
[+01:30:41.695] VoxelChunk: GenerateAsync (-3,-1,-4)
[+01:30:41.699] VoxelChunk: GenerateAsync (3,-2,-4)
[+01:30:42.006] VoxelChunk: GenerateAsync (-1,2,-4)
[+01:30:42.013] VoxelChunk: GenerateAsync (0,3,-4)
[+01:30:42.021] VoxelChunk: GenerateAsync (3,3,-4)
[+01:30:42.025] VoxelChunk: GenerateAsync (1,-2,-4)
[+01:30:42.340] VoxelChunk: GenerateAsync (-3,-3,-4)
[+01:30:42.346] VoxelChunk: GenerateAsync (-1,-3,-4)
[+01:30:42.350] VoxelChunk: GenerateAsync (2,-2,-4)
[+01:30:42.357] VoxelChunk: GenerateAsync (-2,-3,-4)
[+01:30:42.670] VoxelChunk: GenerateAsync (-3,-3,4)
[+01:30:42.673] VoxelChunk: GenerateAsync (-2,-3,4)
[+01:30:42.684] VoxelChunk: GenerateAsync (-1,-3,4)
[+01:30:42.710] VoxelChunk: GenerateAsync (0,-3,4)
[+01:30:43.036] VoxelChunk: GenerateAsync (1,-3,4)
[+01:30:43.066] VoxelChunk: GenerateAsync (2,-3,4)
[+01:30:43.096] VoxelChunk: GenerateAsync (3,-3,4)
[+01:30:43.098] VoxelChunk: GenerateAsync (-3,-2,4)
[+01:30:43.339] VoxelChunk: GenerateAsync (-2,-2,4)
[+01:30:43.347] VoxelChunk: GenerateAsync (-1,-2,4)
[+01:30:43.369] VoxelChunk: GenerateAsync (0,-2,4)
[+01:30:43.400] VoxelChunk: GenerateAsync (1,-2,4)
[+01:30:43.693] VoxelChunk: GenerateAsync (2,-2,4)
[+01:30:43.713] VoxelChunk: GenerateAsync (3,-2,4)
[+01:30:43.716] VoxelChunk: GenerateAsync (-3,-1,4)
[+01:30:43.719] VoxelChunk: GenerateAsync (-2,-1,4)
[+01:30:44.006] VoxelChunk: GenerateAsync (-1,-1,4)
[+01:30:44.017] VoxelChunk: GenerateAsync (0,-1,4)
[+01:30:44.041] VoxelChunk: GenerateAsync (1,-1,4)
[+01:30:44.069] VoxelChunk: GenerateAsync (2,-1,4)
[+01:30:44.354] VoxelChunk: GenerateAsync (3,-1,4)
[+01:30:44.358] VoxelChunk: GenerateAsync (-3,0,4)
[+01:30:44.361] VoxelChunk: GenerateAsync (-2,0,4)
[+01:30:44.364] VoxelChunk: GenerateAsync (-1,0,4)
[+01:30:44.672] VoxelChunk: GenerateAsync (0,0,4)
[+01:30:44.686] VoxelChunk: GenerateAsync (1,0,4)
[+01:30:44.707] VoxelChunk: GenerateAsync (2,0,4)
[+01:30:44.724] VoxelChunk: GenerateAsync (3,0,4)
[+01:30:45.004] VoxelChunk: GenerateAsync (-3,1,4)
[+01:30:45.006] VoxelChunk: GenerateAsync (-2,1,4)
[+01:30:45.010] VoxelChunk: GenerateAsync (-1,1,4)
[+01:30:45.013] VoxelChunk: GenerateAsync (0,1,4)
[+01:30:45.337] VoxelChunk: GenerateAsync (1,1,4)
[+01:30:45.342] VoxelChunk: GenerateAsync (2,1,4)
[+01:30:45.347] VoxelChunk: GenerateAsync (3,1,4)
[+01:30:45.349] VoxelChunk: GenerateAsync (-3,2,4)
[+01:30:45.678] VoxelChunk: GenerateAsync (-2,2,4)
[+01:30:45.683] VoxelChunk: GenerateAsync (-1,2,4)
[+01:30:45.686] VoxelChunk: GenerateAsync (0,2,4)
[+01:30:45.688] VoxelChunk: GenerateAsync (1,2,4)
[+01:30:46.003] VoxelChunk: GenerateAsync (2,2,4)
[+01:30:46.007] VoxelChunk: GenerateAsync (3,2,4)
[+01:30:46.009] VoxelChunk: GenerateAsync (-3,3,4)
[+01:30:46.012] VoxelChunk: GenerateAsync (-2,3,4)
[+01:30:46.336] VoxelChunk: GenerateAsync (-1,3,4)
[+01:30:46.340] VoxelChunk: GenerateAsync (0,3,4)
[+01:30:46.342] VoxelChunk: GenerateAsync (1,3,4)
[+01:30:46.345] VoxelChunk: GenerateAsync (2,3,4)
[+01:30:46.670] VoxelChunk: GenerateAsync (3,3,4)
[+01:30:46.672] VoxelWorld: Editor generation complete, 441 chunks.
