=== FIRSTVOXEL SESSION [2026.03.17-01.36.36] ===
[+01:36:36.823] FirstVoxel module started.
[+01:36:43.579] VoxelWorld: GenerateWorldDeferred started.
[+01:36:43.579] VoxelWorld: Queued 245 chunks.
[+01:36:43.684] VoxelMesh: Chunk X=0 Y=0 Z=0 FlatVerts=5988 SlopeVerts=10380
[+01:36:43.698] VoxelChunk: GenerateAsync (0,0,0)
[+01:36:43.698] VoxelMesh: Chunk X=0 Y=0 Z=0 FlatVerts=1368 SlopeVerts=882
[+01:36:43.784] VoxelMesh: Chunk X=0 Y=0 Z=0 FlatVerts=3600 SlopeVerts=13752
[+01:36:43.798] VoxelChunk: GenerateAsync (1,0,0)
[+01:36:43.799] VoxelMesh: Chunk X=1 Y=0 Z=0 FlatVerts=180 SlopeVerts=138
[+01:36:43.887] VoxelMesh: Chunk X=0 Y=0 Z=0 FlatVerts=8106 SlopeVerts=6360
[+01:36:43.900] VoxelChunk: GenerateAsync (1,1,0)
[+01:36:43.901] VoxelMesh: Chunk X=1 Y=1 Z=0 FlatVerts=1476 SlopeVerts=714
[+01:36:43.989] VoxelMesh: Chunk X=0 Y=0 Z=0 FlatVerts=990 SlopeVerts=5526
[+01:36:43.994] VoxelChunk: GenerateAsync (1,1,1)
[+01:36:43.995] VoxelMesh: Chunk X=1 Y=1 Z=1 FlatVerts=144 SlopeVerts=1698
[+01:36:44.094] VoxelMesh: Chunk X=0 Y=0 Z=0 FlatVerts=144 SlopeVerts=1698
[+01:36:44.096] VoxelChunk: GenerateAsync (0,1,1)
[+01:36:44.097] VoxelMesh: Chunk X=0 Y=1 Z=1 FlatVerts=0 SlopeVerts=0
[+01:36:44.196] VoxelMesh: Chunk X=0 Y=0 Z=0 FlatVerts=0 SlopeVerts=0
[+01:36:44.197] VoxelChunk: GenerateAsync (-1,1,1)
[+01:36:44.300] VoxelMesh: Chunk X=0 Y=0 Z=0 FlatVerts=1608 SlopeVerts=20934
[+01:36:44.315] VoxelChunk: GenerateAsync (1,0,1)
[+01:36:44.317] VoxelMesh: Chunk X=1 Y=0 Z=1 FlatVerts=270 SlopeVerts=5094
[+01:36:44.399] VoxelMesh: Chunk X=0 Y=0 Z=0 FlatVerts=456 SlopeVerts=10890
[+01:36:44.407] VoxelChunk: GenerateAsync (0,0,1)
[+01:36:44.408] VoxelMesh: Chunk X=0 Y=0 Z=1 FlatVerts=54 SlopeVerts=2136
[+01:36:44.505] VoxelMesh: Chunk X=0 Y=0 Z=0 FlatVerts=1542 SlopeVerts=1056
[+01:36:44.508] VoxelChunk: GenerateAsync (0,-1,-1)
[+01:36:44.610] VoxelMesh: Chunk X=0 Y=0 Z=0 FlatVerts=216 SlopeVerts=198
[+01:36:44.611] VoxelChunk: GenerateAsync (1,-1,-1)
[+01:36:44.710] VoxelMesh: Chunk X=0 Y=0 Z=0 FlatVerts=9804 SlopeVerts=2352
[+01:36:44.723] VoxelChunk: GenerateAsync (0,1,0)
[+01:36:44.723] VoxelMesh: Chunk X=0 Y=1 Z=0 FlatVerts=2520 SlopeVerts=30
[+01:36:44.819] VoxelMesh: Chunk X=0 Y=0 Z=0 FlatVerts=10458 SlopeVerts=30
[+01:36:44.832] VoxelChunk: GenerateAsync (-1,1,-1)
[+01:36:44.926] VoxelMesh: Chunk X=0 Y=0 Z=0 FlatVerts=9000 SlopeVerts=2988
[+01:36:44.942] VoxelChunk: GenerateAsync (-1,0,0)
[+01:36:44.943] VoxelMesh: Chunk X=-1 Y=0 Z=0 FlatVerts=2526 SlopeVerts=48
[+01:36:45.039] VoxelMesh: Chunk X=0 Y=0 Z=0 FlatVerts=1050 SlopeVerts=10668
[+01:36:45.050] VoxelChunk: GenerateAsync (-1,-1,1)
[+01:36:45.051] VoxelMesh: Chunk X=-1 Y=-1 Z=1 FlatVerts=516 SlopeVerts=1440
[+01:36:45.137] VoxelMesh: Chunk X=0 Y=0 Z=0 FlatVerts=5532 SlopeVerts=1776
[+01:36:45.148] VoxelChunk: GenerateAsync (0,0,-1)
[+01:36:45.242] VoxelMesh: Chunk X=0 Y=0 Z=0 FlatVerts=6012 SlopeVerts=9192
[+01:36:45.254] VoxelChunk: GenerateAsync (-1,-1,0)
[+01:36:45.255] VoxelMesh: Chunk X=-1 Y=-1 Z=0 FlatVerts=1098 SlopeVerts=816
[+01:36:45.342] VoxelMesh: Chunk X=0 Y=0 Z=0 FlatVerts=2346 SlopeVerts=13626
[+01:36:45.354] VoxelChunk: GenerateAsync (0,-1,0)
[+01:36:45.355] VoxelMesh: Chunk X=0 Y=-1 Z=0 FlatVerts=6 SlopeVerts=24
[+01:36:45.446] VoxelMesh: Chunk X=0 Y=0 Z=0 FlatVerts=54 SlopeVerts=2202
[+01:36:45.449] VoxelChunk: GenerateAsync (-1,0,1)
[+01:36:45.450] VoxelMesh: Chunk X=-1 Y=0 Z=1 FlatVerts=0 SlopeVerts=0
[+01:36:45.553] VoxelMesh: Chunk X=0 Y=0 Z=0 FlatVerts=10458 SlopeVerts=30
[+01:36:45.567] VoxelChunk: GenerateAsync (-1,1,0)
[+01:36:45.568] VoxelMesh: Chunk X=-1 Y=1 Z=0 FlatVerts=2538 SlopeVerts=0
[+01:36:45.657] VoxelMesh: Chunk X=0 Y=0 Z=0 FlatVerts=9684 SlopeVerts=744
[+01:36:45.670] VoxelChunk: GenerateAsync (0,1,-1)
[+01:36:45.762] VoxelMesh: Chunk X=0 Y=0 Z=0 FlatVerts=8946 SlopeVerts=966
[+01:36:45.775] VoxelChunk: GenerateAsync (-1,0,-1)
[+01:36:45.869] VoxelMesh: Chunk X=0 Y=0 Z=0 FlatVerts=900 SlopeVerts=11538
[+01:36:45.880] VoxelChunk: GenerateAsync (1,-1,0)
[+01:36:45.966] VoxelMesh: Chunk X=0 Y=0 Z=0 FlatVerts=7176 SlopeVerts=1398
[+01:36:45.975] VoxelChunk: GenerateAsync (1,1,-1)
[+01:36:46.066] VoxelMesh: Chunk X=0 Y=0 Z=0 FlatVerts=2016 SlopeVerts=1272
[+01:36:46.069] VoxelChunk: GenerateAsync (1,0,-1)
[+01:36:46.173] VoxelMesh: Chunk X=0 Y=0 Z=0 FlatVerts=648 SlopeVerts=25830
[+01:36:46.191] VoxelChunk: GenerateAsync (1,-1,1)
[+01:36:46.192] VoxelMesh: Chunk X=1 Y=-1 Z=1 FlatVerts=0 SlopeVerts=1542
[+01:36:46.271] VoxelMesh: Chunk X=0 Y=0 Z=0 FlatVerts=792 SlopeVerts=22050
[+01:36:46.288] VoxelChunk: GenerateAsync (0,-1,1)
[+01:36:46.289] VoxelMesh: Chunk X=0 Y=-1 Z=1 FlatVerts=510 SlopeVerts=4014
[+01:36:46.378] VoxelMesh: Chunk X=0 Y=0 Z=0 FlatVerts=4986 SlopeVerts=1782
[+01:36:46.385] VoxelChunk: GenerateAsync (-1,-1,-1)
[+01:36:46.483] VoxelChunk: GenerateAsync (1,0,-2)
[+01:36:46.588] VoxelChunk: GenerateAsync (2,0,-2)
[+01:36:46.703] VoxelChunk: GenerateAsync (0,-1,-2)
[+01:36:46.813] VoxelChunk: GenerateAsync (1,-1,-2)
[+01:36:46.920] VoxelChunk: GenerateAsync (-1,-2,-2)
[+01:36:47.016] VoxelChunk: GenerateAsync (-2,-2,-2)
[+01:36:47.134] VoxelChunk: GenerateAsync (2,-1,-2)
[+01:36:47.222] VoxelChunk: GenerateAsync (0,1,-2)
[+01:36:47.324] VoxelChunk: GenerateAsync (1,1,-2)
[+01:36:47.428] VoxelChunk: GenerateAsync (1,-2,-2)
[+01:36:47.536] VoxelChunk: GenerateAsync (2,1,-2)
[+01:36:47.924] VoxelChunk: GenerateAsync (-2,2,-2)
[+01:36:48.259] VoxelChunk: GenerateAsync (-2,0,-2)
[+01:36:48.592] VoxelChunk: GenerateAsync (-2,-1,-2)
[+01:36:48.925] VoxelChunk: GenerateAsync (-1,2,-2)
[+01:36:49.259] VoxelChunk: GenerateAsync (0,2,-2)
[+01:36:49.591] VoxelChunk: GenerateAsync (-1,0,-2)
[+01:36:49.933] VoxelChunk: GenerateAsync (1,2,-2)
[+01:36:50.039] VoxelChunk: GenerateAsync (2,2,-2)
[+01:36:50.134] VoxelChunk: GenerateAsync (0,0,-2)
[+01:36:50.237] VoxelChunk: GenerateAsync (-1,-1,-2)
[+01:36:50.341] VoxelChunk: GenerateAsync (2,-2,-2)
[+01:36:50.447] VoxelChunk: GenerateAsync (0,-2,-2)
[+01:36:50.550] VoxelChunk: GenerateAsync (-2,1,-2)
[+01:36:50.652] VoxelChunk: GenerateAsync (-1,1,-2)
[+01:36:50.751] VoxelMesh: Chunk X=0 Y=0 Z=0 FlatVerts=0 SlopeVerts=6
[+01:36:50.752] VoxelChunk: GenerateAsync (1,2,2)
[+01:36:50.853] VoxelMesh: Chunk X=0 Y=0 Z=0 FlatVerts=3486 SlopeVerts=2028
[+01:36:50.859] VoxelChunk: GenerateAsync (2,1,-1)
[+01:36:51.211] VoxelMesh: Chunk X=0 Y=0 Z=0 FlatVerts=0 SlopeVerts=0
[+01:36:51.211] VoxelChunk: GenerateAsync (-2,1,1)
[+01:36:51.547] VoxelMesh: Chunk X=0 Y=0 Z=0 FlatVerts=3522 SlopeVerts=1254
[+01:36:51.552] VoxelChunk: GenerateAsync (-2,-2,-1)
[+01:36:51.882] VoxelChunk: GenerateAsync (1,-2,-1)
[+01:36:52.212] VoxelChunk: GenerateAsync (-2,1,2)
[+01:36:52.545] VoxelMesh: Chunk X=0 Y=0 Z=0 FlatVerts=36 SlopeVerts=26892
[+01:36:52.565] VoxelChunk: GenerateAsync (0,-2,2)
[+01:36:52.567] VoxelMesh: Chunk X=0 Y=-2 Z=2 FlatVerts=24 SlopeVerts=3714
[+01:36:52.881] VoxelMesh: Chunk X=0 Y=0 Z=0 FlatVerts=60 SlopeVerts=936
[+01:36:52.883] VoxelChunk: GenerateAsync (-2,2,1)
[+01:36:52.883] VoxelMesh: Chunk X=-2 Y=2 Z=1 FlatVerts=0 SlopeVerts=0
[+01:36:53.214] VoxelMesh: Chunk X=0 Y=0 Z=0 FlatVerts=636 SlopeVerts=23916
[+01:36:53.231] VoxelChunk: GenerateAsync (2,-1,1)
[+01:36:53.232] VoxelMesh: Chunk X=2 Y=-1 Z=1 FlatVerts=72 SlopeVerts=1944
[+01:36:53.549] VoxelMesh: Chunk X=0 Y=0 Z=0 FlatVerts=8022 SlopeVerts=1158
[+01:36:53.559] VoxelChunk: GenerateAsync (-2,-1,-1)
[+01:36:53.883] VoxelMesh: Chunk X=0 Y=0 Z=0 FlatVerts=72 SlopeVerts=3486
[+01:36:53.885] VoxelChunk: GenerateAsync (1,-2,0)
[+01:36:54.213] VoxelChunk: GenerateAsync (0,1,2)
[+01:36:54.548] VoxelMesh: Chunk X=0 Y=0 Z=0 FlatVerts=1872 SlopeVerts=11652
[+01:36:54.558] VoxelChunk: GenerateAsync (2,0,0)
[+01:36:54.559] VoxelMesh: Chunk X=2 Y=0 Z=0 FlatVerts=36 SlopeVerts=60
[+01:36:54.882] VoxelMesh: Chunk X=0 Y=0 Z=0 FlatVerts=18 SlopeVerts=25110
[+01:36:54.899] VoxelChunk: GenerateAsync (1,-2,2)
[+01:36:54.901] VoxelMesh: Chunk X=1 Y=-2 Z=2 FlatVerts=0 SlopeVerts=360
[+01:36:55.214] VoxelChunk: GenerateAsync (-2,0,2)
[+01:36:55.548] VoxelMesh: Chunk X=0 Y=0 Z=0 FlatVerts=6 SlopeVerts=420
[+01:36:55.549] VoxelChunk: GenerateAsync (0,2,1)
[+01:36:55.883] VoxelMesh: Chunk X=0 Y=0 Z=0 FlatVerts=540 SlopeVerts=17862
[+01:36:55.897] VoxelChunk: GenerateAsync (0,-2,1)
[+01:36:55.898] VoxelMesh: Chunk X=0 Y=-2 Z=1 FlatVerts=0 SlopeVerts=984
[+01:36:56.215] VoxelMesh: Chunk X=0 Y=0 Z=0 FlatVerts=0 SlopeVerts=384
[+01:36:56.215] VoxelChunk: GenerateAsync (1,1,2)
[+01:36:56.550] VoxelMesh: Chunk X=0 Y=0 Z=0 FlatVerts=420 SlopeVerts=1302
[+01:36:56.552] VoxelChunk: GenerateAsync (2,0,-1)
[+01:36:56.882] VoxelMesh: Chunk X=0 Y=0 Z=0 FlatVerts=1434 SlopeVerts=13392
[+01:36:56.892] VoxelChunk: GenerateAsync (-2,-2,1)
[+01:36:56.893] VoxelMesh: Chunk X=-2 Y=-2 Z=1 FlatVerts=624 SlopeVerts=4038
[+01:36:57.219] VoxelMesh: Chunk X=0 Y=0 Z=0 FlatVerts=4950 SlopeVerts=10152
[+01:36:57.232] VoxelChunk: GenerateAsync (-2,-2,0)
[+01:36:57.233] VoxelMesh: Chunk X=-2 Y=-2 Z=0 FlatVerts=318 SlopeVerts=84
[+01:36:57.551] VoxelMesh: Chunk X=0 Y=0 Z=0 FlatVerts=72 SlopeVerts=4392
[+01:36:57.554] VoxelChunk: GenerateAsync (2,-2,0)
[+01:36:57.881] VoxelMesh: Chunk X=0 Y=0 Z=0 FlatVerts=9300 SlopeVerts=1902
[+01:36:57.894] VoxelChunk: GenerateAsync (-2,2,0)
[+01:36:57.894] VoxelMesh: Chunk X=-2 Y=2 Z=0 FlatVerts=2502 SlopeVerts=6
[+01:36:58.222] VoxelMesh: Chunk X=0 Y=0 Z=0 FlatVerts=6 SlopeVerts=24
[+01:36:58.222] VoxelChunk: GenerateAsync (0,-2,-1)
[+01:36:58.549] VoxelMesh: Chunk X=0 Y=0 Z=0 FlatVerts=5688 SlopeVerts=6942
[+01:36:58.561] VoxelChunk: GenerateAsync (2,2,1)
[+01:36:58.561] VoxelMesh: Chunk X=2 Y=2 Z=1 FlatVerts=0 SlopeVerts=294
[+01:36:58.883] VoxelMesh: Chunk X=0 Y=0 Z=0 FlatVerts=8928 SlopeVerts=1170
[+01:36:58.894] VoxelChunk: GenerateAsync (1,2,-1)
[+01:36:59.215] VoxelMesh: Chunk X=0 Y=0 Z=0 FlatVerts=10326 SlopeVerts=6
[+01:36:59.228] VoxelChunk: GenerateAsync (-2,1,0)
[+01:36:59.229] VoxelMesh: Chunk X=-2 Y=1 Z=0 FlatVerts=2742 SlopeVerts=0
[+01:36:59.552] VoxelMesh: Chunk X=0 Y=0 Z=0 FlatVerts=78 SlopeVerts=26964
[+01:36:59.570] VoxelChunk: GenerateAsync (2,-2,2)
[+01:36:59.572] VoxelMesh: Chunk X=2 Y=-2 Z=2 FlatVerts=0 SlopeVerts=18
[+01:36:59.881] VoxelMesh: Chunk X=0 Y=0 Z=0 FlatVerts=6 SlopeVerts=3168
[+01:36:59.884] VoxelChunk: GenerateAsync (-1,-1,2)
[+01:37:00.215] VoxelMesh: Chunk X=0 Y=0 Z=0 FlatVerts=0 SlopeVerts=72
[+01:37:00.215] VoxelChunk: GenerateAsync (-1,0,2)
[+01:37:00.549] VoxelMesh: Chunk X=0 Y=0 Z=0 FlatVerts=10176 SlopeVerts=4224
[+01:37:00.563] VoxelChunk: GenerateAsync (1,2,0)
[+01:37:00.564] VoxelMesh: Chunk X=1 Y=2 Z=0 FlatVerts=2832 SlopeVerts=0
[+01:37:00.884] VoxelMesh: Chunk X=0 Y=0 Z=0 FlatVerts=10242 SlopeVerts=0
[+01:37:00.892] VoxelChunk: GenerateAsync (-1,2,-1)
[+01:37:01.218] VoxelMesh: Chunk X=0 Y=0 Z=0 FlatVerts=9264 SlopeVerts=1062
[+01:37:01.230] VoxelChunk: GenerateAsync (-2,2,-1)
[+01:37:01.552] VoxelMesh: Chunk X=0 Y=0 Z=0 FlatVerts=72 SlopeVerts=10464
[+01:37:01.558] VoxelChunk: GenerateAsync (1,-2,1)
[+01:37:01.883] VoxelMesh: Chunk X=0 Y=0 Z=0 FlatVerts=10800 SlopeVerts=684
[+01:37:01.896] VoxelChunk: GenerateAsync (0,2,0)
[+01:37:01.896] VoxelMesh: Chunk X=0 Y=2 Z=0 FlatVerts=2856 SlopeVerts=0
[+01:37:02.218] VoxelMesh: Chunk X=0 Y=0 Z=0 FlatVerts=252 SlopeVerts=2622
[+01:37:02.220] VoxelChunk: GenerateAsync (2,1,2)
[+01:37:02.221] VoxelMesh: Chunk X=2 Y=1 Z=2 FlatVerts=0 SlopeVerts=372
[+01:37:02.551] VoxelMesh: Chunk X=0 Y=0 Z=0 FlatVerts=1734 SlopeVerts=24420
[+01:37:02.571] VoxelChunk: GenerateAsync (2,0,1)
[+01:37:02.572] VoxelMesh: Chunk X=2 Y=0 Z=1 FlatVerts=354 SlopeVerts=2910
[+01:37:02.898] VoxelMesh: Chunk X=0 Y=0 Z=0 FlatVerts=498 SlopeVerts=6768
[+01:37:02.906] VoxelChunk: GenerateAsync (2,-1,0)
[+01:37:03.217] VoxelMesh: Chunk X=0 Y=0 Z=0 FlatVerts=1248 SlopeVerts=3060
[+01:37:03.220] VoxelChunk: GenerateAsync (1,2,1)
[+01:37:03.551] VoxelMesh: Chunk X=0 Y=0 Z=0 FlatVerts=1302 SlopeVerts=20784
[+01:37:03.568] VoxelChunk: GenerateAsync (-1,-2,1)
[+01:37:03.569] VoxelMesh: Chunk X=-1 Y=-2 Z=1 FlatVerts=312 SlopeVerts=3348
[+01:37:03.889] VoxelMesh: Chunk X=0 Y=0 Z=0 FlatVerts=126 SlopeVerts=13938
[+01:37:03.897] VoxelChunk: GenerateAsync (2,-2,1)
[+01:37:04.216] VoxelMesh: Chunk X=0 Y=0 Z=0 FlatVerts=588 SlopeVerts=1656
[+01:37:04.219] VoxelChunk: GenerateAsync (-2,-1,1)
[+01:37:04.220] VoxelMesh: Chunk X=-2 Y=-1 Z=1 FlatVerts=72 SlopeVerts=216
[+01:37:04.551] VoxelMesh: Chunk X=0 Y=0 Z=0 FlatVerts=5910 SlopeVerts=12258
[+01:37:04.566] VoxelChunk: GenerateAsync (2,1,0)
[+01:37:04.568] VoxelMesh: Chunk X=2 Y=1 Z=0 FlatVerts=330 SlopeVerts=354
[+01:37:04.883] VoxelMesh: Chunk X=0 Y=0 Z=0 FlatVerts=0 SlopeVerts=0
[+01:37:04.884] VoxelChunk: GenerateAsync (-2,0,1)
[+01:37:05.218] VoxelMesh: Chunk X=0 Y=0 Z=0 FlatVerts=204 SlopeVerts=30936
[+01:37:05.241] VoxelChunk: GenerateAsync (2,-1,2)
[+01:37:05.242] VoxelMesh: Chunk X=2 Y=-1 Z=2 FlatVerts=0 SlopeVerts=2328
[+01:37:05.551] VoxelMesh: Chunk X=0 Y=0 Z=0 FlatVerts=0 SlopeVerts=10548
[+01:37:05.558] VoxelChunk: GenerateAsync (1,0,2)
[+01:37:05.559] VoxelMesh: Chunk X=1 Y=0 Z=2 FlatVerts=0 SlopeVerts=1908
[+01:37:05.885] VoxelMesh: Chunk X=0 Y=0 Z=0 FlatVerts=8580 SlopeVerts=2688
[+01:37:05.896] VoxelChunk: GenerateAsync (-2,-1,0)
[+01:37:05.898] VoxelMesh: Chunk X=-2 Y=-1 Z=0 FlatVerts=2154 SlopeVerts=294
[+01:37:06.219] VoxelMesh: Chunk X=0 Y=0 Z=0 FlatVerts=2706 SlopeVerts=12882
[+01:37:06.230] VoxelChunk: GenerateAsync (2,1,1)
[+01:37:06.231] VoxelMesh: Chunk X=2 Y=1 Z=1 FlatVerts=852 SlopeVerts=3162
[+01:37:06.552] VoxelChunk: GenerateAsync (-1,2,1)
[+01:37:06.883] VoxelMesh: Chunk X=0 Y=0 Z=0 FlatVerts=10050 SlopeVerts=48
[+01:37:06.896] VoxelChunk: GenerateAsync (-2,0,0)
[+01:37:06.897] VoxelMesh: Chunk X=-2 Y=0 Z=0 FlatVerts=2244 SlopeVerts=0
[+01:37:07.219] VoxelMesh: Chunk X=0 Y=0 Z=0 FlatVerts=10794 SlopeVerts=264
[+01:37:07.233] VoxelChunk: GenerateAsync (0,2,-1)
[+01:37:07.552] VoxelMesh: Chunk X=0 Y=0 Z=0 FlatVerts=4062 SlopeVerts=1368
[+01:37:07.557] VoxelChunk: GenerateAsync (2,2,-1)
[+01:37:07.885] VoxelMesh: Chunk X=0 Y=0 Z=0 FlatVerts=10326 SlopeVerts=6
[+01:37:07.898] VoxelChunk: GenerateAsync (-2,1,-1)
[+01:37:08.218] VoxelMesh: Chunk X=0 Y=0 Z=0 FlatVerts=18 SlopeVerts=4860
[+01:37:08.222] VoxelChunk: GenerateAsync (-2,-2,2)
[+01:37:08.223] VoxelMesh: Chunk X=-2 Y=-2 Z=2 FlatVerts=0 SlopeVerts=0
[+01:37:08.554] VoxelMesh: Chunk X=0 Y=0 Z=0 FlatVerts=1092 SlopeVerts=864
[+01:37:08.555] VoxelChunk: GenerateAsync (-1,-2,-1)
[+01:37:08.888] VoxelChunk: GenerateAsync (2,-2,-1)
[+01:37:09.218] VoxelChunk: GenerateAsync (-2,-1,2)
[+01:37:09.552] VoxelMesh: Chunk X=0 Y=0 Z=0 FlatVerts=6 SlopeVerts=15186
[+01:37:09.561] VoxelChunk: GenerateAsync (0,-1,2)
[+01:37:09.563] VoxelMesh: Chunk X=0 Y=-1 Z=2 FlatVerts=6 SlopeVerts=3060
[+01:37:09.889] VoxelMesh: Chunk X=0 Y=0 Z=0 FlatVerts=0 SlopeVerts=25512
[+01:37:09.909] VoxelChunk: GenerateAsync (1,-1,2)
[+01:37:09.910] VoxelMesh: Chunk X=1 Y=-1 Z=2 FlatVerts=0 SlopeVerts=4320
[+01:37:10.222] VoxelMesh: Chunk X=0 Y=0 Z=0 FlatVerts=0 SlopeVerts=2088
[+01:37:10.224] VoxelChunk: GenerateAsync (0,0,2)
[+01:37:10.224] VoxelMesh: Chunk X=0 Y=0 Z=2 FlatVerts=0 SlopeVerts=72
[+01:37:10.554] VoxelMesh: Chunk X=0 Y=0 Z=0 FlatVerts=270 SlopeVerts=19878
[+01:37:10.570] VoxelChunk: GenerateAsync (2,0,2)
[+01:37:10.571] VoxelMesh: Chunk X=2 Y=0 Z=2 FlatVerts=0 SlopeVerts=5874
[+01:37:10.891] VoxelMesh: Chunk X=0 Y=0 Z=0 FlatVerts=8010 SlopeVerts=7500
[+01:37:10.907] VoxelChunk: GenerateAsync (2,2,0)
[+01:37:10.908] VoxelMesh: Chunk X=2 Y=2 Z=0 FlatVerts=2550 SlopeVerts=318
[+01:37:11.223] VoxelChunk: GenerateAsync (-1,1,2)
[+01:37:11.554] VoxelMesh: Chunk X=0 Y=0 Z=0 FlatVerts=10050 SlopeVerts=48
[+01:37:11.568] VoxelChunk: GenerateAsync (-2,0,-1)
[+01:37:11.891] VoxelMesh: Chunk X=0 Y=0 Z=0 FlatVerts=36 SlopeVerts=60
[+01:37:11.891] VoxelChunk: GenerateAsync (2,-1,-1)
[+01:37:12.220] VoxelChunk: GenerateAsync (0,2,2)
[+01:37:12.553] VoxelMesh: Chunk X=0 Y=0 Z=0 FlatVerts=1890 SlopeVerts=1116
[+01:37:12.556] VoxelChunk: GenerateAsync (2,2,2)
[+01:37:12.888] VoxelMesh: Chunk X=0 Y=0 Z=0 FlatVerts=48 SlopeVerts=16800
[+01:37:12.900] VoxelChunk: GenerateAsync (-1,-2,2)
[+01:37:12.901] VoxelMesh: Chunk X=-1 Y=-2 Z=2 FlatVerts=18 SlopeVerts=4272
[+01:37:13.222] VoxelMesh: Chunk X=0 Y=0 Z=0 FlatVerts=10242 SlopeVerts=0
[+01:37:13.230] VoxelChunk: GenerateAsync (-1,2,0)
[+01:37:13.230] VoxelMesh: Chunk X=-1 Y=2 Z=0 FlatVerts=2544 SlopeVerts=0
[+01:37:13.556] VoxelMesh: Chunk X=0 Y=0 Z=0 FlatVerts=2334 SlopeVerts=10620
[+01:37:13.566] VoxelChunk: GenerateAsync (-1,-2,0)
[+01:37:13.568] VoxelMesh: Chunk X=-1 Y=-2 Z=0 FlatVerts=0 SlopeVerts=12
[+01:37:13.890] VoxelMesh: Chunk X=0 Y=0 Z=0 FlatVerts=510 SlopeVerts=6546
[+01:37:13.894] VoxelChunk: GenerateAsync (0,-2,0)
[+01:37:14.219] VoxelChunk: GenerateAsync (-2,2,2)
[+01:37:14.553] VoxelChunk: GenerateAsync (-1,2,2)
[+01:37:14.891] VoxelChunk: GenerateAsync (3,2,-2)
[+01:37:15.222] VoxelMesh: Chunk X=0 Y=0 Z=0 FlatVerts=828 SlopeVerts=8442
[+01:37:15.228] VoxelChunk: GenerateAsync (-3,2,1)
[+01:37:15.229] VoxelMesh: Chunk X=-3 Y=2 Z=1 FlatVerts=642 SlopeVerts=1848
[+01:37:15.556] VoxelMesh: Chunk X=0 Y=0 Z=0 FlatVerts=5724 SlopeVerts=2100
[+01:37:15.566] VoxelChunk: GenerateAsync (-3,2,-1)
[+01:37:15.887] VoxelMesh: Chunk X=0 Y=0 Z=0 FlatVerts=1578 SlopeVerts=13698
[+01:37:15.898] VoxelChunk: GenerateAsync (-3,3,1)
[+01:37:15.899] VoxelMesh: Chunk X=-3 Y=3 Z=1 FlatVerts=114 SlopeVerts=2400
[+01:37:16.221] VoxelMesh: Chunk X=0 Y=0 Z=0 FlatVerts=1878 SlopeVerts=3582
[+01:37:16.226] VoxelChunk: GenerateAsync (-1,3,1)
[+01:37:16.556] VoxelChunk: GenerateAsync (-3,2,-2)
[+01:37:16.890] VoxelChunk: GenerateAsync (-3,-3,-2)
[+01:37:17.221] VoxelMesh: Chunk X=0 Y=0 Z=0 FlatVerts=8826 SlopeVerts=7482
[+01:37:17.238] VoxelChunk: GenerateAsync (2,3,1)
[+01:37:17.239] VoxelMesh: Chunk X=2 Y=3 Z=1 FlatVerts=1242 SlopeVerts=2340
[+01:37:17.557] VoxelMesh: Chunk X=0 Y=0 Z=0 FlatVerts=10770 SlopeVerts=2040
[+01:37:17.570] VoxelChunk: GenerateAsync (3,3,1)
[+01:37:17.571] VoxelMesh: Chunk X=3 Y=3 Z=1 FlatVerts=1332 SlopeVerts=936
[+01:37:17.892] VoxelChunk: GenerateAsync (-1,-3,-2)
[+01:37:18.223] VoxelChunk: GenerateAsync (3,-1,-1)
[+01:37:18.554] VoxelMesh: Chunk X=0 Y=0 Z=0 FlatVerts=168 SlopeVerts=12966
[+01:37:18.563] VoxelChunk: GenerateAsync (-2,-3,2)
[+01:37:18.564] VoxelMesh: Chunk X=-2 Y=-3 Z=2 FlatVerts=0 SlopeVerts=468
[+01:37:18.888] VoxelMesh: Chunk X=0 Y=0 Z=0 FlatVerts=126 SlopeVerts=33690
[+01:37:18.913] VoxelChunk: GenerateAsync (0,-3,2)
[+01:37:18.914] VoxelMesh: Chunk X=0 Y=-3 Z=2 FlatVerts=0 SlopeVerts=4146
[+01:37:19.223] VoxelMesh: Chunk X=0 Y=0 Z=0 FlatVerts=2568 SlopeVerts=7140
[+01:37:19.232] VoxelChunk: GenerateAsync (3,0,0)
[+01:37:19.553] VoxelMesh: Chunk X=0 Y=0 Z=0 FlatVerts=9288 SlopeVerts=3318
[+01:37:19.565] VoxelChunk: GenerateAsync (-3,1,0)
[+01:37:19.566] VoxelMesh: Chunk X=-3 Y=1 Z=0 FlatVerts=2394 SlopeVerts=576
[+01:37:19.891] VoxelMesh: Chunk X=0 Y=0 Z=0 FlatVerts=156 SlopeVerts=27012
[+01:37:19.910] VoxelChunk: GenerateAsync (3,-3,2)
[+01:37:19.911] VoxelMesh: Chunk X=3 Y=-3 Z=2 FlatVerts=0 SlopeVerts=18
[+01:37:20.222] VoxelMesh: Chunk X=0 Y=0 Z=0 FlatVerts=48 SlopeVerts=528
[+01:37:20.222] VoxelChunk: GenerateAsync (-3,-2,2)
[+01:37:20.223] VoxelMesh: Chunk X=-3 Y=-2 Z=2 FlatVerts=48 SlopeVerts=528
[+01:37:20.554] VoxelMesh: Chunk X=0 Y=0 Z=0 FlatVerts=9894 SlopeVerts=576
[+01:37:20.566] VoxelChunk: GenerateAsync (-3,0,-1)
[+01:37:20.889] VoxelChunk: GenerateAsync (3,1,-2)
[+01:37:21.222] VoxelChunk: GenerateAsync (-3,1,-2)
[+01:37:21.555] VoxelMesh: Chunk X=0 Y=0 Z=0 FlatVerts=558 SlopeVerts=462
[+01:37:21.557] VoxelChunk: GenerateAsync (3,2,-1)
[+01:37:21.889] VoxelMesh: Chunk X=0 Y=0 Z=0 FlatVerts=120 SlopeVerts=21480
[+01:37:21.904] VoxelChunk: GenerateAsync (3,-2,2)
[+01:37:21.905] VoxelMesh: Chunk X=3 Y=-2 Z=2 FlatVerts=54 SlopeVerts=4002
[+01:37:22.225] VoxelChunk: GenerateAsync (3,0,-2)
[+01:37:22.553] VoxelChunk: GenerateAsync (-3,-1,2)
[+01:37:22.894] VoxelMesh: Chunk X=0 Y=0 Z=0 FlatVerts=2430 SlopeVerts=1974
[+01:37:22.900] VoxelChunk: GenerateAsync (-3,3,-1)
[+01:37:23.225] VoxelMesh: Chunk X=0 Y=0 Z=0 FlatVerts=4212 SlopeVerts=1326
[+01:37:23.234] VoxelChunk: GenerateAsync (-3,-2,-1)
[+01:37:23.554] VoxelMesh: Chunk X=0 Y=0 Z=0 FlatVerts=7062 SlopeVerts=10188
[+01:37:23.575] VoxelChunk: GenerateAsync (3,1,0)
[+01:37:23.576] VoxelMesh: Chunk X=3 Y=1 Z=0 FlatVerts=54 SlopeVerts=888
[+01:37:23.890] VoxelMesh: Chunk X=0 Y=0 Z=0 FlatVerts=6204 SlopeVerts=7098
[+01:37:23.903] VoxelChunk: GenerateAsync (-3,2,0)
[+01:37:23.904] VoxelMesh: Chunk X=-3 Y=2 Z=0 FlatVerts=1260 SlopeVerts=930
[+01:37:24.224] VoxelMesh: Chunk X=0 Y=0 Z=0 FlatVerts=6078 SlopeVerts=2448
[+01:37:24.232] VoxelChunk: GenerateAsync (-2,3,-1)
[+01:37:24.553] VoxelChunk: GenerateAsync (-3,0,2)
[+01:37:24.888] VoxelMesh: Chunk X=0 Y=0 Z=0 FlatVerts=6948 SlopeVerts=1038
[+01:37:24.897] VoxelChunk: GenerateAsync (-1,3,-1)
[+01:37:25.223] VoxelMesh: Chunk X=0 Y=0 Z=0 FlatVerts=1854 SlopeVerts=2880
[+01:37:25.227] VoxelChunk: GenerateAsync (-3,-3,-1)
[+01:37:25.555] VoxelMesh: Chunk X=0 Y=0 Z=0 FlatVerts=414 SlopeVerts=18228
[+01:37:25.571] VoxelChunk: GenerateAsync (3,0,2)
[+01:37:25.572] VoxelMesh: Chunk X=3 Y=0 Z=2 FlatVerts=186 SlopeVerts=5844
[+01:37:25.892] VoxelMesh: Chunk X=0 Y=0 Z=0 FlatVerts=6060 SlopeVerts=1098
[+01:37:25.900] VoxelChunk: GenerateAsync (0,3,-1)
[+01:37:26.220] VoxelMesh: Chunk X=0 Y=0 Z=0 FlatVerts=0 SlopeVerts=294
[+01:37:26.220] VoxelChunk: GenerateAsync (-3,1,2)
[+01:37:26.554] VoxelMesh: Chunk X=0 Y=0 Z=0 FlatVerts=8154 SlopeVerts=4350
[+01:37:26.567] VoxelChunk: GenerateAsync (3,2,0)
[+01:37:26.568] VoxelMesh: Chunk X=3 Y=2 Z=0 FlatVerts=558 SlopeVerts=462
[+01:37:26.889] VoxelMesh: Chunk X=0 Y=0 Z=0 FlatVerts=3792 SlopeVerts=1224
[+01:37:26.894] VoxelChunk: GenerateAsync (1,3,-1)
[+01:37:27.223] VoxelChunk: GenerateAsync (3,3,-2)
[+01:37:27.556] VoxelChunk: GenerateAsync (3,-2,-1)
[+01:37:27.889] VoxelMesh: Chunk X=0 Y=0 Z=0 FlatVerts=954 SlopeVerts=588
[+01:37:27.890] VoxelChunk: GenerateAsync (2,3,-1)
[+01:37:28.222] VoxelChunk: GenerateAsync (3,3,-1)
[+01:37:28.558] VoxelChunk: GenerateAsync (2,3,-2)
[+01:37:28.888] VoxelMesh: Chunk X=0 Y=0 Z=0 FlatVerts=6432 SlopeVerts=7572
[+01:37:28.903] VoxelChunk: GenerateAsync (1,3,0)
[+01:37:28.903] VoxelMesh: Chunk X=1 Y=3 Z=0 FlatVerts=2592 SlopeVerts=264
[+01:37:29.226] VoxelMesh: Chunk X=0 Y=0 Z=0 FlatVerts=7056 SlopeVerts=5172
[+01:37:29.239] VoxelChunk: GenerateAsync (2,3,0)
[+01:37:29.239] VoxelMesh: Chunk X=2 Y=3 Z=0 FlatVerts=954 SlopeVerts=588
[+01:37:29.558] VoxelMesh: Chunk X=0 Y=0 Z=0 FlatVerts=4008 SlopeVerts=16230
[+01:37:29.578] VoxelChunk: GenerateAsync (-3,-3,0)
[+01:37:29.579] VoxelMesh: Chunk X=-3 Y=-3 Z=0 FlatVerts=216 SlopeVerts=1578
[+01:37:29.892] VoxelMesh: Chunk X=0 Y=0 Z=0 FlatVerts=8700 SlopeVerts=1266
[+01:37:29.906] VoxelChunk: GenerateAsync (3,3,0)
[+01:37:30.222] VoxelMesh: Chunk X=0 Y=0 Z=0 FlatVerts=2226 SlopeVerts=14814
[+01:37:30.236] VoxelChunk: GenerateAsync (-3,-3,1)
[+01:37:30.236] VoxelMesh: Chunk X=-3 Y=-3 Z=1 FlatVerts=444 SlopeVerts=3366
[+01:37:30.558] VoxelMesh: Chunk X=0 Y=0 Z=0 FlatVerts=2568 SlopeVerts=11586
[+01:37:30.568] VoxelChunk: GenerateAsync (-2,-3,0)
[+01:37:30.569] VoxelMesh: Chunk X=-2 Y=-3 Z=0 FlatVerts=1026 SlopeVerts=1050
[+01:37:30.890] VoxelMesh: Chunk X=0 Y=0 Z=0 FlatVerts=8388 SlopeVerts=1044
[+01:37:30.901] VoxelChunk: GenerateAsync (-3,-1,-1)
[+01:37:31.223] VoxelChunk: GenerateAsync (2,-3,-1)
[+01:37:31.555] VoxelMesh: Chunk X=0 Y=0 Z=0 FlatVerts=1410 SlopeVerts=22008
[+01:37:31.573] VoxelChunk: GenerateAsync (-2,-3,1)
[+01:37:31.573] VoxelMesh: Chunk X=-2 Y=-3 Z=1 FlatVerts=312 SlopeVerts=2646
[+01:37:31.891] VoxelMesh: Chunk X=0 Y=0 Z=0 FlatVerts=534 SlopeVerts=23796
[+01:37:31.908] VoxelChunk: GenerateAsync (-1,-3,1)
[+01:37:31.909] VoxelMesh: Chunk X=-1 Y=-3 Z=1 FlatVerts=12 SlopeVerts=636
[+01:37:32.223] VoxelMesh: Chunk X=0 Y=0 Z=0 FlatVerts=336 SlopeVerts=5088
[+01:37:32.226] VoxelChunk: GenerateAsync (-1,-3,0)
[+01:37:32.556] VoxelMesh: Chunk X=0 Y=0 Z=0 FlatVerts=84 SlopeVerts=12252
[+01:37:32.562] VoxelChunk: GenerateAsync (0,-3,1)
[+01:37:32.565] VoxelMesh: Chunk X=0 Y=-3 Z=1 FlatVerts=12 SlopeVerts=114
[+01:37:32.890] VoxelMesh: Chunk X=0 Y=0 Z=0 FlatVerts=48 SlopeVerts=3636
[+01:37:32.893] VoxelChunk: GenerateAsync (1,-3,1)
[+01:37:32.894] VoxelMesh: Chunk X=1 Y=-3 Z=1 FlatVerts=36 SlopeVerts=240
[+01:37:33.221] VoxelMesh: Chunk X=0 Y=0 Z=0 FlatVerts=7380 SlopeVerts=11868
[+01:37:33.239] VoxelChunk: GenerateAsync (3,1,1)
[+01:37:33.241] VoxelMesh: Chunk X=3 Y=1 Z=1 FlatVerts=252 SlopeVerts=4356
[+01:37:33.559] VoxelMesh: Chunk X=0 Y=0 Z=0 FlatVerts=48 SlopeVerts=1338
[+01:37:33.561] VoxelChunk: GenerateAsync (0,-3,0)
[+01:37:33.891] VoxelMesh: Chunk X=0 Y=0 Z=0 FlatVerts=54 SlopeVerts=888
[+01:37:33.892] VoxelChunk: GenerateAsync (3,0,-1)
[+01:37:34.224] VoxelMesh: Chunk X=0 Y=0 Z=0 FlatVerts=54 SlopeVerts=4992
[+01:37:34.228] VoxelChunk: GenerateAsync (2,-3,1)
[+01:37:34.559] VoxelMesh: Chunk X=0 Y=0 Z=0 FlatVerts=78 SlopeVerts=5994
[+01:37:34.563] VoxelChunk: GenerateAsync (3,-3,1)
[+01:37:34.892] VoxelMesh: Chunk X=0 Y=0 Z=0 FlatVerts=36 SlopeVerts=240
[+01:37:34.894] VoxelChunk: GenerateAsync (1,-3,0)
[+01:37:35.223] VoxelMesh: Chunk X=0 Y=0 Z=0 FlatVerts=1728 SlopeVerts=9846
[+01:37:35.234] VoxelChunk: GenerateAsync (-3,-2,1)
[+01:37:35.235] VoxelMesh: Chunk X=-3 Y=-2 Z=1 FlatVerts=822 SlopeVerts=3696
[+01:37:35.560] VoxelMesh: Chunk X=0 Y=0 Z=0 FlatVerts=10374 SlopeVerts=4788
[+01:37:35.576] VoxelChunk: GenerateAsync (3,2,1)
[+01:37:35.577] VoxelMesh: Chunk X=3 Y=2 Z=1 FlatVerts=1380 SlopeVerts=2556
[+01:37:35.894] VoxelMesh: Chunk X=0 Y=0 Z=0 FlatVerts=0 SlopeVerts=672
[+01:37:35.895] VoxelChunk: GenerateAsync (2,-3,0)
[+01:37:36.222] VoxelMesh: Chunk X=0 Y=0 Z=0 FlatVerts=1596 SlopeVerts=5688
[+01:37:36.227] VoxelChunk: GenerateAsync (-2,3,1)
[+01:37:36.228] VoxelMesh: Chunk X=-2 Y=3 Z=1 FlatVerts=60 SlopeVerts=936
[+01:37:36.557] VoxelMesh: Chunk X=0 Y=0 Z=0 FlatVerts=8892 SlopeVerts=1518
[+01:37:36.568] VoxelChunk: GenerateAsync (-3,1,-1)
[+01:37:36.888] VoxelMesh: Chunk X=0 Y=0 Z=0 FlatVerts=2016 SlopeVerts=6270
[+01:37:36.893] VoxelChunk: GenerateAsync (0,3,1)
[+01:37:37.221] VoxelMesh: Chunk X=0 Y=0 Z=0 FlatVerts=3942 SlopeVerts=9798
[+01:37:37.233] VoxelChunk: GenerateAsync (1,3,1)
[+01:37:37.234] VoxelMesh: Chunk X=1 Y=3 Z=1 FlatVerts=6 SlopeVerts=420
[+01:37:37.558] VoxelMesh: Chunk X=0 Y=0 Z=0 FlatVerts=0 SlopeVerts=672
[+01:37:37.559] VoxelChunk: GenerateAsync (3,-3,0)
[+01:37:37.889] VoxelMesh: Chunk X=0 Y=0 Z=0 FlatVerts=5904 SlopeVerts=10278
[+01:37:37.903] VoxelChunk: GenerateAsync (-3,-2,0)
[+01:37:37.904] VoxelMesh: Chunk X=-3 Y=-2 Z=0 FlatVerts=300 SlopeVerts=162
[+01:37:38.223] VoxelMesh: Chunk X=0 Y=0 Z=0 FlatVerts=48 SlopeVerts=1098
[+01:37:38.224] VoxelChunk: GenerateAsync (-3,-3,2)
[+01:37:38.225] VoxelMesh: Chunk X=-3 Y=-3 Z=2 FlatVerts=0 SlopeVerts=102
[+01:37:38.559] VoxelMesh: Chunk X=0 Y=0 Z=0 FlatVerts=78 SlopeVerts=10080
[+01:37:38.565] VoxelChunk: GenerateAsync (3,-2,1)
[+01:37:38.566] VoxelMesh: Chunk X=3 Y=-2 Z=1 FlatVerts=0 SlopeVerts=672
[+01:37:38.891] VoxelMesh: Chunk X=0 Y=0 Z=0 FlatVerts=198 SlopeVerts=32844
[+01:37:38.914] VoxelChunk: GenerateAsync (-1,-3,2)
[+01:37:38.916] VoxelMesh: Chunk X=-1 Y=-3 Z=2 FlatVerts=156 SlopeVerts=6690
[+01:37:39.226] VoxelMesh: Chunk X=0 Y=0 Z=0 FlatVerts=312 SlopeVerts=1518
[+01:37:39.228] VoxelChunk: GenerateAsync (-3,-1,1)
[+01:37:39.229] VoxelMesh: Chunk X=-3 Y=-1 Z=1 FlatVerts=246 SlopeVerts=1296
[+01:37:39.559] VoxelMesh: Chunk X=0 Y=0 Z=0 FlatVerts=180 SlopeVerts=22272
[+01:37:39.576] VoxelChunk: GenerateAsync (1,-3,2)
[+01:37:39.577] VoxelMesh: Chunk X=1 Y=-3 Z=2 FlatVerts=12 SlopeVerts=2748
[+01:37:39.894] VoxelMesh: Chunk X=0 Y=0 Z=0 FlatVerts=186 SlopeVerts=23802
[+01:37:39.911] VoxelChunk: GenerateAsync (2,-3,2)
[+01:37:39.913] VoxelMesh: Chunk X=2 Y=-3 Z=2 FlatVerts=0 SlopeVerts=294
[+01:37:40.228] VoxelChunk: GenerateAsync (-3,0,-2)
[+01:37:40.558] VoxelChunk: GenerateAsync (1,3,-2)
[+01:37:40.892] VoxelChunk: GenerateAsync (0,-3,-1)
[+01:37:41.228] VoxelChunk: GenerateAsync (3,-1,-2)
[+01:37:41.557] VoxelChunk: GenerateAsync (-3,-1,-2)
[+01:37:41.891] VoxelMesh: Chunk X=0 Y=0 Z=0 FlatVerts=228 SlopeVerts=13362
[+01:37:41.898] VoxelChunk: GenerateAsync (3,-1,1)
[+01:37:41.901] VoxelMesh: Chunk X=3 Y=-1 Z=1 FlatVerts=0 SlopeVerts=1776
[+01:37:42.227] VoxelChunk: GenerateAsync (0,3,-2)
[+01:37:42.555] VoxelMesh: Chunk X=0 Y=0 Z=0 FlatVerts=0 SlopeVerts=0
[+01:37:42.556] VoxelChunk: GenerateAsync (-3,0,1)
[+01:37:42.900] VoxelChunk: GenerateAsync (3,-2,-2)
[+01:37:43.223] VoxelChunk: GenerateAsync (-3,-2,-2)
[+01:37:43.558] VoxelMesh: Chunk X=0 Y=0 Z=0 FlatVerts=0 SlopeVerts=2448
[+01:37:43.560] VoxelChunk: GenerateAsync (3,-2,0)
[+01:37:43.890] VoxelChunk: GenerateAsync (-1,3,-2)
[+01:37:44.230] VoxelMesh: Chunk X=0 Y=0 Z=0 FlatVerts=0 SlopeVerts=12
[+01:37:44.230] VoxelChunk: GenerateAsync (-1,-3,-1)
[+01:37:44.566] VoxelChunk: GenerateAsync (3,-3,-2)
[+01:37:44.891] VoxelMesh: Chunk X=0 Y=0 Z=0 FlatVerts=264 SlopeVerts=24378
[+01:37:44.912] VoxelChunk: GenerateAsync (3,-1,2)
[+01:37:44.913] VoxelMesh: Chunk X=3 Y=-1 Z=2 FlatVerts=0 SlopeVerts=3246
[+01:37:45.229] VoxelMesh: Chunk X=0 Y=0 Z=0 FlatVerts=8664 SlopeVerts=2394
[+01:37:45.248] VoxelChunk: GenerateAsync (-3,-1,0)
[+01:37:45.249] VoxelMesh: Chunk X=-3 Y=-1 Z=0 FlatVerts=1482 SlopeVerts=744
[+01:37:45.559] VoxelMesh: Chunk X=0 Y=0 Z=0 FlatVerts=2850 SlopeVerts=16992
[+01:37:45.576] VoxelChunk: GenerateAsync (3,0,1)
[+01:37:45.577] VoxelMesh: Chunk X=3 Y=0 Z=1 FlatVerts=30 SlopeVerts=138
[+01:37:45.889] VoxelMesh: Chunk X=0 Y=0 Z=0 FlatVerts=642 SlopeVerts=2130
[+01:37:45.891] VoxelChunk: GenerateAsync (-3,1,1)
[+01:37:45.892] VoxelMesh: Chunk X=-3 Y=1 Z=1 FlatVerts=0 SlopeVerts=0
[+01:37:46.226] VoxelChunk: GenerateAsync (2,-3,-2)
[+01:37:46.558] VoxelChunk: GenerateAsync (-2,3,-2)
[+01:37:46.892] VoxelChunk: GenerateAsync (1,-3,-2)
[+01:37:47.229] VoxelChunk: GenerateAsync (0,-3,-2)
[+01:37:47.559] VoxelChunk: GenerateAsync (-3,3,-2)
[+01:37:47.889] VoxelMesh: Chunk X=0 Y=0 Z=0 FlatVerts=612 SlopeVerts=1350
[+01:37:47.892] VoxelChunk: GenerateAsync (3,1,-1)
[+01:37:48.230] VoxelMesh: Chunk X=0 Y=0 Z=0 FlatVerts=1344 SlopeVerts=1146
[+01:37:48.232] VoxelChunk: GenerateAsync (-2,-3,-1)
[+01:37:48.558] VoxelChunk: GenerateAsync (3,-3,-1)
[+01:37:48.890] VoxelMesh: Chunk X=0 Y=0 Z=0 FlatVerts=3906 SlopeVerts=9792
[+01:37:48.900] VoxelChunk: GenerateAsync (-3,3,0)
[+01:37:48.902] VoxelMesh: Chunk X=-3 Y=3 Z=0 FlatVerts=78 SlopeVerts=102
[+01:37:49.223] VoxelMesh: Chunk X=0 Y=0 Z=0 FlatVerts=7650 SlopeVerts=8016
[+01:37:49.237] VoxelChunk: GenerateAsync (-2,3,0)
[+01:37:49.238] VoxelMesh: Chunk X=-2 Y=3 Z=0 FlatVerts=1890 SlopeVerts=1056
[+01:37:49.559] VoxelMesh: Chunk X=0 Y=0 Z=0 FlatVerts=8826 SlopeVerts=4620
[+01:37:49.573] VoxelChunk: GenerateAsync (-1,3,0)
[+01:37:49.574] VoxelMesh: Chunk X=-1 Y=3 Z=0 FlatVerts=2328 SlopeVerts=0
[+01:37:49.890] VoxelMesh: Chunk X=0 Y=0 Z=0 FlatVerts=1044 SlopeVerts=3264
[+01:37:49.893] VoxelChunk: GenerateAsync (3,1,2)
[+01:37:49.894] VoxelMesh: Chunk X=3 Y=1 Z=2 FlatVerts=72 SlopeVerts=1896
[+01:37:50.227] VoxelMesh: Chunk X=0 Y=0 Z=0 FlatVerts=54 SlopeVerts=4116
[+01:37:50.229] VoxelChunk: GenerateAsync (-3,2,2)
[+01:37:50.230] VoxelMesh: Chunk X=-3 Y=2 Z=2 FlatVerts=0 SlopeVerts=294
[+01:37:50.558] VoxelChunk: GenerateAsync (1,-3,-1)
[+01:37:50.889] VoxelMesh: Chunk X=0 Y=0 Z=0 FlatVerts=7860 SlopeVerts=6048
[+01:37:50.904] VoxelChunk: GenerateAsync (0,3,0)
[+01:37:50.905] VoxelMesh: Chunk X=0 Y=3 Z=0 FlatVerts=2514 SlopeVerts=0
[+01:37:51.226] VoxelMesh: Chunk X=0 Y=0 Z=0 FlatVerts=42 SlopeVerts=2082
[+01:37:51.228] VoxelChunk: GenerateAsync (3,-1,0)
[+01:37:51.557] VoxelMesh: Chunk X=0 Y=0 Z=0 FlatVerts=9894 SlopeVerts=576
[+01:37:51.570] VoxelChunk: GenerateAsync (-3,0,0)
[+01:37:51.571] VoxelMesh: Chunk X=-3 Y=0 Z=0 FlatVerts=2514 SlopeVerts=0
[+01:37:51.895] VoxelChunk: GenerateAsync (-2,-3,-2)
[+01:37:52.228] VoxelMesh: Chunk X=0 Y=0 Z=0 FlatVerts=3180 SlopeVerts=1362
[+01:37:52.233] VoxelChunk: GenerateAsync (3,2,2)
[+01:37:52.234] VoxelMesh: Chunk X=3 Y=2 Z=2 FlatVerts=180 SlopeVerts=312
[+01:37:52.558] VoxelMesh: Chunk X=0 Y=0 Z=0 FlatVerts=54 SlopeVerts=7170
[+01:37:52.562] VoxelChunk: GenerateAsync (-3,3,2)
[+01:37:52.563] VoxelMesh: Chunk X=-3 Y=3 Z=2 FlatVerts=18 SlopeVerts=3024
[+01:37:52.891] VoxelMesh: Chunk X=0 Y=0 Z=0 FlatVerts=0 SlopeVerts=24
[+01:37:52.891] VoxelChunk: GenerateAsync (-2,3,2)
[+01:37:53.222] VoxelMesh: Chunk X=0 Y=0 Z=0 FlatVerts=0 SlopeVerts=0
[+01:37:53.222] VoxelChunk: GenerateAsync (-1,3,2)
[+01:37:53.556] VoxelMesh: Chunk X=0 Y=0 Z=0 FlatVerts=180 SlopeVerts=1428
[+01:37:53.557] VoxelChunk: GenerateAsync (0,3,2)
[+01:37:53.889] VoxelMesh: Chunk X=0 Y=0 Z=0 FlatVerts=1260 SlopeVerts=3678
[+01:37:53.893] VoxelChunk: GenerateAsync (1,3,2)
[+01:37:54.223] VoxelMesh: Chunk X=0 Y=0 Z=0 FlatVerts=2838 SlopeVerts=3324
[+01:37:54.228] VoxelChunk: GenerateAsync (2,3,2)
[+01:37:54.229] VoxelMesh: Chunk X=2 Y=3 Z=2 FlatVerts=0 SlopeVerts=6
[+01:37:54.556] VoxelMesh: Chunk X=0 Y=0 Z=0 FlatVerts=2334 SlopeVerts=1128
[+01:37:54.559] VoxelChunk: GenerateAsync (3,3,2)
[+01:37:54.559] VoxelWorld: Editor generation complete, 245 chunks.
[+01:37:54.560] VoxelMesh: Chunk X=3 Y=3 Z=2 FlatVerts=1686 SlopeVerts=822
