=== FIRSTVOXEL SESSION [2026.03.17-00.41.24] ===
[+00:41:24.307] FirstVoxel module started.
[+00:41:35.437] VoxelWorld: GenerateWorldDeferred started.
[+00:41:35.437] VoxelWorld: Queued 441 chunks.
[+00:41:35.539] VoxelMesh: Chunk X=0 Y=0 Z=0 FlatVerts=5988 SlopeVerts=10380
[+00:41:35.555] VoxelChunk: GenerateAsync (0,0,0)
[+00:41:35.555] VoxelMesh: Chunk X=0 Y=0 Z=0 FlatVerts=144 SlopeVerts=186
[+00:41:35.645] VoxelMesh: Chunk X=0 Y=0 Z=0 FlatVerts=3600 SlopeVerts=13752
[+00:41:35.660] VoxelChunk: GenerateAsync (1,0,0)
[+00:41:35.660] VoxelMesh: Chunk X=1 Y=0 Z=0 FlatVerts=2520 SlopeVerts=186
[+00:41:35.749] VoxelMesh: Chunk X=0 Y=0 Z=0 FlatVerts=1542 SlopeVerts=1056
[+00:41:35.753] VoxelChunk: GenerateAsync (0,-1,-1)
[+00:41:35.854] VoxelMesh: Chunk X=0 Y=0 Z=0 FlatVerts=216 SlopeVerts=198
[+00:41:35.855] VoxelChunk: GenerateAsync (1,-1,-1)
[+00:41:35.955] VoxelMesh: Chunk X=0 Y=0 Z=0 FlatVerts=4986 SlopeVerts=1782
[+00:41:35.963] VoxelChunk: GenerateAsync (-1,-1,-1)
[+00:41:36.054] VoxelMesh: Chunk X=0 Y=0 Z=0 FlatVerts=9000 SlopeVerts=2988
[+00:41:36.067] VoxelChunk: GenerateAsync (-1,0,0)
[+00:41:36.159] VoxelMesh: Chunk X=0 Y=0 Z=0 FlatVerts=8106 SlopeVerts=6360
[+00:41:36.173] VoxelChunk: GenerateAsync (1,1,0)
[+00:41:36.173] VoxelMesh: Chunk X=1 Y=1 Z=0 FlatVerts=2514 SlopeVerts=0
[+00:41:36.268] VoxelMesh: Chunk X=0 Y=0 Z=0 FlatVerts=900 SlopeVerts=11538
[+00:41:36.276] VoxelChunk: GenerateAsync (1,-1,0)
[+00:41:36.277] VoxelMesh: Chunk X=1 Y=-1 Z=0 FlatVerts=162 SlopeVerts=78
[+00:41:36.366] VoxelMesh: Chunk X=0 Y=0 Z=0 FlatVerts=0 SlopeVerts=0
[+00:41:36.367] VoxelChunk: GenerateAsync (-1,1,1)
[+00:41:36.368] VoxelMesh: Chunk X=-1 Y=1 Z=1 FlatVerts=24 SlopeVerts=3126
[+00:41:36.469] VoxelMesh: Chunk X=0 Y=0 Z=0 FlatVerts=9804 SlopeVerts=2352
[+00:41:36.482] VoxelChunk: GenerateAsync (0,1,0)
[+00:41:36.482] VoxelMesh: Chunk X=0 Y=1 Z=0 FlatVerts=1800 SlopeVerts=342
[+00:41:36.576] VoxelMesh: Chunk X=0 Y=0 Z=0 FlatVerts=9684 SlopeVerts=744
[+00:41:36.588] VoxelChunk: GenerateAsync (0,1,-1)
[+00:41:36.679] VoxelMesh: Chunk X=0 Y=0 Z=0 FlatVerts=6012 SlopeVerts=9192
[+00:41:36.692] VoxelChunk: GenerateAsync (-1,-1,0)
[+00:41:36.787] VoxelMesh: Chunk X=0 Y=0 Z=0 FlatVerts=8946 SlopeVerts=966
[+00:41:36.799] VoxelChunk: GenerateAsync (-1,0,-1)
[+00:41:36.894] VoxelMesh: Chunk X=0 Y=0 Z=0 FlatVerts=1608 SlopeVerts=20934
[+00:41:36.911] VoxelChunk: GenerateAsync (1,0,1)
[+00:41:36.911] VoxelMesh: Chunk X=1 Y=0 Z=1 FlatVerts=138 SlopeVerts=186
[+00:41:36.998] VoxelMesh: Chunk X=0 Y=0 Z=0 FlatVerts=648 SlopeVerts=25830
[+00:41:37.017] VoxelChunk: GenerateAsync (1,-1,1)
[+00:41:37.018] VoxelMesh: Chunk X=1 Y=-1 Z=1 FlatVerts=1296 SlopeVerts=2562
[+00:41:37.102] VoxelMesh: Chunk X=0 Y=0 Z=0 FlatVerts=10458 SlopeVerts=30
[+00:41:37.114] VoxelChunk: GenerateAsync (-1,1,0)
[+00:41:37.115] VoxelMesh: Chunk X=-1 Y=1 Z=0 FlatVerts=156 SlopeVerts=288
[+00:41:37.208] VoxelMesh: Chunk X=0 Y=0 Z=0 FlatVerts=2346 SlopeVerts=13626
[+00:41:37.220] VoxelChunk: GenerateAsync (0,-1,0)
[+00:41:37.310] VoxelMesh: Chunk X=0 Y=0 Z=0 FlatVerts=10458 SlopeVerts=30
[+00:41:37.324] VoxelChunk: GenerateAsync (-1,1,-1)
[+00:41:37.418] VoxelMesh: Chunk X=0 Y=0 Z=0 FlatVerts=5532 SlopeVerts=1776
[+00:41:37.425] VoxelChunk: GenerateAsync (0,0,-1)
[+00:41:37.529] VoxelMesh: Chunk X=0 Y=0 Z=0 FlatVerts=7176 SlopeVerts=1398
[+00:41:37.539] VoxelChunk: GenerateAsync (1,1,-1)
[+00:41:37.635] VoxelMesh: Chunk X=0 Y=0 Z=0 FlatVerts=2016 SlopeVerts=1272
[+00:41:37.639] VoxelChunk: GenerateAsync (1,0,-1)
[+00:41:37.735] VoxelMesh: Chunk X=0 Y=0 Z=0 FlatVerts=990 SlopeVerts=5526
[+00:41:37.740] VoxelChunk: GenerateAsync (1,1,1)
[+00:41:37.741] VoxelMesh: Chunk X=1 Y=1 Z=1 FlatVerts=0 SlopeVerts=0
[+00:41:37.839] VoxelMesh: Chunk X=0 Y=0 Z=0 FlatVerts=144 SlopeVerts=1698
[+00:41:37.840] VoxelChunk: GenerateAsync (0,1,1)
[+00:41:37.841] VoxelMesh: Chunk X=0 Y=1 Z=1 FlatVerts=222 SlopeVerts=600
[+00:41:37.940] VoxelMesh: Chunk X=0 Y=0 Z=0 FlatVerts=456 SlopeVerts=10890
[+00:41:37.947] VoxelChunk: GenerateAsync (0,0,1)
[+00:41:37.948] VoxelMesh: Chunk X=0 Y=0 Z=1 FlatVerts=690 SlopeVerts=3612
[+00:41:38.048] VoxelMesh: Chunk X=0 Y=0 Z=0 FlatVerts=54 SlopeVerts=2202
[+00:41:38.050] VoxelChunk: GenerateAsync (-1,0,1)
[+00:41:38.051] VoxelMesh: Chunk X=-1 Y=0 Z=1 FlatVerts=0 SlopeVerts=84
[+00:41:38.153] VoxelMesh: Chunk X=0 Y=0 Z=0 FlatVerts=792 SlopeVerts=22050
[+00:41:38.171] VoxelChunk: GenerateAsync (0,-1,1)
[+00:41:38.172] VoxelMesh: Chunk X=0 Y=-1 Z=1 FlatVerts=36 SlopeVerts=2394
[+00:41:38.258] VoxelMesh: Chunk X=0 Y=0 Z=0 FlatVerts=1050 SlopeVerts=10668
[+00:41:38.266] VoxelChunk: GenerateAsync (-1,-1,1)
[+00:41:38.360] VoxelMesh: Chunk X=0 Y=0 Z=0 FlatVerts=6 SlopeVerts=15186
[+00:41:38.369] VoxelChunk: GenerateAsync (0,-1,2)
[+00:41:38.370] VoxelMesh: Chunk X=0 Y=-1 Z=2 FlatVerts=396 SlopeVerts=3870
[+00:41:38.464] VoxelMesh: Chunk X=0 Y=0 Z=0 FlatVerts=6 SlopeVerts=3168
[+00:41:38.466] VoxelChunk: GenerateAsync (-1,-1,2)
[+00:41:38.467] VoxelMesh: Chunk X=-1 Y=-1 Z=2 FlatVerts=90 SlopeVerts=1290
[+00:41:38.570] VoxelChunk: GenerateAsync (-2,1,2)
[+00:41:38.571] VoxelMesh: Chunk X=-2 Y=1 Z=2 FlatVerts=30 SlopeVerts=1884
[+00:41:38.674] VoxelChunk: GenerateAsync (-2,-1,2)
[+00:41:38.675] VoxelMesh: Chunk X=-2 Y=-1 Z=2 FlatVerts=228 SlopeVerts=3066
[+00:41:38.780] VoxelMesh: Chunk X=0 Y=0 Z=0 FlatVerts=78 SlopeVerts=26964
[+00:41:38.802] VoxelChunk: GenerateAsync (2,-2,2)
[+00:41:38.803] VoxelMesh: Chunk X=2 Y=-2 Z=2 FlatVerts=0 SlopeVerts=3708
[+00:41:38.884] VoxelMesh: Chunk X=0 Y=0 Z=0 FlatVerts=270 SlopeVerts=19878
[+00:41:38.899] VoxelChunk: GenerateAsync (2,0,2)
[+00:41:38.984] VoxelMesh: Chunk X=0 Y=0 Z=0 FlatVerts=252 SlopeVerts=2622
[+00:41:38.987] VoxelChunk: GenerateAsync (2,1,2)
[+00:41:38.987] VoxelMesh: Chunk X=2 Y=1 Z=2 FlatVerts=0 SlopeVerts=1722
[+00:41:39.090] VoxelMesh: Chunk X=0 Y=0 Z=0 FlatVerts=18 SlopeVerts=25110
[+00:41:39.107] VoxelChunk: GenerateAsync (1,-2,2)
[+00:41:39.107] VoxelMesh: Chunk X=1 Y=-2 Z=2 FlatVerts=168 SlopeVerts=3192
[+00:41:39.198] VoxelMesh: Chunk X=0 Y=0 Z=0 FlatVerts=36 SlopeVerts=26892
[+00:41:39.216] VoxelChunk: GenerateAsync (0,-2,2)
[+00:41:39.217] VoxelMesh: Chunk X=0 Y=-2 Z=2 FlatVerts=96 SlopeVerts=2862
[+00:41:39.304] VoxelMesh: Chunk X=0 Y=0 Z=0 FlatVerts=0 SlopeVerts=0
[+00:41:39.304] VoxelChunk: GenerateAsync (-2,1,1)
[+00:41:39.305] VoxelMesh: Chunk X=-2 Y=1 Z=1 FlatVerts=0 SlopeVerts=0
[+00:41:39.407] VoxelMesh: Chunk X=0 Y=0 Z=0 FlatVerts=1734 SlopeVerts=24420
[+00:41:39.426] VoxelChunk: GenerateAsync (2,0,1)
[+00:41:39.427] VoxelMesh: Chunk X=2 Y=0 Z=1 FlatVerts=0 SlopeVerts=0
[+00:41:39.511] VoxelMesh: Chunk X=0 Y=0 Z=0 FlatVerts=0 SlopeVerts=10548
[+00:41:39.517] VoxelChunk: GenerateAsync (1,0,2)
[+00:41:39.619] VoxelMesh: Chunk X=0 Y=0 Z=0 FlatVerts=48 SlopeVerts=16800
[+00:41:39.631] VoxelChunk: GenerateAsync (-1,-2,2)
[+00:41:39.632] VoxelMesh: Chunk X=-1 Y=-2 Z=2 FlatVerts=198 SlopeVerts=5190
[+00:41:39.722] VoxelMesh: Chunk X=0 Y=0 Z=0 FlatVerts=18 SlopeVerts=4860
[+00:41:39.725] VoxelChunk: GenerateAsync (-2,-2,2)
[+00:41:39.726] VoxelMesh: Chunk X=-2 Y=-2 Z=2 FlatVerts=0 SlopeVerts=2358
[+00:41:39.821] VoxelMesh: Chunk X=0 Y=0 Z=0 FlatVerts=0 SlopeVerts=0
[+00:41:39.821] VoxelChunk: GenerateAsync (-2,0,1)
[+00:41:39.925] VoxelMesh: Chunk X=0 Y=0 Z=0 FlatVerts=636 SlopeVerts=23916
[+00:41:39.943] VoxelChunk: GenerateAsync (2,-1,1)
[+00:41:39.943] VoxelMesh: Chunk X=2 Y=-1 Z=1 FlatVerts=108 SlopeVerts=1128
[+00:41:40.027] VoxelMesh: Chunk X=0 Y=0 Z=0 FlatVerts=0 SlopeVerts=2088
[+00:41:40.029] VoxelChunk: GenerateAsync (0,0,2)
[+00:41:40.030] VoxelMesh: Chunk X=0 Y=0 Z=2 FlatVerts=0 SlopeVerts=930
[+00:41:40.130] VoxelMesh: Chunk X=0 Y=0 Z=0 FlatVerts=0 SlopeVerts=384
[+00:41:40.131] VoxelChunk: GenerateAsync (1,1,2)
[+00:41:40.235] VoxelChunk: GenerateAsync (-1,2,2)
[+00:41:40.236] VoxelMesh: Chunk X=-1 Y=2 Z=2 FlatVerts=0 SlopeVerts=114
[+00:41:40.337] VoxelMesh: Chunk X=0 Y=0 Z=0 FlatVerts=588 SlopeVerts=1656
[+00:41:40.339] VoxelChunk: GenerateAsync (-2,-1,1)
[+00:41:40.340] VoxelMesh: Chunk X=-2 Y=-1 Z=1 FlatVerts=0 SlopeVerts=12
[+00:41:40.444] VoxelMesh: Chunk X=0 Y=0 Z=0 FlatVerts=126 SlopeVerts=13938
[+00:41:40.452] VoxelChunk: GenerateAsync (2,-2,1)
[+00:41:40.452] VoxelMesh: Chunk X=2 Y=-2 Z=1 FlatVerts=228 SlopeVerts=2976
[+00:41:40.545] VoxelMesh: Chunk X=0 Y=0 Z=0 FlatVerts=5688 SlopeVerts=6942
[+00:41:40.559] VoxelChunk: GenerateAsync (2,2,1)
[+00:41:40.560] VoxelMesh: Chunk X=2 Y=2 Z=1 FlatVerts=0 SlopeVerts=672
[+00:41:40.644] VoxelMesh: Chunk X=0 Y=0 Z=0 FlatVerts=1248 SlopeVerts=3060
[+00:41:40.648] VoxelChunk: GenerateAsync (1,2,1)
[+00:41:40.649] VoxelMesh: Chunk X=1 Y=2 Z=1 FlatVerts=132 SlopeVerts=2706
[+00:41:40.750] VoxelMesh: Chunk X=0 Y=0 Z=0 FlatVerts=0 SlopeVerts=72
[+00:41:40.751] VoxelChunk: GenerateAsync (-1,0,2)
[+00:41:40.751] VoxelMesh: Chunk X=-1 Y=0 Z=2 FlatVerts=42 SlopeVerts=2886
[+00:41:40.854] VoxelMesh: Chunk X=0 Y=0 Z=0 FlatVerts=6 SlopeVerts=420
[+00:41:40.855] VoxelChunk: GenerateAsync (0,2,1)
[+00:41:40.855] VoxelMesh: Chunk X=0 Y=2 Z=1 FlatVerts=1284 SlopeVerts=0
[+00:41:40.956] VoxelChunk: GenerateAsync (-1,2,1)
[+00:41:40.956] VoxelMesh: Chunk X=-1 Y=2 Z=1 FlatVerts=798 SlopeVerts=1314
[+00:41:41.059] VoxelChunk: GenerateAsync (-2,0,2)
[+00:41:41.059] VoxelMesh: Chunk X=-2 Y=0 Z=2 FlatVerts=108 SlopeVerts=2688
[+00:41:41.160] VoxelChunk: GenerateAsync (0,1,2)
[+00:41:41.160] VoxelMesh: Chunk X=0 Y=1 Z=2 FlatVerts=0 SlopeVerts=0
[+00:41:41.261] VoxelMesh: Chunk X=0 Y=0 Z=0 FlatVerts=1890 SlopeVerts=1116
[+00:41:41.264] VoxelChunk: GenerateAsync (2,2,2)
[+00:41:41.266] VoxelMesh: Chunk X=2 Y=2 Z=2 FlatVerts=0 SlopeVerts=1560
[+00:41:41.369] VoxelMesh: Chunk X=0 Y=0 Z=0 FlatVerts=204 SlopeVerts=30936
[+00:41:41.391] VoxelChunk: GenerateAsync (2,-1,2)
[+00:41:41.469] VoxelMesh: Chunk X=0 Y=0 Z=0 FlatVerts=0 SlopeVerts=25512
[+00:41:41.486] VoxelChunk: GenerateAsync (1,-1,2)
[+00:41:41.487] VoxelMesh: Chunk X=1 Y=-1 Z=2 FlatVerts=24 SlopeVerts=306
[+00:41:41.572] VoxelChunk: GenerateAsync (-1,1,2)
[+00:41:41.574] VoxelMesh: Chunk X=-1 Y=1 Z=2 FlatVerts=78 SlopeVerts=4032
[+00:41:41.678] VoxelChunk: GenerateAsync (-2,2,2)
[+00:41:41.678] VoxelMesh: Chunk X=-2 Y=2 Z=2 FlatVerts=0 SlopeVerts=2952
[+00:41:41.781] VoxelChunk: GenerateAsync (0,2,2)
[+00:41:41.883] VoxelMesh: Chunk X=0 Y=0 Z=0 FlatVerts=0 SlopeVerts=6
[+00:41:41.883] VoxelChunk: GenerateAsync (1,2,2)
[+00:41:41.884] VoxelMesh: Chunk X=1 Y=2 Z=2 FlatVerts=0 SlopeVerts=1494
[+00:41:41.985] VoxelMesh: Chunk X=0 Y=0 Z=0 FlatVerts=60 SlopeVerts=936
[+00:41:41.986] VoxelChunk: GenerateAsync (-2,2,1)
[+00:41:41.987] VoxelMesh: Chunk X=-2 Y=2 Z=1 FlatVerts=0 SlopeVerts=1926
[+00:41:42.088] VoxelMesh: Chunk X=0 Y=0 Z=0 FlatVerts=2706 SlopeVerts=12882
[+00:41:42.099] VoxelChunk: GenerateAsync (2,1,1)
[+00:41:42.101] VoxelMesh: Chunk X=2 Y=1 Z=1 FlatVerts=0 SlopeVerts=2442
[+00:41:42.195] VoxelChunk: GenerateAsync (-1,1,-2)
[+00:41:42.300] VoxelChunk: GenerateAsync (2,-2,-1)
[+00:41:42.401] VoxelMesh: Chunk X=0 Y=0 Z=0 FlatVerts=10176 SlopeVerts=4224
[+00:41:42.416] VoxelChunk: GenerateAsync (1,2,0)
[+00:41:42.416] VoxelMesh: Chunk X=1 Y=2 Z=0 FlatVerts=1662 SlopeVerts=294
[+00:41:42.504] VoxelMesh: Chunk X=0 Y=0 Z=0 FlatVerts=10800 SlopeVerts=684
[+00:41:42.517] VoxelChunk: GenerateAsync (0,2,0)
[+00:41:42.517] VoxelMesh: Chunk X=0 Y=2 Z=0 FlatVerts=1668 SlopeVerts=0
[+00:41:42.613] VoxelMesh: Chunk X=0 Y=0 Z=0 FlatVerts=498 SlopeVerts=6768
[+00:41:42.617] VoxelChunk: GenerateAsync (2,-1,0)
[+00:41:42.617] VoxelMesh: Chunk X=2 Y=-1 Z=0 FlatVerts=1674 SlopeVerts=546
[+00:41:42.715] VoxelChunk: GenerateAsync (-1,0,-2)
[+00:41:42.818] VoxelMesh: Chunk X=0 Y=0 Z=0 FlatVerts=540 SlopeVerts=17862
[+00:41:42.831] VoxelChunk: GenerateAsync (0,-2,1)
[+00:41:42.919] VoxelMesh: Chunk X=0 Y=0 Z=0 FlatVerts=1092 SlopeVerts=864
[+00:41:42.922] VoxelChunk: GenerateAsync (-1,-2,-1)
[+00:41:43.024] VoxelMesh: Chunk X=0 Y=0 Z=0 FlatVerts=10326 SlopeVerts=6
[+00:41:43.037] VoxelChunk: GenerateAsync (-2,1,-1)
[+00:41:43.126] VoxelChunk: GenerateAsync (-1,2,-2)
[+00:41:43.227] VoxelMesh: Chunk X=0 Y=0 Z=0 FlatVerts=1872 SlopeVerts=11652
[+00:41:43.238] VoxelChunk: GenerateAsync (2,0,0)
[+00:41:43.238] VoxelMesh: Chunk X=2 Y=0 Z=0 FlatVerts=2574 SlopeVerts=12
[+00:41:43.335] VoxelChunk: GenerateAsync (-2,-1,-2)
[+00:41:43.440] VoxelMesh: Chunk X=0 Y=0 Z=0 FlatVerts=6 SlopeVerts=24
[+00:41:43.441] VoxelChunk: GenerateAsync (0,-2,-1)
[+00:41:43.546] VoxelChunk: GenerateAsync (2,-1,-2)
[+00:41:43.650] VoxelChunk: GenerateAsync (-2,2,-2)
[+00:41:43.755] VoxelMesh: Chunk X=0 Y=0 Z=0 FlatVerts=4062 SlopeVerts=1368
[+00:41:43.761] VoxelChunk: GenerateAsync (2,2,-1)
[+00:41:43.855] VoxelMesh: Chunk X=0 Y=0 Z=0 FlatVerts=4950 SlopeVerts=10152
[+00:41:43.869] VoxelChunk: GenerateAsync (-2,-2,0)
[+00:41:43.955] VoxelMesh: Chunk X=0 Y=0 Z=0 FlatVerts=10050 SlopeVerts=48
[+00:41:43.967] VoxelChunk: GenerateAsync (-2,0,0)
[+00:41:44.064] VoxelMesh: Chunk X=0 Y=0 Z=0 FlatVerts=5910 SlopeVerts=12258
[+00:41:44.081] VoxelChunk: GenerateAsync (2,1,0)
[+00:41:44.082] VoxelMesh: Chunk X=2 Y=1 Z=0 FlatVerts=1908 SlopeVerts=528
[+00:41:44.171] VoxelChunk: GenerateAsync (0,2,-2)
[+00:41:44.275] VoxelChunk: GenerateAsync (-1,-1,-2)
[+00:41:44.378] VoxelMesh: Chunk X=0 Y=0 Z=0 FlatVerts=3486 SlopeVerts=2028
[+00:41:44.384] VoxelChunk: GenerateAsync (2,1,-1)
[+00:41:44.487] VoxelChunk: GenerateAsync (1,-2,-1)
[+00:41:44.591] VoxelChunk: GenerateAsync (0,-1,-2)
[+00:41:44.693] VoxelMesh: Chunk X=0 Y=0 Z=0 FlatVerts=10050 SlopeVerts=48
[+00:41:44.705] VoxelChunk: GenerateAsync (-2,0,-1)
[+00:41:44.802] VoxelChunk: GenerateAsync (-1,-2,-2)
[+00:41:44.905] VoxelChunk: GenerateAsync (0,0,-2)
[+00:41:45.009] VoxelChunk: GenerateAsync (2,0,-2)
[+00:41:45.114] VoxelChunk: GenerateAsync (-2,1,-2)
[+00:41:45.215] VoxelMesh: Chunk X=0 Y=0 Z=0 FlatVerts=10242 SlopeVerts=0
[+00:41:45.222] VoxelChunk: GenerateAsync (-1,2,0)
[+00:41:45.223] VoxelMesh: Chunk X=-1 Y=2 Z=0 FlatVerts=1572 SlopeVerts=528
[+00:41:45.320] VoxelMesh: Chunk X=0 Y=0 Z=0 FlatVerts=2334 SlopeVerts=10620
[+00:41:45.329] VoxelChunk: GenerateAsync (-1,-2,0)
[+00:41:45.426] VoxelChunk: GenerateAsync (2,2,-2)
[+00:41:45.532] VoxelMesh: Chunk X=0 Y=0 Z=0 FlatVerts=72 SlopeVerts=10464
[+00:41:45.538] VoxelChunk: GenerateAsync (1,-2,1)
[+00:41:45.539] VoxelMesh: Chunk X=1 Y=-2 Z=1 FlatVerts=42 SlopeVerts=1656
[+00:41:45.636] VoxelChunk: GenerateAsync (-2,-2,-2)
[+00:41:45.739] VoxelMesh: Chunk X=0 Y=0 Z=0 FlatVerts=9300 SlopeVerts=1902
[+00:41:45.751] VoxelChunk: GenerateAsync (-2,2,0)
[+00:41:45.753] VoxelMesh: Chunk X=-2 Y=2 Z=0 FlatVerts=0 SlopeVerts=96
[+00:41:45.848] VoxelChunk: GenerateAsync (2,-2,-2)
[+00:41:45.952] VoxelChunk: GenerateAsync (1,2,-2)
[+00:41:46.060] VoxelChunk: GenerateAsync (1,-2,-2)
[+00:41:46.162] VoxelMesh: Chunk X=0 Y=0 Z=0 FlatVerts=8010 SlopeVerts=7500
[+00:41:46.177] VoxelChunk: GenerateAsync (2,2,0)
[+00:41:46.178] VoxelMesh: Chunk X=2 Y=2 Z=0 FlatVerts=30 SlopeVerts=12
[+00:41:46.263] VoxelMesh: Chunk X=0 Y=0 Z=0 FlatVerts=3522 SlopeVerts=1254
[+00:41:46.268] VoxelChunk: GenerateAsync (-2,-2,-1)
[+00:41:46.372] VoxelChunk: GenerateAsync (0,-2,-2)
[+00:41:46.474] VoxelMesh: Chunk X=0 Y=0 Z=0 FlatVerts=10242 SlopeVerts=0
[+00:41:46.481] VoxelChunk: GenerateAsync (-1,2,-1)
[+00:41:46.574] VoxelMesh: Chunk X=0 Y=0 Z=0 FlatVerts=1434 SlopeVerts=13392
[+00:41:46.585] VoxelChunk: GenerateAsync (-2,-2,1)
[+00:41:46.586] VoxelMesh: Chunk X=-2 Y=-2 Z=1 FlatVerts=0 SlopeVerts=582
[+00:41:46.679] VoxelMesh: Chunk X=0 Y=0 Z=0 FlatVerts=8022 SlopeVerts=1158
[+00:41:46.690] VoxelChunk: GenerateAsync (-2,-1,-1)
[+00:41:46.791] VoxelChunk: GenerateAsync (1,-1,-2)
[+00:41:46.897] VoxelMesh: Chunk X=0 Y=0 Z=0 FlatVerts=36 SlopeVerts=60
[+00:41:46.897] VoxelChunk: GenerateAsync (2,-1,-1)
[+00:41:47.003] VoxelMesh: Chunk X=0 Y=0 Z=0 FlatVerts=8928 SlopeVerts=1170
[+00:41:47.014] VoxelChunk: GenerateAsync (1,2,-1)
[+00:41:47.111] VoxelMesh: Chunk X=0 Y=0 Z=0 FlatVerts=1302 SlopeVerts=20784
[+00:41:47.129] VoxelChunk: GenerateAsync (-1,-2,1)
[+00:41:47.130] VoxelMesh: Chunk X=-1 Y=-2 Z=1 FlatVerts=18 SlopeVerts=180
[+00:41:47.217] VoxelMesh: Chunk X=0 Y=0 Z=0 FlatVerts=420 SlopeVerts=1302
[+00:41:47.219] VoxelChunk: GenerateAsync (2,0,-1)
[+00:41:47.322] VoxelChunk: GenerateAsync (-2,0,-2)
[+00:41:47.427] VoxelChunk: GenerateAsync (1,0,-2)
[+00:41:47.533] VoxelMesh: Chunk X=0 Y=0 Z=0 FlatVerts=72 SlopeVerts=4392
[+00:41:47.537] VoxelChunk: GenerateAsync (2,-2,0)
[+00:41:47.538] VoxelMesh: Chunk X=2 Y=-2 Z=0 FlatVerts=0 SlopeVerts=180
[+00:41:47.632] VoxelMesh: Chunk X=0 Y=0 Z=0 FlatVerts=9264 SlopeVerts=1062
[+00:41:47.645] VoxelChunk: GenerateAsync (-2,2,-1)
[+00:41:47.731] VoxelMesh: Chunk X=0 Y=0 Z=0 FlatVerts=10794 SlopeVerts=264
[+00:41:47.744] VoxelChunk: GenerateAsync (0,2,-1)
[+00:41:47.839] VoxelMesh: Chunk X=0 Y=0 Z=0 FlatVerts=10326 SlopeVerts=6
[+00:41:47.851] VoxelChunk: GenerateAsync (-2,1,0)
[+00:41:47.945] VoxelChunk: GenerateAsync (0,1,-2)
[+00:41:48.052] VoxelChunk: GenerateAsync (1,1,-2)
[+00:41:48.158] VoxelChunk: GenerateAsync (2,1,-2)
[+00:41:48.263] VoxelMesh: Chunk X=0 Y=0 Z=0 FlatVerts=510 SlopeVerts=6546
[+00:41:48.267] VoxelChunk: GenerateAsync (0,-2,0)
[+00:41:48.363] VoxelMesh: Chunk X=0 Y=0 Z=0 FlatVerts=72 SlopeVerts=3486
[+00:41:48.366] VoxelChunk: GenerateAsync (1,-2,0)
[+00:41:48.467] VoxelMesh: Chunk X=0 Y=0 Z=0 FlatVerts=8580 SlopeVerts=2688
[+00:41:48.480] VoxelChunk: GenerateAsync (-2,-1,0)
[+00:41:48.576] VoxelChunk: GenerateAsync (-2,-3,-2)
[+00:41:48.679] VoxelChunk: GenerateAsync (-3,2,-2)
[+00:41:48.785] VoxelMesh: Chunk X=0 Y=0 Z=0 FlatVerts=0 SlopeVerts=672
[+00:41:48.785] VoxelChunk: GenerateAsync (3,-3,0)
[+00:41:48.889] VoxelChunk: GenerateAsync (-1,-3,-2)
[+00:41:48.994] VoxelChunk: GenerateAsync (3,1,-3)
[+00:41:49.095] VoxelChunk: GenerateAsync (3,3,3)
[+00:41:49.097] VoxelMesh: Chunk X=3 Y=3 Z=3 FlatVerts=78 SlopeVerts=2490
[+00:41:49.202] VoxelChunk: GenerateAsync (3,1,-2)
[+00:41:49.304] VoxelMesh: Chunk X=0 Y=0 Z=0 FlatVerts=5904 SlopeVerts=10278
[+00:41:49.319] VoxelChunk: GenerateAsync (-3,-2,0)
[+00:41:49.408] VoxelChunk: GenerateAsync (0,-3,-2)
[+00:41:49.510] VoxelMesh: Chunk X=0 Y=0 Z=0 FlatVerts=8664 SlopeVerts=2394
[+00:41:49.522] VoxelChunk: GenerateAsync (-3,-1,0)
[+00:41:49.620] VoxelChunk: GenerateAsync (1,-3,-2)
[+00:41:49.724] VoxelChunk: GenerateAsync (-3,2,-3)
[+00:41:49.828] VoxelChunk: GenerateAsync (2,0,-3)
[+00:41:49.932] VoxelChunk: GenerateAsync (3,2,-2)
[+00:41:50.038] VoxelChunk: GenerateAsync (-3,3,-2)
[+00:41:50.143] VoxelChunk: GenerateAsync (2,-3,-2)
[+00:41:50.248] VoxelChunk: GenerateAsync (-2,3,-2)
[+00:41:50.351] VoxelChunk: GenerateAsync (-1,3,-2)
[+00:41:50.457] VoxelChunk: GenerateAsync (3,-3,-2)
[+00:41:50.569] VoxelChunk: GenerateAsync (-2,2,-3)
[+00:41:50.674] VoxelChunk: GenerateAsync (0,3,-2)
[+00:41:50.778] VoxelChunk: GenerateAsync (1,3,-2)
[+00:41:50.884] VoxelChunk: GenerateAsync (-3,-2,-2)
[+00:41:50.989] VoxelChunk: GenerateAsync (2,3,-2)
[+00:41:51.093] VoxelChunk: GenerateAsync (-1,-3,-3)
[+00:41:51.198] VoxelChunk: GenerateAsync (3,3,-2)
[+00:41:51.303] VoxelChunk: GenerateAsync (-1,2,-3)
[+00:41:51.408] VoxelChunk: GenerateAsync (3,0,-3)
[+00:41:51.513] VoxelChunk: GenerateAsync (-2,0,-3)
[+00:41:51.615] VoxelMesh: Chunk X=0 Y=0 Z=0 FlatVerts=1854 SlopeVerts=2880
[+00:41:51.619] VoxelChunk: GenerateAsync (-3,-3,-1)
[+00:41:51.721] VoxelMesh: Chunk X=0 Y=0 Z=0 FlatVerts=7062 SlopeVerts=10188
[+00:41:51.741] VoxelChunk: GenerateAsync (3,1,0)
[+00:41:51.742] VoxelMesh: Chunk X=3 Y=1 Z=0 FlatVerts=18 SlopeVerts=156
[+00:41:51.824] VoxelMesh: Chunk X=0 Y=0 Z=0 FlatVerts=1344 SlopeVerts=1146
[+00:41:51.827] VoxelChunk: GenerateAsync (-2,-3,-1)
[+00:41:51.925] VoxelMesh: Chunk X=0 Y=0 Z=0 FlatVerts=0 SlopeVerts=12
[+00:41:51.926] VoxelChunk: GenerateAsync (-1,-3,-1)
[+00:41:52.030] VoxelChunk: GenerateAsync (1,-1,-3)
[+00:41:52.135] VoxelChunk: GenerateAsync (0,2,-3)
[+00:41:52.241] VoxelChunk: GenerateAsync (2,-3,-1)
[+00:41:52.345] VoxelChunk: GenerateAsync (3,-3,-1)
[+00:41:52.449] VoxelMesh: Chunk X=0 Y=0 Z=0 FlatVerts=4212 SlopeVerts=1326
[+00:41:52.455] VoxelChunk: GenerateAsync (-3,-2,-1)
[+00:41:52.552] VoxelChunk: GenerateAsync (1,2,-3)
[+00:41:52.656] VoxelChunk: GenerateAsync (-3,1,-3)
[+00:41:52.761] VoxelChunk: GenerateAsync (3,-2,-2)
[+00:41:52.863] VoxelChunk: GenerateAsync (-3,-1,-2)
[+00:41:52.969] VoxelChunk: GenerateAsync (2,2,-3)
[+00:41:53.074] VoxelChunk: GenerateAsync (0,-1,-3)
[+00:41:53.174] VoxelMesh: Chunk X=0 Y=0 Z=0 FlatVerts=8388 SlopeVerts=1044
[+00:41:53.185] VoxelChunk: GenerateAsync (-3,-1,-1)
[+00:41:53.282] VoxelChunk: GenerateAsync (3,2,-3)
[+00:41:53.382] VoxelChunk: GenerateAsync (-2,1,-3)
[+00:41:53.486] VoxelChunk: GenerateAsync (-1,0,-3)
[+00:41:53.590] VoxelChunk: GenerateAsync (3,-1,-3)
[+00:41:53.700] VoxelChunk: GenerateAsync (-2,-1,-3)
[+00:41:53.807] VoxelChunk: GenerateAsync (-3,-1,-3)
[+00:41:53.920] VoxelChunk: GenerateAsync (3,-2,-3)
[+00:41:54.041] VoxelChunk: GenerateAsync (-3,3,-3)
[+00:41:54.138] VoxelChunk: GenerateAsync (3,-1,-1)
[+00:41:54.241] VoxelMesh: Chunk X=0 Y=0 Z=0 FlatVerts=9894 SlopeVerts=576
[+00:41:54.254] VoxelChunk: GenerateAsync (-3,0,-1)
[+00:41:54.654] VoxelChunk: GenerateAsync (2,-2,-3)
[+00:41:54.990] VoxelChunk: GenerateAsync (3,-1,-2)
[+00:41:55.322] VoxelChunk: GenerateAsync (-2,3,-3)
[+00:41:55.697] VoxelChunk: GenerateAsync (-1,1,-3)
[+00:41:55.765] VoxelChunk: GenerateAsync (1,-2,-3)
[+00:41:55.875] VoxelChunk: GenerateAsync (0,-2,-3)
[+00:41:55.974] VoxelChunk: GenerateAsync (-3,0,-2)
[+00:41:56.075] VoxelMesh: Chunk X=0 Y=0 Z=0 FlatVerts=54 SlopeVerts=888
[+00:41:56.076] VoxelChunk: GenerateAsync (3,0,-1)
[+00:41:56.181] VoxelChunk: GenerateAsync (-1,3,-3)
[+00:41:56.282] VoxelMesh: Chunk X=0 Y=0 Z=0 FlatVerts=8892 SlopeVerts=1518
[+00:41:56.294] VoxelChunk: GenerateAsync (-3,1,-1)
[+00:41:56.392] VoxelChunk: GenerateAsync (-1,-2,-3)
[+00:41:56.796] VoxelChunk: GenerateAsync (-2,-2,-3)
[+00:41:57.130] VoxelChunk: GenerateAsync (0,3,-3)
[+00:41:57.464] VoxelChunk: GenerateAsync (0,1,-3)
[+00:41:57.796] VoxelChunk: GenerateAsync (3,3,-1)
[+00:41:58.130] VoxelChunk: GenerateAsync (0,0,-3)
[+00:41:58.462] VoxelMesh: Chunk X=0 Y=0 Z=0 FlatVerts=2568 SlopeVerts=11586
[+00:41:58.472] VoxelChunk: GenerateAsync (-2,-3,0)
[+00:41:58.796] VoxelMesh: Chunk X=0 Y=0 Z=0 FlatVerts=336 SlopeVerts=5088
[+00:41:58.801] VoxelChunk: GenerateAsync (-1,-3,0)
[+00:41:58.802] VoxelMesh: Chunk X=-1 Y=-3 Z=0 FlatVerts=0 SlopeVerts=66
[+00:41:59.131] VoxelMesh: Chunk X=0 Y=0 Z=0 FlatVerts=48 SlopeVerts=1338
[+00:41:59.134] VoxelChunk: GenerateAsync (0,-3,0)
[+00:41:59.465] VoxelMesh: Chunk X=0 Y=0 Z=0 FlatVerts=36 SlopeVerts=240
[+00:41:59.466] VoxelChunk: GenerateAsync (1,-3,0)
[+00:41:59.797] VoxelMesh: Chunk X=0 Y=0 Z=0 FlatVerts=0 SlopeVerts=672
[+00:41:59.798] VoxelChunk: GenerateAsync (2,-3,0)
[+00:42:00.131] VoxelChunk: GenerateAsync (-3,-2,-3)
[+00:42:00.464] VoxelMesh: Chunk X=0 Y=0 Z=0 FlatVerts=612 SlopeVerts=1350
[+00:42:00.467] VoxelChunk: GenerateAsync (3,1,-1)
[+00:42:00.796] VoxelMesh: Chunk X=0 Y=0 Z=0 FlatVerts=5724 SlopeVerts=2100
[+00:42:00.805] VoxelChunk: GenerateAsync (-3,2,-1)
[+00:42:01.133] VoxelChunk: GenerateAsync (1,3,-3)
[+00:42:01.463] VoxelChunk: GenerateAsync (3,0,-2)
[+00:42:01.796] VoxelChunk: GenerateAsync (-3,1,-2)
[+00:42:02.131] VoxelChunk: GenerateAsync (2,3,-3)
[+00:42:02.464] VoxelMesh: Chunk X=0 Y=0 Z=0 FlatVerts=0 SlopeVerts=2448
[+00:42:02.466] VoxelChunk: GenerateAsync (3,-2,0)
[+00:42:02.467] VoxelMesh: Chunk X=3 Y=-2 Z=0 FlatVerts=0 SlopeVerts=102
[+00:42:02.798] VoxelChunk: GenerateAsync (1,1,-3)
[+00:42:03.130] VoxelMesh: Chunk X=0 Y=0 Z=0 FlatVerts=558 SlopeVerts=462
[+00:42:03.131] VoxelChunk: GenerateAsync (3,2,-1)
[+00:42:03.464] VoxelChunk: GenerateAsync (3,-3,-3)
[+00:42:03.798] VoxelChunk: GenerateAsync (2,-3,-3)
[+00:42:04.131] VoxelChunk: GenerateAsync (1,-3,-3)
[+00:42:04.463] VoxelMesh: Chunk X=0 Y=0 Z=0 FlatVerts=2430 SlopeVerts=1974
[+00:42:04.468] VoxelChunk: GenerateAsync (-3,3,-1)
[+00:42:04.798] VoxelMesh: Chunk X=0 Y=0 Z=0 FlatVerts=42 SlopeVerts=2082
[+00:42:04.800] VoxelChunk: GenerateAsync (3,-1,0)
[+00:42:04.800] VoxelMesh: Chunk X=3 Y=-1 Z=0 FlatVerts=312 SlopeVerts=462
[+00:42:05.129] VoxelMesh: Chunk X=0 Y=0 Z=0 FlatVerts=9894 SlopeVerts=576
[+00:42:05.141] VoxelChunk: GenerateAsync (-3,0,0)
[+00:42:05.462] VoxelMesh: Chunk X=0 Y=0 Z=0 FlatVerts=6078 SlopeVerts=2448
[+00:42:05.471] VoxelChunk: GenerateAsync (-2,3,-1)
[+00:42:05.798] VoxelChunk: GenerateAsync (0,-3,-3)
[+00:42:06.134] VoxelChunk: GenerateAsync (3,3,-3)
[+00:42:06.463] VoxelMesh: Chunk X=0 Y=0 Z=0 FlatVerts=6948 SlopeVerts=1038
[+00:42:06.476] VoxelChunk: GenerateAsync (-1,3,-1)
[+00:42:06.795] VoxelMesh: Chunk X=0 Y=0 Z=0 FlatVerts=6060 SlopeVerts=1098
[+00:42:06.804] VoxelChunk: GenerateAsync (0,3,-1)
[+00:42:07.129] VoxelMesh: Chunk X=0 Y=0 Z=0 FlatVerts=2568 SlopeVerts=7140
[+00:42:07.137] VoxelChunk: GenerateAsync (3,0,0)
[+00:42:07.138] VoxelMesh: Chunk X=3 Y=0 Z=0 FlatVerts=432 SlopeVerts=438
[+00:42:07.462] VoxelMesh: Chunk X=0 Y=0 Z=0 FlatVerts=9288 SlopeVerts=3318
[+00:42:07.476] VoxelChunk: GenerateAsync (-3,1,0)
[+00:42:07.796] VoxelMesh: Chunk X=0 Y=0 Z=0 FlatVerts=3792 SlopeVerts=1224
[+00:42:07.802] VoxelChunk: GenerateAsync (1,3,-1)
[+00:42:08.130] VoxelMesh: Chunk X=0 Y=0 Z=0 FlatVerts=954 SlopeVerts=588
[+00:42:08.132] VoxelChunk: GenerateAsync (2,3,-1)
[+00:42:08.465] VoxelChunk: GenerateAsync (-2,-3,-3)
[+00:42:08.798] VoxelChunk: GenerateAsync (-3,-3,-3)
[+00:42:09.130] VoxelChunk: GenerateAsync (-3,-3,-2)
[+00:42:09.464] VoxelChunk: GenerateAsync (2,1,-3)
[+00:42:09.795] VoxelMesh: Chunk X=0 Y=0 Z=0 FlatVerts=6204 SlopeVerts=7098
[+00:42:09.808] VoxelChunk: GenerateAsync (-3,2,0)
[+00:42:10.131] VoxelChunk: GenerateAsync (1,0,-3)
[+00:42:10.464] VoxelChunk: GenerateAsync (-3,0,-3)
[+00:42:10.799] VoxelChunk: GenerateAsync (2,-1,-3)
[+00:42:11.131] VoxelChunk: GenerateAsync (0,-3,-1)
[+00:42:11.466] VoxelChunk: GenerateAsync (1,-3,-1)
[+00:42:11.799] VoxelChunk: GenerateAsync (-1,-1,-3)
[+00:42:12.129] VoxelMesh: Chunk X=0 Y=0 Z=0 FlatVerts=8154 SlopeVerts=4350
[+00:42:12.142] VoxelChunk: GenerateAsync (3,2,0)
[+00:42:12.462] VoxelMesh: Chunk X=0 Y=0 Z=0 FlatVerts=3906 SlopeVerts=9792
[+00:42:12.476] VoxelChunk: GenerateAsync (-3,3,0)
[+00:42:12.796] VoxelMesh: Chunk X=0 Y=0 Z=0 FlatVerts=7650 SlopeVerts=8016
[+00:42:12.811] VoxelChunk: GenerateAsync (-2,3,0)
[+00:42:12.812] VoxelMesh: Chunk X=-2 Y=3 Z=0 FlatVerts=0 SlopeVerts=0
[+00:42:13.129] VoxelMesh: Chunk X=0 Y=0 Z=0 FlatVerts=8826 SlopeVerts=4620
[+00:42:13.142] VoxelChunk: GenerateAsync (-1,3,0)
[+00:42:13.144] VoxelMesh: Chunk X=-1 Y=3 Z=0 FlatVerts=18 SlopeVerts=24
[+00:42:13.463] VoxelMesh: Chunk X=0 Y=0 Z=0 FlatVerts=7860 SlopeVerts=6048
[+00:42:13.477] VoxelChunk: GenerateAsync (0,3,0)
[+00:42:13.477] VoxelMesh: Chunk X=0 Y=3 Z=0 FlatVerts=24 SlopeVerts=6
[+00:42:13.796] VoxelMesh: Chunk X=0 Y=0 Z=0 FlatVerts=6432 SlopeVerts=7572
[+00:42:13.809] VoxelChunk: GenerateAsync (1,3,0)
[+00:42:13.810] VoxelMesh: Chunk X=1 Y=3 Z=0 FlatVerts=0 SlopeVerts=12
[+00:42:14.129] VoxelMesh: Chunk X=0 Y=0 Z=0 FlatVerts=7056 SlopeVerts=5172
[+00:42:14.142] VoxelChunk: GenerateAsync (2,3,0)
[+00:42:14.463] VoxelMesh: Chunk X=0 Y=0 Z=0 FlatVerts=8700 SlopeVerts=1266
[+00:42:14.474] VoxelChunk: GenerateAsync (3,3,0)
[+00:42:14.795] VoxelMesh: Chunk X=0 Y=0 Z=0 FlatVerts=2226 SlopeVerts=14814
[+00:42:14.810] VoxelChunk: GenerateAsync (-3,-3,1)
[+00:42:14.811] VoxelMesh: Chunk X=-3 Y=-3 Z=1 FlatVerts=552 SlopeVerts=1548
[+00:42:15.131] VoxelMesh: Chunk X=0 Y=0 Z=0 FlatVerts=1410 SlopeVerts=22008
[+00:42:15.149] VoxelChunk: GenerateAsync (-2,-3,1)
[+00:42:15.150] VoxelMesh: Chunk X=-2 Y=-3 Z=1 FlatVerts=450 SlopeVerts=5172
[+00:42:15.469] VoxelMesh: Chunk X=0 Y=0 Z=0 FlatVerts=534 SlopeVerts=23796
[+00:42:15.487] VoxelChunk: GenerateAsync (-1,-3,1)
[+00:42:15.488] VoxelMesh: Chunk X=-1 Y=-3 Z=1 FlatVerts=72 SlopeVerts=3252
[+00:42:15.800] VoxelMesh: Chunk X=0 Y=0 Z=0 FlatVerts=84 SlopeVerts=12252
[+00:42:15.809] VoxelChunk: GenerateAsync (0,-3,1)
[+00:42:15.810] VoxelMesh: Chunk X=0 Y=-3 Z=1 FlatVerts=54 SlopeVerts=1092
[+00:42:16.133] VoxelMesh: Chunk X=0 Y=0 Z=0 FlatVerts=48 SlopeVerts=3636
[+00:42:16.135] VoxelChunk: GenerateAsync (1,-3,1)
[+00:42:16.479] VoxelMesh: Chunk X=0 Y=0 Z=0 FlatVerts=54 SlopeVerts=4992
[+00:42:16.484] VoxelChunk: GenerateAsync (2,-3,1)
[+00:42:16.799] VoxelMesh: Chunk X=0 Y=0 Z=0 FlatVerts=78 SlopeVerts=5994
[+00:42:16.803] VoxelChunk: GenerateAsync (3,-3,1)
[+00:42:16.803] VoxelMesh: Chunk X=3 Y=-3 Z=1 FlatVerts=60 SlopeVerts=342
[+00:42:17.131] VoxelMesh: Chunk X=0 Y=0 Z=0 FlatVerts=1728 SlopeVerts=9846
[+00:42:17.139] VoxelChunk: GenerateAsync (-3,-2,1)
[+00:42:17.141] VoxelMesh: Chunk X=-3 Y=-2 Z=1 FlatVerts=0 SlopeVerts=762
[+00:42:17.469] VoxelChunk: GenerateAsync (3,-2,-1)
[+00:42:17.798] VoxelMesh: Chunk X=0 Y=0 Z=0 FlatVerts=4008 SlopeVerts=16230
[+00:42:17.815] VoxelChunk: GenerateAsync (-3,-3,0)
[+00:42:18.129] VoxelMesh: Chunk X=0 Y=0 Z=0 FlatVerts=0 SlopeVerts=294
[+00:42:18.130] VoxelChunk: GenerateAsync (-3,1,2)
[+00:42:18.131] VoxelMesh: Chunk X=-3 Y=1 Z=2 FlatVerts=0 SlopeVerts=42
[+00:42:18.463] VoxelChunk: GenerateAsync (2,3,3)
[+00:42:18.464] VoxelMesh: Chunk X=2 Y=3 Z=3 FlatVerts=0 SlopeVerts=2670
[+00:42:18.799] VoxelChunk: GenerateAsync (1,3,3)
[+00:42:18.799] VoxelMesh: Chunk X=1 Y=3 Z=3 FlatVerts=0 SlopeVerts=1308
[+00:42:19.134] VoxelMesh: Chunk X=0 Y=0 Z=0 FlatVerts=78 SlopeVerts=10080
[+00:42:19.141] VoxelChunk: GenerateAsync (3,-2,1)
[+00:42:19.141] VoxelMesh: Chunk X=3 Y=-2 Z=1 FlatVerts=1650 SlopeVerts=2316
[+00:42:19.468] VoxelMesh: Chunk X=0 Y=0 Z=0 FlatVerts=312 SlopeVerts=1518
[+00:42:19.469] VoxelChunk: GenerateAsync (-3,-1,1)
[+00:42:19.798] VoxelMesh: Chunk X=0 Y=0 Z=0 FlatVerts=0 SlopeVerts=1572
[+00:42:19.799] VoxelChunk: GenerateAsync (-2,-3,3)
[+00:42:19.800] VoxelMesh: Chunk X=-2 Y=-3 Z=3 FlatVerts=0 SlopeVerts=30
[+00:42:20.130] VoxelChunk: GenerateAsync (-3,1,3)
[+00:42:20.130] VoxelMesh: Chunk X=-3 Y=1 Z=3 FlatVerts=12 SlopeVerts=2220
[+00:42:20.467] VoxelMesh: Chunk X=0 Y=0 Z=0 FlatVerts=36 SlopeVerts=18618
[+00:42:20.480] VoxelChunk: GenerateAsync (-1,-3,3)
[+00:42:20.480] VoxelMesh: Chunk X=-1 Y=-3 Z=3 FlatVerts=0 SlopeVerts=4350
[+00:42:20.802] VoxelMesh: Chunk X=0 Y=0 Z=0 FlatVerts=0 SlopeVerts=19734
[+00:42:20.815] VoxelChunk: GenerateAsync (1,-1,3)
[+00:42:21.130] VoxelChunk: GenerateAsync (-2,1,3)
[+00:42:21.131] VoxelMesh: Chunk X=-2 Y=1 Z=3 FlatVerts=144 SlopeVerts=7686
[+00:42:21.469] VoxelChunk: GenerateAsync (0,2,3)
[+00:42:21.800] VoxelMesh: Chunk X=0 Y=0 Z=0 FlatVerts=156 SlopeVerts=35592
[+00:42:21.824] VoxelChunk: GenerateAsync (0,-3,3)
[+00:42:21.825] VoxelMesh: Chunk X=0 Y=-3 Z=3 FlatVerts=12 SlopeVerts=5208
[+00:42:22.136] VoxelMesh: Chunk X=0 Y=0 Z=0 FlatVerts=72 SlopeVerts=40152
[+00:42:22.164] VoxelChunk: GenerateAsync (1,-2,3)
[+00:42:22.164] VoxelMesh: Chunk X=1 Y=-2 Z=3 FlatVerts=12 SlopeVerts=3816
[+00:42:22.468] VoxelMesh: Chunk X=0 Y=0 Z=0 FlatVerts=18 SlopeVerts=26208
[+00:42:22.485] VoxelChunk: GenerateAsync (2,-1,3)
[+00:42:22.796] VoxelChunk: GenerateAsync (-3,0,3)
[+00:42:22.798] VoxelMesh: Chunk X=-3 Y=0 Z=3 FlatVerts=0 SlopeVerts=1566
[+00:42:23.131] VoxelChunk: GenerateAsync (-1,1,3)
[+00:42:23.131] VoxelMesh: Chunk X=-1 Y=1 Z=3 FlatVerts=0 SlopeVerts=294
[+00:42:23.464] VoxelMesh: Chunk X=0 Y=0 Z=0 FlatVerts=36 SlopeVerts=834
[+00:42:23.466] VoxelChunk: GenerateAsync (-3,2,3)
[+00:42:23.467] VoxelMesh: Chunk X=-3 Y=2 Z=3 FlatVerts=6 SlopeVerts=960
[+00:42:23.799] VoxelChunk: GenerateAsync (1,2,3)
[+00:42:23.799] VoxelMesh: Chunk X=1 Y=2 Z=3 FlatVerts=0 SlopeVerts=732
[+00:42:24.137] VoxelMesh: Chunk X=0 Y=0 Z=0 FlatVerts=36 SlopeVerts=1386
[+00:42:24.139] VoxelChunk: GenerateAsync (-3,3,3)
[+00:42:24.139] VoxelMesh: Chunk X=-3 Y=3 Z=3 FlatVerts=60 SlopeVerts=3114
[+00:42:24.243] VoxelMesh: Chunk X=0 Y=0 Z=0 FlatVerts=198 SlopeVerts=39942
[+00:42:24.274] VoxelChunk: GenerateAsync (1,-3,3)
[+00:42:24.275] VoxelMesh: Chunk X=1 Y=-3 Z=3 FlatVerts=0 SlopeVerts=4710
[+00:42:24.341] VoxelMesh: Chunk X=0 Y=0 Z=0 FlatVerts=0 SlopeVerts=588
[+00:42:24.342] VoxelChunk: GenerateAsync (-2,-2,3)
[+00:42:24.343] VoxelMesh: Chunk X=-2 Y=-2 Z=3 FlatVerts=0 SlopeVerts=6306
[+00:42:24.450] VoxelMesh: Chunk X=0 Y=0 Z=0 FlatVerts=24 SlopeVerts=36822
[+00:42:24.474] VoxelChunk: GenerateAsync (2,-2,3)
[+00:42:24.474] VoxelMesh: Chunk X=2 Y=-2 Z=3 FlatVerts=6 SlopeVerts=3102
[+00:42:24.551] VoxelMesh: Chunk X=0 Y=0 Z=0 FlatVerts=0 SlopeVerts=10266
[+00:42:24.557] VoxelChunk: GenerateAsync (0,-1,3)
[+00:42:24.557] VoxelMesh: Chunk X=0 Y=-1 Z=3 FlatVerts=0 SlopeVerts=72
[+00:42:24.656] VoxelMesh: Chunk X=0 Y=0 Z=0 FlatVerts=7380 SlopeVerts=11868
[+00:42:24.674] VoxelChunk: GenerateAsync (3,1,1)
[+00:42:24.676] VoxelMesh: Chunk X=3 Y=1 Z=1 FlatVerts=126 SlopeVerts=1152
[+00:42:24.761] VoxelMesh: Chunk X=0 Y=0 Z=0 FlatVerts=96 SlopeVerts=31830
[+00:42:24.783] VoxelChunk: GenerateAsync (3,-1,3)
[+00:42:24.864] VoxelChunk: GenerateAsync (-2,0,3)
[+00:42:24.865] VoxelMesh: Chunk X=-2 Y=0 Z=3 FlatVerts=0 SlopeVerts=5388
[+00:42:24.969] VoxelMesh: Chunk X=0 Y=0 Z=0 FlatVerts=0 SlopeVerts=2418
[+00:42:24.970] VoxelChunk: GenerateAsync (1,0,3)
[+00:42:25.068] VoxelChunk: GenerateAsync (0,1,3)
[+00:42:25.169] VoxelMesh: Chunk X=0 Y=0 Z=0 FlatVerts=0 SlopeVerts=12
[+00:42:25.170] VoxelChunk: GenerateAsync (1,1,3)
[+00:42:25.269] VoxelChunk: GenerateAsync (-2,2,3)
[+00:42:25.270] VoxelMesh: Chunk X=-2 Y=2 Z=3 FlatVerts=18 SlopeVerts=4698
[+00:42:25.373] VoxelMesh: Chunk X=0 Y=0 Z=0 FlatVerts=2850 SlopeVerts=16992
[+00:42:25.388] VoxelChunk: GenerateAsync (3,0,1)
[+00:42:25.389] VoxelMesh: Chunk X=3 Y=0 Z=1 FlatVerts=1176 SlopeVerts=2484
[+00:42:25.474] VoxelChunk: GenerateAsync (2,2,3)
[+00:42:25.474] VoxelMesh: Chunk X=2 Y=2 Z=3 FlatVerts=0 SlopeVerts=2208
[+00:42:25.575] VoxelChunk: GenerateAsync (3,2,3)
[+00:42:25.576] VoxelMesh: Chunk X=3 Y=2 Z=3 FlatVerts=0 SlopeVerts=1056
[+00:42:25.676] VoxelChunk: GenerateAsync (-2,3,3)
[+00:42:25.677] VoxelMesh: Chunk X=-2 Y=3 Z=3 FlatVerts=0 SlopeVerts=1026
[+00:42:25.776] VoxelMesh: Chunk X=0 Y=0 Z=0 FlatVerts=2016 SlopeVerts=6270
[+00:42:25.783] VoxelChunk: GenerateAsync (0,3,1)
[+00:42:25.783] VoxelMesh: Chunk X=0 Y=3 Z=1 FlatVerts=732 SlopeVerts=1974
[+00:42:25.885] VoxelMesh: Chunk X=0 Y=0 Z=0 FlatVerts=132 SlopeVerts=39096
[+00:42:25.914] VoxelChunk: GenerateAsync (2,-3,3)
[+00:42:25.914] VoxelMesh: Chunk X=2 Y=-3 Z=3 FlatVerts=12 SlopeVerts=3144
[+00:42:25.985] VoxelMesh: Chunk X=0 Y=0 Z=0 FlatVerts=96 SlopeVerts=37170
[+00:42:26.012] VoxelChunk: GenerateAsync (3,-3,3)
[+00:42:26.013] VoxelMesh: Chunk X=3 Y=-3 Z=3 FlatVerts=0 SlopeVerts=4512
[+00:42:26.092] VoxelMesh: Chunk X=0 Y=0 Z=0 FlatVerts=0 SlopeVerts=8814
[+00:42:26.098] VoxelChunk: GenerateAsync (-1,-2,3)
[+00:42:26.099] VoxelMesh: Chunk X=-1 Y=-2 Z=3 FlatVerts=6 SlopeVerts=2718
[+00:42:26.200] VoxelMesh: Chunk X=0 Y=0 Z=0 FlatVerts=60 SlopeVerts=29784
[+00:42:26.220] VoxelChunk: GenerateAsync (0,-2,3)
[+00:42:26.221] VoxelMesh: Chunk X=0 Y=-2 Z=3 FlatVerts=66 SlopeVerts=4056
[+00:42:26.309] VoxelMesh: Chunk X=0 Y=0 Z=0 FlatVerts=60 SlopeVerts=35214
[+00:42:26.334] VoxelChunk: GenerateAsync (3,-2,3)
[+00:42:26.334] VoxelMesh: Chunk X=3 Y=-2 Z=3 FlatVerts=0 SlopeVerts=0
[+00:42:26.408] VoxelChunk: GenerateAsync (-2,-1,3)
[+00:42:26.408] VoxelMesh: Chunk X=-2 Y=-1 Z=3 FlatVerts=66 SlopeVerts=4212
[+00:42:26.513] VoxelMesh: Chunk X=0 Y=0 Z=0 FlatVerts=126 SlopeVerts=33690
[+00:42:26.536] VoxelChunk: GenerateAsync (0,-3,2)
[+00:42:26.538] VoxelMesh: Chunk X=0 Y=-3 Z=2 FlatVerts=0 SlopeVerts=4050
[+00:42:26.618] VoxelMesh: Chunk X=0 Y=0 Z=0 FlatVerts=180 SlopeVerts=22272
[+00:42:26.634] VoxelChunk: GenerateAsync (1,-3,2)
[+00:42:26.635] VoxelMesh: Chunk X=1 Y=-3 Z=2 FlatVerts=0 SlopeVerts=678
[+00:42:26.720] VoxelMesh: Chunk X=0 Y=0 Z=0 FlatVerts=186 SlopeVerts=23802
[+00:42:26.737] VoxelChunk: GenerateAsync (2,-3,2)
[+00:42:26.738] VoxelMesh: Chunk X=2 Y=-3 Z=2 FlatVerts=0 SlopeVerts=36
[+00:42:26.826] VoxelMesh: Chunk X=0 Y=0 Z=0 FlatVerts=156 SlopeVerts=27012
[+00:42:26.846] VoxelChunk: GenerateAsync (3,-3,2)
[+00:42:26.846] VoxelMesh: Chunk X=3 Y=-3 Z=2 FlatVerts=0 SlopeVerts=2712
[+00:42:26.923] VoxelMesh: Chunk X=0 Y=0 Z=0 FlatVerts=48 SlopeVerts=528
[+00:42:26.924] VoxelChunk: GenerateAsync (-3,-2,2)
[+00:42:26.925] VoxelMesh: Chunk X=-3 Y=-2 Z=2 FlatVerts=18 SlopeVerts=2766
[+00:42:27.026] VoxelMesh: Chunk X=0 Y=0 Z=0 FlatVerts=828 SlopeVerts=8442
[+00:42:27.032] VoxelChunk: GenerateAsync (-3,2,1)
[+00:42:27.136] VoxelChunk: GenerateAsync (-1,0,3)
[+00:42:27.137] VoxelMesh: Chunk X=-1 Y=0 Z=3 FlatVerts=108 SlopeVerts=6300
[+00:42:27.245] VoxelMesh: Chunk X=0 Y=0 Z=0 FlatVerts=0 SlopeVerts=108
[+00:42:27.245] VoxelChunk: GenerateAsync (0,0,3)
[+00:42:27.246] VoxelMesh: Chunk X=0 Y=0 Z=3 FlatVerts=0 SlopeVerts=42
[+00:42:27.344] VoxelMesh: Chunk X=0 Y=0 Z=0 FlatVerts=18 SlopeVerts=7752
[+00:42:27.349] VoxelChunk: GenerateAsync (2,0,3)
[+00:42:27.450] VoxelMesh: Chunk X=0 Y=0 Z=0 FlatVerts=96 SlopeVerts=12786
[+00:42:27.459] VoxelChunk: GenerateAsync (3,0,3)
[+00:42:27.459] VoxelMesh: Chunk X=3 Y=0 Z=3 FlatVerts=0 SlopeVerts=252
[+00:42:27.557] VoxelMesh: Chunk X=0 Y=0 Z=0 FlatVerts=120 SlopeVerts=21480
[+00:42:27.573] VoxelChunk: GenerateAsync (3,-2,2)
[+00:42:27.573] VoxelMesh: Chunk X=3 Y=-2 Z=2 FlatVerts=102 SlopeVerts=1170
[+00:42:27.666] VoxelChunk: GenerateAsync (-3,-1,2)
[+00:42:27.774] VoxelMesh: Chunk X=0 Y=0 Z=0 FlatVerts=0 SlopeVerts=42
[+00:42:27.774] VoxelChunk: GenerateAsync (2,1,3)
[+00:42:27.774] VoxelMesh: Chunk X=2 Y=1 Z=3 FlatVerts=0 SlopeVerts=1176
[+00:42:27.876] VoxelMesh: Chunk X=0 Y=0 Z=0 FlatVerts=0 SlopeVerts=30
[+00:42:27.876] VoxelChunk: GenerateAsync (3,1,3)
[+00:42:27.877] VoxelMesh: Chunk X=3 Y=1 Z=3 FlatVerts=0 SlopeVerts=2796
[+00:42:27.978] VoxelChunk: GenerateAsync (-1,2,3)
[+00:42:28.082] VoxelMesh: Chunk X=0 Y=0 Z=0 FlatVerts=228 SlopeVerts=13362
[+00:42:28.091] VoxelChunk: GenerateAsync (3,-1,1)
[+00:42:28.091] VoxelMesh: Chunk X=3 Y=-1 Z=1 FlatVerts=1422 SlopeVerts=2562
[+00:42:28.181] VoxelMesh: Chunk X=0 Y=0 Z=0 FlatVerts=10374 SlopeVerts=4788
[+00:42:28.197] VoxelChunk: GenerateAsync (3,2,1)
[+00:42:28.285] VoxelMesh: Chunk X=0 Y=0 Z=0 FlatVerts=264 SlopeVerts=24378
[+00:42:28.302] VoxelChunk: GenerateAsync (3,-1,2)
[+00:42:28.302] VoxelMesh: Chunk X=3 Y=-1 Z=2 FlatVerts=84 SlopeVerts=120
[+00:42:28.387] VoxelChunk: GenerateAsync (-3,0,2)
[+00:42:28.389] VoxelMesh: Chunk X=-3 Y=0 Z=2 FlatVerts=0 SlopeVerts=18
[+00:42:28.489] VoxelMesh: Chunk X=0 Y=0 Z=0 FlatVerts=1578 SlopeVerts=13698
[+00:42:28.499] VoxelChunk: GenerateAsync (-3,3,1)
[+00:42:28.593] VoxelMesh: Chunk X=0 Y=0 Z=0 FlatVerts=642 SlopeVerts=2130
[+00:42:28.595] VoxelChunk: GenerateAsync (-3,1,1)
[+00:42:28.696] VoxelMesh: Chunk X=0 Y=0 Z=0 FlatVerts=1596 SlopeVerts=5688
[+00:42:28.702] VoxelChunk: GenerateAsync (-2,3,1)
[+00:42:28.703] VoxelMesh: Chunk X=-2 Y=3 Z=1 FlatVerts=120 SlopeVerts=420
[+00:42:28.805] VoxelMesh: Chunk X=0 Y=0 Z=0 FlatVerts=0 SlopeVerts=0
[+00:42:28.806] VoxelChunk: GenerateAsync (-3,0,1)
[+00:42:28.908] VoxelMesh: Chunk X=0 Y=0 Z=0 FlatVerts=1878 SlopeVerts=3582
[+00:42:28.912] VoxelChunk: GenerateAsync (-1,3,1)
[+00:42:28.913] VoxelMesh: Chunk X=-1 Y=3 Z=1 FlatVerts=654 SlopeVerts=1950
[+00:42:29.009] VoxelMesh: Chunk X=0 Y=0 Z=0 FlatVerts=414 SlopeVerts=18228
[+00:42:29.023] VoxelChunk: GenerateAsync (3,0,2)
[+00:42:29.023] VoxelMesh: Chunk X=3 Y=0 Z=2 FlatVerts=18 SlopeVerts=1110
[+00:42:29.109] VoxelChunk: GenerateAsync (0,3,3)
[+00:42:29.213] VoxelChunk: GenerateAsync (-1,3,3)
[+00:42:29.314] VoxelMesh: Chunk X=0 Y=0 Z=0 FlatVerts=3942 SlopeVerts=9798
[+00:42:29.326] VoxelChunk: GenerateAsync (1,3,1)
[+00:42:29.326] VoxelMesh: Chunk X=1 Y=3 Z=1 FlatVerts=300 SlopeVerts=726
[+00:42:29.421] VoxelChunk: GenerateAsync (-3,-2,3)
[+00:42:58.019] VoxelMesh: Chunk X=-3 Y=-2 Z=3 FlatVerts=36 SlopeVerts=5982
[+00:42:58.090] VoxelMesh: Chunk X=0 Y=0 Z=0 FlatVerts=8826 SlopeVerts=7482
[+00:42:58.106] VoxelChunk: GenerateAsync (2,3,1)
[+00:42:58.107] VoxelMesh: Chunk X=2 Y=3 Z=1 FlatVerts=6 SlopeVerts=24
[+00:42:58.155] VoxelMesh: Chunk X=0 Y=0 Z=0 FlatVerts=10770 SlopeVerts=2040
[+00:42:58.169] VoxelChunk: GenerateAsync (3,3,1)
[+00:42:58.169] VoxelMesh: Chunk X=3 Y=3 Z=1 FlatVerts=0 SlopeVerts=42
[+00:42:58.274] VoxelMesh: Chunk X=0 Y=0 Z=0 FlatVerts=1044 SlopeVerts=3264
[+00:42:58.278] VoxelChunk: GenerateAsync (3,1,2)
[+00:42:58.278] VoxelMesh: Chunk X=3 Y=1 Z=2 FlatVerts=0 SlopeVerts=2064
[+00:42:58.362] VoxelMesh: Chunk X=0 Y=0 Z=0 FlatVerts=54 SlopeVerts=4116
[+00:42:58.366] VoxelChunk: GenerateAsync (-3,2,2)
[+00:42:58.367] VoxelMesh: Chunk X=-3 Y=2 Z=2 FlatVerts=0 SlopeVerts=6
[+00:42:58.467] VoxelMesh: Chunk X=0 Y=0 Z=0 FlatVerts=48 SlopeVerts=1098
[+00:42:58.469] VoxelChunk: GenerateAsync (-3,-3,2)
[+00:42:58.470] VoxelMesh: Chunk X=-3 Y=-3 Z=2 FlatVerts=120 SlopeVerts=5010
[+00:42:58.575] VoxelChunk: GenerateAsync (-3,-1,3)
[+00:42:58.576] VoxelMesh: Chunk X=-3 Y=-1 Z=3 FlatVerts=0 SlopeVerts=720
[+00:42:58.677] VoxelMesh: Chunk X=0 Y=0 Z=0 FlatVerts=168 SlopeVerts=12966
[+00:42:58.686] VoxelChunk: GenerateAsync (-2,-3,2)
[+00:42:58.687] VoxelMesh: Chunk X=-2 Y=-3 Z=2 FlatVerts=0 SlopeVerts=2592
[+00:42:58.804] VoxelMesh: Chunk X=0 Y=0 Z=0 FlatVerts=0 SlopeVerts=36
[+00:42:58.804] VoxelChunk: GenerateAsync (-1,-1,3)
[+00:42:58.805] VoxelMesh: Chunk X=-1 Y=-1 Z=3 FlatVerts=12 SlopeVerts=4272
[+00:42:58.916] VoxelMesh: Chunk X=0 Y=0 Z=0 FlatVerts=198 SlopeVerts=32844
[+00:42:58.939] VoxelChunk: GenerateAsync (-1,-3,2)
[+00:42:58.940] VoxelMesh: Chunk X=-1 Y=-3 Z=2 FlatVerts=0 SlopeVerts=3528
[+00:42:59.006] VoxelMesh: Chunk X=0 Y=0 Z=0 FlatVerts=3180 SlopeVerts=1362
[+00:42:59.011] VoxelChunk: GenerateAsync (3,2,2)
[+00:42:59.012] VoxelMesh: Chunk X=3 Y=2 Z=2 FlatVerts=0 SlopeVerts=18
[+00:42:59.129] VoxelMesh: Chunk X=0 Y=0 Z=0 FlatVerts=54 SlopeVerts=7170
[+00:42:59.134] VoxelChunk: GenerateAsync (-3,3,2)
[+00:42:59.135] VoxelMesh: Chunk X=-3 Y=3 Z=2 FlatVerts=6 SlopeVerts=1428
[+00:42:59.246] VoxelMesh: Chunk X=0 Y=0 Z=0 FlatVerts=0 SlopeVerts=24
[+00:42:59.248] VoxelChunk: GenerateAsync (-2,3,2)
[+00:42:59.248] VoxelMesh: Chunk X=-2 Y=3 Z=2 FlatVerts=1056 SlopeVerts=3420
[+00:42:59.363] VoxelMesh: Chunk X=0 Y=0 Z=0 FlatVerts=0 SlopeVerts=0
[+00:42:59.364] VoxelChunk: GenerateAsync (-1,3,2)
[+00:42:59.365] VoxelMesh: Chunk X=-1 Y=3 Z=2 FlatVerts=1494 SlopeVerts=1200
[+00:42:59.458] VoxelMesh: Chunk X=0 Y=0 Z=0 FlatVerts=180 SlopeVerts=1428
[+00:42:59.459] VoxelChunk: GenerateAsync (0,3,2)
[+00:42:59.459] VoxelMesh: Chunk X=0 Y=3 Z=2 FlatVerts=1398 SlopeVerts=1296
[+00:42:59.563] VoxelMesh: Chunk X=0 Y=0 Z=0 FlatVerts=1260 SlopeVerts=3678
[+00:42:59.567] VoxelChunk: GenerateAsync (1,3,2)
[+00:42:59.567] VoxelMesh: Chunk X=1 Y=3 Z=2 FlatVerts=1302 SlopeVerts=2754
[+00:42:59.664] VoxelMesh: Chunk X=0 Y=0 Z=0 FlatVerts=2838 SlopeVerts=3324
[+00:42:59.670] VoxelChunk: GenerateAsync (2,3,2)
[+00:42:59.671] VoxelMesh: Chunk X=2 Y=3 Z=2 FlatVerts=30 SlopeVerts=2166
[+00:42:59.763] VoxelMesh: Chunk X=0 Y=0 Z=0 FlatVerts=2334 SlopeVerts=1128
[+00:42:59.767] VoxelChunk: GenerateAsync (3,3,2)
[+00:42:59.768] VoxelMesh: Chunk X=3 Y=3 Z=2 FlatVerts=252 SlopeVerts=4482
[+00:42:59.872] VoxelChunk: GenerateAsync (-3,-3,3)
[+00:42:59.872] VoxelMesh: Chunk X=-3 Y=-3 Z=3 FlatVerts=0 SlopeVerts=348
[+00:42:59.977] VoxelChunk: GenerateAsync (2,3,-4)
[+00:43:00.082] VoxelChunk: GenerateAsync (0,-2,-4)
[+00:43:00.187] VoxelChunk: GenerateAsync (-1,-2,-4)
[+00:43:00.291] VoxelChunk: GenerateAsync (-2,2,-4)
[+00:43:00.396] VoxelChunk: GenerateAsync (-2,-2,-4)
[+00:43:00.503] VoxelChunk: GenerateAsync (-3,-2,-4)
[+00:43:00.607] VoxelChunk: GenerateAsync (-3,2,-4)
[+00:43:00.711] VoxelChunk: GenerateAsync (-3,3,-4)
[+00:43:00.816] VoxelChunk: GenerateAsync (3,-3,-4)
[+00:43:00.919] VoxelChunk: GenerateAsync (2,-3,-4)
[+00:43:01.023] VoxelChunk: GenerateAsync (1,-3,-4)
[+00:43:01.129] VoxelChunk: GenerateAsync (0,-3,-4)
[+00:43:01.234] VoxelChunk: GenerateAsync (3,1,-4)
[+00:43:01.340] VoxelChunk: GenerateAsync (2,1,-4)
[+00:43:01.444] VoxelChunk: GenerateAsync (3,2,-4)
[+00:43:01.549] VoxelChunk: GenerateAsync (-1,3,-4)
[+00:43:01.654] VoxelChunk: GenerateAsync (3,0,-4)
[+00:43:01.759] VoxelChunk: GenerateAsync (2,2,-4)
[+00:43:01.864] VoxelChunk: GenerateAsync (2,0,-4)
[+00:43:01.969] VoxelChunk: GenerateAsync (1,0,-4)
[+00:43:02.074] VoxelChunk: GenerateAsync (1,1,-4)
[+00:43:02.180] VoxelChunk: GenerateAsync (0,0,-4)
[+00:43:02.285] VoxelChunk: GenerateAsync (-1,0,-4)
[+00:43:02.393] VoxelChunk: GenerateAsync (0,1,-4)
[+00:43:02.494] VoxelChunk: GenerateAsync (1,2,-4)
[+00:43:02.596] VoxelChunk: GenerateAsync (-2,3,-4)
[+00:43:02.696] VoxelChunk: GenerateAsync (1,3,-4)
[+00:43:02.804] VoxelChunk: GenerateAsync (-1,1,-4)
[+00:43:02.911] VoxelChunk: GenerateAsync (-2,0,-4)
[+00:43:03.017] VoxelChunk: GenerateAsync (-3,0,-4)
[+00:43:03.123] VoxelChunk: GenerateAsync (-2,1,-4)
[+00:43:03.227] VoxelChunk: GenerateAsync (0,2,-4)
[+00:43:03.331] VoxelChunk: GenerateAsync (3,-1,-4)
[+00:43:03.436] VoxelChunk: GenerateAsync (2,-1,-4)
[+00:43:03.542] VoxelChunk: GenerateAsync (-3,1,-4)
[+00:43:03.648] VoxelChunk: GenerateAsync (1,-1,-4)
[+00:43:03.753] VoxelChunk: GenerateAsync (0,-1,-4)
[+00:43:03.857] VoxelChunk: GenerateAsync (-1,-1,-4)
[+00:43:03.962] VoxelChunk: GenerateAsync (-2,-1,-4)
[+00:43:04.067] VoxelChunk: GenerateAsync (-3,-1,-4)
[+00:43:04.172] VoxelChunk: GenerateAsync (3,-2,-4)
[+00:43:04.276] VoxelChunk: GenerateAsync (-1,2,-4)
[+00:43:04.380] VoxelChunk: GenerateAsync (0,3,-4)
[+00:43:04.485] VoxelChunk: GenerateAsync (3,3,-4)
[+00:43:04.590] VoxelChunk: GenerateAsync (1,-2,-4)
[+00:43:04.695] VoxelChunk: GenerateAsync (-3,-3,-4)
[+00:43:04.800] VoxelChunk: GenerateAsync (-1,-3,-4)
[+00:43:04.905] VoxelChunk: GenerateAsync (2,-2,-4)
[+00:43:05.016] VoxelChunk: GenerateAsync (-2,-3,-4)
[+00:43:05.116] VoxelChunk: GenerateAsync (-3,-3,4)
[+00:43:05.216] VoxelChunk: GenerateAsync (-2,-3,4)
[+00:43:05.318] VoxelMesh: Chunk X=0 Y=0 Z=0 FlatVerts=30 SlopeVerts=4566
[+00:43:05.321] VoxelChunk: GenerateAsync (-1,-3,4)
[+00:43:05.322] VoxelMesh: Chunk X=-1 Y=-3 Z=4 FlatVerts=0 SlopeVerts=2052
[+00:43:05.425] VoxelMesh: Chunk X=0 Y=0 Z=0 FlatVerts=90 SlopeVerts=14202
[+00:43:05.435] VoxelChunk: GenerateAsync (0,-3,4)
[+00:43:05.437] VoxelMesh: Chunk X=0 Y=-3 Z=4 FlatVerts=0 SlopeVerts=4902
[+00:43:05.525] VoxelMesh: Chunk X=0 Y=0 Z=0 FlatVerts=78 SlopeVerts=30096
[+00:43:05.547] VoxelChunk: GenerateAsync (1,-3,4)
[+00:43:05.549] VoxelMesh: Chunk X=1 Y=-3 Z=4 FlatVerts=0 SlopeVerts=7728
[+00:43:05.632] VoxelMesh: Chunk X=0 Y=0 Z=0 FlatVerts=18 SlopeVerts=28116
[+00:43:05.652] VoxelChunk: GenerateAsync (2,-3,4)
[+00:43:05.653] VoxelMesh: Chunk X=2 Y=-3 Z=4 FlatVerts=18 SlopeVerts=7092
[+00:43:05.734] VoxelMesh: Chunk X=0 Y=0 Z=0 FlatVerts=36 SlopeVerts=19440
[+00:43:05.748] VoxelChunk: GenerateAsync (3,-3,4)
[+00:43:05.748] VoxelMesh: Chunk X=3 Y=-3 Z=4 FlatVerts=0 SlopeVerts=2700
[+00:43:05.833] VoxelChunk: GenerateAsync (-3,-2,4)
[+00:43:05.834] VoxelMesh: Chunk X=-3 Y=-2 Z=4 FlatVerts=24 SlopeVerts=5244
[+00:43:05.938] VoxelChunk: GenerateAsync (-2,-2,4)
[+00:43:05.939] VoxelMesh: Chunk X=-2 Y=-2 Z=4 FlatVerts=0 SlopeVerts=5550
[+00:43:06.042] VoxelMesh: Chunk X=0 Y=0 Z=0 FlatVerts=0 SlopeVerts=3084
[+00:43:06.045] VoxelChunk: GenerateAsync (-1,-2,4)
[+00:43:06.045] VoxelMesh: Chunk X=-1 Y=-2 Z=4 FlatVerts=0 SlopeVerts=894
[+00:43:06.147] VoxelMesh: Chunk X=0 Y=0 Z=0 FlatVerts=60 SlopeVerts=16818
[+00:43:06.159] VoxelChunk: GenerateAsync (0,-2,4)
[+00:43:06.160] VoxelMesh: Chunk X=0 Y=-2 Z=4 FlatVerts=0 SlopeVerts=1764
[+00:43:06.257] VoxelMesh: Chunk X=0 Y=0 Z=0 FlatVerts=90 SlopeVerts=33162
[+00:43:06.280] VoxelChunk: GenerateAsync (1,-2,4)
[+00:43:06.280] VoxelMesh: Chunk X=1 Y=-2 Z=4 FlatVerts=0 SlopeVerts=1200
[+00:43:06.359] VoxelMesh: Chunk X=0 Y=0 Z=0 FlatVerts=54 SlopeVerts=32040
[+00:43:06.382] VoxelChunk: GenerateAsync (2,-2,4)
[+00:43:06.383] VoxelMesh: Chunk X=2 Y=-2 Z=4 FlatVerts=0 SlopeVerts=246
[+00:43:06.462] VoxelMesh: Chunk X=0 Y=0 Z=0 FlatVerts=66 SlopeVerts=34452
[+00:43:06.486] VoxelChunk: GenerateAsync (3,-2,4)
[+00:43:06.563] VoxelChunk: GenerateAsync (-3,-1,4)
[+00:43:06.564] VoxelMesh: Chunk X=-3 Y=-1 Z=4 FlatVerts=0 SlopeVerts=3654
[+00:43:06.666] VoxelChunk: GenerateAsync (-2,-1,4)
[+00:43:06.666] VoxelMesh: Chunk X=-2 Y=-1 Z=4 FlatVerts=0 SlopeVerts=2328
[+00:43:06.769] VoxelMesh: Chunk X=0 Y=0 Z=0 FlatVerts=0 SlopeVerts=0
[+00:43:06.769] VoxelChunk: GenerateAsync (-1,-1,4)
[+00:43:06.770] VoxelMesh: Chunk X=-1 Y=-1 Z=4 FlatVerts=0 SlopeVerts=4416
[+00:43:06.873] VoxelMesh: Chunk X=0 Y=0 Z=0 FlatVerts=0 SlopeVerts=5460
[+00:43:06.875] VoxelChunk: GenerateAsync (0,-1,4)
[+00:43:06.977] VoxelMesh: Chunk X=0 Y=0 Z=0 FlatVerts=30 SlopeVerts=13686
[+00:43:06.987] VoxelChunk: GenerateAsync (1,-1,4)
[+00:43:07.080] VoxelMesh: Chunk X=0 Y=0 Z=0 FlatVerts=54 SlopeVerts=20274
[+00:43:07.093] VoxelChunk: GenerateAsync (2,-1,4)
[+00:43:07.188] VoxelMesh: Chunk X=0 Y=0 Z=0 FlatVerts=42 SlopeVerts=28584
[+00:43:07.209] VoxelChunk: GenerateAsync (3,-1,4)
[+00:43:07.286] VoxelChunk: GenerateAsync (-3,0,4)
[+00:43:07.287] VoxelMesh: Chunk X=-3 Y=0 Z=4 FlatVerts=0 SlopeVerts=7002
[+00:43:07.390] VoxelChunk: GenerateAsync (-2,0,4)
[+00:43:07.391] VoxelMesh: Chunk X=-2 Y=0 Z=4 FlatVerts=0 SlopeVerts=5376
[+00:43:07.493] VoxelChunk: GenerateAsync (-1,0,4)
[+00:43:07.494] VoxelMesh: Chunk X=-1 Y=0 Z=4 FlatVerts=0 SlopeVerts=1614
[+00:43:07.595] VoxelChunk: GenerateAsync (0,0,4)
[+00:43:07.697] VoxelChunk: GenerateAsync (1,0,4)
[+00:43:07.798] VoxelMesh: Chunk X=0 Y=0 Z=0 FlatVerts=0 SlopeVerts=1902
[+00:43:07.800] VoxelChunk: GenerateAsync (2,0,4)
[+00:43:07.901] VoxelMesh: Chunk X=0 Y=0 Z=0 FlatVerts=6 SlopeVerts=5514
[+00:43:07.904] VoxelChunk: GenerateAsync (3,0,4)
[+00:43:07.905] VoxelMesh: Chunk X=3 Y=0 Z=4 FlatVerts=0 SlopeVerts=0
[+00:43:08.004] VoxelChunk: GenerateAsync (-3,1,4)
[+00:43:08.005] VoxelMesh: Chunk X=-3 Y=1 Z=4 FlatVerts=42 SlopeVerts=7620
[+00:43:08.111] VoxelChunk: GenerateAsync (-2,1,4)
[+00:43:08.112] VoxelMesh: Chunk X=-2 Y=1 Z=4 FlatVerts=0 SlopeVerts=2244
[+00:43:08.214] VoxelChunk: GenerateAsync (-1,1,4)
[+00:43:08.214] VoxelMesh: Chunk X=-1 Y=1 Z=4 FlatVerts=0 SlopeVerts=0
[+00:43:08.318] VoxelChunk: GenerateAsync (0,1,4)
[+00:43:08.419] VoxelChunk: GenerateAsync (1,1,4)
[+00:43:08.525] VoxelChunk: GenerateAsync (2,1,4)
[+00:43:08.525] VoxelMesh: Chunk X=2 Y=1 Z=4 FlatVerts=0 SlopeVerts=300
[+00:43:08.626] VoxelChunk: GenerateAsync (3,1,4)
[+00:43:08.627] VoxelMesh: Chunk X=3 Y=1 Z=4 FlatVerts=270 SlopeVerts=3144
[+00:43:08.729] VoxelChunk: GenerateAsync (-3,2,4)
[+00:43:08.730] VoxelMesh: Chunk X=-3 Y=2 Z=4 FlatVerts=90 SlopeVerts=6630
[+00:43:08.837] VoxelChunk: GenerateAsync (-2,2,4)
[+00:43:08.838] VoxelMesh: Chunk X=-2 Y=2 Z=4 FlatVerts=54 SlopeVerts=1302
[+00:43:08.940] VoxelChunk: GenerateAsync (-1,2,4)
[+00:43:09.042] VoxelChunk: GenerateAsync (0,2,4)
[+00:43:09.143] VoxelChunk: GenerateAsync (1,2,4)
[+00:43:09.143] VoxelMesh: Chunk X=1 Y=2 Z=4 FlatVerts=0 SlopeVerts=0
[+00:43:09.243] VoxelChunk: GenerateAsync (2,2,4)
[+00:43:09.244] VoxelMesh: Chunk X=2 Y=2 Z=4 FlatVerts=0 SlopeVerts=3366
[+00:43:09.347] VoxelChunk: GenerateAsync (3,2,4)
[+00:43:09.347] VoxelMesh: Chunk X=3 Y=2 Z=4 FlatVerts=372 SlopeVerts=3042
[+00:43:09.452] VoxelChunk: GenerateAsync (-3,3,4)
[+00:43:09.452] VoxelMesh: Chunk X=-3 Y=3 Z=4 FlatVerts=6 SlopeVerts=1002
[+00:43:09.554] VoxelChunk: GenerateAsync (-2,3,4)
[+00:43:09.554] VoxelMesh: Chunk X=-2 Y=3 Z=4 FlatVerts=0 SlopeVerts=0
[+00:43:09.655] VoxelChunk: GenerateAsync (-1,3,4)
[+00:43:09.759] VoxelChunk: GenerateAsync (0,3,4)
[+00:43:09.862] VoxelChunk: GenerateAsync (1,3,4)
[+00:43:09.862] VoxelMesh: Chunk X=1 Y=3 Z=4 FlatVerts=0 SlopeVerts=6
[+00:43:09.963] VoxelChunk: GenerateAsync (2,3,4)
[+00:43:09.963] VoxelMesh: Chunk X=2 Y=3 Z=4 FlatVerts=0 SlopeVerts=3132
[+00:43:10.067] VoxelChunk: GenerateAsync (3,3,4)
[+00:43:10.067] VoxelWorld: Editor generation complete, 441 chunks.
[+00:43:10.067] VoxelMesh: Chunk X=3 Y=3 Z=4 FlatVerts=0 SlopeVerts=648
