=== FIRSTVOXEL SESSION [2026.03.17-03.16.29] ===
[+03:16:29.014] FirstVoxel module started.
[+03:16:40.984] VoxelWorld: GenerateWorldDeferred started.
[+03:16:40.985] VoxelWorld: Queued 244 chunks.
[+03:16:41.087] VoxelMesh: Chunk X=0 Y=0 Z=0 FlatVerts=3438 SlopeVerts=13434
[+03:16:41.101] VoxelChunk: GenerateAsync (1,0,0)
[+03:16:41.102] VoxelMesh: Chunk X=1 Y=0 Z=0 FlatVerts=144 SlopeVerts=54
[+03:16:41.190] VoxelMesh: Chunk X=0 Y=0 Z=0 FlatVerts=1392 SlopeVerts=846
[+03:16:41.192] VoxelChunk: GenerateAsync (0,-1,-1)
[+03:16:41.295] VoxelMesh: Chunk X=0 Y=0 Z=0 FlatVerts=930 SlopeVerts=5442
[+03:16:41.300] VoxelChunk: GenerateAsync (1,1,1)
[+03:16:41.300] VoxelMesh: Chunk X=1 Y=1 Z=1 FlatVerts=144 SlopeVerts=1668
[+03:17:08.672] VoxelMesh: Chunk X=0 Y=0 Z=0 FlatVerts=144 SlopeVerts=1668
[+03:17:08.674] VoxelChunk: GenerateAsync (0,1,1)
[+03:17:08.675] VoxelMesh: Chunk X=0 Y=1 Z=1 FlatVerts=0 SlopeVerts=0
[+03:17:08.707] VoxelMesh: Chunk X=0 Y=0 Z=0 FlatVerts=0 SlopeVerts=0
[+03:17:08.707] VoxelChunk: GenerateAsync (-1,1,1)
[+03:17:08.786] VoxelMesh: Chunk X=0 Y=0 Z=0 FlatVerts=1530 SlopeVerts=20520
[+03:17:08.803] VoxelChunk: GenerateAsync (1,0,1)
[+03:17:08.804] VoxelMesh: Chunk X=1 Y=0 Z=1 FlatVerts=258 SlopeVerts=4968
[+03:17:08.891] VoxelMesh: Chunk X=0 Y=0 Z=0 FlatVerts=444 SlopeVerts=10596
[+03:17:08.898] VoxelChunk: GenerateAsync (0,0,1)
[+03:17:08.898] VoxelMesh: Chunk X=0 Y=0 Z=1 FlatVerts=54 SlopeVerts=2094
[+03:17:08.990] VoxelMesh: Chunk X=0 Y=0 Z=0 FlatVerts=54 SlopeVerts=2154
[+03:17:08.992] VoxelChunk: GenerateAsync (-1,0,1)
[+03:17:08.993] VoxelMesh: Chunk X=-1 Y=0 Z=1 FlatVerts=0 SlopeVerts=0
[+03:17:09.092] VoxelMesh: Chunk X=0 Y=0 Z=0 FlatVerts=9738 SlopeVerts=30
[+03:17:09.104] VoxelChunk: GenerateAsync (-1,1,0)
[+03:17:09.105] VoxelMesh: Chunk X=-1 Y=1 Z=0 FlatVerts=2394 SlopeVerts=0
[+03:17:09.198] VoxelMesh: Chunk X=0 Y=0 Z=0 FlatVerts=9138 SlopeVerts=2322
[+03:17:09.210] VoxelChunk: GenerateAsync (0,1,0)
[+03:17:09.211] VoxelMesh: Chunk X=0 Y=1 Z=0 FlatVerts=2286 SlopeVerts=30
[+03:17:09.306] VoxelMesh: Chunk X=0 Y=0 Z=0 FlatVerts=8970 SlopeVerts=678
[+03:17:09.316] VoxelChunk: GenerateAsync (0,1,-1)
[+03:17:09.410] VoxelMesh: Chunk X=0 Y=0 Z=0 FlatVerts=8082 SlopeVerts=864
[+03:17:09.420] VoxelChunk: GenerateAsync (-1,0,-1)
[+03:17:09.513] VoxelMesh: Chunk X=0 Y=0 Z=0 FlatVerts=762 SlopeVerts=21138
[+03:17:09.530] VoxelChunk: GenerateAsync (0,-1,1)
[+03:17:09.531] VoxelMesh: Chunk X=0 Y=-1 Z=1 FlatVerts=492 SlopeVerts=3714
[+03:17:09.621] VoxelMesh: Chunk X=0 Y=0 Z=0 FlatVerts=1758 SlopeVerts=1020
[+03:17:09.624] VoxelChunk: GenerateAsync (1,0,-1)
[+03:17:09.725] VoxelMesh: Chunk X=0 Y=0 Z=0 FlatVerts=2232 SlopeVerts=13020
[+03:17:09.737] VoxelChunk: GenerateAsync (0,-1,0)
[+03:17:09.738] VoxelMesh: Chunk X=0 Y=-1 Z=0 FlatVerts=0 SlopeVerts=6
[+03:17:09.830] VoxelMesh: Chunk X=0 Y=0 Z=0 FlatVerts=8166 SlopeVerts=2928
[+03:17:09.842] VoxelChunk: GenerateAsync (-1,0,0)
[+03:17:09.843] VoxelMesh: Chunk X=-1 Y=0 Z=0 FlatVerts=2154 SlopeVerts=48
[+03:17:09.939] VoxelMesh: Chunk X=0 Y=0 Z=0 FlatVerts=636 SlopeVerts=25182
[+03:17:09.957] VoxelChunk: GenerateAsync (1,-1,1)
[+03:17:09.959] VoxelMesh: Chunk X=1 Y=-1 Z=1 FlatVerts=0 SlopeVerts=1434
[+03:17:10.045] VoxelMesh: Chunk X=0 Y=0 Z=0 FlatVerts=1002 SlopeVerts=10224
[+03:17:10.052] VoxelChunk: GenerateAsync (-1,-1,1)
[+03:17:10.054] VoxelMesh: Chunk X=-1 Y=-1 Z=1 FlatVerts=486 SlopeVerts=1410
[+03:17:10.148] VoxelMesh: Chunk X=0 Y=0 Z=0 FlatVerts=876 SlopeVerts=11166
[+03:17:10.156] VoxelChunk: GenerateAsync (1,-1,0)
[+03:17:10.248] VoxelMesh: Chunk X=0 Y=0 Z=0 FlatVerts=5034 SlopeVerts=1518
[+03:17:10.255] VoxelChunk: GenerateAsync (0,0,-1)
[+03:17:10.355] VoxelMesh: Chunk X=0 Y=0 Z=0 FlatVerts=7524 SlopeVerts=6270
[+03:17:10.368] VoxelChunk: GenerateAsync (1,1,0)
[+03:17:10.369] VoxelMesh: Chunk X=1 Y=1 Z=0 FlatVerts=1356 SlopeVerts=648
[+03:17:10.464] VoxelMesh: Chunk X=0 Y=0 Z=0 FlatVerts=5454 SlopeVerts=8790
[+03:17:10.475] VoxelChunk: GenerateAsync (-1,-1,0)
[+03:17:10.476] VoxelMesh: Chunk X=-1 Y=-1 Z=0 FlatVerts=1008 SlopeVerts=744
[+03:17:10.570] VoxelMesh: Chunk X=0 Y=0 Z=0 FlatVerts=9738 SlopeVerts=30
[+03:17:10.581] VoxelChunk: GenerateAsync (-1,1,-1)
[+03:17:10.675] VoxelMesh: Chunk X=0 Y=0 Z=0 FlatVerts=6534 SlopeVerts=1260
[+03:17:10.684] VoxelChunk: GenerateAsync (1,1,-1)
[+03:17:10.779] VoxelMesh: Chunk X=0 Y=0 Z=0 FlatVerts=150 SlopeVerts=84
[+03:17:10.779] VoxelChunk: GenerateAsync (1,-1,-1)
[+03:17:10.882] VoxelMesh: Chunk X=0 Y=0 Z=0 FlatVerts=4410 SlopeVerts=1584
[+03:17:10.888] VoxelChunk: GenerateAsync (-1,-1,-1)
[+03:17:10.983] VoxelChunk: GenerateAsync (0,0,-2)
[+03:17:11.087] VoxelChunk: GenerateAsync (-1,-1,-2)
[+03:17:11.190] VoxelChunk: GenerateAsync (0,-1,-2)
[+03:17:11.294] VoxelChunk: GenerateAsync (2,-2,-2)
[+03:17:11.398] VoxelChunk: GenerateAsync (-1,-2,-2)
[+03:17:11.501] VoxelChunk: GenerateAsync (1,-1,-2)
[+03:17:11.605] VoxelChunk: GenerateAsync (-1,1,-2)
[+03:17:11.705] VoxelChunk: GenerateAsync (0,1,-2)
[+03:17:11.810] VoxelChunk: GenerateAsync (2,-1,-2)
[+03:17:11.915] VoxelChunk: GenerateAsync (0,-2,-2)
[+03:17:12.018] VoxelChunk: GenerateAsync (1,1,-2)
[+03:17:12.122] VoxelChunk: GenerateAsync (2,1,-2)
[+03:19:08.776] VoxelChunk: GenerateAsync (-2,2,-2)
[+03:19:08.987] VoxelChunk: GenerateAsync (2,2,-2)
[+03:19:09.317] VoxelChunk: GenerateAsync (-1,2,-2)
[+03:19:09.647] VoxelChunk: GenerateAsync (-2,0,-2)
[+03:19:09.977] VoxelChunk: GenerateAsync (0,2,-2)
[+03:19:10.308] VoxelChunk: GenerateAsync (1,2,-2)
[+03:19:10.641] VoxelChunk: GenerateAsync (-1,0,-2)
[+03:19:10.976] VoxelChunk: GenerateAsync (-2,-1,-2)
[+03:19:11.309] VoxelChunk: GenerateAsync (1,-2,-2)
[+03:19:11.644] VoxelChunk: GenerateAsync (-2,-2,-2)
[+03:19:11.973] VoxelChunk: GenerateAsync (-2,1,-2)
[+03:19:12.309] VoxelChunk: GenerateAsync (1,0,-2)
[+03:19:12.642] VoxelChunk: GenerateAsync (2,0,-2)
[+03:19:12.975] VoxelMesh: Chunk X=0 Y=0 Z=0 FlatVerts=474 SlopeVerts=6498
[+03:19:12.979] VoxelChunk: GenerateAsync (2,-1,0)
[+03:19:13.305] VoxelChunk: GenerateAsync (0,2,2)
[+03:19:13.638] VoxelChunk: GenerateAsync (-1,2,2)
[+03:19:13.975] VoxelMesh: Chunk X=0 Y=0 Z=0 FlatVerts=3018 SlopeVerts=1854
[+03:19:13.980] VoxelChunk: GenerateAsync (2,1,-1)
[+03:19:14.305] VoxelMesh: Chunk X=0 Y=0 Z=0 FlatVerts=0 SlopeVerts=378
[+03:19:14.306] VoxelChunk: GenerateAsync (1,1,2)
[+03:19:14.641] VoxelMesh: Chunk X=0 Y=0 Z=0 FlatVerts=318 SlopeVerts=1098
[+03:19:14.643] VoxelChunk: GenerateAsync (2,0,-1)
[+03:19:14.974] VoxelMesh: Chunk X=0 Y=0 Z=0 FlatVerts=9846 SlopeVerts=252
[+03:19:14.988] VoxelChunk: GenerateAsync (0,2,-1)
[+03:19:15.305] VoxelMesh: Chunk X=0 Y=0 Z=0 FlatVerts=246 SlopeVerts=2532
[+03:19:15.308] VoxelChunk: GenerateAsync (2,1,2)
[+03:19:15.309] VoxelMesh: Chunk X=2 Y=1 Z=2 FlatVerts=0 SlopeVerts=372
[+03:19:15.643] VoxelMesh: Chunk X=0 Y=0 Z=0 FlatVerts=18 SlopeVerts=24234
[+03:19:15.662] VoxelChunk: GenerateAsync (1,-2,2)
[+03:19:15.663] VoxelMesh: Chunk X=1 Y=-2 Z=2 FlatVerts=0 SlopeVerts=294
[+03:19:15.975] VoxelMesh: Chunk X=0 Y=0 Z=0 FlatVerts=0 SlopeVerts=0
[+03:19:15.976] VoxelChunk: GenerateAsync (-2,1,1)
[+03:19:16.308] VoxelMesh: Chunk X=0 Y=0 Z=0 FlatVerts=636 SlopeVerts=23328
[+03:19:16.325] VoxelChunk: GenerateAsync (2,-1,1)
[+03:19:16.327] VoxelMesh: Chunk X=2 Y=-1 Z=1 FlatVerts=72 SlopeVerts=1920
[+03:19:16.641] VoxelMesh: Chunk X=0 Y=0 Z=0 FlatVerts=1338 SlopeVerts=13044
[+03:19:16.651] VoxelChunk: GenerateAsync (-2,-2,1)
[+03:19:16.652] VoxelMesh: Chunk X=-2 Y=-2 Z=1 FlatVerts=588 SlopeVerts=3912
[+03:19:16.980] VoxelMesh: Chunk X=0 Y=0 Z=0 FlatVerts=72 SlopeVerts=3354
[+03:19:16.982] VoxelChunk: GenerateAsync (1,-2,0)
[+03:19:17.308] VoxelMesh: Chunk X=0 Y=0 Z=0 FlatVerts=2466 SlopeVerts=12582
[+03:19:17.324] VoxelChunk: GenerateAsync (2,1,1)
[+03:19:17.325] VoxelMesh: Chunk X=2 Y=1 Z=1 FlatVerts=792 SlopeVerts=3108
[+03:19:17.645] VoxelMesh: Chunk X=0 Y=0 Z=0 FlatVerts=1734 SlopeVerts=11262
[+03:19:17.654] VoxelChunk: GenerateAsync (2,0,0)
[+03:19:17.656] VoxelMesh: Chunk X=2 Y=0 Z=0 FlatVerts=6 SlopeVerts=30
[+03:19:17.977] VoxelMesh: Chunk X=0 Y=0 Z=0 FlatVerts=78 SlopeVerts=26136
[+03:19:17.999] VoxelChunk: GenerateAsync (2,-2,2)
[+03:19:18.000] VoxelMesh: Chunk X=2 Y=-2 Z=2 FlatVerts=0 SlopeVerts=18
[+03:19:18.308] VoxelMesh: Chunk X=0 Y=0 Z=0 FlatVerts=0 SlopeVerts=60
[+03:19:18.309] VoxelChunk: GenerateAsync (-1,0,2)
[+03:19:18.644] VoxelMesh: Chunk X=0 Y=0 Z=0 FlatVerts=9246 SlopeVerts=48
[+03:19:18.660] VoxelChunk: GenerateAsync (-2,0,-1)
[+03:19:18.976] VoxelMesh: Chunk X=0 Y=0 Z=0 FlatVerts=8592 SlopeVerts=1872
[+03:19:18.988] VoxelChunk: GenerateAsync (-2,2,0)
[+03:19:18.989] VoxelMesh: Chunk X=-2 Y=2 Z=0 FlatVerts=2340 SlopeVerts=6
[+03:19:19.312] VoxelMesh: Chunk X=0 Y=0 Z=0 FlatVerts=204 SlopeVerts=29976
[+03:19:19.335] VoxelChunk: GenerateAsync (2,-1,2)
[+03:19:19.336] VoxelMesh: Chunk X=2 Y=-1 Z=2 FlatVerts=0 SlopeVerts=2310
[+03:19:19.415] VoxelMesh: Chunk X=0 Y=0 Z=0 FlatVerts=1008 SlopeVerts=750
[+03:19:19.418] VoxelChunk: GenerateAsync (-1,-2,-1)
[+03:19:19.519] VoxelMesh: Chunk X=0 Y=0 Z=0 FlatVerts=1224 SlopeVerts=20016
[+03:19:19.536] VoxelChunk: GenerateAsync (-1,-2,1)
[+03:19:19.538] VoxelMesh: Chunk X=-1 Y=-2 Z=1 FlatVerts=270 SlopeVerts=3258
[+03:19:19.627] VoxelMesh: Chunk X=0 Y=0 Z=0 FlatVerts=9792 SlopeVerts=6
[+03:19:19.643] VoxelChunk: GenerateAsync (-2,1,0)
[+03:19:19.644] VoxelMesh: Chunk X=-2 Y=1 Z=0 FlatVerts=2670 SlopeVerts=0
[+03:19:19.732] VoxelMesh: Chunk X=0 Y=0 Z=0 FlatVerts=72 SlopeVerts=4242
[+03:19:19.735] VoxelChunk: GenerateAsync (2,-2,0)
[+03:19:19.836] VoxelMesh: Chunk X=0 Y=0 Z=0 FlatVerts=1614 SlopeVerts=23808
[+03:19:19.859] VoxelChunk: GenerateAsync (2,0,1)
[+03:19:19.860] VoxelMesh: Chunk X=2 Y=0 Z=1 FlatVerts=348 SlopeVerts=2808
[+03:19:19.947] VoxelMesh: Chunk X=0 Y=0 Z=0 FlatVerts=6 SlopeVerts=30
[+03:19:19.947] VoxelChunk: GenerateAsync (2,-1,-1)
[+03:19:20.048] VoxelMesh: Chunk X=0 Y=0 Z=0 FlatVerts=9300 SlopeVerts=0
[+03:19:20.056] VoxelChunk: GenerateAsync (-1,2,-1)
[+03:19:20.158] VoxelChunk: GenerateAsync (2,-2,-1)
[+03:19:20.256] VoxelMesh: Chunk X=0 Y=0 Z=0 FlatVerts=18 SlopeVerts=4644
[+03:19:20.259] VoxelChunk: GenerateAsync (-2,-2,2)
[+03:19:20.261] VoxelMesh: Chunk X=-2 Y=-2 Z=2 FlatVerts=0 SlopeVerts=0
[+03:19:20.359] VoxelMesh: Chunk X=0 Y=0 Z=0 FlatVerts=5262 SlopeVerts=11898
[+03:19:20.377] VoxelChunk: GenerateAsync (2,1,0)
[+03:19:20.378] VoxelMesh: Chunk X=2 Y=1 Z=0 FlatVerts=258 SlopeVerts=282
[+03:19:20.465] VoxelMesh: Chunk X=0 Y=0 Z=0 FlatVerts=6 SlopeVerts=14442
[+03:19:20.478] VoxelChunk: GenerateAsync (0,-1,2)
[+03:19:20.479] VoxelMesh: Chunk X=0 Y=-1 Z=2 FlatVerts=6 SlopeVerts=2910
[+03:19:20.562] VoxelMesh: Chunk X=0 Y=0 Z=0 FlatVerts=0 SlopeVerts=1932
[+03:19:20.564] VoxelChunk: GenerateAsync (0,0,2)
[+03:19:20.565] VoxelMesh: Chunk X=0 Y=0 Z=2 FlatVerts=0 SlopeVerts=60
[+03:19:20.670] VoxelChunk: GenerateAsync (-1,1,2)
[+03:19:20.770] VoxelMesh: Chunk X=0 Y=0 Z=0 FlatVerts=54 SlopeVerts=924
[+03:19:20.772] VoxelChunk: GenerateAsync (-2,2,1)
[+03:19:20.773] VoxelMesh: Chunk X=-2 Y=2 Z=1 FlatVerts=0 SlopeVerts=0
[+03:19:20.874] VoxelChunk: GenerateAsync (-1,2,1)
[+03:19:20.985] VoxelMesh: Chunk X=0 Y=0 Z=0 FlatVerts=72 SlopeVerts=10092
[+03:19:20.992] VoxelChunk: GenerateAsync (1,-2,1)
[+03:19:21.083] VoxelMesh: Chunk X=0 Y=0 Z=0 FlatVerts=558 SlopeVerts=1626
[+03:19:21.085] VoxelChunk: GenerateAsync (-2,-1,1)
[+03:19:21.086] VoxelMesh: Chunk X=-2 Y=-1 Z=1 FlatVerts=72 SlopeVerts=216
[+03:19:21.186] VoxelChunk: GenerateAsync (-2,2,2)
[+03:19:21.288] VoxelMesh: Chunk X=0 Y=0 Z=0 FlatVerts=7836 SlopeVerts=2634
[+03:19:21.300] VoxelChunk: GenerateAsync (-2,-1,0)
[+03:19:21.301] VoxelMesh: Chunk X=-2 Y=-1 Z=0 FlatVerts=2028 SlopeVerts=276
[+03:19:21.396] VoxelMesh: Chunk X=0 Y=0 Z=0 FlatVerts=7218 SlopeVerts=1068
[+03:19:21.407] VoxelChunk: GenerateAsync (-2,-1,-1)
[+03:19:21.500] VoxelMesh: Chunk X=0 Y=0 Z=0 FlatVerts=1116 SlopeVerts=3000
[+03:19:21.504] VoxelChunk: GenerateAsync (1,2,1)
[+03:19:21.603] VoxelMesh: Chunk X=0 Y=0 Z=0 FlatVerts=522 SlopeVerts=16968
[+03:19:21.618] VoxelChunk: GenerateAsync (0,-2,1)
[+03:19:21.619] VoxelMesh: Chunk X=0 Y=-2 Z=1 FlatVerts=0 SlopeVerts=918
[+03:19:21.707] VoxelMesh: Chunk X=0 Y=0 Z=0 FlatVerts=126 SlopeVerts=13536
[+03:19:21.716] VoxelChunk: GenerateAsync (2,-2,1)
[+03:19:21.809] VoxelMesh: Chunk X=0 Y=0 Z=0 FlatVerts=4728 SlopeVerts=9864
[+03:19:21.823] VoxelChunk: GenerateAsync (-2,-2,0)
[+03:19:21.824] VoxelMesh: Chunk X=-2 Y=-2 Z=0 FlatVerts=288 SlopeVerts=36
[+03:19:21.919] VoxelMesh: Chunk X=0 Y=0 Z=0 FlatVerts=0 SlopeVerts=6
[+03:19:21.919] VoxelChunk: GenerateAsync (0,-2,-1)
[+03:19:22.295] VoxelMesh: Chunk X=0 Y=0 Z=0 FlatVerts=0 SlopeVerts=0
[+03:19:22.295] VoxelChunk: GenerateAsync (-2,0,1)
[+03:19:22.621] VoxelMesh: Chunk X=0 Y=0 Z=0 FlatVerts=9300 SlopeVerts=0
[+03:19:22.628] VoxelChunk: GenerateAsync (-1,2,0)
[+03:19:22.629] VoxelMesh: Chunk X=-1 Y=2 Z=0 FlatVerts=2388 SlopeVerts=0
[+03:19:22.960] VoxelMesh: Chunk X=0 Y=0 Z=0 FlatVerts=264 SlopeVerts=19104
[+03:19:22.981] VoxelChunk: GenerateAsync (2,0,2)
[+03:19:22.983] VoxelMesh: Chunk X=2 Y=0 Z=2 FlatVerts=0 SlopeVerts=5790
[+03:19:23.293] VoxelChunk: GenerateAsync (-2,1,2)
[+03:19:23.647] VoxelMesh: Chunk X=0 Y=0 Z=0 FlatVerts=0 SlopeVerts=6
[+03:19:23.648] VoxelChunk: GenerateAsync (1,2,2)
[+03:19:23.727] VoxelMesh: Chunk X=0 Y=0 Z=0 FlatVerts=6 SlopeVerts=420
[+03:19:23.728] VoxelChunk: GenerateAsync (0,2,1)
[+03:19:23.834] VoxelMesh: Chunk X=0 Y=0 Z=0 FlatVerts=9246 SlopeVerts=48
[+03:19:23.846] VoxelChunk: GenerateAsync (-2,0,0)
[+03:19:23.847] VoxelMesh: Chunk X=-2 Y=0 Z=0 FlatVerts=2028 SlopeVerts=0
[+03:19:23.940] VoxelMesh: Chunk X=0 Y=0 Z=0 FlatVerts=9792 SlopeVerts=6
[+03:19:23.953] VoxelChunk: GenerateAsync (-2,1,-1)
[+03:19:24.045] VoxelMesh: Chunk X=0 Y=0 Z=0 FlatVerts=8166 SlopeVerts=1140
[+03:19:24.059] VoxelChunk: GenerateAsync (1,2,-1)
[+03:19:24.154] VoxelMesh: Chunk X=0 Y=0 Z=0 FlatVerts=3642 SlopeVerts=1350
[+03:19:24.160] VoxelChunk: GenerateAsync (2,2,-1)
[+03:19:24.253] VoxelMesh: Chunk X=0 Y=0 Z=0 FlatVerts=48 SlopeVerts=16182
[+03:19:24.264] VoxelChunk: GenerateAsync (-1,-2,2)
[+03:19:24.265] VoxelMesh: Chunk X=-1 Y=-2 Z=2 FlatVerts=18 SlopeVerts=4152
[+03:19:24.362] VoxelMesh: Chunk X=0 Y=0 Z=0 FlatVerts=36 SlopeVerts=25836
[+03:19:24.389] VoxelChunk: GenerateAsync (0,-2,2)
[+03:19:24.390] VoxelMesh: Chunk X=0 Y=-2 Z=2 FlatVerts=24 SlopeVerts=3582
[+03:19:24.459] VoxelChunk: GenerateAsync (-2,-1,2)
[+03:19:24.559] VoxelMesh: Chunk X=0 Y=0 Z=0 FlatVerts=6 SlopeVerts=3000
[+03:19:24.561] VoxelChunk: GenerateAsync (-1,-1,2)
[+03:19:24.663] VoxelMesh: Chunk X=0 Y=0 Z=0 FlatVerts=0 SlopeVerts=24606
[+03:19:24.681] VoxelChunk: GenerateAsync (1,-1,2)
[+03:19:24.682] VoxelMesh: Chunk X=1 Y=-1 Z=2 FlatVerts=0 SlopeVerts=4116
[+03:19:24.767] VoxelChunk: GenerateAsync (-2,0,2)
[+03:19:24.867] VoxelMesh: Chunk X=0 Y=0 Z=0 FlatVerts=0 SlopeVerts=10110
[+03:19:24.873] VoxelChunk: GenerateAsync (1,0,2)
[+03:19:24.874] VoxelMesh: Chunk X=1 Y=0 Z=2 FlatVerts=0 SlopeVerts=1794
[+03:19:24.975] VoxelMesh: Chunk X=0 Y=0 Z=0 FlatVerts=6924 SlopeVerts=7182
[+03:19:24.988] VoxelChunk: GenerateAsync (2,2,0)
[+03:19:24.989] VoxelMesh: Chunk X=2 Y=2 Z=0 FlatVerts=2274 SlopeVerts=318
[+03:19:25.077] VoxelChunk: GenerateAsync (0,1,2)
[+03:19:25.181] VoxelChunk: GenerateAsync (1,-2,-1)
[+03:19:25.281] VoxelMesh: Chunk X=0 Y=0 Z=0 FlatVerts=8538 SlopeVerts=948
[+03:19:25.293] VoxelChunk: GenerateAsync (-2,2,-1)
[+03:19:25.385] VoxelMesh: Chunk X=0 Y=0 Z=0 FlatVerts=1746 SlopeVerts=1038
[+03:19:25.388] VoxelChunk: GenerateAsync (2,2,2)
[+03:19:25.490] VoxelMesh: Chunk X=0 Y=0 Z=0 FlatVerts=5184 SlopeVerts=6714
[+03:19:25.502] VoxelChunk: GenerateAsync (2,2,1)
[+03:19:25.503] VoxelMesh: Chunk X=2 Y=2 Z=1 FlatVerts=0 SlopeVerts=288
[+03:19:25.596] VoxelMesh: Chunk X=0 Y=0 Z=0 FlatVerts=3318 SlopeVerts=1062
[+03:19:25.601] VoxelChunk: GenerateAsync (-2,-2,-1)
[+03:19:25.702] VoxelMesh: Chunk X=0 Y=0 Z=0 FlatVerts=9852 SlopeVerts=672
[+03:19:25.715] VoxelChunk: GenerateAsync (0,2,0)
[+03:19:25.716] VoxelMesh: Chunk X=0 Y=2 Z=0 FlatVerts=2670 SlopeVerts=0
[+03:19:25.808] VoxelMesh: Chunk X=0 Y=0 Z=0 FlatVerts=9282 SlopeVerts=4134
[+03:19:25.823] VoxelChunk: GenerateAsync (1,2,0)
[+03:19:25.824] VoxelMesh: Chunk X=1 Y=2 Z=0 FlatVerts=2658 SlopeVerts=0
[+03:19:25.909] VoxelMesh: Chunk X=0 Y=0 Z=0 FlatVerts=2202 SlopeVerts=10104
[+03:19:25.919] VoxelChunk: GenerateAsync (-1,-2,0)
[+03:19:25.921] VoxelMesh: Chunk X=-1 Y=-2 Z=0 FlatVerts=0 SlopeVerts=0
[+03:19:26.014] VoxelMesh: Chunk X=0 Y=0 Z=0 FlatVerts=492 SlopeVerts=6072
[+03:19:26.019] VoxelChunk: GenerateAsync (0,-2,0)
[+03:19:26.113] VoxelMesh: Chunk X=0 Y=0 Z=0 FlatVerts=726 SlopeVerts=8364
[+03:19:26.119] VoxelChunk: GenerateAsync (-3,2,1)
[+03:19:26.120] VoxelMesh: Chunk X=-3 Y=2 Z=1 FlatVerts=570 SlopeVerts=1806
[+03:19:26.214] VoxelMesh: Chunk X=0 Y=0 Z=0 FlatVerts=9294 SlopeVerts=564
[+03:19:26.227] VoxelChunk: GenerateAsync (-3,0,0)
[+03:19:26.228] VoxelMesh: Chunk X=-3 Y=0 Z=0 FlatVerts=2382 SlopeVerts=0
[+03:19:26.320] VoxelMesh: Chunk X=0 Y=0 Z=0 FlatVerts=9618 SlopeVerts=4590
[+03:19:26.336] VoxelChunk: GenerateAsync (3,2,1)
[+03:19:26.337] VoxelMesh: Chunk X=3 Y=2 Z=1 FlatVerts=1236 SlopeVerts=2430
[+03:19:26.422] VoxelMesh: Chunk X=0 Y=0 Z=0 FlatVerts=1446 SlopeVerts=13422
[+03:19:26.435] VoxelChunk: GenerateAsync (-3,3,1)
[+03:19:26.436] VoxelMesh: Chunk X=-3 Y=3 Z=1 FlatVerts=90 SlopeVerts=2346
[+03:19:26.528] VoxelChunk: GenerateAsync (3,-1,-1)
[+03:19:26.631] VoxelChunk: GenerateAsync (3,1,-2)
[+03:19:26.732] VoxelMesh: Chunk X=0 Y=0 Z=0 FlatVerts=3678 SlopeVerts=9498
[+03:19:26.742] VoxelChunk: GenerateAsync (1,3,1)
[+03:19:26.743] VoxelMesh: Chunk X=1 Y=3 Z=1 FlatVerts=6 SlopeVerts=420
[+03:19:26.837] VoxelChunk: GenerateAsync (-2,-3,-2)
[+03:19:26.941] VoxelMesh: Chunk X=0 Y=0 Z=0 FlatVerts=10146 SlopeVerts=1962
[+03:19:26.956] VoxelChunk: GenerateAsync (3,3,1)
[+03:19:26.957] VoxelMesh: Chunk X=3 Y=3 Z=1 FlatVerts=948 SlopeVerts=816
[+03:19:27.045] VoxelMesh: Chunk X=0 Y=0 Z=0 FlatVerts=48 SlopeVerts=1086
[+03:19:27.046] VoxelChunk: GenerateAsync (-3,-3,2)
[+03:19:27.047] VoxelMesh: Chunk X=-3 Y=-3 Z=2 FlatVerts=0 SlopeVerts=102
[+03:19:27.150] VoxelMesh: Chunk X=0 Y=0 Z=0 FlatVerts=138 SlopeVerts=12408
[+03:19:27.161] VoxelChunk: GenerateAsync (-2,-3,2)
[+03:19:27.162] VoxelMesh: Chunk X=-2 Y=-3 Z=2 FlatVerts=0 SlopeVerts=468
[+03:19:27.255] VoxelMesh: Chunk X=0 Y=0 Z=0 FlatVerts=2220 SlopeVerts=6690
[+03:19:27.261] VoxelChunk: GenerateAsync (3,0,0)
[+03:19:27.354] VoxelMesh: Chunk X=0 Y=0 Z=0 FlatVerts=9294 SlopeVerts=564
[+03:19:27.365] VoxelChunk: GenerateAsync (-3,0,-1)
[+03:19:27.458] VoxelMesh: Chunk X=0 Y=0 Z=0 FlatVerts=8778 SlopeVerts=3246
[+03:19:27.471] VoxelChunk: GenerateAsync (-3,1,0)
[+03:19:27.472] VoxelMesh: Chunk X=-3 Y=1 Z=0 FlatVerts=2214 SlopeVerts=564
[+03:19:27.561] VoxelMesh: Chunk X=0 Y=0 Z=0 FlatVerts=180 SlopeVerts=21384
[+03:19:27.577] VoxelChunk: GenerateAsync (1,-3,2)
[+03:19:27.578] VoxelMesh: Chunk X=1 Y=-3 Z=2 FlatVerts=12 SlopeVerts=2514
[+03:19:27.664] VoxelMesh: Chunk X=0 Y=0 Z=0 FlatVerts=180 SlopeVerts=22734
[+03:19:27.680] VoxelChunk: GenerateAsync (2,-3,2)
[+03:19:27.682] VoxelMesh: Chunk X=2 Y=-3 Z=2 FlatVerts=0 SlopeVerts=276
[+03:19:27.767] VoxelChunk: GenerateAsync (-3,1,-2)
[+03:19:27.872] VoxelChunk: GenerateAsync (3,0,-2)
[+03:19:27.975] VoxelMesh: Chunk X=0 Y=0 Z=0 FlatVerts=438 SlopeVerts=462
[+03:19:27.977] VoxelChunk: GenerateAsync (3,2,-1)
[+03:19:28.079] VoxelChunk: GenerateAsync (-3,0,-2)
[+03:19:28.185] VoxelMesh: Chunk X=0 Y=0 Z=0 FlatVerts=120 SlopeVerts=20658
[+03:19:28.202] VoxelChunk: GenerateAsync (3,-2,2)
[+03:19:28.204] VoxelMesh: Chunk X=3 Y=-2 Z=2 FlatVerts=54 SlopeVerts=3798
[+03:19:28.284] VoxelMesh: Chunk X=0 Y=0 Z=0 FlatVerts=2214 SlopeVerts=1782
[+03:19:28.289] VoxelChunk: GenerateAsync (-3,3,-1)
[+03:19:28.384] VoxelMesh: Chunk X=0 Y=0 Z=0 FlatVerts=6072 SlopeVerts=9654
[+03:19:28.398] VoxelChunk: GenerateAsync (3,1,0)
[+03:19:28.399] VoxelMesh: Chunk X=3 Y=1 Z=0 FlatVerts=54 SlopeVerts=786
[+03:19:28.488] VoxelMesh: Chunk X=0 Y=0 Z=0 FlatVerts=5832 SlopeVerts=6954
[+03:19:28.506] VoxelChunk: GenerateAsync (-3,2,0)
[+03:19:28.508] VoxelMesh: Chunk X=-3 Y=2 Z=0 FlatVerts=990 SlopeVerts=864
[+03:19:28.587] VoxelMesh: Chunk X=0 Y=0 Z=0 FlatVerts=5532 SlopeVerts=2292
[+03:19:28.596] VoxelChunk: GenerateAsync (-2,3,-1)
[+03:19:28.696] VoxelChunk: GenerateAsync (3,3,-2)
[+03:19:28.800] VoxelChunk: GenerateAsync (3,-2,-1)
[+03:19:28.900] VoxelChunk: GenerateAsync (-3,0,2)
[+03:19:29.016] VoxelMesh: Chunk X=0 Y=0 Z=0 FlatVerts=6252 SlopeVerts=1032
[+03:19:29.024] VoxelChunk: GenerateAsync (-1,3,-1)
[+03:19:29.111] VoxelMesh: Chunk X=0 Y=0 Z=0 FlatVerts=5472 SlopeVerts=1086
[+03:19:29.119] VoxelChunk: GenerateAsync (0,3,-1)
[+03:19:29.217] VoxelChunk: GenerateAsync (2,3,-2)
[+03:19:29.319] VoxelMesh: Chunk X=0 Y=0 Z=0 FlatVerts=390 SlopeVerts=17424
[+03:19:29.333] VoxelChunk: GenerateAsync (3,0,2)
[+03:19:29.335] VoxelMesh: Chunk X=3 Y=0 Z=2 FlatVerts=186 SlopeVerts=5574
[+03:19:29.422] VoxelMesh: Chunk X=0 Y=0 Z=0 FlatVerts=6864 SlopeVerts=4056
[+03:19:29.433] VoxelChunk: GenerateAsync (3,2,0)
[+03:19:29.435] VoxelMesh: Chunk X=3 Y=2 Z=0 FlatVerts=438 SlopeVerts=462
[+03:19:29.527] VoxelMesh: Chunk X=0 Y=0 Z=0 FlatVerts=3480 SlopeVerts=1194
[+03:19:29.532] VoxelChunk: GenerateAsync (1,3,-1)
[+03:19:29.635] VoxelMesh: Chunk X=0 Y=0 Z=0 FlatVerts=3648 SlopeVerts=9450
[+03:19:29.647] VoxelChunk: GenerateAsync (-3,3,0)
[+03:19:29.648] VoxelMesh: Chunk X=-3 Y=3 Z=0 FlatVerts=12 SlopeVerts=60
[+03:19:29.738] VoxelMesh: Chunk X=0 Y=0 Z=0 FlatVerts=6960 SlopeVerts=7692
[+03:19:29.751] VoxelChunk: GenerateAsync (-2,3,0)
[+03:19:29.752] VoxelMesh: Chunk X=-2 Y=3 Z=0 FlatVerts=1782 SlopeVerts=942
[+03:19:29.842] VoxelMesh: Chunk X=0 Y=0 Z=0 FlatVerts=930 SlopeVerts=570
[+03:19:29.843] VoxelChunk: GenerateAsync (2,3,-1)
[+03:19:29.946] VoxelChunk: GenerateAsync (1,3,-2)
[+03:19:30.044] VoxelMesh: Chunk X=0 Y=0 Z=0 FlatVerts=7854 SlopeVerts=918
[+03:19:30.055] VoxelChunk: GenerateAsync (-3,-1,-1)
[+03:19:30.147] VoxelMesh: Chunk X=0 Y=0 Z=0 FlatVerts=7902 SlopeVerts=4446
[+03:19:30.159] VoxelChunk: GenerateAsync (-1,3,0)
[+03:19:30.160] VoxelMesh: Chunk X=-1 Y=3 Z=0 FlatVerts=2028 SlopeVerts=0
[+03:19:30.254] VoxelChunk: GenerateAsync (3,3,-1)
[+03:19:30.358] VoxelChunk: GenerateAsync (2,-3,-1)
[+03:19:30.459] VoxelMesh: Chunk X=0 Y=0 Z=0 FlatVerts=6246 SlopeVerts=4860
[+03:19:30.469] VoxelChunk: GenerateAsync (2,3,0)
[+03:19:30.470] VoxelMesh: Chunk X=2 Y=3 Z=0 FlatVerts=930 SlopeVerts=570
[+03:19:30.564] VoxelMesh: Chunk X=0 Y=0 Z=0 FlatVerts=3876 SlopeVerts=15792
[+03:19:30.582] VoxelChunk: GenerateAsync (-3,-3,0)
[+03:19:30.583] VoxelMesh: Chunk X=-3 Y=-3 Z=0 FlatVerts=168 SlopeVerts=1488
[+03:19:30.666] VoxelMesh: Chunk X=0 Y=0 Z=0 FlatVerts=7794 SlopeVerts=1110
[+03:19:30.676] VoxelChunk: GenerateAsync (3,3,0)
[+03:19:30.769] VoxelMesh: Chunk X=0 Y=0 Z=0 FlatVerts=2124 SlopeVerts=14460
[+03:19:30.783] VoxelChunk: GenerateAsync (-3,-3,1)
[+03:19:30.784] VoxelMesh: Chunk X=-3 Y=-3 Z=1 FlatVerts=420 SlopeVerts=3264
[+03:19:30.870] VoxelMesh: Chunk X=0 Y=0 Z=0 FlatVerts=2436 SlopeVerts=11226
[+03:19:30.881] VoxelChunk: GenerateAsync (-2,-3,0)
[+03:19:30.882] VoxelMesh: Chunk X=-2 Y=-3 Z=0 FlatVerts=918 SlopeVerts=954
[+03:19:30.976] VoxelMesh: Chunk X=0 Y=0 Z=0 FlatVerts=1254 SlopeVerts=21384
[+03:19:30.992] VoxelChunk: GenerateAsync (-2,-3,1)
[+03:19:30.993] VoxelMesh: Chunk X=-2 Y=-3 Z=1 FlatVerts=270 SlopeVerts=2592
[+03:19:31.079] VoxelMesh: Chunk X=0 Y=0 Z=0 FlatVerts=456 SlopeVerts=22944
[+03:19:31.095] VoxelChunk: GenerateAsync (-1,-3,1)
[+03:19:31.097] VoxelMesh: Chunk X=-1 Y=-3 Z=1 FlatVerts=6 SlopeVerts=570
[+03:19:31.183] VoxelMesh: Chunk X=0 Y=0 Z=0 FlatVerts=288 SlopeVerts=4848
[+03:19:31.186] VoxelChunk: GenerateAsync (-1,-3,0)
[+03:19:31.289] VoxelMesh: Chunk X=0 Y=0 Z=0 FlatVerts=54 SlopeVerts=786
[+03:19:31.291] VoxelChunk: GenerateAsync (3,0,-1)
[+03:19:31.394] VoxelChunk: GenerateAsync (3,-3,-1)
[+03:19:31.497] VoxelMesh: Chunk X=0 Y=0 Z=0 FlatVerts=84 SlopeVerts=11550
[+03:19:31.504] VoxelChunk: GenerateAsync (0,-3,1)
[+03:19:31.506] VoxelMesh: Chunk X=0 Y=-3 Z=1 FlatVerts=12 SlopeVerts=102
[+03:19:31.599] VoxelMesh: Chunk X=0 Y=0 Z=0 FlatVerts=48 SlopeVerts=3288
[+03:19:31.602] VoxelChunk: GenerateAsync (1,-3,1)
[+03:19:31.603] VoxelMesh: Chunk X=1 Y=-3 Z=1 FlatVerts=36 SlopeVerts=186
[+03:19:31.706] VoxelMesh: Chunk X=0 Y=0 Z=0 FlatVerts=48 SlopeVerts=1206
[+03:19:31.707] VoxelChunk: GenerateAsync (0,-3,0)
[+03:19:31.809] VoxelMesh: Chunk X=0 Y=0 Z=0 FlatVerts=54 SlopeVerts=4716
[+03:19:31.812] VoxelChunk: GenerateAsync (2,-3,1)
[+03:19:31.942] VoxelMesh: Chunk X=0 Y=0 Z=0 FlatVerts=72 SlopeVerts=5568
[+03:19:31.945] VoxelChunk: GenerateAsync (3,-3,1)
[+03:19:32.039] VoxelMesh: Chunk X=0 Y=0 Z=0 FlatVerts=36 SlopeVerts=186
[+03:19:32.040] VoxelChunk: GenerateAsync (1,-3,0)
[+03:19:32.139] VoxelMesh: Chunk X=0 Y=0 Z=0 FlatVerts=8208 SlopeVerts=1440
[+03:19:32.151] VoxelChunk: GenerateAsync (-3,1,-1)
[+03:19:32.242] VoxelMesh: Chunk X=0 Y=0 Z=0 FlatVerts=1674 SlopeVerts=9588
[+03:19:32.250] VoxelChunk: GenerateAsync (-3,-2,1)
[+03:19:32.252] VoxelMesh: Chunk X=-3 Y=-2 Z=1 FlatVerts=810 SlopeVerts=3594
[+03:19:32.347] VoxelMesh: Chunk X=0 Y=0 Z=0 FlatVerts=0 SlopeVerts=624
[+03:19:32.348] VoxelChunk: GenerateAsync (2,-3,0)
[+03:19:32.450] VoxelMesh: Chunk X=0 Y=0 Z=0 FlatVerts=0 SlopeVerts=624
[+03:19:32.451] VoxelChunk: GenerateAsync (3,-3,0)
[+03:19:32.554] VoxelMesh: Chunk X=0 Y=0 Z=0 FlatVerts=0 SlopeVerts=0
[+03:19:32.555] VoxelChunk: GenerateAsync (-1,-3,-1)
[+03:19:32.654] VoxelMesh: Chunk X=0 Y=0 Z=0 FlatVerts=5748 SlopeVerts=10002
[+03:19:32.668] VoxelChunk: GenerateAsync (-3,-2,0)
[+03:19:32.669] VoxelMesh: Chunk X=-3 Y=-2 Z=0 FlatVerts=252 SlopeVerts=114
[+03:19:32.759] VoxelMesh: Chunk X=0 Y=0 Z=0 FlatVerts=1428 SlopeVerts=5424
[+03:19:32.764] VoxelChunk: GenerateAsync (-2,3,1)
[+03:19:32.765] VoxelMesh: Chunk X=-2 Y=3 Z=1 FlatVerts=54 SlopeVerts=924
[+03:19:32.877] VoxelMesh: Chunk X=0 Y=0 Z=0 FlatVerts=1650 SlopeVerts=3414
[+03:19:32.881] VoxelChunk: GenerateAsync (-1,3,1)
[+03:19:32.963] VoxelMesh: Chunk X=0 Y=0 Z=0 FlatVerts=1884 SlopeVerts=6138
[+03:19:32.970] VoxelChunk: GenerateAsync (0,3,1)
[+03:19:33.077] VoxelMesh: Chunk X=0 Y=0 Z=0 FlatVerts=72 SlopeVerts=9612
[+03:19:33.084] VoxelChunk: GenerateAsync (3,-2,1)
[+03:19:33.086] VoxelMesh: Chunk X=3 Y=-2 Z=1 FlatVerts=0 SlopeVerts=624
[+03:19:33.169] VoxelMesh: Chunk X=0 Y=0 Z=0 FlatVerts=8136 SlopeVerts=7188
[+03:19:33.185] VoxelChunk: GenerateAsync (2,3,1)
[+03:19:33.186] VoxelMesh: Chunk X=2 Y=3 Z=1 FlatVerts=1110 SlopeVerts=2286
[+03:19:33.276] VoxelMesh: Chunk X=0 Y=0 Z=0 FlatVerts=294 SlopeVerts=1500
[+03:19:33.278] VoxelChunk: GenerateAsync (-3,-1,1)
[+03:19:33.279] VoxelMesh: Chunk X=-3 Y=-1 Z=1 FlatVerts=228 SlopeVerts=1278
[+03:19:33.379] VoxelChunk: GenerateAsync (0,3,-2)
[+03:19:33.480] VoxelChunk: GenerateAsync (3,-1,-2)
[+03:19:33.582] VoxelMesh: Chunk X=0 Y=0 Z=0 FlatVerts=168 SlopeVerts=31434
[+03:19:33.603] VoxelChunk: GenerateAsync (-1,-3,2)
[+03:19:33.605] VoxelMesh: Chunk X=-1 Y=-3 Z=2 FlatVerts=126 SlopeVerts=6408
[+03:19:33.707] VoxelMesh: Chunk X=0 Y=0 Z=0 FlatVerts=126 SlopeVerts=32280
[+03:19:33.730] VoxelChunk: GenerateAsync (0,-3,2)
[+03:19:33.731] VoxelMesh: Chunk X=0 Y=-3 Z=2 FlatVerts=0 SlopeVerts=3954
[+03:19:33.809] VoxelChunk: GenerateAsync (-3,-1,-2)
[+03:19:33.911] VoxelChunk: GenerateAsync (3,-2,-2)
[+03:19:34.012] VoxelMesh: Chunk X=0 Y=0 Z=0 FlatVerts=150 SlopeVerts=25812
[+03:19:34.030] VoxelChunk: GenerateAsync (3,-3,2)
[+03:19:34.032] VoxelMesh: Chunk X=3 Y=-3 Z=2 FlatVerts=0 SlopeVerts=0
[+03:19:34.115] VoxelMesh: Chunk X=0 Y=0 Z=0 FlatVerts=48 SlopeVerts=516
[+03:19:34.116] VoxelChunk: GenerateAsync (-3,-2,2)
[+03:19:34.117] VoxelMesh: Chunk X=-3 Y=-2 Z=2 FlatVerts=48 SlopeVerts=516
[+03:19:34.216] VoxelChunk: GenerateAsync (-1,3,-2)
[+03:19:34.317] VoxelMesh: Chunk X=0 Y=0 Z=0 FlatVerts=1206 SlopeVerts=990
[+03:19:34.319] VoxelChunk: GenerateAsync (-2,-3,-1)
[+03:19:34.421] VoxelMesh: Chunk X=0 Y=0 Z=0 FlatVerts=222 SlopeVerts=12840
[+03:19:34.429] VoxelChunk: GenerateAsync (3,-1,1)
[+03:19:34.431] VoxelMesh: Chunk X=3 Y=-1 Z=1 FlatVerts=0 SlopeVerts=1698
[+03:19:34.520] VoxelMesh: Chunk X=0 Y=0 Z=0 FlatVerts=0 SlopeVerts=0
[+03:19:34.521] VoxelChunk: GenerateAsync (-3,0,1)
[+03:19:34.621] VoxelChunk: GenerateAsync (-2,3,-2)
[+03:19:34.723] VoxelChunk: GenerateAsync (-3,-2,-2)
[+03:19:34.820] VoxelChunk: GenerateAsync (-3,-1,2)
[+03:19:34.924] VoxelChunk: GenerateAsync (3,-3,-2)
[+03:19:35.026] VoxelMesh: Chunk X=0 Y=0 Z=0 FlatVerts=0 SlopeVerts=2322
[+03:19:35.027] VoxelChunk: GenerateAsync (3,-2,0)
[+03:19:35.130] VoxelChunk: GenerateAsync (2,-3,-2)
[+03:19:35.229] VoxelMesh: Chunk X=0 Y=0 Z=0 FlatVerts=8214 SlopeVerts=2352
[+03:19:35.240] VoxelChunk: GenerateAsync (-3,-1,0)
[+03:19:35.241] VoxelMesh: Chunk X=-3 Y=-1 Z=0 FlatVerts=1416 SlopeVerts=642
[+03:19:35.334] VoxelMesh: Chunk X=0 Y=0 Z=0 FlatVerts=1620 SlopeVerts=2598
[+03:19:35.337] VoxelChunk: GenerateAsync (-3,-3,-1)
[+03:19:35.438] VoxelMesh: Chunk X=0 Y=0 Z=0 FlatVerts=264 SlopeVerts=23448
[+03:19:35.455] VoxelChunk: GenerateAsync (3,-1,2)
[+03:19:35.457] VoxelMesh: Chunk X=3 Y=-1 Z=2 FlatVerts=0 SlopeVerts=3168
[+03:19:35.540] VoxelMesh: Chunk X=0 Y=0 Z=0 FlatVerts=2514 SlopeVerts=16248
[+03:19:35.555] VoxelChunk: GenerateAsync (3,0,1)
[+03:19:35.556] VoxelMesh: Chunk X=3 Y=0 Z=1 FlatVerts=18 SlopeVerts=72
[+03:19:35.646] VoxelMesh: Chunk X=0 Y=0 Z=0 FlatVerts=570 SlopeVerts=2100
[+03:19:35.648] VoxelChunk: GenerateAsync (-3,1,1)
[+03:19:35.649] VoxelMesh: Chunk X=-3 Y=1 Z=1 FlatVerts=0 SlopeVerts=0
[+03:19:35.752] VoxelChunk: GenerateAsync (1,-3,-2)
[+03:19:35.853] VoxelChunk: GenerateAsync (-3,3,-2)
[+03:19:35.953] VoxelMesh: Chunk X=0 Y=0 Z=0 FlatVerts=492 SlopeVerts=1248
[+03:19:35.954] VoxelChunk: GenerateAsync (3,1,-1)
[+03:19:36.067] VoxelChunk: GenerateAsync (0,-3,-2)
[+03:19:36.170] VoxelChunk: GenerateAsync (-1,-3,-2)
[+03:19:36.270] VoxelMesh: Chunk X=0 Y=0 Z=0 FlatVerts=0 SlopeVerts=294
[+03:19:36.271] VoxelChunk: GenerateAsync (-3,1,2)
[+03:19:36.372] VoxelChunk: GenerateAsync (3,2,-2)
[+03:19:36.473] VoxelMesh: Chunk X=0 Y=0 Z=0 FlatVerts=6654 SlopeVerts=11376
[+03:19:36.490] VoxelChunk: GenerateAsync (3,1,1)
[+03:19:36.491] VoxelMesh: Chunk X=3 Y=1 Z=1 FlatVerts=204 SlopeVerts=4230
[+03:19:36.577] VoxelChunk: GenerateAsync (-3,2,-2)
[+03:19:36.677] VoxelMesh: Chunk X=0 Y=0 Z=0 FlatVerts=5118 SlopeVerts=1878
[+03:19:36.685] VoxelChunk: GenerateAsync (-3,2,-1)
[+03:19:36.786] VoxelMesh: Chunk X=0 Y=0 Z=0 FlatVerts=3978 SlopeVerts=1074
[+03:19:36.792] VoxelChunk: GenerateAsync (-3,-2,-1)
[+03:19:36.898] VoxelChunk: GenerateAsync (1,-3,-1)
[+03:19:36.998] VoxelMesh: Chunk X=0 Y=0 Z=0 FlatVerts=960 SlopeVerts=3096
[+03:19:37.002] VoxelChunk: GenerateAsync (3,1,2)
[+03:19:37.003] VoxelMesh: Chunk X=3 Y=1 Z=2 FlatVerts=66 SlopeVerts=1854
[+03:19:37.102] VoxelMesh: Chunk X=0 Y=0 Z=0 FlatVerts=54 SlopeVerts=4116
[+03:19:37.104] VoxelChunk: GenerateAsync (-3,2,2)
[+03:19:37.105] VoxelMesh: Chunk X=-3 Y=2 Z=2 FlatVerts=0 SlopeVerts=294
[+03:19:37.206] VoxelChunk: GenerateAsync (0,-3,-1)
[+03:19:37.305] VoxelMesh: Chunk X=0 Y=0 Z=0 FlatVerts=7158 SlopeVerts=5886
[+03:19:37.317] VoxelChunk: GenerateAsync (0,3,0)
[+03:19:37.318] VoxelMesh: Chunk X=0 Y=3 Z=0 FlatVerts=2214 SlopeVerts=0
[+03:19:37.410] VoxelMesh: Chunk X=0 Y=0 Z=0 FlatVerts=5934 SlopeVerts=7296
[+03:19:37.421] VoxelChunk: GenerateAsync (1,3,0)
[+03:19:37.422] VoxelMesh: Chunk X=1 Y=3 Z=0 FlatVerts=2304 SlopeVerts=252
[+03:19:37.517] VoxelMesh: Chunk X=0 Y=0 Z=0 FlatVerts=24 SlopeVerts=1914
[+03:19:37.518] VoxelChunk: GenerateAsync (3,-1,0)
[+03:19:37.619] VoxelChunk: GenerateAsync (-3,-3,-2)
[+03:19:37.718] VoxelMesh: Chunk X=0 Y=0 Z=0 FlatVerts=2916 SlopeVerts=1272
[+03:19:37.723] VoxelChunk: GenerateAsync (3,2,2)
[+03:19:37.724] VoxelMesh: Chunk X=3 Y=2 Z=2 FlatVerts=180 SlopeVerts=288
[+03:19:37.821] VoxelMesh: Chunk X=0 Y=0 Z=0 FlatVerts=54 SlopeVerts=7122
[+03:19:37.826] VoxelChunk: GenerateAsync (-3,3,2)
[+03:19:37.827] VoxelMesh: Chunk X=-3 Y=3 Z=2 FlatVerts=18 SlopeVerts=2988
[+03:19:37.925] VoxelMesh: Chunk X=0 Y=0 Z=0 FlatVerts=0 SlopeVerts=24
[+03:19:37.926] VoxelChunk: GenerateAsync (-2,3,2)
[+03:19:38.031] VoxelMesh: Chunk X=0 Y=0 Z=0 FlatVerts=0 SlopeVerts=0
[+03:19:38.032] VoxelChunk: GenerateAsync (-1,3,2)
[+03:19:38.132] VoxelMesh: Chunk X=0 Y=0 Z=0 FlatVerts=162 SlopeVerts=1374
[+03:19:38.134] VoxelChunk: GenerateAsync (0,3,2)
[+03:19:38.235] VoxelMesh: Chunk X=0 Y=0 Z=0 FlatVerts=1158 SlopeVerts=3462
[+03:19:38.238] VoxelChunk: GenerateAsync (1,3,2)
[+03:19:38.338] VoxelMesh: Chunk X=0 Y=0 Z=0 FlatVerts=2616 SlopeVerts=3102
[+03:19:38.344] VoxelChunk: GenerateAsync (2,3,2)
[+03:19:38.344] VoxelMesh: Chunk X=2 Y=3 Z=2 FlatVerts=0 SlopeVerts=6
[+03:19:38.443] VoxelMesh: Chunk X=0 Y=0 Z=0 FlatVerts=2136 SlopeVerts=1068
[+03:19:38.447] VoxelChunk: GenerateAsync (3,3,2)
[+03:19:38.447] VoxelWorld: Editor generation complete, 245 chunks.
[+03:19:38.448] VoxelMesh: Chunk X=3 Y=3 Z=2 FlatVerts=1548 SlopeVerts=762
