=== FIRSTVOXEL SESSION [2026.03.17-02.37.53] ===
[+02:37:53.872] FirstVoxel module started.
[+02:38:08.720] VoxelWorld: GenerateWorldDeferred started.
[+02:38:08.720] VoxelWorld: Queued 245 chunks.
[+02:38:08.821] VoxelMesh: Chunk X=0 Y=0 Z=0 FlatVerts=5964 SlopeVerts=9672
[+02:38:08.835] VoxelChunk: GenerateAsync (0,0,0)
[+02:38:08.836] VoxelMesh: Chunk X=0 Y=0 Z=0 FlatVerts=1278 SlopeVerts=732
[+02:38:08.923] VoxelMesh: Chunk X=0 Y=0 Z=0 FlatVerts=4134 SlopeVerts=12660
[+02:38:08.938] VoxelChunk: GenerateAsync (1,0,0)
[+02:38:08.939] VoxelMesh: Chunk X=1 Y=0 Z=0 FlatVerts=156 SlopeVerts=42
[+02:38:09.022] VoxelMesh: Chunk X=0 Y=0 Z=0 FlatVerts=7866 SlopeVerts=5814
[+02:38:09.035] VoxelChunk: GenerateAsync (1,1,0)
[+02:38:09.036] VoxelMesh: Chunk X=1 Y=1 Z=0 FlatVerts=1350 SlopeVerts=606
[+02:38:09.128] VoxelMesh: Chunk X=0 Y=0 Z=0 FlatVerts=1302 SlopeVerts=5070
[+02:38:09.133] VoxelChunk: GenerateAsync (1,1,1)
[+02:38:09.134] VoxelMesh: Chunk X=1 Y=1 Z=1 FlatVerts=186 SlopeVerts=1626
[+02:38:09.233] VoxelMesh: Chunk X=0 Y=0 Z=0 FlatVerts=186 SlopeVerts=1626
[+02:38:09.235] VoxelChunk: GenerateAsync (0,1,1)
[+02:38:09.235] VoxelMesh: Chunk X=0 Y=1 Z=1 FlatVerts=0 SlopeVerts=0
[+02:38:09.334] VoxelMesh: Chunk X=0 Y=0 Z=0 FlatVerts=0 SlopeVerts=0
[+02:38:09.335] VoxelChunk: GenerateAsync (-1,1,1)
[+02:38:09.434] VoxelMesh: Chunk X=0 Y=0 Z=0 FlatVerts=2310 SlopeVerts=19704
[+02:38:09.451] VoxelChunk: GenerateAsync (1,0,1)
[+02:38:09.452] VoxelMesh: Chunk X=1 Y=0 Z=1 FlatVerts=576 SlopeVerts=4626
[+02:38:09.558] VoxelMesh: Chunk X=0 Y=0 Z=0 FlatVerts=822 SlopeVerts=10194
[+02:38:09.564] VoxelChunk: GenerateAsync (0,0,1)
[+02:38:09.565] VoxelMesh: Chunk X=0 Y=0 Z=1 FlatVerts=90 SlopeVerts=2058
[+02:38:09.667] VoxelMesh: Chunk X=0 Y=0 Z=0 FlatVerts=1428 SlopeVerts=786
[+02:38:09.670] VoxelChunk: GenerateAsync (0,-1,-1)
[+02:38:09.771] VoxelMesh: Chunk X=0 Y=0 Z=0 FlatVerts=174 SlopeVerts=60
[+02:38:09.773] VoxelChunk: GenerateAsync (1,-1,-1)
[+02:38:09.882] VoxelMesh: Chunk X=0 Y=0 Z=0 FlatVerts=9138 SlopeVerts=2238
[+02:38:09.895] VoxelChunk: GenerateAsync (0,1,0)
[+02:38:09.896] VoxelMesh: Chunk X=0 Y=1 Z=0 FlatVerts=2280 SlopeVerts=30
[+02:38:09.979] VoxelMesh: Chunk X=0 Y=0 Z=0 FlatVerts=9684 SlopeVerts=30
[+02:38:09.990] VoxelChunk: GenerateAsync (-1,1,-1)
[+02:38:10.085] VoxelMesh: Chunk X=0 Y=0 Z=0 FlatVerts=8196 SlopeVerts=2832
[+02:38:10.097] VoxelChunk: GenerateAsync (-1,0,0)
[+02:38:10.098] VoxelMesh: Chunk X=-1 Y=0 Z=0 FlatVerts=2124 SlopeVerts=48
[+02:38:10.190] VoxelMesh: Chunk X=0 Y=0 Z=0 FlatVerts=1848 SlopeVerts=9348
[+02:38:10.198] VoxelChunk: GenerateAsync (-1,-1,1)
[+02:38:10.198] VoxelMesh: Chunk X=-1 Y=-1 Z=1 FlatVerts=618 SlopeVerts=1266
[+02:38:10.291] VoxelMesh: Chunk X=0 Y=0 Z=0 FlatVerts=5058 SlopeVerts=1416
[+02:38:10.298] VoxelChunk: GenerateAsync (0,0,-1)
[+02:38:10.398] VoxelMesh: Chunk X=0 Y=0 Z=0 FlatVerts=6066 SlopeVerts=8094
[+02:38:10.410] VoxelChunk: GenerateAsync (-1,-1,0)
[+02:38:10.411] VoxelMesh: Chunk X=-1 Y=-1 Z=0 FlatVerts=1050 SlopeVerts=696
[+02:38:10.503] VoxelMesh: Chunk X=0 Y=0 Z=0 FlatVerts=2976 SlopeVerts=12210
[+02:38:10.514] VoxelChunk: GenerateAsync (0,-1,0)
[+02:38:10.515] VoxelMesh: Chunk X=0 Y=-1 Z=0 FlatVerts=0 SlopeVerts=6
[+02:38:10.604] VoxelMesh: Chunk X=0 Y=0 Z=0 FlatVerts=90 SlopeVerts=2118
[+02:38:10.606] VoxelChunk: GenerateAsync (-1,0,1)
[+02:38:10.607] VoxelMesh: Chunk X=-1 Y=0 Z=1 FlatVerts=0 SlopeVerts=0
[+02:38:10.706] VoxelMesh: Chunk X=0 Y=0 Z=0 FlatVerts=9684 SlopeVerts=30
[+02:38:10.717] VoxelChunk: GenerateAsync (-1,1,0)
[+02:38:10.718] VoxelMesh: Chunk X=-1 Y=1 Z=0 FlatVerts=2388 SlopeVerts=0
[+02:38:10.811] VoxelMesh: Chunk X=0 Y=0 Z=0 FlatVerts=8928 SlopeVerts=636
[+02:38:10.821] VoxelChunk: GenerateAsync (0,1,-1)
[+02:38:10.913] VoxelMesh: Chunk X=0 Y=0 Z=0 FlatVerts=8070 SlopeVerts=810
[+02:38:10.922] VoxelChunk: GenerateAsync (-1,0,-1)
[+02:38:11.015] VoxelMesh: Chunk X=0 Y=0 Z=0 FlatVerts=1374 SlopeVerts=10620
[+02:38:11.024] VoxelChunk: GenerateAsync (1,-1,0)
[+02:38:11.116] VoxelMesh: Chunk X=0 Y=0 Z=0 FlatVerts=6516 SlopeVerts=1164
[+02:38:11.124] VoxelChunk: GenerateAsync (1,1,-1)
[+02:38:11.218] VoxelMesh: Chunk X=0 Y=0 Z=0 FlatVerts=1788 SlopeVerts=942
[+02:38:11.222] VoxelChunk: GenerateAsync (1,0,-1)
[+02:38:11.324] VoxelMesh: Chunk X=0 Y=0 Z=0 FlatVerts=1266 SlopeVerts=24498
[+02:38:11.344] VoxelChunk: GenerateAsync (1,-1,1)
[+02:38:11.345] VoxelMesh: Chunk X=1 Y=-1 Z=1 FlatVerts=24 SlopeVerts=1404
[+02:38:11.430] VoxelMesh: Chunk X=0 Y=0 Z=0 FlatVerts=1830 SlopeVerts=20022
[+02:38:11.446] VoxelChunk: GenerateAsync (0,-1,1)
[+02:38:11.447] VoxelMesh: Chunk X=0 Y=-1 Z=1 FlatVerts=882 SlopeVerts=3312
[+02:38:11.536] VoxelMesh: Chunk X=0 Y=0 Z=0 FlatVerts=4452 SlopeVerts=1482
[+02:38:11.542] VoxelChunk: GenerateAsync (-1,-1,-1)
[+02:38:11.637] VoxelChunk: GenerateAsync (1,0,-2)
[+02:38:11.742] VoxelChunk: GenerateAsync (2,0,-2)
[+02:38:11.845] VoxelChunk: GenerateAsync (0,-1,-2)
[+02:38:11.945] VoxelChunk: GenerateAsync (1,-1,-2)
[+02:38:12.048] VoxelChunk: GenerateAsync (-1,-2,-2)
[+02:38:12.148] VoxelChunk: GenerateAsync (-2,-2,-2)
[+02:38:12.252] VoxelChunk: GenerateAsync (2,-1,-2)
[+02:38:12.354] VoxelChunk: GenerateAsync (0,1,-2)
[+02:38:12.455] VoxelChunk: GenerateAsync (1,1,-2)
[+02:38:12.556] VoxelChunk: GenerateAsync (1,-2,-2)
[+02:38:12.664] VoxelChunk: GenerateAsync (2,1,-2)
[+02:38:12.765] VoxelChunk: GenerateAsync (-2,2,-2)
[+02:38:12.864] VoxelChunk: GenerateAsync (-2,0,-2)
[+02:38:12.965] VoxelChunk: GenerateAsync (-2,-1,-2)
[+02:38:13.064] VoxelChunk: GenerateAsync (-1,2,-2)
[+02:38:13.164] VoxelChunk: GenerateAsync (0,2,-2)
[+02:38:13.265] VoxelChunk: GenerateAsync (-1,0,-2)
[+02:38:13.365] VoxelChunk: GenerateAsync (1,2,-2)
[+02:38:13.466] VoxelChunk: GenerateAsync (2,2,-2)
[+02:38:13.566] VoxelChunk: GenerateAsync (0,0,-2)
[+02:38:13.673] VoxelChunk: GenerateAsync (-1,-1,-2)
[+02:38:13.777] VoxelChunk: GenerateAsync (2,-2,-2)
[+02:38:13.881] VoxelChunk: GenerateAsync (0,-2,-2)
[+02:38:13.981] VoxelChunk: GenerateAsync (-2,1,-2)
[+02:38:14.084] VoxelChunk: GenerateAsync (-1,1,-2)
[+02:38:14.182] VoxelMesh: Chunk X=0 Y=0 Z=0 FlatVerts=0 SlopeVerts=6
[+02:38:14.183] VoxelChunk: GenerateAsync (1,2,2)
[+02:38:14.284] VoxelMesh: Chunk X=0 Y=0 Z=0 FlatVerts=3258 SlopeVerts=1536
[+02:38:14.289] VoxelChunk: GenerateAsync (2,1,-1)
[+02:38:14.388] VoxelMesh: Chunk X=0 Y=0 Z=0 FlatVerts=0 SlopeVerts=0
[+02:38:14.388] VoxelChunk: GenerateAsync (-2,1,1)
[+02:38:14.489] VoxelMesh: Chunk X=0 Y=0 Z=0 FlatVerts=3390 SlopeVerts=966
[+02:38:14.494] VoxelChunk: GenerateAsync (-2,-2,-1)
[+02:38:14.596] VoxelChunk: GenerateAsync (1,-2,-1)
[+02:38:14.694] VoxelChunk: GenerateAsync (-2,1,2)
[+02:38:14.798] VoxelMesh: Chunk X=0 Y=0 Z=0 FlatVerts=1176 SlopeVerts=24630
[+02:38:14.817] VoxelChunk: GenerateAsync (0,-2,2)
[+02:38:14.818] VoxelMesh: Chunk X=0 Y=-2 Z=2 FlatVerts=222 SlopeVerts=3372
[+02:38:14.897] VoxelMesh: Chunk X=0 Y=0 Z=0 FlatVerts=90 SlopeVerts=888
[+02:38:14.898] VoxelChunk: GenerateAsync (-2,2,1)
[+02:38:14.898] VoxelMesh: Chunk X=-2 Y=2 Z=1 FlatVerts=0 SlopeVerts=0
[+02:38:14.999] VoxelMesh: Chunk X=0 Y=0 Z=0 FlatVerts=1242 SlopeVerts=22686
[+02:38:15.016] VoxelChunk: GenerateAsync (2,-1,1)
[+02:38:15.018] VoxelMesh: Chunk X=2 Y=-1 Z=1 FlatVerts=108 SlopeVerts=1872
[+02:38:15.103] VoxelMesh: Chunk X=0 Y=0 Z=0 FlatVerts=7254 SlopeVerts=972
[+02:38:15.113] VoxelChunk: GenerateAsync (-2,-1,-1)
[+02:38:15.207] VoxelMesh: Chunk X=0 Y=0 Z=0 FlatVerts=132 SlopeVerts=3276
[+02:38:15.209] VoxelChunk: GenerateAsync (1,-2,0)
[+02:38:15.308] VoxelChunk: GenerateAsync (0,1,2)
[+02:38:15.410] VoxelMesh: Chunk X=0 Y=0 Z=0 FlatVerts=2616 SlopeVerts=10362
[+02:38:15.420] VoxelChunk: GenerateAsync (2,0,0)
[+02:38:15.420] VoxelMesh: Chunk X=2 Y=0 Z=0 FlatVerts=18 SlopeVerts=18
[+02:38:15.512] VoxelMesh: Chunk X=0 Y=0 Z=0 FlatVerts=948 SlopeVerts=23262
[+02:38:15.530] VoxelChunk: GenerateAsync (1,-2,2)
[+02:38:15.531] VoxelMesh: Chunk X=1 Y=-2 Z=2 FlatVerts=96 SlopeVerts=198
[+02:38:15.612] VoxelChunk: GenerateAsync (-2,0,2)
[+02:38:15.714] VoxelMesh: Chunk X=0 Y=0 Z=0 FlatVerts=180 SlopeVerts=246
[+02:38:15.715] VoxelChunk: GenerateAsync (0,2,1)
[+02:38:15.819] VoxelMesh: Chunk X=0 Y=0 Z=0 FlatVerts=1566 SlopeVerts=15888
[+02:38:15.832] VoxelChunk: GenerateAsync (0,-2,1)
[+02:38:15.834] VoxelMesh: Chunk X=0 Y=-2 Z=1 FlatVerts=30 SlopeVerts=888
[+02:38:15.918] VoxelMesh: Chunk X=0 Y=0 Z=0 FlatVerts=0 SlopeVerts=378
[+02:38:15.919] VoxelChunk: GenerateAsync (1,1,2)
[+02:38:16.019] VoxelMesh: Chunk X=0 Y=0 Z=0 FlatVerts=432 SlopeVerts=972
[+02:38:16.021] VoxelChunk: GenerateAsync (2,0,-1)
[+02:38:16.121] VoxelMesh: Chunk X=0 Y=0 Z=0 FlatVerts=2214 SlopeVerts=12114
[+02:38:16.131] VoxelChunk: GenerateAsync (-2,-2,1)
[+02:38:16.132] VoxelMesh: Chunk X=-2 Y=-2 Z=1 FlatVerts=984 SlopeVerts=3504
[+02:38:16.229] VoxelMesh: Chunk X=0 Y=0 Z=0 FlatVerts=5508 SlopeVerts=9018
[+02:38:16.242] VoxelChunk: GenerateAsync (-2,-2,0)
[+02:38:16.243] VoxelMesh: Chunk X=-2 Y=-2 Z=0 FlatVerts=282 SlopeVerts=36
[+02:38:16.338] VoxelMesh: Chunk X=0 Y=0 Z=0 FlatVerts=132 SlopeVerts=4170
[+02:38:16.340] VoxelChunk: GenerateAsync (2,-2,0)
[+02:38:16.440] VoxelMesh: Chunk X=0 Y=0 Z=0 FlatVerts=8646 SlopeVerts=1740
[+02:38:16.451] VoxelChunk: GenerateAsync (-2,2,0)
[+02:38:16.452] VoxelMesh: Chunk X=-2 Y=2 Z=0 FlatVerts=2316 SlopeVerts=0
[+02:38:16.546] VoxelMesh: Chunk X=0 Y=0 Z=0 FlatVerts=0 SlopeVerts=6
[+02:38:16.547] VoxelChunk: GenerateAsync (0,-2,-1)
[+02:38:16.647] VoxelMesh: Chunk X=0 Y=0 Z=0 FlatVerts=8184 SlopeVerts=3600
[+02:38:16.661] VoxelChunk: GenerateAsync (2,2,1)
[+02:38:16.661] VoxelMesh: Chunk X=2 Y=2 Z=1 FlatVerts=102 SlopeVerts=186
[+02:38:16.754] VoxelMesh: Chunk X=0 Y=0 Z=0 FlatVerts=8796 SlopeVerts=402
[+02:38:16.765] VoxelChunk: GenerateAsync (1,2,-1)
[+02:38:16.857] VoxelMesh: Chunk X=0 Y=0 Z=0 FlatVerts=9678 SlopeVerts=0
[+02:38:16.864] VoxelChunk: GenerateAsync (-2,1,0)
[+02:38:16.865] VoxelMesh: Chunk X=-2 Y=1 Z=0 FlatVerts=2622 SlopeVerts=0
[+02:38:16.962] VoxelMesh: Chunk X=0 Y=0 Z=0 FlatVerts=912 SlopeVerts=25254
[+02:38:16.981] VoxelChunk: GenerateAsync (2,-2,2)
[+02:38:16.983] VoxelMesh: Chunk X=2 Y=-2 Z=2 FlatVerts=0 SlopeVerts=18
[+02:38:17.059] VoxelMesh: Chunk X=0 Y=0 Z=0 FlatVerts=270 SlopeVerts=2730
[+02:38:17.061] VoxelChunk: GenerateAsync (-1,-1,2)
[+02:38:17.165] VoxelMesh: Chunk X=0 Y=0 Z=0 FlatVerts=0 SlopeVerts=60
[+02:38:17.165] VoxelChunk: GenerateAsync (-1,0,2)
[+02:38:17.266] VoxelMesh: Chunk X=0 Y=0 Z=0 FlatVerts=11790 SlopeVerts=1494
[+02:38:17.281] VoxelChunk: GenerateAsync (1,2,0)
[+02:38:17.282] VoxelMesh: Chunk X=1 Y=2 Z=0 FlatVerts=2634 SlopeVerts=0
[+02:38:17.368] VoxelMesh: Chunk X=0 Y=0 Z=0 FlatVerts=9186 SlopeVerts=0
[+02:38:17.375] VoxelChunk: GenerateAsync (-1,2,-1)
[+02:38:17.466] VoxelMesh: Chunk X=0 Y=0 Z=0 FlatVerts=8550 SlopeVerts=858
[+02:38:17.477] VoxelChunk: GenerateAsync (-2,2,-1)
[+02:38:17.575] VoxelMesh: Chunk X=0 Y=0 Z=0 FlatVerts=288 SlopeVerts=9858
[+02:38:17.581] VoxelChunk: GenerateAsync (1,-2,1)
[+02:38:17.680] VoxelMesh: Chunk X=0 Y=0 Z=0 FlatVerts=10074 SlopeVerts=324
[+02:38:17.692] VoxelChunk: GenerateAsync (0,2,0)
[+02:38:17.693] VoxelMesh: Chunk X=0 Y=2 Z=0 FlatVerts=2664 SlopeVerts=0
[+02:38:17.784] VoxelMesh: Chunk X=0 Y=0 Z=0 FlatVerts=360 SlopeVerts=2388
[+02:38:17.786] VoxelChunk: GenerateAsync (2,1,2)
[+02:38:17.788] VoxelMesh: Chunk X=2 Y=1 Z=2 FlatVerts=0 SlopeVerts=372
[+02:38:17.886] VoxelMesh: Chunk X=0 Y=0 Z=0 FlatVerts=2958 SlopeVerts=22428
[+02:38:17.906] VoxelChunk: GenerateAsync (2,0,1)
[+02:38:17.907] VoxelMesh: Chunk X=2 Y=0 Z=1 FlatVerts=492 SlopeVerts=2658
[+02:38:17.994] VoxelMesh: Chunk X=0 Y=0 Z=0 FlatVerts=684 SlopeVerts=6270
[+02:38:17.998] VoxelChunk: GenerateAsync (2,-1,0)
[+02:38:18.098] VoxelMesh: Chunk X=0 Y=0 Z=0 FlatVerts=2940 SlopeVerts=1152
[+02:38:18.102] VoxelChunk: GenerateAsync (1,2,1)
[+02:38:18.202] VoxelMesh: Chunk X=0 Y=0 Z=0 FlatVerts=2580 SlopeVerts=18588
[+02:38:18.219] VoxelChunk: GenerateAsync (-1,-2,1)
[+02:38:18.221] VoxelMesh: Chunk X=-1 Y=-2 Z=1 FlatVerts=408 SlopeVerts=3102
[+02:38:18.308] VoxelMesh: Chunk X=0 Y=0 Z=0 FlatVerts=390 SlopeVerts=13248
[+02:38:18.317] VoxelChunk: GenerateAsync (2,-2,1)
[+02:38:18.413] VoxelMesh: Chunk X=0 Y=0 Z=0 FlatVerts=690 SlopeVerts=1482
[+02:38:18.415] VoxelChunk: GenerateAsync (-2,-1,1)
[+02:38:18.415] VoxelMesh: Chunk X=-2 Y=-1 Z=1 FlatVerts=72 SlopeVerts=216
[+02:38:18.514] VoxelMesh: Chunk X=0 Y=0 Z=0 FlatVerts=7092 SlopeVerts=9966
[+02:38:18.530] VoxelChunk: GenerateAsync (2,1,0)
[+02:38:18.531] VoxelMesh: Chunk X=2 Y=1 Z=0 FlatVerts=270 SlopeVerts=270
[+02:38:18.623] VoxelMesh: Chunk X=0 Y=0 Z=0 FlatVerts=0 SlopeVerts=0
[+02:38:18.623] VoxelChunk: GenerateAsync (-2,0,1)
[+02:38:18.726] VoxelMesh: Chunk X=0 Y=0 Z=0 FlatVerts=1002 SlopeVerts=29136
[+02:38:18.748] VoxelChunk: GenerateAsync (2,-1,2)
[+02:38:18.749] VoxelMesh: Chunk X=2 Y=-1 Z=2 FlatVerts=0 SlopeVerts=2310
[+02:38:18.828] VoxelMesh: Chunk X=0 Y=0 Z=0 FlatVerts=270 SlopeVerts=9828
[+02:38:18.833] VoxelChunk: GenerateAsync (1,0,2)
[+02:38:18.834] VoxelMesh: Chunk X=1 Y=0 Z=2 FlatVerts=12 SlopeVerts=1782
[+02:38:18.925] VoxelMesh: Chunk X=0 Y=0 Z=0 FlatVerts=8004 SlopeVerts=2394
[+02:38:18.936] VoxelChunk: GenerateAsync (-2,-1,0)
[+02:38:18.938] VoxelMesh: Chunk X=-2 Y=-1 Z=0 FlatVerts=2064 SlopeVerts=228
[+02:38:19.030] VoxelMesh: Chunk X=0 Y=0 Z=0 FlatVerts=4176 SlopeVerts=10818
[+02:38:19.041] VoxelChunk: GenerateAsync (2,1,1)
[+02:38:19.043] VoxelMesh: Chunk X=2 Y=1 Z=1 FlatVerts=1002 SlopeVerts=2898
[+02:38:19.135] VoxelChunk: GenerateAsync (-1,2,1)
[+02:38:19.236] VoxelMesh: Chunk X=0 Y=0 Z=0 FlatVerts=9150 SlopeVerts=48
[+02:38:19.248] VoxelChunk: GenerateAsync (-2,0,0)
[+02:38:19.249] VoxelMesh: Chunk X=-2 Y=0 Z=0 FlatVerts=2016 SlopeVerts=0
[+02:38:19.340] VoxelMesh: Chunk X=0 Y=0 Z=0 FlatVerts=9870 SlopeVerts=102
[+02:38:19.352] VoxelChunk: GenerateAsync (0,2,-1)
[+02:38:19.445] VoxelMesh: Chunk X=0 Y=0 Z=0 FlatVerts=4320 SlopeVerts=600
[+02:38:19.450] VoxelChunk: GenerateAsync (2,2,-1)
[+02:38:19.569] VoxelMesh: Chunk X=0 Y=0 Z=0 FlatVerts=9678 SlopeVerts=0
[+02:38:19.576] VoxelChunk: GenerateAsync (-2,1,-1)
[+02:38:19.654] VoxelMesh: Chunk X=0 Y=0 Z=0 FlatVerts=240 SlopeVerts=4410
[+02:38:19.658] VoxelChunk: GenerateAsync (-2,-2,2)
[+02:38:19.659] VoxelMesh: Chunk X=-2 Y=-2 Z=2 FlatVerts=0 SlopeVerts=0
[+02:38:19.759] VoxelMesh: Chunk X=0 Y=0 Z=0 FlatVerts=1050 SlopeVerts=702
[+02:38:19.761] VoxelChunk: GenerateAsync (-1,-2,-1)
[+02:38:19.864] VoxelChunk: GenerateAsync (2,-2,-1)
[+02:38:19.961] VoxelChunk: GenerateAsync (-2,-1,2)
[+02:38:20.062] VoxelMesh: Chunk X=0 Y=0 Z=0 FlatVerts=552 SlopeVerts=13884
[+02:38:20.073] VoxelChunk: GenerateAsync (0,-1,2)
[+02:38:20.074] VoxelMesh: Chunk X=0 Y=-1 Z=2 FlatVerts=270 SlopeVerts=2640
[+02:38:20.167] VoxelMesh: Chunk X=0 Y=0 Z=0 FlatVerts=588 SlopeVerts=23994
[+02:38:20.184] VoxelChunk: GenerateAsync (1,-1,2)
[+02:38:20.186] VoxelMesh: Chunk X=1 Y=-1 Z=2 FlatVerts=60 SlopeVerts=4056
[+02:38:20.270] VoxelMesh: Chunk X=0 Y=0 Z=0 FlatVerts=12 SlopeVerts=1920
[+02:38:20.272] VoxelChunk: GenerateAsync (0,0,2)
[+02:38:20.273] VoxelMesh: Chunk X=0 Y=0 Z=2 FlatVerts=0 SlopeVerts=60
[+02:38:20.372] VoxelMesh: Chunk X=0 Y=0 Z=0 FlatVerts=1092 SlopeVerts=18228
[+02:38:20.385] VoxelChunk: GenerateAsync (2,0,2)
[+02:38:20.386] VoxelMesh: Chunk X=2 Y=0 Z=2 FlatVerts=72 SlopeVerts=5712
[+02:38:20.473] VoxelMesh: Chunk X=0 Y=0 Z=0 FlatVerts=10428 SlopeVerts=3540
[+02:38:20.487] VoxelChunk: GenerateAsync (2,2,0)
[+02:38:20.488] VoxelMesh: Chunk X=2 Y=2 Z=0 FlatVerts=2298 SlopeVerts=252
[+02:38:20.579] VoxelChunk: GenerateAsync (-1,1,2)
[+02:38:20.680] VoxelMesh: Chunk X=0 Y=0 Z=0 FlatVerts=9150 SlopeVerts=48
[+02:38:20.691] VoxelChunk: GenerateAsync (-2,0,-1)
[+02:38:20.785] VoxelMesh: Chunk X=0 Y=0 Z=0 FlatVerts=18 SlopeVerts=18
[+02:38:20.786] VoxelChunk: GenerateAsync (2,-1,-1)
[+02:38:20.882] VoxelChunk: GenerateAsync (0,2,2)
[+02:38:20.983] VoxelMesh: Chunk X=0 Y=0 Z=0 FlatVerts=2016 SlopeVerts=720
[+02:38:20.987] VoxelChunk: GenerateAsync (2,2,2)
[+02:38:21.086] VoxelMesh: Chunk X=0 Y=0 Z=0 FlatVerts=828 SlopeVerts=15342
[+02:38:21.096] VoxelChunk: GenerateAsync (-1,-2,2)
[+02:38:21.098] VoxelMesh: Chunk X=-1 Y=-2 Z=2 FlatVerts=180 SlopeVerts=3978
[+02:38:21.191] VoxelMesh: Chunk X=0 Y=0 Z=0 FlatVerts=9186 SlopeVerts=0
[+02:38:21.196] VoxelChunk: GenerateAsync (-1,2,0)
[+02:38:21.198] VoxelMesh: Chunk X=-1 Y=2 Z=0 FlatVerts=2352 SlopeVerts=0
[+02:38:21.298] VoxelMesh: Chunk X=0 Y=0 Z=0 FlatVerts=2976 SlopeVerts=9282
[+02:38:21.308] VoxelChunk: GenerateAsync (-1,-2,0)
[+02:38:21.309] VoxelMesh: Chunk X=-1 Y=-2 Z=0 FlatVerts=0 SlopeVerts=0
[+02:38:21.401] VoxelMesh: Chunk X=0 Y=0 Z=0 FlatVerts=930 SlopeVerts=5616
[+02:38:21.405] VoxelChunk: GenerateAsync (0,-2,0)
[+02:38:21.503] VoxelChunk: GenerateAsync (-2,2,2)
[+02:38:21.603] VoxelChunk: GenerateAsync (-1,2,2)
[+02:38:21.706] VoxelChunk: GenerateAsync (3,2,-2)
[+02:38:21.805] VoxelMesh: Chunk X=0 Y=0 Z=0 FlatVerts=906 SlopeVerts=8184
[+02:38:21.811] VoxelChunk: GenerateAsync (-3,2,1)
[+02:38:21.812] VoxelMesh: Chunk X=-3 Y=2 Z=1 FlatVerts=684 SlopeVerts=1692
[+02:38:21.913] VoxelMesh: Chunk X=0 Y=0 Z=0 FlatVerts=5256 SlopeVerts=1704
[+02:38:21.921] VoxelChunk: GenerateAsync (-3,2,-1)
[+02:38:22.019] VoxelMesh: Chunk X=0 Y=0 Z=0 FlatVerts=1908 SlopeVerts=12960
[+02:38:22.030] VoxelChunk: GenerateAsync (-3,3,1)
[+02:38:22.031] VoxelMesh: Chunk X=-3 Y=3 Z=1 FlatVerts=108 SlopeVerts=2328
[+02:38:22.123] VoxelMesh: Chunk X=0 Y=0 Z=0 FlatVerts=2238 SlopeVerts=2778
[+02:38:22.128] VoxelChunk: GenerateAsync (-1,3,1)
[+02:38:22.228] VoxelChunk: GenerateAsync (-3,2,-2)
[+02:38:22.330] VoxelChunk: GenerateAsync (-3,-3,-2)
[+02:38:22.429] VoxelMesh: Chunk X=0 Y=0 Z=0 FlatVerts=10878 SlopeVerts=4278
[+02:38:22.445] VoxelChunk: GenerateAsync (2,3,1)
[+02:38:22.446] VoxelMesh: Chunk X=2 Y=3 Z=1 FlatVerts=2658 SlopeVerts=714
[+02:38:22.531] VoxelMesh: Chunk X=0 Y=0 Z=0 FlatVerts=10788 SlopeVerts=1218
[+02:38:22.546] VoxelChunk: GenerateAsync (3,3,1)
[+02:38:22.547] VoxelMesh: Chunk X=3 Y=3 Z=1 FlatVerts=1236 SlopeVerts=510
[+02:38:22.642] VoxelChunk: GenerateAsync (-1,-3,-2)
[+02:38:22.744] VoxelChunk: GenerateAsync (3,-1,-1)
[+02:38:22.843] VoxelMesh: Chunk X=0 Y=0 Z=0 FlatVerts=1038 SlopeVerts=11454
[+02:38:22.852] VoxelChunk: GenerateAsync (-2,-3,2)
[+02:38:22.853] VoxelMesh: Chunk X=-2 Y=-3 Z=2 FlatVerts=6 SlopeVerts=462
[+02:38:22.946] VoxelMesh: Chunk X=0 Y=0 Z=0 FlatVerts=1476 SlopeVerts=30768
[+02:38:22.971] VoxelChunk: GenerateAsync (0,-3,2)
[+02:38:22.972] VoxelMesh: Chunk X=0 Y=-3 Z=2 FlatVerts=90 SlopeVerts=3864
[+02:38:23.051] VoxelMesh: Chunk X=0 Y=0 Z=0 FlatVerts=3030 SlopeVerts=5766
[+02:38:23.058] VoxelChunk: GenerateAsync (3,0,0)
[+02:38:23.156] VoxelMesh: Chunk X=0 Y=0 Z=0 FlatVerts=8952 SlopeVerts=2952
[+02:38:23.169] VoxelChunk: GenerateAsync (-3,1,0)
[+02:38:23.170] VoxelMesh: Chunk X=-3 Y=1 Z=0 FlatVerts=2262 SlopeVerts=480
[+02:38:23.265] VoxelMesh: Chunk X=0 Y=0 Z=0 FlatVerts=1722 SlopeVerts=24168
[+02:38:23.283] VoxelChunk: GenerateAsync (3,-3,2)
[+02:38:23.284] VoxelMesh: Chunk X=3 Y=-3 Z=2 FlatVerts=0 SlopeVerts=0
[+02:38:23.367] VoxelMesh: Chunk X=0 Y=0 Z=0 FlatVerts=234 SlopeVerts=318
[+02:38:23.368] VoxelChunk: GenerateAsync (-3,-2,2)
[+02:38:23.369] VoxelMesh: Chunk X=-3 Y=-2 Z=2 FlatVerts=234 SlopeVerts=318
[+02:38:23.469] VoxelMesh: Chunk X=0 Y=0 Z=0 FlatVerts=9270 SlopeVerts=480
[+02:38:23.479] VoxelChunk: GenerateAsync (-3,0,-1)
[+02:38:23.573] VoxelChunk: GenerateAsync (3,1,-2)
[+02:38:23.674] VoxelChunk: GenerateAsync (-3,1,-2)
[+02:38:23.774] VoxelMesh: Chunk X=0 Y=0 Z=0 FlatVerts=576 SlopeVerts=300
[+02:38:23.775] VoxelChunk: GenerateAsync (3,2,-1)
[+02:38:23.877] VoxelMesh: Chunk X=0 Y=0 Z=0 FlatVerts=804 SlopeVerts=19944
[+02:38:23.891] VoxelChunk: GenerateAsync (3,-2,2)
[+02:38:23.893] VoxelMesh: Chunk X=3 Y=-2 Z=2 FlatVerts=252 SlopeVerts=3588
[+02:38:23.980] VoxelChunk: GenerateAsync (3,0,-2)
[+02:38:24.078] VoxelChunk: GenerateAsync (-3,-1,2)
[+02:38:24.180] VoxelMesh: Chunk X=0 Y=0 Z=0 FlatVerts=2358 SlopeVerts=1638
[+02:38:24.184] VoxelChunk: GenerateAsync (-3,3,-1)
[+02:38:24.285] VoxelMesh: Chunk X=0 Y=0 Z=0 FlatVerts=4110 SlopeVerts=918
[+02:38:24.290] VoxelChunk: GenerateAsync (-3,-2,-1)
[+02:38:24.389] VoxelMesh: Chunk X=0 Y=0 Z=0 FlatVerts=7866 SlopeVerts=7638
[+02:38:24.404] VoxelChunk: GenerateAsync (3,1,0)
[+02:38:24.405] VoxelMesh: Chunk X=3 Y=1 Z=0 FlatVerts=144 SlopeVerts=684
[+02:38:24.496] VoxelMesh: Chunk X=0 Y=0 Z=0 FlatVerts=6150 SlopeVerts=6600
[+02:38:24.507] VoxelChunk: GenerateAsync (-3,2,0)
[+02:38:24.508] VoxelMesh: Chunk X=-3 Y=2 Z=0 FlatVerts=1068 SlopeVerts=780
[+02:38:24.601] VoxelMesh: Chunk X=0 Y=0 Z=0 FlatVerts=5784 SlopeVerts=2016
[+02:38:24.609] VoxelChunk: GenerateAsync (-2,3,-1)
[+02:38:24.707] VoxelChunk: GenerateAsync (-3,0,2)
[+02:38:24.809] VoxelMesh: Chunk X=0 Y=0 Z=0 FlatVerts=6474 SlopeVerts=726
[+02:38:24.816] VoxelChunk: GenerateAsync (-1,3,-1)
[+02:38:24.917] VoxelMesh: Chunk X=0 Y=0 Z=0 FlatVerts=1740 SlopeVerts=2460
[+02:38:24.921] VoxelChunk: GenerateAsync (-3,-3,-1)
[+02:38:25.020] VoxelMesh: Chunk X=0 Y=0 Z=0 FlatVerts=1050 SlopeVerts=16716
[+02:38:25.034] VoxelChunk: GenerateAsync (3,0,2)
[+02:38:25.036] VoxelMesh: Chunk X=3 Y=0 Z=2 FlatVerts=498 SlopeVerts=5250
[+02:38:25.123] VoxelMesh: Chunk X=0 Y=0 Z=0 FlatVerts=5892 SlopeVerts=558
[+02:38:25.130] VoxelChunk: GenerateAsync (0,3,-1)
[+02:38:25.229] VoxelMesh: Chunk X=0 Y=0 Z=0 FlatVerts=0 SlopeVerts=294
[+02:38:25.229] VoxelChunk: GenerateAsync (-3,1,2)
[+02:38:25.331] VoxelMesh: Chunk X=0 Y=0 Z=0 FlatVerts=8196 SlopeVerts=2592
[+02:38:25.342] VoxelChunk: GenerateAsync (3,2,0)
[+02:38:25.343] VoxelMesh: Chunk X=3 Y=2 Z=0 FlatVerts=576 SlopeVerts=300
[+02:38:25.435] VoxelMesh: Chunk X=0 Y=0 Z=0 FlatVerts=4296 SlopeVerts=324
[+02:38:25.440] VoxelChunk: GenerateAsync (1,3,-1)
[+02:38:25.542] VoxelChunk: GenerateAsync (3,3,-2)
[+02:38:25.644] VoxelChunk: GenerateAsync (3,-2,-1)
[+02:38:25.745] VoxelMesh: Chunk X=0 Y=0 Z=0 FlatVerts=1446 SlopeVerts=48
[+02:38:25.747] VoxelChunk: GenerateAsync (2,3,-1)
[+02:38:25.847] VoxelChunk: GenerateAsync (3,3,-1)
[+02:38:25.949] VoxelChunk: GenerateAsync (2,3,-2)
[+02:38:26.049] VoxelMesh: Chunk X=0 Y=0 Z=0 FlatVerts=9216 SlopeVerts=3888
[+02:38:26.064] VoxelChunk: GenerateAsync (1,3,0)
[+02:38:26.065] VoxelMesh: Chunk X=1 Y=3 Z=0 FlatVerts=2418 SlopeVerts=102
[+02:38:26.149] VoxelMesh: Chunk X=0 Y=0 Z=0 FlatVerts=8904 SlopeVerts=2094
[+02:38:26.161] VoxelChunk: GenerateAsync (2,3,0)
[+02:38:26.162] VoxelMesh: Chunk X=2 Y=3 Z=0 FlatVerts=1446 SlopeVerts=48
[+02:38:26.255] VoxelMesh: Chunk X=0 Y=0 Z=0 FlatVerts=4980 SlopeVerts=14622
[+02:38:26.271] VoxelChunk: GenerateAsync (-3,-3,0)
[+02:38:26.272] VoxelMesh: Chunk X=-3 Y=-3 Z=0 FlatVerts=240 SlopeVerts=1410
[+02:38:26.356] VoxelMesh: Chunk X=0 Y=0 Z=0 FlatVerts=8202 SlopeVerts=654
[+02:38:26.366] VoxelChunk: GenerateAsync (3,3,0)
[+02:38:26.457] VoxelMesh: Chunk X=0 Y=0 Z=0 FlatVerts=3324 SlopeVerts=13200
[+02:38:26.471] VoxelChunk: GenerateAsync (-3,-3,1)
[+02:38:26.472] VoxelMesh: Chunk X=-3 Y=-3 Z=1 FlatVerts=702 SlopeVerts=2976
[+02:38:26.565] VoxelMesh: Chunk X=0 Y=0 Z=0 FlatVerts=3066 SlopeVerts=10548
[+02:38:26.575] VoxelChunk: GenerateAsync (-2,-3,0)
[+02:38:26.576] VoxelMesh: Chunk X=-2 Y=-3 Z=0 FlatVerts=960 SlopeVerts=906
[+02:38:26.669] VoxelMesh: Chunk X=0 Y=0 Z=0 FlatVerts=7962 SlopeVerts=768
[+02:38:26.679] VoxelChunk: GenerateAsync (-3,-1,-1)
[+02:38:26.773] VoxelChunk: GenerateAsync (2,-3,-1)
[+02:38:26.872] VoxelMesh: Chunk X=0 Y=0 Z=0 FlatVerts=2508 SlopeVerts=20046
[+02:38:26.890] VoxelChunk: GenerateAsync (-2,-3,1)
[+02:38:26.891] VoxelMesh: Chunk X=-2 Y=-3 Z=1 FlatVerts=330 SlopeVerts=2526
[+02:38:26.976] VoxelMesh: Chunk X=0 Y=0 Z=0 FlatVerts=1620 SlopeVerts=21702
[+02:38:26.993] VoxelChunk: GenerateAsync (-1,-3,1)
[+02:38:26.994] VoxelMesh: Chunk X=-1 Y=-3 Z=1 FlatVerts=12 SlopeVerts=564
[+02:38:27.082] VoxelMesh: Chunk X=0 Y=0 Z=0 FlatVerts=492 SlopeVerts=4626
[+02:38:27.086] VoxelChunk: GenerateAsync (-1,-3,0)
[+02:38:27.187] VoxelMesh: Chunk X=0 Y=0 Z=0 FlatVerts=690 SlopeVerts=10908
[+02:38:27.195] VoxelChunk: GenerateAsync (0,-3,1)
[+02:38:27.196] VoxelMesh: Chunk X=0 Y=-3 Z=1 FlatVerts=42 SlopeVerts=72
[+02:38:27.290] VoxelMesh: Chunk X=0 Y=0 Z=0 FlatVerts=318 SlopeVerts=2994
[+02:38:27.293] VoxelChunk: GenerateAsync (1,-3,1)
[+02:38:27.294] VoxelMesh: Chunk X=1 Y=-3 Z=1 FlatVerts=102 SlopeVerts=120
[+02:38:27.392] VoxelMesh: Chunk X=0 Y=0 Z=0 FlatVerts=8406 SlopeVerts=9390
[+02:38:27.411] VoxelChunk: GenerateAsync (3,1,1)
[+02:38:27.411] VoxelMesh: Chunk X=3 Y=1 Z=1 FlatVerts=636 SlopeVerts=3798
[+02:38:27.499] VoxelMesh: Chunk X=0 Y=0 Z=0 FlatVerts=174 SlopeVerts=1080
[+02:38:27.500] VoxelChunk: GenerateAsync (0,-3,0)
[+02:38:27.602] VoxelMesh: Chunk X=0 Y=0 Z=0 FlatVerts=144 SlopeVerts=684
[+02:38:27.603] VoxelChunk: GenerateAsync (3,0,-1)
[+02:38:27.704] VoxelMesh: Chunk X=0 Y=0 Z=0 FlatVerts=270 SlopeVerts=4488
[+02:38:27.708] VoxelChunk: GenerateAsync (2,-3,1)
[+02:38:27.809] VoxelMesh: Chunk X=0 Y=0 Z=0 FlatVerts=348 SlopeVerts=5280
[+02:38:27.812] VoxelChunk: GenerateAsync (3,-3,1)
[+02:38:27.914] VoxelMesh: Chunk X=0 Y=0 Z=0 FlatVerts=102 SlopeVerts=120
[+02:38:27.914] VoxelChunk: GenerateAsync (1,-3,0)
[+02:38:28.014] VoxelMesh: Chunk X=0 Y=0 Z=0 FlatVerts=2628 SlopeVerts=8586
[+02:38:28.022] VoxelChunk: GenerateAsync (-3,-2,1)
[+02:38:28.023] VoxelMesh: Chunk X=-3 Y=-2 Z=1 FlatVerts=1080 SlopeVerts=3300
[+02:38:28.116] VoxelMesh: Chunk X=0 Y=0 Z=0 FlatVerts=11046 SlopeVerts=2976
[+02:38:28.132] VoxelChunk: GenerateAsync (3,2,1)
[+02:38:28.133] VoxelMesh: Chunk X=3 Y=2 Z=1 FlatVerts=2082 SlopeVerts=1560
[+02:38:28.219] VoxelMesh: Chunk X=0 Y=0 Z=0 FlatVerts=6 SlopeVerts=618
[+02:38:28.220] VoxelChunk: GenerateAsync (2,-3,0)
[+02:38:28.319] VoxelMesh: Chunk X=0 Y=0 Z=0 FlatVerts=1890 SlopeVerts=4944
[+02:38:28.324] VoxelChunk: GenerateAsync (-2,3,1)
[+02:38:28.325] VoxelMesh: Chunk X=-2 Y=3 Z=1 FlatVerts=90 SlopeVerts=888
[+02:38:28.425] VoxelMesh: Chunk X=0 Y=0 Z=0 FlatVerts=8268 SlopeVerts=1260
[+02:38:28.436] VoxelChunk: GenerateAsync (-3,1,-1)
[+02:38:28.527] VoxelMesh: Chunk X=0 Y=0 Z=0 FlatVerts=3084 SlopeVerts=4890
[+02:38:28.533] VoxelChunk: GenerateAsync (0,3,1)
[+02:38:28.632] VoxelMesh: Chunk X=0 Y=0 Z=0 FlatVerts=6564 SlopeVerts=6504
[+02:38:28.644] VoxelChunk: GenerateAsync (1,3,1)
[+02:38:28.646] VoxelMesh: Chunk X=1 Y=3 Z=1 FlatVerts=180 SlopeVerts=246
[+02:38:28.740] VoxelMesh: Chunk X=0 Y=0 Z=0 FlatVerts=6 SlopeVerts=618
[+02:38:28.740] VoxelChunk: GenerateAsync (3,-3,0)
[+02:38:28.841] VoxelMesh: Chunk X=0 Y=0 Z=0 FlatVerts=6630 SlopeVerts=9060
[+02:38:28.854] VoxelChunk: GenerateAsync (-3,-2,0)
[+02:38:28.855] VoxelMesh: Chunk X=-3 Y=-2 Z=0 FlatVerts=258 SlopeVerts=108
[+02:38:28.945] VoxelMesh: Chunk X=0 Y=0 Z=0 FlatVerts=234 SlopeVerts=888
[+02:38:28.947] VoxelChunk: GenerateAsync (-3,-3,2)
[+02:38:28.948] VoxelMesh: Chunk X=-3 Y=-3 Z=2 FlatVerts=0 SlopeVerts=102
[+02:38:29.049] VoxelMesh: Chunk X=0 Y=0 Z=0 FlatVerts=360 SlopeVerts=9312
[+02:38:29.055] VoxelChunk: GenerateAsync (3,-2,1)
[+02:38:29.057] VoxelMesh: Chunk X=3 Y=-2 Z=1 FlatVerts=6 SlopeVerts=618
[+02:38:29.148] VoxelMesh: Chunk X=0 Y=0 Z=0 FlatVerts=1920 SlopeVerts=29520
[+02:38:29.171] VoxelChunk: GenerateAsync (-1,-3,2)
[+02:38:29.173] VoxelMesh: Chunk X=-1 Y=-3 Z=2 FlatVerts=612 SlopeVerts=5886
[+02:38:29.251] VoxelMesh: Chunk X=0 Y=0 Z=0 FlatVerts=396 SlopeVerts=1398
[+02:38:29.252] VoxelChunk: GenerateAsync (-3,-1,1)
[+02:38:29.253] VoxelMesh: Chunk X=-3 Y=-1 Z=1 FlatVerts=330 SlopeVerts=1176
[+02:38:29.353] VoxelMesh: Chunk X=0 Y=0 Z=0 FlatVerts=1170 SlopeVerts=20316
[+02:38:29.369] VoxelChunk: GenerateAsync (1,-3,2)
[+02:38:29.370] VoxelMesh: Chunk X=1 Y=-3 Z=2 FlatVerts=108 SlopeVerts=2394
[+02:38:29.456] VoxelMesh: Chunk X=0 Y=0 Z=0 FlatVerts=1626 SlopeVerts=21216
[+02:38:29.473] VoxelChunk: GenerateAsync (2,-3,2)
[+02:38:29.475] VoxelMesh: Chunk X=2 Y=-3 Z=2 FlatVerts=6 SlopeVerts=270
[+02:38:29.559] VoxelChunk: GenerateAsync (-3,0,-2)
[+02:38:29.660] VoxelChunk: GenerateAsync (1,3,-2)
[+02:38:29.761] VoxelChunk: GenerateAsync (0,-3,-1)
[+02:38:29.863] VoxelChunk: GenerateAsync (3,-1,-2)
[+02:38:29.964] VoxelChunk: GenerateAsync (-3,-1,-2)
[+02:38:30.064] VoxelMesh: Chunk X=0 Y=0 Z=0 FlatVerts=576 SlopeVerts=12474
[+02:38:30.073] VoxelChunk: GenerateAsync (3,-1,1)
[+02:38:30.074] VoxelMesh: Chunk X=3 Y=-1 Z=1 FlatVerts=24 SlopeVerts=1674
[+02:38:30.166] VoxelChunk: GenerateAsync (0,3,-2)
[+02:38:30.265] VoxelMesh: Chunk X=0 Y=0 Z=0 FlatVerts=0 SlopeVerts=0
[+02:38:30.265] VoxelChunk: GenerateAsync (-3,0,1)
[+02:38:30.368] VoxelChunk: GenerateAsync (3,-2,-2)
[+02:38:30.469] VoxelChunk: GenerateAsync (-3,-2,-2)
[+02:38:30.571] VoxelMesh: Chunk X=0 Y=0 Z=0 FlatVerts=24 SlopeVerts=2298
[+02:38:30.573] VoxelChunk: GenerateAsync (3,-2,0)
[+02:38:30.673] VoxelChunk: GenerateAsync (-1,3,-2)
[+02:38:30.774] VoxelMesh: Chunk X=0 Y=0 Z=0 FlatVerts=0 SlopeVerts=0
[+02:38:30.775] VoxelChunk: GenerateAsync (-1,-3,-1)
[+02:38:30.877] VoxelChunk: GenerateAsync (3,-3,-2)
[+02:38:30.978] VoxelMesh: Chunk X=0 Y=0 Z=0 FlatVerts=834 SlopeVerts=22848
[+02:38:30.995] VoxelChunk: GenerateAsync (3,-1,2)
[+02:38:30.997] VoxelMesh: Chunk X=3 Y=-1 Z=2 FlatVerts=0 SlopeVerts=3168
[+02:38:31.081] VoxelMesh: Chunk X=0 Y=0 Z=0 FlatVerts=8418 SlopeVerts=2106
[+02:38:31.092] VoxelChunk: GenerateAsync (-3,-1,0)
[+02:38:31.093] VoxelMesh: Chunk X=-3 Y=-1 Z=0 FlatVerts=1512 SlopeVerts=540
[+02:38:31.186] VoxelMesh: Chunk X=0 Y=0 Z=0 FlatVerts=3732 SlopeVerts=14898
[+02:38:31.201] VoxelChunk: GenerateAsync (3,0,1)
[+02:38:31.202] VoxelMesh: Chunk X=3 Y=0 Z=1 FlatVerts=30 SlopeVerts=60
[+02:38:31.293] VoxelMesh: Chunk X=0 Y=0 Z=0 FlatVerts=684 SlopeVerts=1986
[+02:38:31.295] VoxelChunk: GenerateAsync (-3,1,1)
[+02:38:31.296] VoxelMesh: Chunk X=-3 Y=1 Z=1 FlatVerts=0 SlopeVerts=0
[+02:38:31.397] VoxelChunk: GenerateAsync (2,-3,-2)
[+02:38:31.498] VoxelChunk: GenerateAsync (-2,3,-2)
[+02:38:31.600] VoxelChunk: GenerateAsync (1,-3,-2)
[+02:38:31.702] VoxelChunk: GenerateAsync (0,-3,-2)
[+02:38:31.804] VoxelChunk: GenerateAsync (-3,3,-2)
[+02:38:31.905] VoxelMesh: Chunk X=0 Y=0 Z=0 FlatVerts=720 SlopeVerts=984
[+02:38:31.907] VoxelChunk: GenerateAsync (3,1,-1)
[+02:38:32.008] VoxelMesh: Chunk X=0 Y=0 Z=0 FlatVerts=1242 SlopeVerts=942
[+02:38:32.010] VoxelChunk: GenerateAsync (-2,-3,-1)
[+02:38:32.112] VoxelChunk: GenerateAsync (3,-3,-1)
[+02:38:32.218] VoxelMesh: Chunk X=0 Y=0 Z=0 FlatVerts=4218 SlopeVerts=8880
[+02:38:32.229] VoxelChunk: GenerateAsync (-3,3,0)
[+02:38:32.230] VoxelMesh: Chunk X=-3 Y=3 Z=0 FlatVerts=12 SlopeVerts=60
[+02:38:32.314] VoxelMesh: Chunk X=0 Y=0 Z=0 FlatVerts=7680 SlopeVerts=6930
[+02:38:32.326] VoxelChunk: GenerateAsync (-2,3,0)
[+02:38:32.327] VoxelMesh: Chunk X=-2 Y=3 Z=0 FlatVerts=1866 SlopeVerts=858
[+02:38:32.420] VoxelMesh: Chunk X=0 Y=0 Z=0 FlatVerts=8712 SlopeVerts=3504
[+02:38:32.432] VoxelChunk: GenerateAsync (-1,3,0)
[+02:38:32.433] VoxelMesh: Chunk X=-1 Y=3 Z=0 FlatVerts=2016 SlopeVerts=0
[+02:38:32.525] VoxelMesh: Chunk X=0 Y=0 Z=0 FlatVerts=1188 SlopeVerts=2820
[+02:38:32.528] VoxelChunk: GenerateAsync (3,1,2)
[+02:38:32.529] VoxelMesh: Chunk X=3 Y=1 Z=2 FlatVerts=168 SlopeVerts=1740
[+02:38:32.627] VoxelMesh: Chunk X=0 Y=0 Z=0 FlatVerts=78 SlopeVerts=4092
[+02:38:32.630] VoxelChunk: GenerateAsync (-3,2,2)
[+02:38:32.631] VoxelMesh: Chunk X=-3 Y=2 Z=2 FlatVerts=0 SlopeVerts=294
[+02:38:32.732] VoxelChunk: GenerateAsync (1,-3,-1)
[+02:38:32.832] VoxelMesh: Chunk X=0 Y=0 Z=0 FlatVerts=8712 SlopeVerts=4182
[+02:38:32.844] VoxelChunk: GenerateAsync (0,3,0)
[+02:38:32.845] VoxelMesh: Chunk X=0 Y=3 Z=0 FlatVerts=2154 SlopeVerts=0
[+02:38:32.940] VoxelMesh: Chunk X=0 Y=0 Z=0 FlatVerts=66 SlopeVerts=1872
[+02:38:32.942] VoxelChunk: GenerateAsync (3,-1,0)
[+02:38:33.041] VoxelMesh: Chunk X=0 Y=0 Z=0 FlatVerts=9270 SlopeVerts=480
[+02:38:33.053] VoxelChunk: GenerateAsync (-3,0,0)
[+02:38:33.053] VoxelMesh: Chunk X=-3 Y=0 Z=0 FlatVerts=2370 SlopeVerts=0
[+02:38:33.148] VoxelChunk: GenerateAsync (-2,-3,-2)
[+02:38:33.248] VoxelMesh: Chunk X=0 Y=0 Z=0 FlatVerts=3282 SlopeVerts=828
[+02:38:33.252] VoxelChunk: GenerateAsync (3,2,2)
[+02:38:33.253] VoxelMesh: Chunk X=3 Y=2 Z=2 FlatVerts=192 SlopeVerts=258
[+02:38:33.351] VoxelMesh: Chunk X=0 Y=0 Z=0 FlatVerts=114 SlopeVerts=7062
[+02:38:33.356] VoxelChunk: GenerateAsync (-3,3,2)
[+02:38:33.357] VoxelMesh: Chunk X=-3 Y=3 Z=2 FlatVerts=24 SlopeVerts=2982
[+02:38:33.456] VoxelMesh: Chunk X=0 Y=0 Z=0 FlatVerts=0 SlopeVerts=24
[+02:38:33.456] VoxelChunk: GenerateAsync (-2,3,2)
[+02:38:33.555] VoxelMesh: Chunk X=0 Y=0 Z=0 FlatVerts=0 SlopeVerts=0
[+02:38:33.556] VoxelChunk: GenerateAsync (-1,3,2)
[+02:38:33.656] VoxelMesh: Chunk X=0 Y=0 Z=0 FlatVerts=258 SlopeVerts=1272
[+02:38:33.658] VoxelChunk: GenerateAsync (0,3,2)
[+02:38:33.756] VoxelMesh: Chunk X=0 Y=0 Z=0 FlatVerts=1638 SlopeVerts=2946
[+02:38:33.760] VoxelChunk: GenerateAsync (1,3,2)
[+02:38:33.859] VoxelMesh: Chunk X=0 Y=0 Z=0 FlatVerts=3330 SlopeVerts=2322
[+02:38:33.865] VoxelChunk: GenerateAsync (2,3,2)
[+02:38:33.866] VoxelMesh: Chunk X=2 Y=3 Z=2 FlatVerts=0 SlopeVerts=6
[+02:38:33.963] VoxelMesh: Chunk X=0 Y=0 Z=0 FlatVerts=2466 SlopeVerts=684
[+02:38:33.966] VoxelChunk: GenerateAsync (3,3,2)
[+02:38:33.966] VoxelWorld: Editor generation complete, 245 chunks.
[+02:38:33.968] VoxelMesh: Chunk X=3 Y=3 Z=2 FlatVerts=1824 SlopeVerts=456
