=== FIRSTVOXEL SESSION [2026.03.16-23.04.43] ===
[+23:04:43.278] FirstVoxel module started.
[+23:04:51.171] VoxelWorld: GenerateWorldDeferred started.
[+23:04:51.171] VoxelWorld: Queued 441 chunks.
[+23:04:51.274] VoxelMesh: Chunk X=0 Y=0 Z=0 FlatVerts=5988 SlopeVerts=10350
[+23:04:51.288] VoxelChunk: GenerateAsync (0,0,0)
[+23:04:51.289] VoxelMesh: Chunk X=0 Y=0 Z=0 FlatVerts=144 SlopeVerts=132
[+23:04:51.382] VoxelMesh: Chunk X=0 Y=0 Z=0 FlatVerts=3600 SlopeVerts=13656
[+23:04:51.398] VoxelChunk: GenerateAsync (1,0,0)
[+23:04:51.398] VoxelMesh: Chunk X=1 Y=0 Z=0 FlatVerts=2484 SlopeVerts=174
[+23:04:51.487] VoxelMesh: Chunk X=0 Y=0 Z=0 FlatVerts=1476 SlopeVerts=876
[+23:04:51.491] VoxelChunk: GenerateAsync (0,-1,-1)
[+23:04:51.492] VoxelMesh: Chunk X=0 Y=-1 Z=-1 FlatVerts=0 SlopeVerts=0
[+23:04:51.591] VoxelMesh: Chunk X=0 Y=0 Z=0 FlatVerts=156 SlopeVerts=96
[+23:04:51.592] VoxelChunk: GenerateAsync (1,-1,-1)
[+23:04:51.593] VoxelMesh: Chunk X=1 Y=-1 Z=-1 FlatVerts=0 SlopeVerts=0
[+23:04:51.693] VoxelMesh: Chunk X=0 Y=0 Z=0 FlatVerts=4920 SlopeVerts=1614
[+23:04:51.700] VoxelChunk: GenerateAsync (-1,-1,-1)
[+23:04:51.702] VoxelMesh: Chunk X=-1 Y=-1 Z=-1 FlatVerts=0 SlopeVerts=0
[+23:04:51.796] VoxelMesh: Chunk X=0 Y=0 Z=0 FlatVerts=9000 SlopeVerts=2982
[+23:04:51.808] VoxelChunk: GenerateAsync (-1,0,0)
[+23:04:51.810] VoxelMesh: Chunk X=-1 Y=0 Z=0 FlatVerts=0 SlopeVerts=0
[+23:04:51.902] VoxelMesh: Chunk X=0 Y=0 Z=0 FlatVerts=8106 SlopeVerts=6354
[+23:04:51.917] VoxelChunk: GenerateAsync (1,1,0)
[+23:04:51.917] VoxelMesh: Chunk X=1 Y=1 Z=0 FlatVerts=2514 SlopeVerts=0
[+23:04:52.002] VoxelMesh: Chunk X=0 Y=0 Z=0 FlatVerts=900 SlopeVerts=11400
[+23:04:52.010] VoxelChunk: GenerateAsync (1,-1,0)
[+23:04:52.011] VoxelMesh: Chunk X=1 Y=-1 Z=0 FlatVerts=84 SlopeVerts=42
[+23:04:52.110] VoxelMesh: Chunk X=0 Y=0 Z=0 FlatVerts=0 SlopeVerts=0
[+23:04:52.110] VoxelChunk: GenerateAsync (-1,1,1)
[+23:04:52.111] VoxelMesh: Chunk X=-1 Y=1 Z=1 FlatVerts=24 SlopeVerts=3072
[+23:04:52.210] VoxelMesh: Chunk X=0 Y=0 Z=0 FlatVerts=9804 SlopeVerts=2352
[+23:04:52.224] VoxelChunk: GenerateAsync (0,1,0)
[+23:04:52.224] VoxelMesh: Chunk X=0 Y=1 Z=0 FlatVerts=1788 SlopeVerts=318
[+23:04:52.315] VoxelMesh: Chunk X=0 Y=0 Z=0 FlatVerts=9636 SlopeVerts=678
[+23:04:52.328] VoxelChunk: GenerateAsync (0,1,-1)
[+23:04:52.329] VoxelMesh: Chunk X=0 Y=1 Z=-1 FlatVerts=0 SlopeVerts=0
[+23:04:52.418] VoxelMesh: Chunk X=0 Y=0 Z=0 FlatVerts=6012 SlopeVerts=9102
[+23:04:52.433] VoxelChunk: GenerateAsync (-1,-1,0)
[+23:04:52.434] VoxelMesh: Chunk X=-1 Y=-1 Z=0 FlatVerts=0 SlopeVerts=0
[+23:04:52.519] VoxelMesh: Chunk X=0 Y=0 Z=0 FlatVerts=8916 SlopeVerts=882
[+23:04:52.530] VoxelChunk: GenerateAsync (-1,0,-1)
[+23:04:52.532] VoxelMesh: Chunk X=-1 Y=0 Z=-1 FlatVerts=0 SlopeVerts=0
[+23:04:52.622] VoxelMesh: Chunk X=0 Y=0 Z=0 FlatVerts=1608 SlopeVerts=20910
[+23:04:52.640] VoxelChunk: GenerateAsync (1,0,1)
[+23:04:52.642] VoxelMesh: Chunk X=1 Y=0 Z=1 FlatVerts=138 SlopeVerts=186
[+23:04:52.727] VoxelMesh: Chunk X=0 Y=0 Z=0 FlatVerts=648 SlopeVerts=25776
[+23:04:52.746] VoxelChunk: GenerateAsync (1,-1,1)
[+23:04:52.747] VoxelMesh: Chunk X=1 Y=-1 Z=1 FlatVerts=1296 SlopeVerts=2550
[+23:04:52.832] VoxelMesh: Chunk X=0 Y=0 Z=0 FlatVerts=10458 SlopeVerts=30
[+23:04:52.845] VoxelChunk: GenerateAsync (-1,1,0)
[+23:04:52.846] VoxelMesh: Chunk X=-1 Y=1 Z=0 FlatVerts=156 SlopeVerts=264
[+23:04:52.938] VoxelMesh: Chunk X=0 Y=0 Z=0 FlatVerts=2346 SlopeVerts=13482
[+23:04:52.949] VoxelChunk: GenerateAsync (0,-1,0)
[+23:04:52.950] VoxelMesh: Chunk X=0 Y=-1 Z=0 FlatVerts=0 SlopeVerts=0
[+23:04:53.041] VoxelMesh: Chunk X=0 Y=0 Z=0 FlatVerts=10458 SlopeVerts=30
[+23:04:53.054] VoxelChunk: GenerateAsync (-1,1,-1)
[+23:04:53.055] VoxelMesh: Chunk X=-1 Y=1 Z=-1 FlatVerts=0 SlopeVerts=0
[+23:04:53.151] VoxelMesh: Chunk X=0 Y=0 Z=0 FlatVerts=5424 SlopeVerts=1548
[+23:04:53.160] VoxelChunk: GenerateAsync (0,0,-1)
[+23:04:53.160] VoxelMesh: Chunk X=0 Y=0 Z=-1 FlatVerts=0 SlopeVerts=0
[+23:04:53.261] VoxelMesh: Chunk X=0 Y=0 Z=0 FlatVerts=7056 SlopeVerts=1260
[+23:04:53.280] VoxelChunk: GenerateAsync (1,1,-1)
[+23:04:53.281] VoxelMesh: Chunk X=1 Y=1 Z=-1 FlatVerts=0 SlopeVerts=0
[+23:04:53.353] VoxelMesh: Chunk X=0 Y=0 Z=0 FlatVerts=1836 SlopeVerts=1032
[+23:04:53.357] VoxelChunk: GenerateAsync (1,0,-1)
[+23:04:53.357] VoxelMesh: Chunk X=1 Y=0 Z=-1 FlatVerts=0 SlopeVerts=0
[+23:04:53.459] VoxelMesh: Chunk X=0 Y=0 Z=0 FlatVerts=990 SlopeVerts=5526
[+23:04:53.464] VoxelChunk: GenerateAsync (1,1,1)
[+23:04:53.465] VoxelMesh: Chunk X=1 Y=1 Z=1 FlatVerts=0 SlopeVerts=0
[+23:04:53.568] VoxelMesh: Chunk X=0 Y=0 Z=0 FlatVerts=144 SlopeVerts=1698
[+23:04:53.570] VoxelChunk: GenerateAsync (0,1,1)
[+23:04:53.571] VoxelMesh: Chunk X=0 Y=1 Z=1 FlatVerts=222 SlopeVerts=600
[+23:04:53.676] VoxelMesh: Chunk X=0 Y=0 Z=0 FlatVerts=456 SlopeVerts=10890
[+23:04:53.683] VoxelChunk: GenerateAsync (0,0,1)
[+23:04:53.684] VoxelMesh: Chunk X=0 Y=0 Z=1 FlatVerts=690 SlopeVerts=3588
[+23:04:53.784] VoxelMesh: Chunk X=0 Y=0 Z=0 FlatVerts=54 SlopeVerts=2202
[+23:04:53.786] VoxelChunk: GenerateAsync (-1,0,1)
[+23:04:53.787] VoxelMesh: Chunk X=-1 Y=0 Z=1 FlatVerts=0 SlopeVerts=84
[+23:04:53.890] VoxelMesh: Chunk X=0 Y=0 Z=0 FlatVerts=792 SlopeVerts=22026
[+23:04:53.908] VoxelChunk: GenerateAsync (0,-1,1)
[+23:04:53.909] VoxelMesh: Chunk X=0 Y=-1 Z=1 FlatVerts=36 SlopeVerts=2340
[+23:04:53.995] VoxelMesh: Chunk X=0 Y=0 Z=0 FlatVerts=1050 SlopeVerts=10668
[+23:04:54.003] VoxelChunk: GenerateAsync (-1,-1,1)
[+23:04:54.005] VoxelMesh: Chunk X=-1 Y=-1 Z=1 FlatVerts=0 SlopeVerts=0
[+23:04:54.099] VoxelMesh: Chunk X=0 Y=0 Z=0 FlatVerts=6 SlopeVerts=15186
[+23:04:54.108] VoxelChunk: GenerateAsync (0,-1,2)
[+23:04:54.110] VoxelMesh: Chunk X=0 Y=-1 Z=2 FlatVerts=396 SlopeVerts=3870
[+23:04:54.206] VoxelMesh: Chunk X=0 Y=0 Z=0 FlatVerts=6 SlopeVerts=3168
[+23:04:54.208] VoxelChunk: GenerateAsync (-1,-1,2)
[+23:04:54.209] VoxelMesh: Chunk X=-1 Y=-1 Z=2 FlatVerts=90 SlopeVerts=1260
[+23:04:54.311] VoxelMesh: Chunk X=0 Y=0 Z=0 FlatVerts=0 SlopeVerts=0
[+23:04:54.311] VoxelChunk: GenerateAsync (-2,1,2)
[+23:04:54.312] VoxelMesh: Chunk X=-2 Y=1 Z=2 FlatVerts=30 SlopeVerts=1836
[+23:04:54.417] VoxelMesh: Chunk X=0 Y=0 Z=0 FlatVerts=0 SlopeVerts=0
[+23:04:54.417] VoxelChunk: GenerateAsync (-2,-1,2)
[+23:04:54.418] VoxelMesh: Chunk X=-2 Y=-1 Z=2 FlatVerts=204 SlopeVerts=2970
[+23:04:54.522] VoxelMesh: Chunk X=0 Y=0 Z=0 FlatVerts=78 SlopeVerts=26808
[+23:04:54.542] VoxelChunk: GenerateAsync (2,-2,2)
[+23:04:54.543] VoxelMesh: Chunk X=2 Y=-2 Z=2 FlatVerts=0 SlopeVerts=3672
[+23:04:54.626] VoxelMesh: Chunk X=0 Y=0 Z=0 FlatVerts=270 SlopeVerts=19860
[+23:04:54.641] VoxelChunk: GenerateAsync (2,0,2)
[+23:04:54.643] VoxelMesh: Chunk X=2 Y=0 Z=2 FlatVerts=0 SlopeVerts=0
[+23:04:54.732] VoxelMesh: Chunk X=0 Y=0 Z=0 FlatVerts=252 SlopeVerts=2622
[+23:04:54.734] VoxelChunk: GenerateAsync (2,1,2)
[+23:04:54.736] VoxelMesh: Chunk X=2 Y=1 Z=2 FlatVerts=0 SlopeVerts=1722
[+23:04:54.830] VoxelMesh: Chunk X=0 Y=0 Z=0 FlatVerts=18 SlopeVerts=25014
[+23:04:54.848] VoxelChunk: GenerateAsync (1,-2,2)
[+23:04:54.848] VoxelMesh: Chunk X=1 Y=-2 Z=2 FlatVerts=168 SlopeVerts=3174
[+23:04:54.938] VoxelMesh: Chunk X=0 Y=0 Z=0 FlatVerts=36 SlopeVerts=26808
[+23:04:54.958] VoxelChunk: GenerateAsync (0,-2,2)
[+23:04:54.959] VoxelMesh: Chunk X=0 Y=-2 Z=2 FlatVerts=96 SlopeVerts=2754
[+23:04:55.039] VoxelMesh: Chunk X=0 Y=0 Z=0 FlatVerts=0 SlopeVerts=0
[+23:04:55.040] VoxelChunk: GenerateAsync (-2,1,1)
[+23:04:55.041] VoxelMesh: Chunk X=-2 Y=1 Z=1 FlatVerts=0 SlopeVerts=0
[+23:04:55.142] VoxelMesh: Chunk X=0 Y=0 Z=0 FlatVerts=1734 SlopeVerts=24360
[+23:04:55.163] VoxelChunk: GenerateAsync (2,0,1)
[+23:04:55.165] VoxelMesh: Chunk X=2 Y=0 Z=1 FlatVerts=0 SlopeVerts=0
[+23:04:55.245] VoxelMesh: Chunk X=0 Y=0 Z=0 FlatVerts=0 SlopeVerts=10548
[+23:04:55.253] VoxelChunk: GenerateAsync (1,0,2)
[+23:04:55.254] VoxelMesh: Chunk X=1 Y=0 Z=2 FlatVerts=0 SlopeVerts=0
[+23:04:55.350] VoxelMesh: Chunk X=0 Y=0 Z=0 FlatVerts=48 SlopeVerts=16752
[+23:04:55.362] VoxelChunk: GenerateAsync (-1,-2,2)
[+23:04:55.364] VoxelMesh: Chunk X=-1 Y=-2 Z=2 FlatVerts=198 SlopeVerts=5094
[+23:04:55.450] VoxelMesh: Chunk X=0 Y=0 Z=0 FlatVerts=18 SlopeVerts=4860
[+23:04:55.452] VoxelChunk: GenerateAsync (-2,-2,2)
[+23:04:55.454] VoxelMesh: Chunk X=-2 Y=-2 Z=2 FlatVerts=0 SlopeVerts=2334
[+23:04:55.551] VoxelMesh: Chunk X=0 Y=0 Z=0 FlatVerts=0 SlopeVerts=0
[+23:04:55.551] VoxelChunk: GenerateAsync (-2,0,1)
[+23:04:55.553] VoxelMesh: Chunk X=-2 Y=0 Z=1 FlatVerts=0 SlopeVerts=0
[+23:04:55.655] VoxelMesh: Chunk X=0 Y=0 Z=0 FlatVerts=636 SlopeVerts=23826
[+23:04:55.673] VoxelChunk: GenerateAsync (2,-1,1)
[+23:04:55.674] VoxelMesh: Chunk X=2 Y=-1 Z=1 FlatVerts=108 SlopeVerts=1128
[+23:04:55.764] VoxelMesh: Chunk X=0 Y=0 Z=0 FlatVerts=0 SlopeVerts=2088
[+23:04:55.766] VoxelChunk: GenerateAsync (0,0,2)
[+23:04:55.766] VoxelMesh: Chunk X=0 Y=0 Z=2 FlatVerts=0 SlopeVerts=930
[+23:04:55.871] VoxelMesh: Chunk X=0 Y=0 Z=0 FlatVerts=0 SlopeVerts=384
[+23:04:55.872] VoxelChunk: GenerateAsync (1,1,2)
[+23:04:55.873] VoxelMesh: Chunk X=1 Y=1 Z=2 FlatVerts=0 SlopeVerts=0
[+23:04:55.978] VoxelMesh: Chunk X=0 Y=0 Z=0 FlatVerts=0 SlopeVerts=0
[+23:04:55.979] VoxelChunk: GenerateAsync (-1,2,2)
[+23:04:55.980] VoxelMesh: Chunk X=-1 Y=2 Z=2 FlatVerts=0 SlopeVerts=114
[+23:04:56.084] VoxelMesh: Chunk X=0 Y=0 Z=0 FlatVerts=588 SlopeVerts=1656
[+23:04:56.086] VoxelChunk: GenerateAsync (-2,-1,1)
[+23:04:56.087] VoxelMesh: Chunk X=-2 Y=-1 Z=1 FlatVerts=0 SlopeVerts=0
[+23:04:56.183] VoxelMesh: Chunk X=0 Y=0 Z=0 FlatVerts=126 SlopeVerts=13854
[+23:04:56.192] VoxelChunk: GenerateAsync (2,-2,1)
[+23:04:56.193] VoxelMesh: Chunk X=2 Y=-2 Z=1 FlatVerts=228 SlopeVerts=2958
[+23:04:56.291] VoxelMesh: Chunk X=0 Y=0 Z=0 FlatVerts=5688 SlopeVerts=6942
[+23:04:56.302] VoxelChunk: GenerateAsync (2,2,1)
[+23:04:56.303] VoxelMesh: Chunk X=2 Y=2 Z=1 FlatVerts=0 SlopeVerts=672
[+23:04:56.397] VoxelMesh: Chunk X=0 Y=0 Z=0 FlatVerts=1248 SlopeVerts=3060
[+23:04:56.403] VoxelChunk: GenerateAsync (1,2,1)
[+23:04:56.404] VoxelMesh: Chunk X=1 Y=2 Z=1 FlatVerts=132 SlopeVerts=2694
[+23:04:56.500] VoxelMesh: Chunk X=0 Y=0 Z=0 FlatVerts=0 SlopeVerts=72
[+23:04:56.501] VoxelChunk: GenerateAsync (-1,0,2)
[+23:04:56.502] VoxelMesh: Chunk X=-1 Y=0 Z=2 FlatVerts=36 SlopeVerts=2820
[+23:04:56.601] VoxelMesh: Chunk X=0 Y=0 Z=0 FlatVerts=6 SlopeVerts=420
[+23:04:56.602] VoxelChunk: GenerateAsync (0,2,1)
[+23:04:56.603] VoxelMesh: Chunk X=0 Y=2 Z=1 FlatVerts=1284 SlopeVerts=0
[+23:04:56.704] VoxelMesh: Chunk X=0 Y=0 Z=0 FlatVerts=0 SlopeVerts=0
[+23:04:56.705] VoxelChunk: GenerateAsync (-1,2,1)
[+23:04:56.707] VoxelMesh: Chunk X=-1 Y=2 Z=1 FlatVerts=798 SlopeVerts=1308
[+23:04:56.805] VoxelMesh: Chunk X=0 Y=0 Z=0 FlatVerts=0 SlopeVerts=0
[+23:04:56.806] VoxelChunk: GenerateAsync (-2,0,2)
[+23:04:56.808] VoxelMesh: Chunk X=-2 Y=0 Z=2 FlatVerts=108 SlopeVerts=2652
[+23:04:56.913] VoxelMesh: Chunk X=0 Y=0 Z=0 FlatVerts=0 SlopeVerts=0
[+23:04:56.913] VoxelChunk: GenerateAsync (0,1,2)
[+23:04:56.914] VoxelMesh: Chunk X=0 Y=1 Z=2 FlatVerts=0 SlopeVerts=0
[+23:04:57.018] VoxelMesh: Chunk X=0 Y=0 Z=0 FlatVerts=1890 SlopeVerts=1116
[+23:04:57.021] VoxelChunk: GenerateAsync (2,2,2)
[+23:04:57.022] VoxelMesh: Chunk X=2 Y=2 Z=2 FlatVerts=0 SlopeVerts=1560
[+23:04:57.121] VoxelMesh: Chunk X=0 Y=0 Z=0 FlatVerts=204 SlopeVerts=30864
[+23:04:57.144] VoxelChunk: GenerateAsync (2,-1,2)
[+23:04:57.145] VoxelMesh: Chunk X=2 Y=-1 Z=2 FlatVerts=0 SlopeVerts=0
[+23:04:57.225] VoxelMesh: Chunk X=0 Y=0 Z=0 FlatVerts=0 SlopeVerts=25506
[+23:04:57.245] VoxelChunk: GenerateAsync (1,-1,2)
[+23:04:57.246] VoxelMesh: Chunk X=1 Y=-1 Z=2 FlatVerts=24 SlopeVerts=306
[+23:04:57.325] VoxelMesh: Chunk X=0 Y=0 Z=0 FlatVerts=0 SlopeVerts=0
[+23:04:57.326] VoxelChunk: GenerateAsync (-1,1,2)
[+23:04:57.328] VoxelMesh: Chunk X=-1 Y=1 Z=2 FlatVerts=78 SlopeVerts=4026
[+23:04:57.433] VoxelMesh: Chunk X=0 Y=0 Z=0 FlatVerts=0 SlopeVerts=0
[+23:04:57.434] VoxelChunk: GenerateAsync (-2,2,2)
[+23:04:57.435] VoxelMesh: Chunk X=-2 Y=2 Z=2 FlatVerts=0 SlopeVerts=2922
[+23:04:57.541] VoxelMesh: Chunk X=0 Y=0 Z=0 FlatVerts=0 SlopeVerts=0
[+23:04:57.541] VoxelChunk: GenerateAsync (0,2,2)
[+23:04:57.543] VoxelMesh: Chunk X=0 Y=2 Z=2 FlatVerts=0 SlopeVerts=0
[+23:04:57.645] VoxelMesh: Chunk X=0 Y=0 Z=0 FlatVerts=0 SlopeVerts=6
[+23:04:57.646] VoxelChunk: GenerateAsync (1,2,2)
[+23:04:57.647] VoxelMesh: Chunk X=1 Y=2 Z=2 FlatVerts=0 SlopeVerts=1476
[+23:04:57.750] VoxelMesh: Chunk X=0 Y=0 Z=0 FlatVerts=60 SlopeVerts=936
[+23:04:57.751] VoxelChunk: GenerateAsync (-2,2,1)
[+23:04:57.752] VoxelMesh: Chunk X=-2 Y=2 Z=1 FlatVerts=0 SlopeVerts=1896
[+23:04:57.856] VoxelMesh: Chunk X=0 Y=0 Z=0 FlatVerts=2706 SlopeVerts=12882
[+23:04:57.868] VoxelChunk: GenerateAsync (2,1,1)
[+23:04:57.870] VoxelMesh: Chunk X=2 Y=1 Z=1 FlatVerts=0 SlopeVerts=2430
[+23:04:57.957] VoxelMesh: Chunk X=0 Y=0 Z=0 FlatVerts=0 SlopeVerts=0
[+23:04:57.959] VoxelChunk: GenerateAsync (-1,1,-2)
[+23:04:57.960] VoxelMesh: Chunk X=-1 Y=1 Z=-2 FlatVerts=0 SlopeVerts=0
[+23:04:58.062] VoxelMesh: Chunk X=0 Y=0 Z=0 FlatVerts=0 SlopeVerts=0
[+23:04:58.062] VoxelChunk: GenerateAsync (2,-2,-1)
[+23:04:58.063] VoxelMesh: Chunk X=2 Y=-2 Z=-1 FlatVerts=0 SlopeVerts=0
[+23:04:58.166] VoxelMesh: Chunk X=0 Y=0 Z=0 FlatVerts=10176 SlopeVerts=4224
[+23:04:58.181] VoxelChunk: GenerateAsync (1,2,0)
[+23:04:58.182] VoxelMesh: Chunk X=1 Y=2 Z=0 FlatVerts=1620 SlopeVerts=264
[+23:04:58.271] VoxelMesh: Chunk X=0 Y=0 Z=0 FlatVerts=10800 SlopeVerts=684
[+23:04:58.284] VoxelChunk: GenerateAsync (0,2,0)
[+23:04:58.285] VoxelMesh: Chunk X=0 Y=2 Z=0 FlatVerts=1302 SlopeVerts=0
[+23:04:58.373] VoxelMesh: Chunk X=0 Y=0 Z=0 FlatVerts=486 SlopeVerts=6630
[+23:04:58.378] VoxelChunk: GenerateAsync (2,-1,0)
[+23:04:58.379] VoxelMesh: Chunk X=2 Y=-1 Z=0 FlatVerts=1668 SlopeVerts=474
[+23:04:58.476] VoxelMesh: Chunk X=0 Y=0 Z=0 FlatVerts=0 SlopeVerts=0
[+23:04:58.476] VoxelChunk: GenerateAsync (-1,0,-2)
[+23:04:58.478] VoxelMesh: Chunk X=-1 Y=0 Z=-2 FlatVerts=0 SlopeVerts=0
[+23:04:58.581] VoxelMesh: Chunk X=0 Y=0 Z=0 FlatVerts=540 SlopeVerts=17766
[+23:04:58.594] VoxelChunk: GenerateAsync (0,-2,1)
[+23:04:58.595] VoxelMesh: Chunk X=0 Y=-2 Z=1 FlatVerts=0 SlopeVerts=0
[+23:04:58.681] VoxelMesh: Chunk X=0 Y=0 Z=0 FlatVerts=1062 SlopeVerts=768
[+23:04:58.683] VoxelChunk: GenerateAsync (-1,-2,-1)
[+23:04:58.684] VoxelMesh: Chunk X=-1 Y=-2 Z=-1 FlatVerts=0 SlopeVerts=0
[+23:04:58.785] VoxelMesh: Chunk X=0 Y=0 Z=0 FlatVerts=10326 SlopeVerts=6
[+23:04:58.798] VoxelChunk: GenerateAsync (-2,1,-1)
[+23:04:58.799] VoxelMesh: Chunk X=-2 Y=1 Z=-1 FlatVerts=0 SlopeVerts=0
[+23:04:58.894] VoxelMesh: Chunk X=0 Y=0 Z=0 FlatVerts=0 SlopeVerts=0
[+23:04:58.894] VoxelChunk: GenerateAsync (-1,2,-2)
[+23:04:58.896] VoxelMesh: Chunk X=-1 Y=2 Z=-2 FlatVerts=0 SlopeVerts=0
[+23:04:58.996] VoxelMesh: Chunk X=0 Y=0 Z=0 FlatVerts=1860 SlopeVerts=11520
[+23:04:59.006] VoxelChunk: GenerateAsync (2,0,0)
[+23:04:59.008] VoxelMesh: Chunk X=2 Y=0 Z=0 FlatVerts=2574 SlopeVerts=12
[+23:04:59.096] VoxelMesh: Chunk X=0 Y=0 Z=0 FlatVerts=0 SlopeVerts=0
[+23:04:59.096] VoxelChunk: GenerateAsync (-2,-1,-2)
[+23:04:59.098] VoxelMesh: Chunk X=-2 Y=-1 Z=-2 FlatVerts=0 SlopeVerts=0
[+23:04:59.202] VoxelMesh: Chunk X=0 Y=0 Z=0 FlatVerts=0 SlopeVerts=6
[+23:04:59.202] VoxelChunk: GenerateAsync (0,-2,-1)
[+23:04:59.204] VoxelMesh: Chunk X=0 Y=-2 Z=-1 FlatVerts=0 SlopeVerts=0
[+23:04:59.308] VoxelMesh: Chunk X=0 Y=0 Z=0 FlatVerts=0 SlopeVerts=0
[+23:04:59.308] VoxelChunk: GenerateAsync (2,-1,-2)
[+23:04:59.310] VoxelMesh: Chunk X=2 Y=-1 Z=-2 FlatVerts=0 SlopeVerts=0
[+23:04:59.411] VoxelMesh: Chunk X=0 Y=0 Z=0 FlatVerts=0 SlopeVerts=0
[+23:04:59.411] VoxelChunk: GenerateAsync (-2,2,-2)
[+23:04:59.413] VoxelMesh: Chunk X=-2 Y=2 Z=-2 FlatVerts=0 SlopeVerts=0
[+23:04:59.514] VoxelMesh: Chunk X=0 Y=0 Z=0 FlatVerts=4062 SlopeVerts=1368
[+23:04:59.520] VoxelChunk: GenerateAsync (2,2,-1)
[+23:04:59.521] VoxelMesh: Chunk X=2 Y=2 Z=-1 FlatVerts=0 SlopeVerts=0
[+23:04:59.615] VoxelMesh: Chunk X=0 Y=0 Z=0 FlatVerts=4950 SlopeVerts=10122
[+23:04:59.629] VoxelChunk: GenerateAsync (-2,-2,0)
[+23:04:59.631] VoxelMesh: Chunk X=-2 Y=-2 Z=0 FlatVerts=0 SlopeVerts=0
[+23:04:59.719] VoxelMesh: Chunk X=0 Y=0 Z=0 FlatVerts=10050 SlopeVerts=48
[+23:04:59.731] VoxelChunk: GenerateAsync (-2,0,0)
[+23:04:59.733] VoxelMesh: Chunk X=-2 Y=0 Z=0 FlatVerts=0 SlopeVerts=0
[+23:04:59.818] VoxelMesh: Chunk X=0 Y=0 Z=0 FlatVerts=5886 SlopeVerts=12186
[+23:04:59.835] VoxelChunk: GenerateAsync (2,1,0)
[+23:04:59.836] VoxelMesh: Chunk X=2 Y=1 Z=0 FlatVerts=1908 SlopeVerts=510
[+23:04:59.925] VoxelMesh: Chunk X=0 Y=0 Z=0 FlatVerts=0 SlopeVerts=0
[+23:04:59.925] VoxelChunk: GenerateAsync (0,2,-2)
[+23:04:59.927] VoxelMesh: Chunk X=0 Y=2 Z=-2 FlatVerts=0 SlopeVerts=0
[+23:05:00.030] VoxelMesh: Chunk X=0 Y=0 Z=0 FlatVerts=0 SlopeVerts=0
[+23:05:00.030] VoxelChunk: GenerateAsync (-1,-1,-2)
[+23:05:00.032] VoxelMesh: Chunk X=-1 Y=-1 Z=-2 FlatVerts=0 SlopeVerts=0
[+23:05:00.132] VoxelMesh: Chunk X=0 Y=0 Z=0 FlatVerts=3414 SlopeVerts=1902
[+23:05:00.137] VoxelChunk: GenerateAsync (2,1,-1)
[+23:05:00.139] VoxelMesh: Chunk X=2 Y=1 Z=-1 FlatVerts=0 SlopeVerts=0
[+23:05:00.243] VoxelMesh: Chunk X=0 Y=0 Z=0 FlatVerts=0 SlopeVerts=0
[+23:05:00.243] VoxelChunk: GenerateAsync (1,-2,-1)
[+23:05:00.245] VoxelMesh: Chunk X=1 Y=-2 Z=-1 FlatVerts=0 SlopeVerts=0
[+23:05:00.348] VoxelMesh: Chunk X=0 Y=0 Z=0 FlatVerts=0 SlopeVerts=0
[+23:05:00.349] VoxelChunk: GenerateAsync (0,-1,-2)
[+23:05:00.350] VoxelMesh: Chunk X=0 Y=-1 Z=-2 FlatVerts=0 SlopeVerts=0
[+23:05:00.449] VoxelMesh: Chunk X=0 Y=0 Z=0 FlatVerts=10050 SlopeVerts=48
[+23:05:00.463] VoxelChunk: GenerateAsync (-2,0,-1)
[+23:05:00.465] VoxelMesh: Chunk X=-2 Y=0 Z=-1 FlatVerts=0 SlopeVerts=0
[+23:05:00.561] VoxelMesh: Chunk X=0 Y=0 Z=0 FlatVerts=0 SlopeVerts=0
[+23:05:00.562] VoxelChunk: GenerateAsync (-1,-2,-2)
[+23:05:00.563] VoxelMesh: Chunk X=-1 Y=-2 Z=-2 FlatVerts=0 SlopeVerts=0
[+23:05:00.665] VoxelMesh: Chunk X=0 Y=0 Z=0 FlatVerts=0 SlopeVerts=0
[+23:05:00.665] VoxelChunk: GenerateAsync (0,0,-2)
[+23:05:00.667] VoxelMesh: Chunk X=0 Y=0 Z=-2 FlatVerts=0 SlopeVerts=0
[+23:05:00.769] VoxelMesh: Chunk X=0 Y=0 Z=0 FlatVerts=0 SlopeVerts=0
[+23:05:00.770] VoxelChunk: GenerateAsync (2,0,-2)
[+23:05:00.771] VoxelMesh: Chunk X=2 Y=0 Z=-2 FlatVerts=0 SlopeVerts=0
[+23:05:00.873] VoxelMesh: Chunk X=0 Y=0 Z=0 FlatVerts=0 SlopeVerts=0
[+23:05:00.873] VoxelChunk: GenerateAsync (-2,1,-2)
[+23:05:00.875] VoxelMesh: Chunk X=-2 Y=1 Z=-2 FlatVerts=0 SlopeVerts=0
[+23:05:00.977] VoxelMesh: Chunk X=0 Y=0 Z=0 FlatVerts=10242 SlopeVerts=0
[+23:05:00.984] VoxelChunk: GenerateAsync (-1,2,0)
[+23:05:00.985] VoxelMesh: Chunk X=-1 Y=2 Z=0 FlatVerts=1380 SlopeVerts=504
[+23:05:01.082] VoxelMesh: Chunk X=0 Y=0 Z=0 FlatVerts=2334 SlopeVerts=10488
[+23:05:01.092] VoxelChunk: GenerateAsync (-1,-2,0)
[+23:05:01.093] VoxelMesh: Chunk X=-1 Y=-2 Z=0 FlatVerts=0 SlopeVerts=0
[+23:05:01.191] VoxelMesh: Chunk X=0 Y=0 Z=0 FlatVerts=0 SlopeVerts=0
[+23:05:01.191] VoxelChunk: GenerateAsync (2,2,-2)
[+23:05:01.193] VoxelMesh: Chunk X=2 Y=2 Z=-2 FlatVerts=0 SlopeVerts=0
[+23:05:01.296] VoxelMesh: Chunk X=0 Y=0 Z=0 FlatVerts=72 SlopeVerts=10386
[+23:05:01.303] VoxelChunk: GenerateAsync (1,-2,1)
[+23:05:01.304] VoxelMesh: Chunk X=1 Y=-2 Z=1 FlatVerts=42 SlopeVerts=1626
[+23:05:01.401] VoxelMesh: Chunk X=0 Y=0 Z=0 FlatVerts=0 SlopeVerts=0
[+23:05:01.401] VoxelChunk: GenerateAsync (-2,-2,-2)
[+23:05:01.403] VoxelMesh: Chunk X=-2 Y=-2 Z=-2 FlatVerts=0 SlopeVerts=0
[+23:05:01.510] VoxelMesh: Chunk X=0 Y=0 Z=0 FlatVerts=9300 SlopeVerts=1902
[+23:05:01.525] VoxelChunk: GenerateAsync (-2,2,0)
[+23:05:01.526] VoxelMesh: Chunk X=-2 Y=2 Z=0 FlatVerts=0 SlopeVerts=90
[+23:05:01.616] VoxelMesh: Chunk X=0 Y=0 Z=0 FlatVerts=0 SlopeVerts=0
[+23:05:01.616] VoxelChunk: GenerateAsync (2,-2,-2)
[+23:05:01.618] VoxelMesh: Chunk X=2 Y=-2 Z=-2 FlatVerts=0 SlopeVerts=0
[+23:05:01.718] VoxelMesh: Chunk X=0 Y=0 Z=0 FlatVerts=0 SlopeVerts=0
[+23:05:01.719] VoxelChunk: GenerateAsync (1,2,-2)
[+23:05:01.720] VoxelMesh: Chunk X=1 Y=2 Z=-2 FlatVerts=0 SlopeVerts=0
[+23:05:01.822] VoxelMesh: Chunk X=0 Y=0 Z=0 FlatVerts=0 SlopeVerts=0
[+23:05:01.822] VoxelChunk: GenerateAsync (1,-2,-2)
[+23:05:01.825] VoxelMesh: Chunk X=1 Y=-2 Z=-2 FlatVerts=0 SlopeVerts=0
[+23:05:01.926] VoxelMesh: Chunk X=0 Y=0 Z=0 FlatVerts=7686 SlopeVerts=7368
[+23:05:01.940] VoxelChunk: GenerateAsync (2,2,0)
[+23:05:01.941] VoxelMesh: Chunk X=2 Y=2 Z=0 FlatVerts=30 SlopeVerts=0
[+23:05:02.027] VoxelMesh: Chunk X=0 Y=0 Z=0 FlatVerts=3444 SlopeVerts=1092
[+23:05:02.033] VoxelChunk: GenerateAsync (-2,-2,-1)
[+23:05:02.035] VoxelMesh: Chunk X=-2 Y=-2 Z=-1 FlatVerts=0 SlopeVerts=0
[+23:05:02.132] VoxelMesh: Chunk X=0 Y=0 Z=0 FlatVerts=0 SlopeVerts=0
[+23:05:02.132] VoxelChunk: GenerateAsync (0,-2,-2)
[+23:05:02.134] VoxelMesh: Chunk X=0 Y=-2 Z=-2 FlatVerts=0 SlopeVerts=0
[+23:05:02.234] VoxelMesh: Chunk X=0 Y=0 Z=0 FlatVerts=10242 SlopeVerts=0
[+23:05:02.241] VoxelChunk: GenerateAsync (-1,2,-1)
[+23:05:02.242] VoxelMesh: Chunk X=-1 Y=2 Z=-1 FlatVerts=0 SlopeVerts=0
[+23:05:02.339] VoxelMesh: Chunk X=0 Y=0 Z=0 FlatVerts=1434 SlopeVerts=13392
[+23:05:02.349] VoxelChunk: GenerateAsync (-2,-2,1)
[+23:05:02.350] VoxelMesh: Chunk X=-2 Y=-2 Z=1 FlatVerts=0 SlopeVerts=576
[+23:05:02.443] VoxelMesh: Chunk X=0 Y=0 Z=0 FlatVerts=7932 SlopeVerts=1092
[+23:05:02.454] VoxelChunk: GenerateAsync (-2,-1,-1)
[+23:05:02.456] VoxelMesh: Chunk X=-2 Y=-1 Z=-1 FlatVerts=0 SlopeVerts=0
[+23:05:02.552] VoxelMesh: Chunk X=0 Y=0 Z=0 FlatVerts=0 SlopeVerts=0
[+23:05:02.552] VoxelChunk: GenerateAsync (1,-1,-2)
[+23:05:02.554] VoxelMesh: Chunk X=1 Y=-1 Z=-2 FlatVerts=0 SlopeVerts=0
[+23:05:02.658] VoxelMesh: Chunk X=0 Y=0 Z=0 FlatVerts=12 SlopeVerts=30
[+23:05:02.658] VoxelChunk: GenerateAsync (2,-1,-1)
[+23:05:02.660] VoxelMesh: Chunk X=2 Y=-1 Z=-1 FlatVerts=0 SlopeVerts=0
[+23:05:02.761] VoxelMesh: Chunk X=0 Y=0 Z=0 FlatVerts=8928 SlopeVerts=1170
[+23:05:02.773] VoxelChunk: GenerateAsync (1,2,-1)
[+23:05:02.774] VoxelMesh: Chunk X=1 Y=2 Z=-1 FlatVerts=0 SlopeVerts=0
[+23:05:02.870] VoxelMesh: Chunk X=0 Y=0 Z=0 FlatVerts=1302 SlopeVerts=20760
[+23:05:02.889] VoxelChunk: GenerateAsync (-1,-2,1)
[+23:05:02.889] VoxelMesh: Chunk X=-1 Y=-2 Z=1 FlatVerts=18 SlopeVerts=168
[+23:05:02.968] VoxelMesh: Chunk X=0 Y=0 Z=0 FlatVerts=324 SlopeVerts=1146
[+23:05:02.969] VoxelChunk: GenerateAsync (2,0,-1)
[+23:05:02.970] VoxelMesh: Chunk X=2 Y=0 Z=-1 FlatVerts=0 SlopeVerts=0
[+23:05:03.073] VoxelMesh: Chunk X=0 Y=0 Z=0 FlatVerts=0 SlopeVerts=0
[+23:05:03.073] VoxelChunk: GenerateAsync (-2,0,-2)
[+23:05:03.075] VoxelMesh: Chunk X=-2 Y=0 Z=-2 FlatVerts=0 SlopeVerts=0
[+23:05:03.178] VoxelMesh: Chunk X=0 Y=0 Z=0 FlatVerts=0 SlopeVerts=0
[+23:05:03.178] VoxelChunk: GenerateAsync (1,0,-2)
[+23:05:03.180] VoxelMesh: Chunk X=1 Y=0 Z=-2 FlatVerts=0 SlopeVerts=0
[+23:05:03.284] VoxelMesh: Chunk X=0 Y=0 Z=0 FlatVerts=72 SlopeVerts=4344
[+23:05:03.286] VoxelChunk: GenerateAsync (2,-2,0)
[+23:05:03.288] VoxelMesh: Chunk X=2 Y=-2 Z=0 FlatVerts=0 SlopeVerts=156
[+23:05:03.381] VoxelMesh: Chunk X=0 Y=0 Z=0 FlatVerts=9240 SlopeVerts=966
[+23:05:03.392] VoxelChunk: GenerateAsync (-2,2,-1)
[+23:05:03.394] VoxelMesh: Chunk X=-2 Y=2 Z=-1 FlatVerts=0 SlopeVerts=0
[+23:05:03.486] VoxelMesh: Chunk X=0 Y=0 Z=0 FlatVerts=10794 SlopeVerts=264
[+23:05:03.499] VoxelChunk: GenerateAsync (0,2,-1)
[+23:05:03.500] VoxelMesh: Chunk X=0 Y=2 Z=-1 FlatVerts=0 SlopeVerts=0
[+23:05:03.594] VoxelMesh: Chunk X=0 Y=0 Z=0 FlatVerts=10326 SlopeVerts=6
[+23:05:03.606] VoxelChunk: GenerateAsync (-2,1,0)
[+23:05:03.608] VoxelMesh: Chunk X=-2 Y=1 Z=0 FlatVerts=0 SlopeVerts=0
[+23:05:03.701] VoxelMesh: Chunk X=0 Y=0 Z=0 FlatVerts=0 SlopeVerts=0
[+23:05:03.701] VoxelChunk: GenerateAsync (0,1,-2)
[+23:05:03.702] VoxelMesh: Chunk X=0 Y=1 Z=-2 FlatVerts=0 SlopeVerts=0
[+23:05:03.804] VoxelMesh: Chunk X=0 Y=0 Z=0 FlatVerts=0 SlopeVerts=0
[+23:05:03.804] VoxelChunk: GenerateAsync (1,1,-2)
[+23:05:03.805] VoxelMesh: Chunk X=1 Y=1 Z=-2 FlatVerts=0 SlopeVerts=0
[+23:05:03.906] VoxelMesh: Chunk X=0 Y=0 Z=0 FlatVerts=0 SlopeVerts=0
[+23:05:03.907] VoxelChunk: GenerateAsync (2,1,-2)
[+23:05:03.909] VoxelMesh: Chunk X=2 Y=1 Z=-2 FlatVerts=0 SlopeVerts=0
[+23:05:04.011] VoxelMesh: Chunk X=0 Y=0 Z=0 FlatVerts=510 SlopeVerts=6414
[+23:05:04.016] VoxelChunk: GenerateAsync (0,-2,0)
[+23:05:04.018] VoxelMesh: Chunk X=0 Y=-2 Z=0 FlatVerts=0 SlopeVerts=0
[+23:05:04.114] VoxelMesh: Chunk X=0 Y=0 Z=0 FlatVerts=72 SlopeVerts=3438
[+23:05:04.116] VoxelChunk: GenerateAsync (1,-2,0)
[+23:05:04.117] VoxelMesh: Chunk X=1 Y=-2 Z=0 FlatVerts=0 SlopeVerts=0
[+23:05:04.218] VoxelMesh: Chunk X=0 Y=0 Z=0 FlatVerts=8580 SlopeVerts=2688
[+23:05:04.231] VoxelChunk: GenerateAsync (-2,-1,0)
[+23:05:04.232] VoxelMesh: Chunk X=-2 Y=-1 Z=0 FlatVerts=0 SlopeVerts=0
[+23:05:04.326] VoxelMesh: Chunk X=0 Y=0 Z=0 FlatVerts=0 SlopeVerts=0
[+23:05:04.327] VoxelChunk: GenerateAsync (-2,-3,-2)
[+23:05:04.328] VoxelMesh: Chunk X=-2 Y=-3 Z=-2 FlatVerts=0 SlopeVerts=0
[+23:05:04.430] VoxelMesh: Chunk X=0 Y=0 Z=0 FlatVerts=0 SlopeVerts=0
[+23:05:04.432] VoxelChunk: GenerateAsync (-3,2,-2)
[+23:05:04.433] VoxelMesh: Chunk X=-3 Y=2 Z=-2 FlatVerts=0 SlopeVerts=0
[+23:05:04.536] VoxelMesh: Chunk X=0 Y=0 Z=0 FlatVerts=0 SlopeVerts=660
[+23:05:04.536] VoxelChunk: GenerateAsync (3,-3,0)
[+23:05:04.537] VoxelMesh: Chunk X=3 Y=-3 Z=0 FlatVerts=0 SlopeVerts=0
[+23:05:04.642] VoxelMesh: Chunk X=0 Y=0 Z=0 FlatVerts=0 SlopeVerts=0
[+23:05:04.643] VoxelChunk: GenerateAsync (-1,-3,-2)
[+23:05:04.644] VoxelMesh: Chunk X=-1 Y=-3 Z=-2 FlatVerts=0 SlopeVerts=0
[+23:05:04.748] VoxelMesh: Chunk X=0 Y=0 Z=0 FlatVerts=0 SlopeVerts=0
[+23:05:04.748] VoxelChunk: GenerateAsync (3,1,-3)
[+23:05:04.750] VoxelMesh: Chunk X=3 Y=1 Z=-3 FlatVerts=0 SlopeVerts=0
[+23:05:04.852] VoxelMesh: Chunk X=0 Y=0 Z=0 FlatVerts=0 SlopeVerts=0
[+23:05:04.853] VoxelChunk: GenerateAsync (3,3,3)
[+23:05:04.855] VoxelMesh: Chunk X=3 Y=3 Z=3 FlatVerts=78 SlopeVerts=2466
[+23:05:04.959] VoxelMesh: Chunk X=0 Y=0 Z=0 FlatVerts=0 SlopeVerts=0
[+23:05:04.959] VoxelChunk: GenerateAsync (3,1,-2)
[+23:05:04.961] VoxelMesh: Chunk X=3 Y=1 Z=-2 FlatVerts=0 SlopeVerts=0
[+23:05:05.065] VoxelMesh: Chunk X=0 Y=0 Z=0 FlatVerts=5904 SlopeVerts=10266
[+23:05:05.079] VoxelChunk: GenerateAsync (-3,-2,0)
[+23:05:05.080] VoxelMesh: Chunk X=-3 Y=-2 Z=0 FlatVerts=0 SlopeVerts=0
[+23:05:05.169] VoxelMesh: Chunk X=0 Y=0 Z=0 FlatVerts=0 SlopeVerts=0
[+23:05:05.170] VoxelChunk: GenerateAsync (0,-3,-2)
[+23:05:05.172] VoxelMesh: Chunk X=0 Y=-3 Z=-2 FlatVerts=0 SlopeVerts=0
[+23:05:05.272] VoxelMesh: Chunk X=0 Y=0 Z=0 FlatVerts=8664 SlopeVerts=2394
[+23:05:05.285] VoxelChunk: GenerateAsync (-3,-1,0)
[+23:05:05.287] VoxelMesh: Chunk X=-3 Y=-1 Z=0 FlatVerts=0 SlopeVerts=0
[+23:05:05.382] VoxelMesh: Chunk X=0 Y=0 Z=0 FlatVerts=0 SlopeVerts=0
[+23:05:05.382] VoxelChunk: GenerateAsync (1,-3,-2)
[+23:05:05.384] VoxelMesh: Chunk X=1 Y=-3 Z=-2 FlatVerts=0 SlopeVerts=0
[+23:05:05.497] VoxelMesh: Chunk X=0 Y=0 Z=0 FlatVerts=0 SlopeVerts=0
[+23:05:05.498] VoxelChunk: GenerateAsync (-3,2,-3)
[+23:05:05.499] VoxelMesh: Chunk X=-3 Y=2 Z=-3 FlatVerts=0 SlopeVerts=0
[+23:05:05.591] VoxelMesh: Chunk X=0 Y=0 Z=0 FlatVerts=0 SlopeVerts=0
[+23:05:05.593] VoxelChunk: GenerateAsync (2,0,-3)
[+23:05:05.594] VoxelMesh: Chunk X=2 Y=0 Z=-3 FlatVerts=0 SlopeVerts=0
[+23:05:05.696] VoxelMesh: Chunk X=0 Y=0 Z=0 FlatVerts=0 SlopeVerts=0
[+23:05:05.697] VoxelChunk: GenerateAsync (3,2,-2)
[+23:05:05.699] VoxelMesh: Chunk X=3 Y=2 Z=-2 FlatVerts=0 SlopeVerts=0
[+23:05:05.801] VoxelMesh: Chunk X=0 Y=0 Z=0 FlatVerts=0 SlopeVerts=0
[+23:05:05.801] VoxelChunk: GenerateAsync (-3,3,-2)
[+23:05:05.802] VoxelMesh: Chunk X=-3 Y=3 Z=-2 FlatVerts=0 SlopeVerts=0
[+23:05:05.905] VoxelMesh: Chunk X=0 Y=0 Z=0 FlatVerts=0 SlopeVerts=0
[+23:05:05.905] VoxelChunk: GenerateAsync (2,-3,-2)
[+23:05:05.907] VoxelMesh: Chunk X=2 Y=-3 Z=-2 FlatVerts=0 SlopeVerts=0
[+23:05:06.008] VoxelMesh: Chunk X=0 Y=0 Z=0 FlatVerts=0 SlopeVerts=0
[+23:05:06.009] VoxelChunk: GenerateAsync (-2,3,-2)
[+23:05:06.010] VoxelMesh: Chunk X=-2 Y=3 Z=-2 FlatVerts=0 SlopeVerts=0
[+23:05:06.113] VoxelMesh: Chunk X=0 Y=0 Z=0 FlatVerts=0 SlopeVerts=0
[+23:05:06.113] VoxelChunk: GenerateAsync (-1,3,-2)
[+23:05:06.115] VoxelMesh: Chunk X=-1 Y=3 Z=-2 FlatVerts=0 SlopeVerts=0
[+23:05:06.218] VoxelMesh: Chunk X=0 Y=0 Z=0 FlatVerts=0 SlopeVerts=0
[+23:05:06.218] VoxelChunk: GenerateAsync (3,-3,-2)
[+23:05:06.219] VoxelMesh: Chunk X=3 Y=-3 Z=-2 FlatVerts=0 SlopeVerts=0
[+23:05:06.322] VoxelMesh: Chunk X=0 Y=0 Z=0 FlatVerts=0 SlopeVerts=0
[+23:05:06.323] VoxelChunk: GenerateAsync (-2,2,-3)
[+23:05:06.325] VoxelMesh: Chunk X=-2 Y=2 Z=-3 FlatVerts=0 SlopeVerts=0
[+23:05:06.425] VoxelMesh: Chunk X=0 Y=0 Z=0 FlatVerts=0 SlopeVerts=0
[+23:05:06.425] VoxelChunk: GenerateAsync (0,3,-2)
[+23:05:06.426] VoxelMesh: Chunk X=0 Y=3 Z=-2 FlatVerts=0 SlopeVerts=0
[+23:05:06.530] VoxelMesh: Chunk X=0 Y=0 Z=0 FlatVerts=0 SlopeVerts=0
[+23:05:06.531] VoxelChunk: GenerateAsync (1,3,-2)
[+23:05:06.532] VoxelMesh: Chunk X=1 Y=3 Z=-2 FlatVerts=0 SlopeVerts=0
[+23:05:06.632] VoxelMesh: Chunk X=0 Y=0 Z=0 FlatVerts=0 SlopeVerts=0
[+23:05:06.632] VoxelChunk: GenerateAsync (-3,-2,-2)
[+23:05:06.634] VoxelMesh: Chunk X=-3 Y=-2 Z=-2 FlatVerts=0 SlopeVerts=0
[+23:05:06.737] VoxelMesh: Chunk X=0 Y=0 Z=0 FlatVerts=0 SlopeVerts=0
[+23:05:06.737] VoxelChunk: GenerateAsync (2,3,-2)
[+23:05:06.740] VoxelMesh: Chunk X=2 Y=3 Z=-2 FlatVerts=0 SlopeVerts=0
[+23:05:06.846] VoxelMesh: Chunk X=0 Y=0 Z=0 FlatVerts=0 SlopeVerts=0
[+23:05:06.846] VoxelChunk: GenerateAsync (-1,-3,-3)
[+23:05:06.848] VoxelMesh: Chunk X=-1 Y=-3 Z=-3 FlatVerts=0 SlopeVerts=0
[+23:05:06.946] VoxelMesh: Chunk X=0 Y=0 Z=0 FlatVerts=0 SlopeVerts=0
[+23:05:06.947] VoxelChunk: GenerateAsync (3,3,-2)
[+23:05:06.948] VoxelMesh: Chunk X=3 Y=3 Z=-2 FlatVerts=0 SlopeVerts=0
[+23:05:07.053] VoxelMesh: Chunk X=0 Y=0 Z=0 FlatVerts=0 SlopeVerts=0
[+23:05:07.053] VoxelChunk: GenerateAsync (-1,2,-3)
[+23:05:07.057] VoxelMesh: Chunk X=-1 Y=2 Z=-3 FlatVerts=0 SlopeVerts=0
[+23:05:07.154] VoxelMesh: Chunk X=0 Y=0 Z=0 FlatVerts=0 SlopeVerts=0
[+23:05:07.155] VoxelChunk: GenerateAsync (3,0,-3)
[+23:05:07.157] VoxelMesh: Chunk X=3 Y=0 Z=-3 FlatVerts=0 SlopeVerts=0
[+23:05:07.553] VoxelMesh: Chunk X=0 Y=0 Z=0 FlatVerts=0 SlopeVerts=0
[+23:05:07.553] VoxelChunk: GenerateAsync (-2,0,-3)
[+23:05:07.555] VoxelMesh: Chunk X=-2 Y=0 Z=-3 FlatVerts=0 SlopeVerts=0
[+23:05:07.885] VoxelMesh: Chunk X=0 Y=0 Z=0 FlatVerts=1638 SlopeVerts=2652
[+23:05:07.890] VoxelChunk: GenerateAsync (-3,-3,-1)
[+23:05:07.891] VoxelMesh: Chunk X=-3 Y=-3 Z=-1 FlatVerts=0 SlopeVerts=0
[+23:05:08.219] VoxelMesh: Chunk X=0 Y=0 Z=0 FlatVerts=6810 SlopeVerts=10068
[+23:05:08.237] VoxelChunk: GenerateAsync (3,1,0)
[+23:05:08.239] VoxelMesh: Chunk X=3 Y=1 Z=0 FlatVerts=18 SlopeVerts=156
[+23:05:08.554] VoxelMesh: Chunk X=0 Y=0 Z=0 FlatVerts=1212 SlopeVerts=1014
[+23:05:08.557] VoxelChunk: GenerateAsync (-2,-3,-1)
[+23:05:08.558] VoxelMesh: Chunk X=-2 Y=-3 Z=-1 FlatVerts=0 SlopeVerts=0
[+23:05:08.887] VoxelMesh: Chunk X=0 Y=0 Z=0 FlatVerts=0 SlopeVerts=6
[+23:05:08.888] VoxelChunk: GenerateAsync (-1,-3,-1)
[+23:05:08.889] VoxelMesh: Chunk X=-1 Y=-3 Z=-1 FlatVerts=0 SlopeVerts=0
[+23:05:09.221] VoxelMesh: Chunk X=0 Y=0 Z=0 FlatVerts=0 SlopeVerts=0
[+23:05:09.221] VoxelChunk: GenerateAsync (1,-1,-3)
[+23:05:09.222] VoxelMesh: Chunk X=1 Y=-1 Z=-3 FlatVerts=0 SlopeVerts=0
[+23:05:09.555] VoxelMesh: Chunk X=0 Y=0 Z=0 FlatVerts=0 SlopeVerts=0
[+23:05:09.555] VoxelChunk: GenerateAsync (0,2,-3)
[+23:05:09.557] VoxelMesh: Chunk X=0 Y=2 Z=-3 FlatVerts=0 SlopeVerts=0
[+23:05:09.661] VoxelMesh: Chunk X=0 Y=0 Z=0 FlatVerts=0 SlopeVerts=0
[+23:05:09.662] VoxelChunk: GenerateAsync (2,-3,-1)
[+23:05:09.664] VoxelMesh: Chunk X=2 Y=-3 Z=-1 FlatVerts=0 SlopeVerts=0
[+23:05:09.771] VoxelMesh: Chunk X=0 Y=0 Z=0 FlatVerts=0 SlopeVerts=0
[+23:05:09.771] VoxelChunk: GenerateAsync (3,-3,-1)
[+23:05:09.773] VoxelMesh: Chunk X=3 Y=-3 Z=-1 FlatVerts=0 SlopeVerts=0
[+23:05:09.865] VoxelMesh: Chunk X=0 Y=0 Z=0 FlatVerts=4068 SlopeVerts=1104
[+23:05:09.871] VoxelChunk: GenerateAsync (-3,-2,-1)
[+23:05:09.873] VoxelMesh: Chunk X=-3 Y=-2 Z=-1 FlatVerts=0 SlopeVerts=0
[+23:05:09.974] VoxelMesh: Chunk X=0 Y=0 Z=0 FlatVerts=0 SlopeVerts=0
[+23:05:09.975] VoxelChunk: GenerateAsync (1,2,-3)
[+23:05:09.976] VoxelMesh: Chunk X=1 Y=2 Z=-3 FlatVerts=0 SlopeVerts=0
[+23:05:10.079] VoxelMesh: Chunk X=0 Y=0 Z=0 FlatVerts=0 SlopeVerts=0
[+23:05:10.080] VoxelChunk: GenerateAsync (-3,1,-3)
[+23:05:10.081] VoxelMesh: Chunk X=-3 Y=1 Z=-3 FlatVerts=0 SlopeVerts=0
[+23:05:10.185] VoxelMesh: Chunk X=0 Y=0 Z=0 FlatVerts=0 SlopeVerts=0
[+23:05:10.185] VoxelChunk: GenerateAsync (3,-2,-2)
[+23:05:10.187] VoxelMesh: Chunk X=3 Y=-2 Z=-2 FlatVerts=0 SlopeVerts=0
[+23:05:10.286] VoxelMesh: Chunk X=0 Y=0 Z=0 FlatVerts=0 SlopeVerts=0
[+23:05:10.286] VoxelChunk: GenerateAsync (-3,-1,-2)
[+23:05:10.288] VoxelMesh: Chunk X=-3 Y=-1 Z=-2 FlatVerts=0 SlopeVerts=0
[+23:05:10.666] VoxelMesh: Chunk X=0 Y=0 Z=0 FlatVerts=0 SlopeVerts=0
[+23:05:10.666] VoxelChunk: GenerateAsync (2,2,-3)
[+23:05:10.667] VoxelMesh: Chunk X=2 Y=2 Z=-3 FlatVerts=0 SlopeVerts=0
[+23:05:11.004] VoxelMesh: Chunk X=0 Y=0 Z=0 FlatVerts=0 SlopeVerts=0
[+23:05:11.005] VoxelChunk: GenerateAsync (0,-1,-3)
[+23:05:11.006] VoxelMesh: Chunk X=0 Y=-1 Z=-3 FlatVerts=0 SlopeVerts=0
[+23:05:11.330] VoxelMesh: Chunk X=0 Y=0 Z=0 FlatVerts=8286 SlopeVerts=942
[+23:05:11.340] VoxelChunk: GenerateAsync (-3,-1,-1)
[+23:05:11.342] VoxelMesh: Chunk X=-3 Y=-1 Z=-1 FlatVerts=0 SlopeVerts=0
[+23:05:11.668] VoxelMesh: Chunk X=0 Y=0 Z=0 FlatVerts=0 SlopeVerts=0
[+23:05:11.668] VoxelChunk: GenerateAsync (3,2,-3)
[+23:05:11.669] VoxelMesh: Chunk X=3 Y=2 Z=-3 FlatVerts=0 SlopeVerts=0
[+23:05:12.000] VoxelMesh: Chunk X=0 Y=0 Z=0 FlatVerts=0 SlopeVerts=0
[+23:05:12.001] VoxelChunk: GenerateAsync (-2,1,-3)
[+23:05:12.002] VoxelMesh: Chunk X=-2 Y=1 Z=-3 FlatVerts=0 SlopeVerts=0
[+23:05:12.333] VoxelMesh: Chunk X=0 Y=0 Z=0 FlatVerts=0 SlopeVerts=0
[+23:05:12.334] VoxelChunk: GenerateAsync (-1,0,-3)
[+23:05:12.335] VoxelMesh: Chunk X=-1 Y=0 Z=-3 FlatVerts=0 SlopeVerts=0
[+23:05:12.667] VoxelMesh: Chunk X=0 Y=0 Z=0 FlatVerts=0 SlopeVerts=0
[+23:05:12.667] VoxelChunk: GenerateAsync (3,-1,-3)
[+23:05:12.669] VoxelMesh: Chunk X=3 Y=-1 Z=-3 FlatVerts=0 SlopeVerts=0
[+23:05:13.000] VoxelMesh: Chunk X=0 Y=0 Z=0 FlatVerts=0 SlopeVerts=0
[+23:05:13.000] VoxelChunk: GenerateAsync (-2,-1,-3)
[+23:05:13.002] VoxelMesh: Chunk X=-2 Y=-1 Z=-3 FlatVerts=0 SlopeVerts=0
[+23:05:13.335] VoxelMesh: Chunk X=0 Y=0 Z=0 FlatVerts=0 SlopeVerts=0
[+23:05:13.335] VoxelChunk: GenerateAsync (-3,-1,-3)
[+23:05:13.336] VoxelMesh: Chunk X=-3 Y=-1 Z=-3 FlatVerts=0 SlopeVerts=0
[+23:05:13.667] VoxelMesh: Chunk X=0 Y=0 Z=0 FlatVerts=0 SlopeVerts=0
[+23:05:13.667] VoxelChunk: GenerateAsync (3,-2,-3)
[+23:05:13.668] VoxelMesh: Chunk X=3 Y=-2 Z=-3 FlatVerts=0 SlopeVerts=0
[+23:05:14.001] VoxelMesh: Chunk X=0 Y=0 Z=0 FlatVerts=0 SlopeVerts=0
[+23:05:14.001] VoxelChunk: GenerateAsync (-3,3,-3)
[+23:05:14.003] VoxelMesh: Chunk X=-3 Y=3 Z=-3 FlatVerts=0 SlopeVerts=0
[+23:05:14.335] VoxelMesh: Chunk X=0 Y=0 Z=0 FlatVerts=0 SlopeVerts=0
[+23:05:14.335] VoxelChunk: GenerateAsync (3,-1,-1)
[+23:05:14.336] VoxelMesh: Chunk X=3 Y=-1 Z=-1 FlatVerts=0 SlopeVerts=0
[+23:05:14.665] VoxelMesh: Chunk X=0 Y=0 Z=0 FlatVerts=9894 SlopeVerts=576
[+23:05:14.677] VoxelChunk: GenerateAsync (-3,0,-1)
[+23:05:14.679] VoxelMesh: Chunk X=-3 Y=0 Z=-1 FlatVerts=0 SlopeVerts=0
[+23:05:15.002] VoxelMesh: Chunk X=0 Y=0 Z=0 FlatVerts=0 SlopeVerts=0
[+23:05:15.002] VoxelChunk: GenerateAsync (2,-2,-3)
[+23:05:15.004] VoxelMesh: Chunk X=2 Y=-2 Z=-3 FlatVerts=0 SlopeVerts=0
[+23:05:15.339] VoxelMesh: Chunk X=0 Y=0 Z=0 FlatVerts=0 SlopeVerts=0
[+23:05:15.340] VoxelChunk: GenerateAsync (3,-1,-2)
[+23:05:15.342] VoxelMesh: Chunk X=3 Y=-1 Z=-2 FlatVerts=0 SlopeVerts=0
[+23:05:15.672] VoxelMesh: Chunk X=0 Y=0 Z=0 FlatVerts=0 SlopeVerts=0
[+23:05:15.672] VoxelChunk: GenerateAsync (-2,3,-3)
[+23:05:15.674] VoxelMesh: Chunk X=-2 Y=3 Z=-3 FlatVerts=0 SlopeVerts=0
[+23:05:16.003] VoxelMesh: Chunk X=0 Y=0 Z=0 FlatVerts=0 SlopeVerts=0
[+23:05:16.003] VoxelChunk: GenerateAsync (-1,1,-3)
[+23:05:16.005] VoxelMesh: Chunk X=-1 Y=1 Z=-3 FlatVerts=0 SlopeVerts=0
[+23:05:16.334] VoxelMesh: Chunk X=0 Y=0 Z=0 FlatVerts=0 SlopeVerts=0
[+23:05:16.334] VoxelChunk: GenerateAsync (1,-2,-3)
[+23:05:16.336] VoxelMesh: Chunk X=1 Y=-2 Z=-3 FlatVerts=0 SlopeVerts=0
[+23:05:16.669] VoxelMesh: Chunk X=0 Y=0 Z=0 FlatVerts=0 SlopeVerts=0
[+23:05:16.669] VoxelChunk: GenerateAsync (0,-2,-3)
[+23:05:16.671] VoxelMesh: Chunk X=0 Y=-2 Z=-3 FlatVerts=0 SlopeVerts=0
[+23:05:17.005] VoxelMesh: Chunk X=0 Y=0 Z=0 FlatVerts=0 SlopeVerts=0
[+23:05:17.005] VoxelChunk: GenerateAsync (-3,0,-2)
[+23:05:17.007] VoxelMesh: Chunk X=-3 Y=0 Z=-2 FlatVerts=0 SlopeVerts=0
[+23:05:17.333] VoxelMesh: Chunk X=0 Y=0 Z=0 FlatVerts=54 SlopeVerts=834
[+23:05:17.334] VoxelChunk: GenerateAsync (3,0,-1)
[+23:05:17.335] VoxelMesh: Chunk X=3 Y=0 Z=-1 FlatVerts=0 SlopeVerts=0
[+23:05:17.669] VoxelMesh: Chunk X=0 Y=0 Z=0 FlatVerts=0 SlopeVerts=0
[+23:05:17.670] VoxelChunk: GenerateAsync (-1,3,-3)
[+23:05:17.671] VoxelMesh: Chunk X=-1 Y=3 Z=-3 FlatVerts=0 SlopeVerts=0
[+23:05:17.998] VoxelMesh: Chunk X=0 Y=0 Z=0 FlatVerts=8646 SlopeVerts=1470
[+23:05:18.010] VoxelChunk: GenerateAsync (-3,1,-1)
[+23:05:18.011] VoxelMesh: Chunk X=-3 Y=1 Z=-1 FlatVerts=0 SlopeVerts=0
[+23:05:18.336] VoxelMesh: Chunk X=0 Y=0 Z=0 FlatVerts=0 SlopeVerts=0
[+23:05:18.336] VoxelChunk: GenerateAsync (-1,-2,-3)
[+23:05:18.337] VoxelMesh: Chunk X=-1 Y=-2 Z=-3 FlatVerts=0 SlopeVerts=0
[+23:05:18.668] VoxelMesh: Chunk X=0 Y=0 Z=0 FlatVerts=0 SlopeVerts=0
[+23:05:18.668] VoxelChunk: GenerateAsync (-2,-2,-3)
[+23:05:18.670] VoxelMesh: Chunk X=-2 Y=-2 Z=-3 FlatVerts=0 SlopeVerts=0
[+23:05:19.002] VoxelMesh: Chunk X=0 Y=0 Z=0 FlatVerts=0 SlopeVerts=0
[+23:05:19.002] VoxelChunk: GenerateAsync (0,3,-3)
[+23:05:19.003] VoxelMesh: Chunk X=0 Y=3 Z=-3 FlatVerts=0 SlopeVerts=0
[+23:05:19.335] VoxelMesh: Chunk X=0 Y=0 Z=0 FlatVerts=0 SlopeVerts=0
[+23:05:19.335] VoxelChunk: GenerateAsync (0,1,-3)
[+23:05:19.336] VoxelMesh: Chunk X=0 Y=1 Z=-3 FlatVerts=0 SlopeVerts=0
[+23:05:19.666] VoxelMesh: Chunk X=0 Y=0 Z=0 FlatVerts=0 SlopeVerts=0
[+23:05:19.666] VoxelChunk: GenerateAsync (3,3,-1)
[+23:05:19.668] VoxelMesh: Chunk X=3 Y=3 Z=-1 FlatVerts=0 SlopeVerts=0
[+23:05:20.002] VoxelMesh: Chunk X=0 Y=0 Z=0 FlatVerts=0 SlopeVerts=0
[+23:05:20.002] VoxelChunk: GenerateAsync (0,0,-3)
[+23:05:20.004] VoxelMesh: Chunk X=0 Y=0 Z=-3 FlatVerts=0 SlopeVerts=0
[+23:05:20.334] VoxelMesh: Chunk X=0 Y=0 Z=0 FlatVerts=2568 SlopeVerts=11472
[+23:05:20.346] VoxelChunk: GenerateAsync (-2,-3,0)
[+23:05:20.347] VoxelMesh: Chunk X=-2 Y=-3 Z=0 FlatVerts=0 SlopeVerts=0
[+23:05:20.666] VoxelMesh: Chunk X=0 Y=0 Z=0 FlatVerts=336 SlopeVerts=4980
[+23:05:20.670] VoxelChunk: GenerateAsync (-1,-3,0)
[+23:05:20.671] VoxelMesh: Chunk X=-1 Y=-3 Z=0 FlatVerts=0 SlopeVerts=30
[+23:05:21.000] VoxelMesh: Chunk X=0 Y=0 Z=0 FlatVerts=48 SlopeVerts=1284
[+23:05:21.001] VoxelChunk: GenerateAsync (0,-3,0)
[+23:05:21.003] VoxelMesh: Chunk X=0 Y=-3 Z=0 FlatVerts=0 SlopeVerts=0
[+23:05:21.336] VoxelMesh: Chunk X=0 Y=0 Z=0 FlatVerts=36 SlopeVerts=216
[+23:05:21.336] VoxelChunk: GenerateAsync (1,-3,0)
[+23:05:21.338] VoxelMesh: Chunk X=1 Y=-3 Z=0 FlatVerts=0 SlopeVerts=0
[+23:05:21.668] VoxelMesh: Chunk X=0 Y=0 Z=0 FlatVerts=0 SlopeVerts=660
[+23:05:21.669] VoxelChunk: GenerateAsync (2,-3,0)
[+23:05:21.671] VoxelMesh: Chunk X=2 Y=-3 Z=0 FlatVerts=0 SlopeVerts=0
[+23:05:22.007] VoxelMesh: Chunk X=0 Y=0 Z=0 FlatVerts=0 SlopeVerts=0
[+23:05:22.008] VoxelChunk: GenerateAsync (-3,-2,-3)
[+23:05:22.009] VoxelMesh: Chunk X=-3 Y=-2 Z=-3 FlatVerts=0 SlopeVerts=0
[+23:05:22.332] VoxelMesh: Chunk X=0 Y=0 Z=0 FlatVerts=612 SlopeVerts=1296
[+23:05:22.333] VoxelChunk: GenerateAsync (3,1,-1)
[+23:05:22.335] VoxelMesh: Chunk X=3 Y=1 Z=-1 FlatVerts=0 SlopeVerts=0
[+23:05:22.665] VoxelMesh: Chunk X=0 Y=0 Z=0 FlatVerts=5388 SlopeVerts=1914
[+23:05:22.673] VoxelChunk: GenerateAsync (-3,2,-1)
[+23:05:22.674] VoxelMesh: Chunk X=-3 Y=2 Z=-1 FlatVerts=0 SlopeVerts=0
[+23:05:23.001] VoxelMesh: Chunk X=0 Y=0 Z=0 FlatVerts=0 SlopeVerts=0
[+23:05:23.002] VoxelChunk: GenerateAsync (1,3,-3)
[+23:05:23.003] VoxelMesh: Chunk X=1 Y=3 Z=-3 FlatVerts=0 SlopeVerts=0
[+23:05:23.335] VoxelMesh: Chunk X=0 Y=0 Z=0 FlatVerts=0 SlopeVerts=0
[+23:05:23.335] VoxelChunk: GenerateAsync (3,0,-2)
[+23:05:23.336] VoxelMesh: Chunk X=3 Y=0 Z=-2 FlatVerts=0 SlopeVerts=0
[+23:05:23.667] VoxelMesh: Chunk X=0 Y=0 Z=0 FlatVerts=0 SlopeVerts=0
[+23:05:23.667] VoxelChunk: GenerateAsync (-3,1,-2)
[+23:05:23.669] VoxelMesh: Chunk X=-3 Y=1 Z=-2 FlatVerts=0 SlopeVerts=0
[+23:05:24.003] VoxelMesh: Chunk X=0 Y=0 Z=0 FlatVerts=0 SlopeVerts=0
[+23:05:24.003] VoxelChunk: GenerateAsync (2,3,-3)
[+23:05:24.005] VoxelMesh: Chunk X=2 Y=3 Z=-3 FlatVerts=0 SlopeVerts=0
[+23:05:24.337] VoxelMesh: Chunk X=0 Y=0 Z=0 FlatVerts=0 SlopeVerts=2418
[+23:05:24.339] VoxelChunk: GenerateAsync (3,-2,0)
[+23:05:24.340] VoxelMesh: Chunk X=3 Y=-2 Z=0 FlatVerts=0 SlopeVerts=102
[+23:05:24.668] VoxelMesh: Chunk X=0 Y=0 Z=0 FlatVerts=0 SlopeVerts=0
[+23:05:24.669] VoxelChunk: GenerateAsync (1,1,-3)
[+23:05:24.670] VoxelMesh: Chunk X=1 Y=1 Z=-3 FlatVerts=0 SlopeVerts=0
[+23:05:25.000] VoxelMesh: Chunk X=0 Y=0 Z=0 FlatVerts=558 SlopeVerts=462
[+23:05:25.002] VoxelChunk: GenerateAsync (3,2,-1)
[+23:05:25.003] VoxelMesh: Chunk X=3 Y=2 Z=-1 FlatVerts=0 SlopeVerts=0
[+23:05:25.334] VoxelMesh: Chunk X=0 Y=0 Z=0 FlatVerts=0 SlopeVerts=0
[+23:05:25.334] VoxelChunk: GenerateAsync (3,-3,-3)
[+23:05:25.336] VoxelMesh: Chunk X=3 Y=-3 Z=-3 FlatVerts=0 SlopeVerts=0
[+23:05:25.668] VoxelMesh: Chunk X=0 Y=0 Z=0 FlatVerts=0 SlopeVerts=0
[+23:05:25.668] VoxelChunk: GenerateAsync (2,-3,-3)
[+23:05:25.669] VoxelMesh: Chunk X=2 Y=-3 Z=-3 FlatVerts=0 SlopeVerts=0
[+23:05:26.001] VoxelMesh: Chunk X=0 Y=0 Z=0 FlatVerts=0 SlopeVerts=0
[+23:05:26.001] VoxelChunk: GenerateAsync (1,-3,-3)
[+23:05:26.002] VoxelMesh: Chunk X=1 Y=-3 Z=-3 FlatVerts=0 SlopeVerts=0
[+23:05:26.332] VoxelMesh: Chunk X=0 Y=0 Z=0 FlatVerts=2340 SlopeVerts=1830
[+23:05:26.336] VoxelChunk: GenerateAsync (-3,3,-1)
[+23:05:26.338] VoxelMesh: Chunk X=-3 Y=3 Z=-1 FlatVerts=0 SlopeVerts=0
[+23:05:26.667] VoxelMesh: Chunk X=0 Y=0 Z=0 FlatVerts=30 SlopeVerts=2028
[+23:05:26.669] VoxelChunk: GenerateAsync (3,-1,0)
[+23:05:26.669] VoxelMesh: Chunk X=3 Y=-1 Z=0 FlatVerts=312 SlopeVerts=462
[+23:05:27.006] VoxelMesh: Chunk X=0 Y=0 Z=0 FlatVerts=9894 SlopeVerts=576
[+23:05:27.023] VoxelChunk: GenerateAsync (-3,0,0)
[+23:05:27.028] VoxelMesh: Chunk X=-3 Y=0 Z=0 FlatVerts=0 SlopeVerts=0
[+23:05:27.332] VoxelMesh: Chunk X=0 Y=0 Z=0 FlatVerts=6054 SlopeVerts=2346
[+23:05:27.340] VoxelChunk: GenerateAsync (-2,3,-1)
[+23:05:27.342] VoxelMesh: Chunk X=-2 Y=3 Z=-1 FlatVerts=0 SlopeVerts=0
[+23:05:27.667] VoxelMesh: Chunk X=0 Y=0 Z=0 FlatVerts=0 SlopeVerts=0
[+23:05:27.668] VoxelChunk: GenerateAsync (0,-3,-3)
[+23:05:27.669] VoxelMesh: Chunk X=0 Y=-3 Z=-3 FlatVerts=0 SlopeVerts=0
[+23:05:28.003] VoxelMesh: Chunk X=0 Y=0 Z=0 FlatVerts=0 SlopeVerts=0
[+23:05:28.004] VoxelChunk: GenerateAsync (3,3,-3)
[+23:05:28.005] VoxelMesh: Chunk X=3 Y=3 Z=-3 FlatVerts=0 SlopeVerts=0
[+23:05:28.332] VoxelMesh: Chunk X=0 Y=0 Z=0 FlatVerts=6948 SlopeVerts=1038
[+23:05:28.343] VoxelChunk: GenerateAsync (-1,3,-1)
[+23:05:28.344] VoxelMesh: Chunk X=-1 Y=3 Z=-1 FlatVerts=0 SlopeVerts=0
[+23:05:28.665] VoxelMesh: Chunk X=0 Y=0 Z=0 FlatVerts=6060 SlopeVerts=1098
[+23:05:28.674] VoxelChunk: GenerateAsync (0,3,-1)
[+23:05:28.675] VoxelMesh: Chunk X=0 Y=3 Z=-1 FlatVerts=0 SlopeVerts=0
[+23:05:29.000] VoxelMesh: Chunk X=0 Y=0 Z=0 FlatVerts=2526 SlopeVerts=7044
[+23:05:29.007] VoxelChunk: GenerateAsync (3,0,0)
[+23:05:29.008] VoxelMesh: Chunk X=3 Y=0 Z=0 FlatVerts=432 SlopeVerts=438
[+23:05:29.333] VoxelMesh: Chunk X=0 Y=0 Z=0 FlatVerts=9288 SlopeVerts=3306
[+23:05:29.348] VoxelChunk: GenerateAsync (-3,1,0)
[+23:05:29.349] VoxelMesh: Chunk X=-3 Y=1 Z=0 FlatVerts=0 SlopeVerts=0
[+23:05:29.666] VoxelMesh: Chunk X=0 Y=0 Z=0 FlatVerts=3792 SlopeVerts=1224
[+23:05:29.672] VoxelChunk: GenerateAsync (1,3,-1)
[+23:05:29.673] VoxelMesh: Chunk X=1 Y=3 Z=-1 FlatVerts=0 SlopeVerts=0
[+23:05:30.000] VoxelMesh: Chunk X=0 Y=0 Z=0 FlatVerts=954 SlopeVerts=588
[+23:05:30.002] VoxelChunk: GenerateAsync (2,3,-1)
[+23:05:30.003] VoxelMesh: Chunk X=2 Y=3 Z=-1 FlatVerts=0 SlopeVerts=0
[+23:05:30.335] VoxelMesh: Chunk X=0 Y=0 Z=0 FlatVerts=0 SlopeVerts=0
[+23:05:30.335] VoxelChunk: GenerateAsync (-2,-3,-3)
[+23:05:30.336] VoxelMesh: Chunk X=-2 Y=-3 Z=-3 FlatVerts=0 SlopeVerts=0
[+23:05:30.668] VoxelMesh: Chunk X=0 Y=0 Z=0 FlatVerts=0 SlopeVerts=0
[+23:05:30.668] VoxelChunk: GenerateAsync (-3,-3,-3)
[+23:05:30.670] VoxelMesh: Chunk X=-3 Y=-3 Z=-3 FlatVerts=0 SlopeVerts=0
[+23:05:31.004] VoxelMesh: Chunk X=0 Y=0 Z=0 FlatVerts=0 SlopeVerts=0
[+23:05:31.004] VoxelChunk: GenerateAsync (-3,-3,-2)
[+23:05:31.006] VoxelMesh: Chunk X=-3 Y=-3 Z=-2 FlatVerts=0 SlopeVerts=0
[+23:05:31.336] VoxelMesh: Chunk X=0 Y=0 Z=0 FlatVerts=0 SlopeVerts=0
[+23:05:31.336] VoxelChunk: GenerateAsync (2,1,-3)
[+23:05:31.337] VoxelMesh: Chunk X=2 Y=1 Z=-3 FlatVerts=0 SlopeVerts=0
[+23:05:31.670] VoxelMesh: Chunk X=0 Y=0 Z=0 FlatVerts=6204 SlopeVerts=7032
[+23:05:31.682] VoxelChunk: GenerateAsync (-3,2,0)
[+23:05:31.684] VoxelMesh: Chunk X=-3 Y=2 Z=0 FlatVerts=0 SlopeVerts=0
[+23:05:32.008] VoxelMesh: Chunk X=0 Y=0 Z=0 FlatVerts=0 SlopeVerts=0
[+23:05:32.009] VoxelChunk: GenerateAsync (1,0,-3)
[+23:05:32.010] VoxelMesh: Chunk X=1 Y=0 Z=-3 FlatVerts=0 SlopeVerts=0
[+23:05:32.336] VoxelMesh: Chunk X=0 Y=0 Z=0 FlatVerts=0 SlopeVerts=0
[+23:05:32.336] VoxelChunk: GenerateAsync (-3,0,-3)
[+23:05:32.337] VoxelMesh: Chunk X=-3 Y=0 Z=-3 FlatVerts=0 SlopeVerts=0
[+23:05:32.675] VoxelMesh: Chunk X=0 Y=0 Z=0 FlatVerts=0 SlopeVerts=0
[+23:05:32.676] VoxelChunk: GenerateAsync (2,-1,-3)
[+23:05:32.678] VoxelMesh: Chunk X=2 Y=-1 Z=-3 FlatVerts=0 SlopeVerts=0
[+23:05:33.003] VoxelMesh: Chunk X=0 Y=0 Z=0 FlatVerts=0 SlopeVerts=0
[+23:05:33.003] VoxelChunk: GenerateAsync (0,-3,-1)
[+23:05:33.005] VoxelMesh: Chunk X=0 Y=-3 Z=-1 FlatVerts=0 SlopeVerts=0
[+23:05:33.340] VoxelMesh: Chunk X=0 Y=0 Z=0 FlatVerts=0 SlopeVerts=0
[+23:05:33.341] VoxelChunk: GenerateAsync (1,-3,-1)
[+23:05:33.343] VoxelMesh: Chunk X=1 Y=-3 Z=-1 FlatVerts=0 SlopeVerts=0
[+23:05:33.673] VoxelMesh: Chunk X=0 Y=0 Z=0 FlatVerts=0 SlopeVerts=0
[+23:05:33.673] VoxelChunk: GenerateAsync (-1,-1,-3)
[+23:05:33.675] VoxelMesh: Chunk X=-1 Y=-1 Z=-3 FlatVerts=0 SlopeVerts=0
[+23:05:34.003] VoxelMesh: Chunk X=0 Y=0 Z=0 FlatVerts=7440 SlopeVerts=4200
[+23:05:34.020] VoxelChunk: GenerateAsync (3,2,0)
[+23:05:34.023] VoxelMesh: Chunk X=3 Y=2 Z=0 FlatVerts=0 SlopeVerts=0
[+23:05:34.334] VoxelMesh: Chunk X=0 Y=0 Z=0 FlatVerts=3906 SlopeVerts=9678
[+23:05:34.346] VoxelChunk: GenerateAsync (-3,3,0)
[+23:05:34.348] VoxelMesh: Chunk X=-3 Y=3 Z=0 FlatVerts=0 SlopeVerts=0
[+23:05:34.667] VoxelMesh: Chunk X=0 Y=0 Z=0 FlatVerts=7650 SlopeVerts=8010
[+23:05:34.683] VoxelChunk: GenerateAsync (-2,3,0)
[+23:05:34.684] VoxelMesh: Chunk X=-2 Y=3 Z=0 FlatVerts=0 SlopeVerts=0
[+23:05:35.001] VoxelMesh: Chunk X=0 Y=0 Z=0 FlatVerts=8826 SlopeVerts=4620
[+23:05:35.018] VoxelChunk: GenerateAsync (-1,3,0)
[+23:05:35.020] VoxelMesh: Chunk X=-1 Y=3 Z=0 FlatVerts=0 SlopeVerts=12
[+23:05:35.335] VoxelMesh: Chunk X=0 Y=0 Z=0 FlatVerts=7860 SlopeVerts=5976
[+23:05:35.349] VoxelChunk: GenerateAsync (0,3,0)
[+23:05:35.350] VoxelMesh: Chunk X=0 Y=3 Z=0 FlatVerts=0 SlopeVerts=0
[+23:05:35.667] VoxelMesh: Chunk X=0 Y=0 Z=0 FlatVerts=6402 SlopeVerts=7416
[+23:05:35.682] VoxelChunk: GenerateAsync (1,3,0)
[+23:05:35.683] VoxelMesh: Chunk X=1 Y=3 Z=0 FlatVerts=0 SlopeVerts=0
[+23:05:36.001] VoxelMesh: Chunk X=0 Y=0 Z=0 FlatVerts=6714 SlopeVerts=4974
[+23:05:36.016] VoxelChunk: GenerateAsync (2,3,0)
[+23:05:36.017] VoxelMesh: Chunk X=2 Y=3 Z=0 FlatVerts=0 SlopeVerts=0
[+23:05:36.333] VoxelMesh: Chunk X=0 Y=0 Z=0 FlatVerts=8196 SlopeVerts=1152
[+23:05:36.345] VoxelChunk: GenerateAsync (3,3,0)
[+23:05:36.347] VoxelMesh: Chunk X=3 Y=3 Z=0 FlatVerts=0 SlopeVerts=0
[+23:05:36.670] VoxelMesh: Chunk X=0 Y=0 Z=0 FlatVerts=2226 SlopeVerts=14814
[+23:05:36.687] VoxelChunk: GenerateAsync (-3,-3,1)
[+23:05:36.687] VoxelMesh: Chunk X=-3 Y=-3 Z=1 FlatVerts=522 SlopeVerts=1476
[+23:05:37.006] VoxelMesh: Chunk X=0 Y=0 Z=0 FlatVerts=1410 SlopeVerts=21966
[+23:05:37.032] VoxelChunk: GenerateAsync (-2,-3,1)
[+23:05:37.042] VoxelMesh: Chunk X=-2 Y=-3 Z=1 FlatVerts=450 SlopeVerts=5076
[+23:05:37.340] VoxelMesh: Chunk X=0 Y=0 Z=0 FlatVerts=534 SlopeVerts=23658
[+23:05:37.359] VoxelChunk: GenerateAsync (-1,-3,1)
[+23:05:37.360] VoxelMesh: Chunk X=-1 Y=-3 Z=1 FlatVerts=72 SlopeVerts=3234
[+23:05:37.671] VoxelMesh: Chunk X=0 Y=0 Z=0 FlatVerts=84 SlopeVerts=12018
[+23:05:37.681] VoxelChunk: GenerateAsync (0,-3,1)
[+23:05:37.682] VoxelMesh: Chunk X=0 Y=-3 Z=1 FlatVerts=54 SlopeVerts=1068
[+23:05:38.002] VoxelMesh: Chunk X=0 Y=0 Z=0 FlatVerts=48 SlopeVerts=3480
[+23:05:38.005] VoxelChunk: GenerateAsync (1,-3,1)
[+23:05:38.006] VoxelMesh: Chunk X=1 Y=-3 Z=1 FlatVerts=0 SlopeVerts=0
[+23:05:38.335] VoxelMesh: Chunk X=0 Y=0 Z=0 FlatVerts=54 SlopeVerts=4902
[+23:05:38.339] VoxelChunk: GenerateAsync (2,-3,1)
[+23:05:38.341] VoxelMesh: Chunk X=2 Y=-3 Z=1 FlatVerts=0 SlopeVerts=0
[+23:05:38.668] VoxelMesh: Chunk X=0 Y=0 Z=0 FlatVerts=72 SlopeVerts=5850
[+23:05:38.672] VoxelChunk: GenerateAsync (3,-3,1)
[+23:05:38.673] VoxelMesh: Chunk X=3 Y=-3 Z=1 FlatVerts=60 SlopeVerts=318
[+23:05:39.004] VoxelMesh: Chunk X=0 Y=0 Z=0 FlatVerts=1728 SlopeVerts=9846
[+23:05:39.018] VoxelChunk: GenerateAsync (-3,-2,1)
[+23:05:39.018] VoxelMesh: Chunk X=-3 Y=-2 Z=1 FlatVerts=0 SlopeVerts=750
[+23:05:39.338] VoxelMesh: Chunk X=0 Y=0 Z=0 FlatVerts=0 SlopeVerts=0
[+23:05:39.338] VoxelChunk: GenerateAsync (3,-2,-1)
[+23:05:39.341] VoxelMesh: Chunk X=3 Y=-2 Z=-1 FlatVerts=0 SlopeVerts=0
[+23:05:39.669] VoxelMesh: Chunk X=0 Y=0 Z=0 FlatVerts=4008 SlopeVerts=16176
[+23:05:39.688] VoxelChunk: GenerateAsync (-3,-3,0)
[+23:05:39.689] VoxelMesh: Chunk X=-3 Y=-3 Z=0 FlatVerts=0 SlopeVerts=0
[+23:05:40.003] VoxelMesh: Chunk X=0 Y=0 Z=0 FlatVerts=0 SlopeVerts=294
[+23:05:40.004] VoxelChunk: GenerateAsync (-3,1,2)
[+23:05:40.005] VoxelMesh: Chunk X=-3 Y=1 Z=2 FlatVerts=0 SlopeVerts=12
[+23:05:40.336] VoxelMesh: Chunk X=0 Y=0 Z=0 FlatVerts=0 SlopeVerts=0
[+23:05:40.337] VoxelChunk: GenerateAsync (2,3,3)
[+23:05:40.339] VoxelMesh: Chunk X=2 Y=3 Z=3 FlatVerts=0 SlopeVerts=2652
[+23:05:40.677] VoxelMesh: Chunk X=0 Y=0 Z=0 FlatVerts=0 SlopeVerts=0
[+23:05:40.678] VoxelChunk: GenerateAsync (1,3,3)
[+23:05:40.680] VoxelMesh: Chunk X=1 Y=3 Z=3 FlatVerts=0 SlopeVerts=1308
[+23:05:41.003] VoxelMesh: Chunk X=0 Y=0 Z=0 FlatVerts=72 SlopeVerts=9960
[+23:05:41.011] VoxelChunk: GenerateAsync (3,-2,1)
[+23:05:41.012] VoxelMesh: Chunk X=3 Y=-2 Z=1 FlatVerts=1620 SlopeVerts=2238
[+23:05:41.340] VoxelMesh: Chunk X=0 Y=0 Z=0 FlatVerts=312 SlopeVerts=1518
[+23:05:41.342] VoxelChunk: GenerateAsync (-3,-1,1)
[+23:05:41.343] VoxelMesh: Chunk X=-3 Y=-1 Z=1 FlatVerts=0 SlopeVerts=0
[+23:05:41.670] VoxelMesh: Chunk X=0 Y=0 Z=0 FlatVerts=0 SlopeVerts=1572
[+23:05:41.673] VoxelChunk: GenerateAsync (-2,-3,3)
[+23:05:41.674] VoxelMesh: Chunk X=-2 Y=-3 Z=3 FlatVerts=0 SlopeVerts=30
[+23:05:42.007] VoxelMesh: Chunk X=0 Y=0 Z=0 FlatVerts=0 SlopeVerts=0
[+23:05:42.008] VoxelChunk: GenerateAsync (-3,1,3)
[+23:05:42.009] VoxelMesh: Chunk X=-3 Y=1 Z=3 FlatVerts=12 SlopeVerts=2208
[+23:05:42.341] VoxelMesh: Chunk X=0 Y=0 Z=0 FlatVerts=36 SlopeVerts=18618
[+23:05:42.358] VoxelChunk: GenerateAsync (-1,-3,3)
[+23:05:42.360] VoxelMesh: Chunk X=-1 Y=-3 Z=3 FlatVerts=0 SlopeVerts=4332
[+23:05:42.676] VoxelMesh: Chunk X=0 Y=0 Z=0 FlatVerts=0 SlopeVerts=19716
[+23:05:42.692] VoxelChunk: GenerateAsync (1,-1,3)
[+23:05:42.693] VoxelMesh: Chunk X=1 Y=-1 Z=3 FlatVerts=0 SlopeVerts=0
[+23:05:43.002] VoxelMesh: Chunk X=0 Y=0 Z=0 FlatVerts=0 SlopeVerts=0
[+23:05:43.003] VoxelChunk: GenerateAsync (-2,1,3)
[+23:05:43.005] VoxelMesh: Chunk X=-2 Y=1 Z=3 FlatVerts=144 SlopeVerts=7656
[+23:05:43.341] VoxelMesh: Chunk X=0 Y=0 Z=0 FlatVerts=0 SlopeVerts=0
[+23:05:43.342] VoxelChunk: GenerateAsync (0,2,3)
[+23:05:43.344] VoxelMesh: Chunk X=0 Y=2 Z=3 FlatVerts=0 SlopeVerts=0
[+23:05:43.671] VoxelMesh: Chunk X=0 Y=0 Z=0 FlatVerts=156 SlopeVerts=35526
[+23:05:43.700] VoxelChunk: GenerateAsync (0,-3,3)
[+23:05:43.701] VoxelMesh: Chunk X=0 Y=-3 Z=3 FlatVerts=12 SlopeVerts=5172
[+23:05:44.008] VoxelMesh: Chunk X=0 Y=0 Z=0 FlatVerts=72 SlopeVerts=40050
[+23:05:44.040] VoxelChunk: GenerateAsync (1,-2,3)
[+23:05:44.042] VoxelMesh: Chunk X=1 Y=-2 Z=3 FlatVerts=12 SlopeVerts=3810
[+23:05:44.339] VoxelMesh: Chunk X=0 Y=0 Z=0 FlatVerts=18 SlopeVerts=26178
[+23:05:44.359] VoxelChunk: GenerateAsync (2,-1,3)
[+23:05:44.361] VoxelMesh: Chunk X=2 Y=-1 Z=3 FlatVerts=0 SlopeVerts=0
[+23:05:44.669] VoxelMesh: Chunk X=0 Y=0 Z=0 FlatVerts=0 SlopeVerts=0
[+23:05:44.669] VoxelChunk: GenerateAsync (-3,0,3)
[+23:05:44.670] VoxelMesh: Chunk X=-3 Y=0 Z=3 FlatVerts=0 SlopeVerts=1560
[+23:05:45.003] VoxelMesh: Chunk X=0 Y=0 Z=0 FlatVerts=0 SlopeVerts=0
[+23:05:45.003] VoxelChunk: GenerateAsync (-1,1,3)
[+23:05:45.005] VoxelMesh: Chunk X=-1 Y=1 Z=3 FlatVerts=0 SlopeVerts=294
[+23:05:45.336] VoxelMesh: Chunk X=0 Y=0 Z=0 FlatVerts=36 SlopeVerts=834
[+23:05:45.336] VoxelChunk: GenerateAsync (-3,2,3)
[+23:05:45.338] VoxelMesh: Chunk X=-3 Y=2 Z=3 FlatVerts=6 SlopeVerts=912
[+23:05:45.670] VoxelMesh: Chunk X=0 Y=0 Z=0 FlatVerts=0 SlopeVerts=0
[+23:05:45.671] VoxelChunk: GenerateAsync (1,2,3)
[+23:05:45.672] VoxelMesh: Chunk X=1 Y=2 Z=3 FlatVerts=0 SlopeVerts=732
[+23:05:46.003] VoxelMesh: Chunk X=0 Y=0 Z=0 FlatVerts=36 SlopeVerts=1386
[+23:05:46.005] VoxelChunk: GenerateAsync (-3,3,3)
[+23:05:46.007] VoxelMesh: Chunk X=-3 Y=3 Z=3 FlatVerts=60 SlopeVerts=3072
[+23:05:46.339] VoxelMesh: Chunk X=0 Y=0 Z=0 FlatVerts=198 SlopeVerts=39828
[+23:05:46.371] VoxelChunk: GenerateAsync (1,-3,3)
[+23:05:46.372] VoxelMesh: Chunk X=1 Y=-3 Z=3 FlatVerts=0 SlopeVerts=4692
[+23:05:46.676] VoxelMesh: Chunk X=0 Y=0 Z=0 FlatVerts=0 SlopeVerts=588
[+23:05:46.677] VoxelChunk: GenerateAsync (-2,-2,3)
[+23:05:46.679] VoxelMesh: Chunk X=-2 Y=-2 Z=3 FlatVerts=0 SlopeVerts=6270
[+23:05:47.011] VoxelMesh: Chunk X=0 Y=0 Z=0 FlatVerts=24 SlopeVerts=36774
[+23:05:47.053] VoxelChunk: GenerateAsync (2,-2,3)
[+23:05:47.057] VoxelMesh: Chunk X=2 Y=-2 Z=3 FlatVerts=6 SlopeVerts=3090
[+23:05:47.338] VoxelMesh: Chunk X=0 Y=0 Z=0 FlatVerts=0 SlopeVerts=10260
[+23:05:47.346] VoxelChunk: GenerateAsync (0,-1,3)
[+23:05:47.348] VoxelMesh: Chunk X=0 Y=-1 Z=3 FlatVerts=0 SlopeVerts=72
[+23:05:47.675] VoxelMesh: Chunk X=0 Y=0 Z=0 FlatVerts=7380 SlopeVerts=11868
[+23:05:47.693] VoxelChunk: GenerateAsync (3,1,1)
[+23:05:47.695] VoxelMesh: Chunk X=3 Y=1 Z=1 FlatVerts=126 SlopeVerts=1146
[+23:05:48.006] VoxelMesh: Chunk X=0 Y=0 Z=0 FlatVerts=96 SlopeVerts=31746
[+23:05:48.038] VoxelChunk: GenerateAsync (3,-1,3)
[+23:05:48.040] VoxelMesh: Chunk X=3 Y=-1 Z=3 FlatVerts=0 SlopeVerts=0
[+23:05:48.335] VoxelMesh: Chunk X=0 Y=0 Z=0 FlatVerts=0 SlopeVerts=0
[+23:05:48.336] VoxelChunk: GenerateAsync (-2,0,3)
[+23:05:48.337] VoxelMesh: Chunk X=-2 Y=0 Z=3 FlatVerts=0 SlopeVerts=5352
[+23:05:48.676] VoxelMesh: Chunk X=0 Y=0 Z=0 FlatVerts=0 SlopeVerts=2418
[+23:05:48.678] VoxelChunk: GenerateAsync (1,0,3)
[+23:05:48.680] VoxelMesh: Chunk X=1 Y=0 Z=3 FlatVerts=0 SlopeVerts=0
[+23:05:49.004] VoxelMesh: Chunk X=0 Y=0 Z=0 FlatVerts=0 SlopeVerts=0
[+23:05:49.005] VoxelChunk: GenerateAsync (0,1,3)
[+23:05:49.006] VoxelMesh: Chunk X=0 Y=1 Z=3 FlatVerts=0 SlopeVerts=0
[+23:05:49.336] VoxelMesh: Chunk X=0 Y=0 Z=0 FlatVerts=0 SlopeVerts=12
[+23:05:49.337] VoxelChunk: GenerateAsync (1,1,3)
[+23:05:49.338] VoxelMesh: Chunk X=1 Y=1 Z=3 FlatVerts=0 SlopeVerts=0
[+23:05:49.668] VoxelMesh: Chunk X=0 Y=0 Z=0 FlatVerts=0 SlopeVerts=0
[+23:05:49.668] VoxelChunk: GenerateAsync (-2,2,3)
[+23:05:49.670] VoxelMesh: Chunk X=-2 Y=2 Z=3 FlatVerts=18 SlopeVerts=4662
[+23:05:50.005] VoxelMesh: Chunk X=0 Y=0 Z=0 FlatVerts=2850 SlopeVerts=16926
[+23:05:50.024] VoxelChunk: GenerateAsync (3,0,1)
[+23:05:50.025] VoxelMesh: Chunk X=3 Y=0 Z=1 FlatVerts=1170 SlopeVerts=2454
[+23:05:50.341] VoxelMesh: Chunk X=0 Y=0 Z=0 FlatVerts=0 SlopeVerts=0
[+23:05:50.341] VoxelChunk: GenerateAsync (2,2,3)
[+23:05:50.343] VoxelMesh: Chunk X=2 Y=2 Z=3 FlatVerts=0 SlopeVerts=2184
[+23:05:50.677] VoxelMesh: Chunk X=0 Y=0 Z=0 FlatVerts=0 SlopeVerts=0
[+23:05:50.678] VoxelChunk: GenerateAsync (3,2,3)
[+23:05:50.679] VoxelMesh: Chunk X=3 Y=2 Z=3 FlatVerts=0 SlopeVerts=1038
[+23:05:51.004] VoxelMesh: Chunk X=0 Y=0 Z=0 FlatVerts=0 SlopeVerts=0
[+23:05:51.005] VoxelChunk: GenerateAsync (-2,3,3)
[+23:05:51.006] VoxelMesh: Chunk X=-2 Y=3 Z=3 FlatVerts=0 SlopeVerts=1026
[+23:05:51.336] VoxelMesh: Chunk X=0 Y=0 Z=0 FlatVerts=2016 SlopeVerts=6270
[+23:05:51.343] VoxelChunk: GenerateAsync (0,3,1)
[+23:05:51.345] VoxelMesh: Chunk X=0 Y=3 Z=1 FlatVerts=660 SlopeVerts=1860
[+23:05:51.672] VoxelMesh: Chunk X=0 Y=0 Z=0 FlatVerts=132 SlopeVerts=39048
[+23:05:51.704] VoxelChunk: GenerateAsync (2,-3,3)
[+23:05:51.706] VoxelMesh: Chunk X=2 Y=-3 Z=3 FlatVerts=12 SlopeVerts=3114
[+23:05:52.010] VoxelMesh: Chunk X=0 Y=0 Z=0 FlatVerts=96 SlopeVerts=37128
[+23:05:52.039] VoxelChunk: GenerateAsync (3,-3,3)
[+23:05:52.041] VoxelMesh: Chunk X=3 Y=-3 Z=3 FlatVerts=0 SlopeVerts=4488
[+23:05:52.340] VoxelMesh: Chunk X=0 Y=0 Z=0 FlatVerts=0 SlopeVerts=8814
[+23:05:52.346] VoxelChunk: GenerateAsync (-1,-2,3)
[+23:05:52.348] VoxelMesh: Chunk X=-1 Y=-2 Z=3 FlatVerts=6 SlopeVerts=2718
[+23:05:52.672] VoxelMesh: Chunk X=0 Y=0 Z=0 FlatVerts=60 SlopeVerts=29712
[+23:05:52.696] VoxelChunk: GenerateAsync (0,-2,3)
[+23:05:52.698] VoxelMesh: Chunk X=0 Y=-2 Z=3 FlatVerts=66 SlopeVerts=4050
[+23:05:53.006] VoxelMesh: Chunk X=0 Y=0 Z=0 FlatVerts=60 SlopeVerts=35088
[+23:05:53.036] VoxelChunk: GenerateAsync (3,-2,3)
[+23:05:53.038] VoxelMesh: Chunk X=3 Y=-2 Z=3 FlatVerts=0 SlopeVerts=0
[+23:05:53.337] VoxelMesh: Chunk X=0 Y=0 Z=0 FlatVerts=0 SlopeVerts=0
[+23:05:53.338] VoxelChunk: GenerateAsync (-2,-1,3)
[+23:05:53.340] VoxelMesh: Chunk X=-2 Y=-1 Z=3 FlatVerts=66 SlopeVerts=4182
[+23:05:53.672] VoxelMesh: Chunk X=0 Y=0 Z=0 FlatVerts=126 SlopeVerts=33546
[+23:05:53.698] VoxelChunk: GenerateAsync (0,-3,2)
[+23:05:53.700] VoxelMesh: Chunk X=0 Y=-3 Z=2 FlatVerts=0 SlopeVerts=4014
[+23:05:54.006] VoxelMesh: Chunk X=0 Y=0 Z=0 FlatVerts=180 SlopeVerts=22140
[+23:05:54.023] VoxelChunk: GenerateAsync (1,-3,2)
[+23:05:54.024] VoxelMesh: Chunk X=1 Y=-3 Z=2 FlatVerts=0 SlopeVerts=666
[+23:05:54.335] VoxelMesh: Chunk X=0 Y=0 Z=0 FlatVerts=186 SlopeVerts=23634
[+23:05:54.356] VoxelChunk: GenerateAsync (2,-3,2)
[+23:05:54.357] VoxelMesh: Chunk X=2 Y=-3 Z=2 FlatVerts=0 SlopeVerts=30
[+23:05:54.676] VoxelMesh: Chunk X=0 Y=0 Z=0 FlatVerts=156 SlopeVerts=26832
[+23:05:54.696] VoxelChunk: GenerateAsync (3,-3,2)
[+23:05:54.697] VoxelMesh: Chunk X=3 Y=-3 Z=2 FlatVerts=0 SlopeVerts=2658
[+23:05:55.006] VoxelMesh: Chunk X=0 Y=0 Z=0 FlatVerts=48 SlopeVerts=528
[+23:05:55.007] VoxelChunk: GenerateAsync (-3,-2,2)
[+23:05:55.009] VoxelMesh: Chunk X=-3 Y=-2 Z=2 FlatVerts=18 SlopeVerts=2742
[+23:05:55.338] VoxelMesh: Chunk X=0 Y=0 Z=0 FlatVerts=828 SlopeVerts=8406
[+23:05:55.344] VoxelChunk: GenerateAsync (-3,2,1)
[+23:05:55.346] VoxelMesh: Chunk X=-3 Y=2 Z=1 FlatVerts=0 SlopeVerts=0
[+23:05:55.669] VoxelMesh: Chunk X=0 Y=0 Z=0 FlatVerts=0 SlopeVerts=0
[+23:05:55.670] VoxelChunk: GenerateAsync (-1,0,3)
[+23:05:55.672] VoxelMesh: Chunk X=-1 Y=0 Z=3 FlatVerts=108 SlopeVerts=6228
[+23:05:56.010] VoxelMesh: Chunk X=0 Y=0 Z=0 FlatVerts=0 SlopeVerts=108
[+23:05:56.011] VoxelChunk: GenerateAsync (0,0,3)
[+23:05:56.012] VoxelMesh: Chunk X=0 Y=0 Z=3 FlatVerts=0 SlopeVerts=42
[+23:05:56.337] VoxelMesh: Chunk X=0 Y=0 Z=0 FlatVerts=18 SlopeVerts=7752
[+23:05:56.344] VoxelChunk: GenerateAsync (2,0,3)
[+23:05:56.345] VoxelMesh: Chunk X=2 Y=0 Z=3 FlatVerts=0 SlopeVerts=0
[+23:05:56.669] VoxelMesh: Chunk X=0 Y=0 Z=0 FlatVerts=96 SlopeVerts=12786
[+23:05:56.678] VoxelChunk: GenerateAsync (3,0,3)
[+23:05:56.680] VoxelMesh: Chunk X=3 Y=0 Z=3 FlatVerts=0 SlopeVerts=252
[+23:05:57.008] VoxelMesh: Chunk X=0 Y=0 Z=0 FlatVerts=120 SlopeVerts=21294
[+23:05:57.025] VoxelChunk: GenerateAsync (3,-2,2)
[+23:05:57.027] VoxelMesh: Chunk X=3 Y=-2 Z=2 FlatVerts=102 SlopeVerts=1170
[+23:05:57.336] VoxelMesh: Chunk X=0 Y=0 Z=0 FlatVerts=0 SlopeVerts=0
[+23:05:57.337] VoxelChunk: GenerateAsync (-3,-1,2)
[+23:05:57.338] VoxelMesh: Chunk X=-3 Y=-1 Z=2 FlatVerts=0 SlopeVerts=0
[+23:05:57.669] VoxelMesh: Chunk X=0 Y=0 Z=0 FlatVerts=0 SlopeVerts=42
[+23:05:57.669] VoxelChunk: GenerateAsync (2,1,3)
[+23:05:57.670] VoxelMesh: Chunk X=2 Y=1 Z=3 FlatVerts=0 SlopeVerts=1170
[+23:05:58.004] VoxelMesh: Chunk X=0 Y=0 Z=0 FlatVerts=0 SlopeVerts=30
[+23:05:58.005] VoxelChunk: GenerateAsync (3,1,3)
[+23:05:58.006] VoxelMesh: Chunk X=3 Y=1 Z=3 FlatVerts=0 SlopeVerts=2766
[+23:05:58.337] VoxelMesh: Chunk X=0 Y=0 Z=0 FlatVerts=0 SlopeVerts=0
[+23:05:58.338] VoxelChunk: GenerateAsync (-1,2,3)
[+23:05:58.340] VoxelMesh: Chunk X=-1 Y=2 Z=3 FlatVerts=0 SlopeVerts=0
[+23:05:58.676] VoxelMesh: Chunk X=0 Y=0 Z=0 FlatVerts=228 SlopeVerts=13272
[+23:05:58.685] VoxelChunk: GenerateAsync (3,-1,1)
[+23:05:58.686] VoxelMesh: Chunk X=3 Y=-1 Z=1 FlatVerts=1392 SlopeVerts=2544
[+23:05:59.005] VoxelMesh: Chunk X=0 Y=0 Z=0 FlatVerts=10374 SlopeVerts=4788
[+23:05:59.020] VoxelChunk: GenerateAsync (3,2,1)
[+23:05:59.022] VoxelMesh: Chunk X=3 Y=2 Z=1 FlatVerts=0 SlopeVerts=0
[+23:05:59.335] VoxelMesh: Chunk X=0 Y=0 Z=0 FlatVerts=264 SlopeVerts=24228
[+23:05:59.356] VoxelChunk: GenerateAsync (3,-1,2)
[+23:05:59.357] VoxelMesh: Chunk X=3 Y=-1 Z=2 FlatVerts=84 SlopeVerts=120
[+23:05:59.668] VoxelMesh: Chunk X=0 Y=0 Z=0 FlatVerts=0 SlopeVerts=0
[+23:05:59.669] VoxelChunk: GenerateAsync (-3,0,2)
[+23:05:59.670] VoxelMesh: Chunk X=-3 Y=0 Z=2 FlatVerts=0 SlopeVerts=18
[+23:06:00.002] VoxelMesh: Chunk X=0 Y=0 Z=0 FlatVerts=1578 SlopeVerts=13638
[+23:06:00.013] VoxelChunk: GenerateAsync (-3,3,1)
[+23:06:00.014] VoxelMesh: Chunk X=-3 Y=3 Z=1 FlatVerts=0 SlopeVerts=0
[+23:06:00.336] VoxelMesh: Chunk X=0 Y=0 Z=0 FlatVerts=642 SlopeVerts=2130
[+23:06:00.338] VoxelChunk: GenerateAsync (-3,1,1)
[+23:06:00.340] VoxelMesh: Chunk X=-3 Y=1 Z=1 FlatVerts=0 SlopeVerts=0
[+23:06:00.668] VoxelMesh: Chunk X=0 Y=0 Z=0 FlatVerts=1596 SlopeVerts=5688
[+23:06:00.673] VoxelChunk: GenerateAsync (-2,3,1)
[+23:06:00.674] VoxelMesh: Chunk X=-2 Y=3 Z=1 FlatVerts=90 SlopeVerts=372
[+23:06:01.002] VoxelMesh: Chunk X=0 Y=0 Z=0 FlatVerts=0 SlopeVerts=0
[+23:06:01.003] VoxelChunk: GenerateAsync (-3,0,1)
[+23:06:01.004] VoxelMesh: Chunk X=-3 Y=0 Z=1 FlatVerts=0 SlopeVerts=0
[+23:06:01.335] VoxelMesh: Chunk X=0 Y=0 Z=0 FlatVerts=1878 SlopeVerts=3582
[+23:06:01.340] VoxelChunk: GenerateAsync (-1,3,1)
[+23:06:01.341] VoxelMesh: Chunk X=-1 Y=3 Z=1 FlatVerts=564 SlopeVerts=1836
[+23:06:01.670] VoxelMesh: Chunk X=0 Y=0 Z=0 FlatVerts=414 SlopeVerts=18162
[+23:06:01.685] VoxelChunk: GenerateAsync (3,0,2)
[+23:06:01.686] VoxelMesh: Chunk X=3 Y=0 Z=2 FlatVerts=18 SlopeVerts=1110
[+23:06:02.008] VoxelMesh: Chunk X=0 Y=0 Z=0 FlatVerts=0 SlopeVerts=0
[+23:06:02.009] VoxelChunk: GenerateAsync (0,3,3)
[+23:06:02.010] VoxelMesh: Chunk X=0 Y=3 Z=3 FlatVerts=0 SlopeVerts=0
[+23:06:02.336] VoxelMesh: Chunk X=0 Y=0 Z=0 FlatVerts=0 SlopeVerts=0
[+23:06:02.338] VoxelChunk: GenerateAsync (-1,3,3)
[+23:06:02.340] VoxelMesh: Chunk X=-1 Y=3 Z=3 FlatVerts=0 SlopeVerts=0
[+23:06:02.677] VoxelMesh: Chunk X=0 Y=0 Z=0 FlatVerts=3942 SlopeVerts=9798
[+23:06:02.687] VoxelChunk: GenerateAsync (1,3,1)
[+23:06:02.688] VoxelMesh: Chunk X=1 Y=3 Z=1 FlatVerts=252 SlopeVerts=636
[+23:06:03.006] VoxelMesh: Chunk X=0 Y=0 Z=0 FlatVerts=0 SlopeVerts=0
[+23:06:03.006] VoxelChunk: GenerateAsync (-3,-2,3)
[+23:06:03.007] VoxelMesh: Chunk X=-3 Y=-2 Z=3 FlatVerts=36 SlopeVerts=5958
[+23:06:03.343] VoxelMesh: Chunk X=0 Y=0 Z=0 FlatVerts=8826 SlopeVerts=7482
[+23:06:03.359] VoxelChunk: GenerateAsync (2,3,1)
[+23:06:03.360] VoxelMesh: Chunk X=2 Y=3 Z=1 FlatVerts=0 SlopeVerts=0
[+23:06:03.668] VoxelMesh: Chunk X=0 Y=0 Z=0 FlatVerts=10770 SlopeVerts=2040
[+23:06:03.683] VoxelChunk: GenerateAsync (3,3,1)
[+23:06:03.683] VoxelMesh: Chunk X=3 Y=3 Z=1 FlatVerts=0 SlopeVerts=0
[+23:06:04.004] VoxelMesh: Chunk X=0 Y=0 Z=0 FlatVerts=1044 SlopeVerts=3264
[+23:06:04.008] VoxelChunk: GenerateAsync (3,1,2)
[+23:06:04.009] VoxelMesh: Chunk X=3 Y=1 Z=2 FlatVerts=0 SlopeVerts=2052
[+23:06:04.339] VoxelMesh: Chunk X=0 Y=0 Z=0 FlatVerts=54 SlopeVerts=4116
[+23:06:04.342] VoxelChunk: GenerateAsync (-3,2,2)
[+23:06:04.343] VoxelMesh: Chunk X=-3 Y=2 Z=2 FlatVerts=0 SlopeVerts=0
[+23:06:04.671] VoxelMesh: Chunk X=0 Y=0 Z=0 FlatVerts=48 SlopeVerts=1098
[+23:06:04.672] VoxelChunk: GenerateAsync (-3,-3,2)
[+23:06:04.674] VoxelMesh: Chunk X=-3 Y=-3 Z=2 FlatVerts=120 SlopeVerts=4998
[+23:06:05.007] VoxelMesh: Chunk X=0 Y=0 Z=0 FlatVerts=0 SlopeVerts=0
[+23:06:05.008] VoxelChunk: GenerateAsync (-3,-1,3)
[+23:06:05.009] VoxelMesh: Chunk X=-3 Y=-1 Z=3 FlatVerts=0 SlopeVerts=714
[+23:06:05.336] VoxelMesh: Chunk X=0 Y=0 Z=0 FlatVerts=168 SlopeVerts=12966
[+23:06:05.345] VoxelChunk: GenerateAsync (-2,-3,2)
[+23:06:05.346] VoxelMesh: Chunk X=-2 Y=-3 Z=2 FlatVerts=0 SlopeVerts=2592
[+23:06:05.671] VoxelMesh: Chunk X=0 Y=0 Z=0 FlatVerts=0 SlopeVerts=36
[+23:06:05.673] VoxelChunk: GenerateAsync (-1,-1,3)
[+23:06:05.674] VoxelMesh: Chunk X=-1 Y=-1 Z=3 FlatVerts=12 SlopeVerts=4242
[+23:06:06.006] VoxelMesh: Chunk X=0 Y=0 Z=0 FlatVerts=198 SlopeVerts=32742
[+23:06:06.034] VoxelChunk: GenerateAsync (-1,-3,2)
[+23:06:06.035] VoxelMesh: Chunk X=-1 Y=-3 Z=2 FlatVerts=0 SlopeVerts=3492
[+23:06:06.340] VoxelMesh: Chunk X=0 Y=0 Z=0 FlatVerts=3180 SlopeVerts=1362
[+23:06:06.346] VoxelChunk: GenerateAsync (3,2,2)
[+23:06:06.348] VoxelMesh: Chunk X=3 Y=2 Z=2 FlatVerts=0 SlopeVerts=12
[+23:06:06.678] VoxelMesh: Chunk X=0 Y=0 Z=0 FlatVerts=54 SlopeVerts=7170
[+23:06:06.683] VoxelChunk: GenerateAsync (-3,3,2)
[+23:06:06.684] VoxelMesh: Chunk X=-3 Y=3 Z=2 FlatVerts=6 SlopeVerts=1368
[+23:06:07.008] VoxelMesh: Chunk X=0 Y=0 Z=0 FlatVerts=0 SlopeVerts=24
[+23:06:07.010] VoxelChunk: GenerateAsync (-2,3,2)
[+23:06:07.011] VoxelMesh: Chunk X=-2 Y=3 Z=2 FlatVerts=1056 SlopeVerts=3390
[+23:06:07.345] VoxelMesh: Chunk X=0 Y=0 Z=0 FlatVerts=0 SlopeVerts=0
[+23:06:07.346] VoxelChunk: GenerateAsync (-1,3,2)
[+23:06:07.348] VoxelMesh: Chunk X=-1 Y=3 Z=2 FlatVerts=1494 SlopeVerts=1200
[+23:06:07.673] VoxelMesh: Chunk X=0 Y=0 Z=0 FlatVerts=180 SlopeVerts=1428
[+23:06:07.674] VoxelChunk: GenerateAsync (0,3,2)
[+23:06:07.676] VoxelMesh: Chunk X=0 Y=3 Z=2 FlatVerts=1398 SlopeVerts=1296
[+23:06:08.006] VoxelMesh: Chunk X=0 Y=0 Z=0 FlatVerts=1260 SlopeVerts=3678
[+23:06:08.012] VoxelChunk: GenerateAsync (1,3,2)
[+23:06:08.013] VoxelMesh: Chunk X=1 Y=3 Z=2 FlatVerts=1302 SlopeVerts=2742
[+23:06:08.340] VoxelMesh: Chunk X=0 Y=0 Z=0 FlatVerts=2838 SlopeVerts=3324
[+23:06:08.348] VoxelChunk: GenerateAsync (2,3,2)
[+23:06:08.349] VoxelMesh: Chunk X=2 Y=3 Z=2 FlatVerts=30 SlopeVerts=2148
[+23:06:08.670] VoxelMesh: Chunk X=0 Y=0 Z=0 FlatVerts=2334 SlopeVerts=1128
[+23:06:08.674] VoxelChunk: GenerateAsync (3,3,2)
[+23:06:08.675] VoxelMesh: Chunk X=3 Y=3 Z=2 FlatVerts=246 SlopeVerts=4416
[+23:06:09.009] VoxelMesh: Chunk X=0 Y=0 Z=0 FlatVerts=0 SlopeVerts=0
[+23:06:09.010] VoxelChunk: GenerateAsync (-3,-3,3)
[+23:06:09.011] VoxelMesh: Chunk X=-3 Y=-3 Z=3 FlatVerts=0 SlopeVerts=348
[+23:06:09.336] VoxelMesh: Chunk X=0 Y=0 Z=0 FlatVerts=0 SlopeVerts=0
[+23:06:09.337] VoxelChunk: GenerateAsync (2,3,-4)
[+23:06:09.338] VoxelMesh: Chunk X=2 Y=3 Z=-4 FlatVerts=0 SlopeVerts=0
[+23:06:09.669] VoxelMesh: Chunk X=0 Y=0 Z=0 FlatVerts=0 SlopeVerts=0
[+23:06:09.670] VoxelChunk: GenerateAsync (0,-2,-4)
[+23:06:09.670] VoxelMesh: Chunk X=0 Y=-2 Z=-4 FlatVerts=0 SlopeVerts=0
[+23:06:10.004] VoxelMesh: Chunk X=0 Y=0 Z=0 FlatVerts=0 SlopeVerts=0
[+23:06:10.005] VoxelChunk: GenerateAsync (-1,-2,-4)
[+23:06:10.007] VoxelMesh: Chunk X=-1 Y=-2 Z=-4 FlatVerts=0 SlopeVerts=0
[+23:06:10.336] VoxelMesh: Chunk X=0 Y=0 Z=0 FlatVerts=0 SlopeVerts=0
[+23:06:10.336] VoxelChunk: GenerateAsync (-2,2,-4)
[+23:06:10.338] VoxelMesh: Chunk X=-2 Y=2 Z=-4 FlatVerts=0 SlopeVerts=0
[+23:06:10.679] VoxelMesh: Chunk X=0 Y=0 Z=0 FlatVerts=0 SlopeVerts=0
[+23:06:10.680] VoxelChunk: GenerateAsync (-2,-2,-4)
[+23:06:10.681] VoxelMesh: Chunk X=-2 Y=-2 Z=-4 FlatVerts=0 SlopeVerts=0
[+23:06:11.004] VoxelMesh: Chunk X=0 Y=0 Z=0 FlatVerts=0 SlopeVerts=0
[+23:06:11.005] VoxelChunk: GenerateAsync (-3,-2,-4)
[+23:06:11.005] VoxelMesh: Chunk X=-3 Y=-2 Z=-4 FlatVerts=0 SlopeVerts=0
[+23:06:11.336] VoxelMesh: Chunk X=0 Y=0 Z=0 FlatVerts=0 SlopeVerts=0
[+23:06:11.337] VoxelChunk: GenerateAsync (-3,2,-4)
[+23:06:11.338] VoxelMesh: Chunk X=-3 Y=2 Z=-4 FlatVerts=0 SlopeVerts=0
[+23:06:11.670] VoxelMesh: Chunk X=0 Y=0 Z=0 FlatVerts=0 SlopeVerts=0
[+23:06:11.670] VoxelChunk: GenerateAsync (-3,3,-4)
[+23:06:11.672] VoxelMesh: Chunk X=-3 Y=3 Z=-4 FlatVerts=0 SlopeVerts=0
[+23:06:12.007] VoxelMesh: Chunk X=0 Y=0 Z=0 FlatVerts=0 SlopeVerts=0
[+23:06:12.008] VoxelChunk: GenerateAsync (3,-3,-4)
[+23:06:12.008] VoxelMesh: Chunk X=3 Y=-3 Z=-4 FlatVerts=0 SlopeVerts=0
[+23:06:12.336] VoxelMesh: Chunk X=0 Y=0 Z=0 FlatVerts=0 SlopeVerts=0
[+23:06:12.336] VoxelChunk: GenerateAsync (2,-3,-4)
[+23:06:12.337] VoxelMesh: Chunk X=2 Y=-3 Z=-4 FlatVerts=0 SlopeVerts=0
[+23:06:12.669] VoxelMesh: Chunk X=0 Y=0 Z=0 FlatVerts=0 SlopeVerts=0
[+23:06:12.670] VoxelChunk: GenerateAsync (1,-3,-4)
[+23:06:12.670] VoxelMesh: Chunk X=1 Y=-3 Z=-4 FlatVerts=0 SlopeVerts=0
[+23:06:13.003] VoxelMesh: Chunk X=0 Y=0 Z=0 FlatVerts=0 SlopeVerts=0
[+23:06:13.004] VoxelChunk: GenerateAsync (0,-3,-4)
[+23:06:13.005] VoxelMesh: Chunk X=0 Y=-3 Z=-4 FlatVerts=0 SlopeVerts=0
[+23:06:13.338] VoxelMesh: Chunk X=0 Y=0 Z=0 FlatVerts=0 SlopeVerts=0
[+23:06:13.338] VoxelChunk: GenerateAsync (3,1,-4)
[+23:06:13.340] VoxelMesh: Chunk X=3 Y=1 Z=-4 FlatVerts=0 SlopeVerts=0
[+23:06:13.671] VoxelMesh: Chunk X=0 Y=0 Z=0 FlatVerts=0 SlopeVerts=0
[+23:06:13.672] VoxelChunk: GenerateAsync (2,1,-4)
[+23:06:13.674] VoxelMesh: Chunk X=2 Y=1 Z=-4 FlatVerts=0 SlopeVerts=0
[+23:06:14.005] VoxelMesh: Chunk X=0 Y=0 Z=0 FlatVerts=0 SlopeVerts=0
[+23:06:14.006] VoxelChunk: GenerateAsync (3,2,-4)
[+23:06:14.006] VoxelMesh: Chunk X=3 Y=2 Z=-4 FlatVerts=0 SlopeVerts=0
[+23:06:14.338] VoxelMesh: Chunk X=0 Y=0 Z=0 FlatVerts=0 SlopeVerts=0
[+23:06:14.338] VoxelChunk: GenerateAsync (-1,3,-4)
[+23:06:14.340] VoxelMesh: Chunk X=-1 Y=3 Z=-4 FlatVerts=0 SlopeVerts=0
[+23:06:14.679] VoxelMesh: Chunk X=0 Y=0 Z=0 FlatVerts=0 SlopeVerts=0
[+23:06:14.679] VoxelChunk: GenerateAsync (3,0,-4)
[+23:06:14.681] VoxelMesh: Chunk X=3 Y=0 Z=-4 FlatVerts=0 SlopeVerts=0
[+23:06:15.004] VoxelMesh: Chunk X=0 Y=0 Z=0 FlatVerts=0 SlopeVerts=0
[+23:06:15.005] VoxelChunk: GenerateAsync (2,2,-4)
[+23:06:15.006] VoxelMesh: Chunk X=2 Y=2 Z=-4 FlatVerts=0 SlopeVerts=0
[+23:06:15.338] VoxelMesh: Chunk X=0 Y=0 Z=0 FlatVerts=0 SlopeVerts=0
[+23:06:15.338] VoxelChunk: GenerateAsync (2,0,-4)
[+23:06:15.340] VoxelMesh: Chunk X=2 Y=0 Z=-4 FlatVerts=0 SlopeVerts=0
[+23:06:15.672] VoxelMesh: Chunk X=0 Y=0 Z=0 FlatVerts=0 SlopeVerts=0
[+23:06:15.673] VoxelChunk: GenerateAsync (1,0,-4)
[+23:06:15.674] VoxelMesh: Chunk X=1 Y=0 Z=-4 FlatVerts=0 SlopeVerts=0
[+23:06:16.005] VoxelMesh: Chunk X=0 Y=0 Z=0 FlatVerts=0 SlopeVerts=0
[+23:06:16.005] VoxelChunk: GenerateAsync (1,1,-4)
[+23:06:16.006] VoxelMesh: Chunk X=1 Y=1 Z=-4 FlatVerts=0 SlopeVerts=0
[+23:06:16.338] VoxelMesh: Chunk X=0 Y=0 Z=0 FlatVerts=0 SlopeVerts=0
[+23:06:16.339] VoxelChunk: GenerateAsync (0,0,-4)
[+23:06:16.340] VoxelMesh: Chunk X=0 Y=0 Z=-4 FlatVerts=0 SlopeVerts=0
[+23:06:16.671] VoxelMesh: Chunk X=0 Y=0 Z=0 FlatVerts=0 SlopeVerts=0
[+23:06:16.671] VoxelChunk: GenerateAsync (-1,0,-4)
[+23:06:16.673] VoxelMesh: Chunk X=-1 Y=0 Z=-4 FlatVerts=0 SlopeVerts=0
[+23:06:17.008] VoxelMesh: Chunk X=0 Y=0 Z=0 FlatVerts=0 SlopeVerts=0
[+23:06:17.008] VoxelChunk: GenerateAsync (0,1,-4)
[+23:06:17.010] VoxelMesh: Chunk X=0 Y=1 Z=-4 FlatVerts=0 SlopeVerts=0
[+23:06:17.338] VoxelMesh: Chunk X=0 Y=0 Z=0 FlatVerts=0 SlopeVerts=0
[+23:06:17.338] VoxelChunk: GenerateAsync (1,2,-4)
[+23:06:17.339] VoxelMesh: Chunk X=1 Y=2 Z=-4 FlatVerts=0 SlopeVerts=0
[+23:06:17.670] VoxelMesh: Chunk X=0 Y=0 Z=0 FlatVerts=0 SlopeVerts=0
[+23:06:17.671] VoxelChunk: GenerateAsync (-2,3,-4)
[+23:06:17.672] VoxelMesh: Chunk X=-2 Y=3 Z=-4 FlatVerts=0 SlopeVerts=0
[+23:06:18.005] VoxelMesh: Chunk X=0 Y=0 Z=0 FlatVerts=0 SlopeVerts=0
[+23:06:18.006] VoxelChunk: GenerateAsync (1,3,-4)
[+23:06:18.006] VoxelMesh: Chunk X=1 Y=3 Z=-4 FlatVerts=0 SlopeVerts=0
[+23:06:18.338] VoxelMesh: Chunk X=0 Y=0 Z=0 FlatVerts=0 SlopeVerts=0
[+23:06:18.339] VoxelChunk: GenerateAsync (-1,1,-4)
[+23:06:18.340] VoxelMesh: Chunk X=-1 Y=1 Z=-4 FlatVerts=0 SlopeVerts=0
[+23:06:18.681] VoxelMesh: Chunk X=0 Y=0 Z=0 FlatVerts=0 SlopeVerts=0
[+23:06:18.681] VoxelChunk: GenerateAsync (-2,0,-4)
[+23:06:18.682] VoxelMesh: Chunk X=-2 Y=0 Z=-4 FlatVerts=0 SlopeVerts=0
[+23:06:19.006] VoxelMesh: Chunk X=0 Y=0 Z=0 FlatVerts=0 SlopeVerts=0
[+23:06:19.006] VoxelChunk: GenerateAsync (-3,0,-4)
[+23:06:19.006] VoxelMesh: Chunk X=-3 Y=0 Z=-4 FlatVerts=0 SlopeVerts=0
[+23:06:19.338] VoxelMesh: Chunk X=0 Y=0 Z=0 FlatVerts=0 SlopeVerts=0
[+23:06:19.339] VoxelChunk: GenerateAsync (-2,1,-4)
[+23:06:19.339] VoxelMesh: Chunk X=-2 Y=1 Z=-4 FlatVerts=0 SlopeVerts=0
[+23:06:19.671] VoxelMesh: Chunk X=0 Y=0 Z=0 FlatVerts=0 SlopeVerts=0
[+23:06:19.672] VoxelChunk: GenerateAsync (0,2,-4)
[+23:06:19.673] VoxelMesh: Chunk X=0 Y=2 Z=-4 FlatVerts=0 SlopeVerts=0
[+23:06:20.004] VoxelMesh: Chunk X=0 Y=0 Z=0 FlatVerts=0 SlopeVerts=0
[+23:06:20.004] VoxelChunk: GenerateAsync (3,-1,-4)
[+23:06:20.005] VoxelMesh: Chunk X=3 Y=-1 Z=-4 FlatVerts=0 SlopeVerts=0
[+23:06:20.337] VoxelMesh: Chunk X=0 Y=0 Z=0 FlatVerts=0 SlopeVerts=0
[+23:06:20.338] VoxelChunk: GenerateAsync (2,-1,-4)
[+23:06:20.339] VoxelMesh: Chunk X=2 Y=-1 Z=-4 FlatVerts=0 SlopeVerts=0
[+23:06:20.671] VoxelMesh: Chunk X=0 Y=0 Z=0 FlatVerts=0 SlopeVerts=0
[+23:06:20.671] VoxelChunk: GenerateAsync (-3,1,-4)
[+23:06:20.672] VoxelMesh: Chunk X=-3 Y=1 Z=-4 FlatVerts=0 SlopeVerts=0
[+23:06:21.004] VoxelMesh: Chunk X=0 Y=0 Z=0 FlatVerts=0 SlopeVerts=0
[+23:06:21.005] VoxelChunk: GenerateAsync (1,-1,-4)
[+23:06:21.006] VoxelMesh: Chunk X=1 Y=-1 Z=-4 FlatVerts=0 SlopeVerts=0
[+23:06:21.337] VoxelMesh: Chunk X=0 Y=0 Z=0 FlatVerts=0 SlopeVerts=0
[+23:06:21.338] VoxelChunk: GenerateAsync (0,-1,-4)
[+23:06:21.340] VoxelMesh: Chunk X=0 Y=-1 Z=-4 FlatVerts=0 SlopeVerts=0
[+23:06:21.671] VoxelMesh: Chunk X=0 Y=0 Z=0 FlatVerts=0 SlopeVerts=0
[+23:06:21.671] VoxelChunk: GenerateAsync (-1,-1,-4)
[+23:06:21.672] VoxelMesh: Chunk X=-1 Y=-1 Z=-4 FlatVerts=0 SlopeVerts=0
[+23:06:22.008] VoxelMesh: Chunk X=0 Y=0 Z=0 FlatVerts=0 SlopeVerts=0
[+23:06:22.009] VoxelChunk: GenerateAsync (-2,-1,-4)
[+23:06:22.009] VoxelMesh: Chunk X=-2 Y=-1 Z=-4 FlatVerts=0 SlopeVerts=0
[+23:06:22.337] VoxelMesh: Chunk X=0 Y=0 Z=0 FlatVerts=0 SlopeVerts=0
[+23:06:22.338] VoxelChunk: GenerateAsync (-3,-1,-4)
[+23:06:22.338] VoxelMesh: Chunk X=-3 Y=-1 Z=-4 FlatVerts=0 SlopeVerts=0
[+23:06:22.679] VoxelMesh: Chunk X=0 Y=0 Z=0 FlatVerts=0 SlopeVerts=0
[+23:06:22.680] VoxelChunk: GenerateAsync (3,-2,-4)
[+23:06:22.680] VoxelMesh: Chunk X=3 Y=-2 Z=-4 FlatVerts=0 SlopeVerts=0
[+23:06:23.004] VoxelMesh: Chunk X=0 Y=0 Z=0 FlatVerts=0 SlopeVerts=0
[+23:06:23.005] VoxelChunk: GenerateAsync (-1,2,-4)
[+23:06:23.006] VoxelMesh: Chunk X=-1 Y=2 Z=-4 FlatVerts=0 SlopeVerts=0
[+23:06:23.338] VoxelMesh: Chunk X=0 Y=0 Z=0 FlatVerts=0 SlopeVerts=0
[+23:06:23.338] VoxelChunk: GenerateAsync (0,3,-4)
[+23:06:23.340] VoxelMesh: Chunk X=0 Y=3 Z=-4 FlatVerts=0 SlopeVerts=0
[+23:06:23.671] VoxelMesh: Chunk X=0 Y=0 Z=0 FlatVerts=0 SlopeVerts=0
[+23:06:23.671] VoxelChunk: GenerateAsync (3,3,-4)
[+23:06:23.673] VoxelMesh: Chunk X=3 Y=3 Z=-4 FlatVerts=0 SlopeVerts=0
[+23:06:24.003] VoxelMesh: Chunk X=0 Y=0 Z=0 FlatVerts=0 SlopeVerts=0
[+23:06:24.003] VoxelChunk: GenerateAsync (1,-2,-4)
[+23:06:24.004] VoxelMesh: Chunk X=1 Y=-2 Z=-4 FlatVerts=0 SlopeVerts=0
[+23:06:24.338] VoxelMesh: Chunk X=0 Y=0 Z=0 FlatVerts=0 SlopeVerts=0
[+23:06:24.338] VoxelChunk: GenerateAsync (-3,-3,-4)
[+23:06:24.340] VoxelMesh: Chunk X=-3 Y=-3 Z=-4 FlatVerts=0 SlopeVerts=0
[+23:06:24.670] VoxelMesh: Chunk X=0 Y=0 Z=0 FlatVerts=0 SlopeVerts=0
[+23:06:24.670] VoxelChunk: GenerateAsync (-1,-3,-4)
[+23:06:24.672] VoxelMesh: Chunk X=-1 Y=-3 Z=-4 FlatVerts=0 SlopeVerts=0
[+23:06:25.004] VoxelMesh: Chunk X=0 Y=0 Z=0 FlatVerts=0 SlopeVerts=0
[+23:06:25.004] VoxelChunk: GenerateAsync (2,-2,-4)
[+23:06:25.006] VoxelMesh: Chunk X=2 Y=-2 Z=-4 FlatVerts=0 SlopeVerts=0
[+23:06:25.338] VoxelMesh: Chunk X=0 Y=0 Z=0 FlatVerts=0 SlopeVerts=0
[+23:06:25.339] VoxelChunk: GenerateAsync (-2,-3,-4)
[+23:06:25.341] VoxelMesh: Chunk X=-2 Y=-3 Z=-4 FlatVerts=0 SlopeVerts=0
[+23:06:25.671] VoxelMesh: Chunk X=0 Y=0 Z=0 FlatVerts=0 SlopeVerts=0
[+23:06:25.672] VoxelChunk: GenerateAsync (-3,-3,4)
[+23:06:25.675] VoxelMesh: Chunk X=-3 Y=-3 Z=4 FlatVerts=0 SlopeVerts=0
[+23:06:26.006] VoxelMesh: Chunk X=0 Y=0 Z=0 FlatVerts=0 SlopeVerts=0
[+23:06:26.006] VoxelChunk: GenerateAsync (-2,-3,4)
[+23:06:26.008] VoxelMesh: Chunk X=-2 Y=-3 Z=4 FlatVerts=0 SlopeVerts=0
[+23:06:26.339] VoxelMesh: Chunk X=0 Y=0 Z=0 FlatVerts=30 SlopeVerts=4566
[+23:06:26.343] VoxelChunk: GenerateAsync (-1,-3,4)
[+23:06:26.344] VoxelMesh: Chunk X=-1 Y=-3 Z=4 FlatVerts=0 SlopeVerts=2040
[+23:06:26.685] VoxelMesh: Chunk X=0 Y=0 Z=0 FlatVerts=90 SlopeVerts=14202
[+23:06:26.695] VoxelChunk: GenerateAsync (0,-3,4)
[+23:06:26.696] VoxelMesh: Chunk X=0 Y=-3 Z=4 FlatVerts=0 SlopeVerts=4878
[+23:06:27.011] VoxelMesh: Chunk X=0 Y=0 Z=0 FlatVerts=78 SlopeVerts=30096
[+23:06:27.036] VoxelChunk: GenerateAsync (1,-3,4)
[+23:06:27.038] VoxelMesh: Chunk X=1 Y=-3 Z=4 FlatVerts=0 SlopeVerts=7668
[+23:06:27.347] VoxelMesh: Chunk X=0 Y=0 Z=0 FlatVerts=18 SlopeVerts=28116
[+23:06:27.368] VoxelChunk: GenerateAsync (2,-3,4)
[+23:06:27.369] VoxelMesh: Chunk X=2 Y=-3 Z=4 FlatVerts=18 SlopeVerts=7074
[+23:06:27.677] VoxelMesh: Chunk X=0 Y=0 Z=0 FlatVerts=36 SlopeVerts=19440
[+23:06:27.691] VoxelChunk: GenerateAsync (3,-3,4)
[+23:06:27.693] VoxelMesh: Chunk X=3 Y=-3 Z=4 FlatVerts=0 SlopeVerts=2682
[+23:06:28.007] VoxelMesh: Chunk X=0 Y=0 Z=0 FlatVerts=0 SlopeVerts=0
[+23:06:28.008] VoxelChunk: GenerateAsync (-3,-2,4)
[+23:06:28.009] VoxelMesh: Chunk X=-3 Y=-2 Z=4 FlatVerts=24 SlopeVerts=5220
[+23:06:28.343] VoxelMesh: Chunk X=0 Y=0 Z=0 FlatVerts=0 SlopeVerts=0
[+23:06:28.344] VoxelChunk: GenerateAsync (-2,-2,4)
[+23:06:28.345] VoxelMesh: Chunk X=-2 Y=-2 Z=4 FlatVerts=0 SlopeVerts=5532
[+23:06:28.676] VoxelMesh: Chunk X=0 Y=0 Z=0 FlatVerts=0 SlopeVerts=3084
[+23:06:28.679] VoxelChunk: GenerateAsync (-1,-2,4)
[+23:06:28.680] VoxelMesh: Chunk X=-1 Y=-2 Z=4 FlatVerts=0 SlopeVerts=894
[+23:06:29.007] VoxelMesh: Chunk X=0 Y=0 Z=0 FlatVerts=60 SlopeVerts=16818
[+23:06:29.020] VoxelChunk: GenerateAsync (0,-2,4)
[+23:06:29.022] VoxelMesh: Chunk X=0 Y=-2 Z=4 FlatVerts=0 SlopeVerts=1740
[+23:06:29.342] VoxelMesh: Chunk X=0 Y=0 Z=0 FlatVerts=90 SlopeVerts=33162
[+23:06:29.368] VoxelChunk: GenerateAsync (1,-2,4)
[+23:06:29.369] VoxelMesh: Chunk X=1 Y=-2 Z=4 FlatVerts=0 SlopeVerts=1200
[+23:06:29.676] VoxelMesh: Chunk X=0 Y=0 Z=0 FlatVerts=54 SlopeVerts=32040
[+23:06:29.701] VoxelChunk: GenerateAsync (2,-2,4)
[+23:06:29.702] VoxelMesh: Chunk X=2 Y=-2 Z=4 FlatVerts=0 SlopeVerts=246
[+23:06:30.008] VoxelMesh: Chunk X=0 Y=0 Z=0 FlatVerts=66 SlopeVerts=34452
[+23:06:30.035] VoxelChunk: GenerateAsync (3,-2,4)
[+23:06:30.037] VoxelMesh: Chunk X=3 Y=-2 Z=4 FlatVerts=0 SlopeVerts=0
[+23:06:30.338] VoxelMesh: Chunk X=0 Y=0 Z=0 FlatVerts=0 SlopeVerts=0
[+23:06:30.339] VoxelChunk: GenerateAsync (-3,-1,4)
[+23:06:30.340] VoxelMesh: Chunk X=-3 Y=-1 Z=4 FlatVerts=0 SlopeVerts=3618
[+23:06:30.683] VoxelMesh: Chunk X=0 Y=0 Z=0 FlatVerts=0 SlopeVerts=0
[+23:06:30.683] VoxelChunk: GenerateAsync (-2,-1,4)
[+23:06:30.685] VoxelMesh: Chunk X=-2 Y=-1 Z=4 FlatVerts=0 SlopeVerts=2322
[+23:06:31.007] VoxelMesh: Chunk X=0 Y=0 Z=0 FlatVerts=0 SlopeVerts=0
[+23:06:31.008] VoxelChunk: GenerateAsync (-1,-1,4)
[+23:06:31.009] VoxelMesh: Chunk X=-1 Y=-1 Z=4 FlatVerts=0 SlopeVerts=4392
[+23:06:31.344] VoxelMesh: Chunk X=0 Y=0 Z=0 FlatVerts=0 SlopeVerts=5460
[+23:06:31.347] VoxelChunk: GenerateAsync (0,-1,4)
[+23:06:31.349] VoxelMesh: Chunk X=0 Y=-1 Z=4 FlatVerts=0 SlopeVerts=0
[+23:06:31.672] VoxelMesh: Chunk X=0 Y=0 Z=0 FlatVerts=30 SlopeVerts=13686
[+23:06:31.681] VoxelChunk: GenerateAsync (1,-1,4)
[+23:06:31.682] VoxelMesh: Chunk X=1 Y=-1 Z=4 FlatVerts=0 SlopeVerts=0
[+23:06:32.010] VoxelMesh: Chunk X=0 Y=0 Z=0 FlatVerts=54 SlopeVerts=20274
[+23:06:32.026] VoxelChunk: GenerateAsync (2,-1,4)
[+23:06:32.027] VoxelMesh: Chunk X=2 Y=-1 Z=4 FlatVerts=0 SlopeVerts=0
[+23:06:32.339] VoxelMesh: Chunk X=0 Y=0 Z=0 FlatVerts=42 SlopeVerts=28584
[+23:06:32.363] VoxelChunk: GenerateAsync (3,-1,4)
[+23:06:32.365] VoxelMesh: Chunk X=3 Y=-1 Z=4 FlatVerts=0 SlopeVerts=0
[+23:06:32.672] VoxelMesh: Chunk X=0 Y=0 Z=0 FlatVerts=0 SlopeVerts=0
[+23:06:32.672] VoxelChunk: GenerateAsync (-3,0,4)
[+23:06:32.674] VoxelMesh: Chunk X=-3 Y=0 Z=4 FlatVerts=0 SlopeVerts=6954
[+23:06:33.010] VoxelMesh: Chunk X=0 Y=0 Z=0 FlatVerts=0 SlopeVerts=0
[+23:06:33.010] VoxelChunk: GenerateAsync (-2,0,4)
[+23:06:33.012] VoxelMesh: Chunk X=-2 Y=0 Z=4 FlatVerts=0 SlopeVerts=5364
[+23:06:33.342] VoxelMesh: Chunk X=0 Y=0 Z=0 FlatVerts=0 SlopeVerts=0
[+23:06:33.342] VoxelChunk: GenerateAsync (-1,0,4)
[+23:06:33.345] VoxelMesh: Chunk X=-1 Y=0 Z=4 FlatVerts=0 SlopeVerts=1614
[+23:06:33.674] VoxelMesh: Chunk X=0 Y=0 Z=0 FlatVerts=0 SlopeVerts=0
[+23:06:33.674] VoxelChunk: GenerateAsync (0,0,4)
[+23:06:33.675] VoxelMesh: Chunk X=0 Y=0 Z=4 FlatVerts=0 SlopeVerts=0
[+23:06:34.006] VoxelMesh: Chunk X=0 Y=0 Z=0 FlatVerts=0 SlopeVerts=0
[+23:06:34.007] VoxelChunk: GenerateAsync (1,0,4)
[+23:06:34.008] VoxelMesh: Chunk X=1 Y=0 Z=4 FlatVerts=0 SlopeVerts=0
[+23:06:34.339] VoxelMesh: Chunk X=0 Y=0 Z=0 FlatVerts=0 SlopeVerts=1902
[+23:06:34.341] VoxelChunk: GenerateAsync (2,0,4)
[+23:06:34.342] VoxelMesh: Chunk X=2 Y=0 Z=4 FlatVerts=0 SlopeVerts=0
[+23:06:34.672] VoxelMesh: Chunk X=0 Y=0 Z=0 FlatVerts=6 SlopeVerts=5514
[+23:06:34.676] VoxelChunk: GenerateAsync (3,0,4)
[+23:06:34.677] VoxelMesh: Chunk X=3 Y=0 Z=4 FlatVerts=0 SlopeVerts=0
[+23:06:35.006] VoxelMesh: Chunk X=0 Y=0 Z=0 FlatVerts=0 SlopeVerts=0
[+23:06:35.006] VoxelChunk: GenerateAsync (-3,1,4)
[+23:06:35.008] VoxelMesh: Chunk X=-3 Y=1 Z=4 FlatVerts=42 SlopeVerts=7578
[+23:06:35.343] VoxelMesh: Chunk X=0 Y=0 Z=0 FlatVerts=0 SlopeVerts=0
[+23:06:35.343] VoxelChunk: GenerateAsync (-2,1,4)
[+23:06:35.346] VoxelMesh: Chunk X=-2 Y=1 Z=4 FlatVerts=0 SlopeVerts=2238
[+23:06:35.674] VoxelMesh: Chunk X=0 Y=0 Z=0 FlatVerts=0 SlopeVerts=0
[+23:06:35.674] VoxelChunk: GenerateAsync (-1,1,4)
[+23:06:35.676] VoxelMesh: Chunk X=-1 Y=1 Z=4 FlatVerts=0 SlopeVerts=0
[+23:06:36.007] VoxelMesh: Chunk X=0 Y=0 Z=0 FlatVerts=0 SlopeVerts=0
[+23:06:36.007] VoxelChunk: GenerateAsync (0,1,4)
[+23:06:36.009] VoxelMesh: Chunk X=0 Y=1 Z=4 FlatVerts=0 SlopeVerts=0
[+23:06:36.339] VoxelMesh: Chunk X=0 Y=0 Z=0 FlatVerts=0 SlopeVerts=0
[+23:06:36.339] VoxelChunk: GenerateAsync (1,1,4)
[+23:06:36.340] VoxelMesh: Chunk X=1 Y=1 Z=4 FlatVerts=0 SlopeVerts=0
[+23:06:36.674] VoxelMesh: Chunk X=0 Y=0 Z=0 FlatVerts=0 SlopeVerts=0
[+23:06:36.675] VoxelChunk: GenerateAsync (2,1,4)
[+23:06:36.676] VoxelMesh: Chunk X=2 Y=1 Z=4 FlatVerts=0 SlopeVerts=300
[+23:06:37.009] VoxelMesh: Chunk X=0 Y=0 Z=0 FlatVerts=0 SlopeVerts=0
[+23:06:37.009] VoxelChunk: GenerateAsync (3,1,4)
[+23:06:37.010] VoxelMesh: Chunk X=3 Y=1 Z=4 FlatVerts=186 SlopeVerts=3120
[+23:06:37.340] VoxelMesh: Chunk X=0 Y=0 Z=0 FlatVerts=0 SlopeVerts=0
[+23:06:37.341] VoxelChunk: GenerateAsync (-3,2,4)
[+23:06:37.342] VoxelMesh: Chunk X=-3 Y=2 Z=4 FlatVerts=90 SlopeVerts=6582
[+23:06:37.676] VoxelMesh: Chunk X=0 Y=0 Z=0 FlatVerts=0 SlopeVerts=0
[+23:06:37.677] VoxelChunk: GenerateAsync (-2,2,4)
[+23:06:37.679] VoxelMesh: Chunk X=-2 Y=2 Z=4 FlatVerts=54 SlopeVerts=1302
[+23:06:38.006] VoxelMesh: Chunk X=0 Y=0 Z=0 FlatVerts=0 SlopeVerts=0
[+23:06:38.007] VoxelChunk: GenerateAsync (-1,2,4)
[+23:06:38.009] VoxelMesh: Chunk X=-1 Y=2 Z=4 FlatVerts=0 SlopeVerts=0
[+23:06:38.338] VoxelMesh: Chunk X=0 Y=0 Z=0 FlatVerts=0 SlopeVerts=0
[+23:06:38.339] VoxelChunk: GenerateAsync (0,2,4)
[+23:06:38.340] VoxelMesh: Chunk X=0 Y=2 Z=4 FlatVerts=0 SlopeVerts=0
[+23:06:38.672] VoxelMesh: Chunk X=0 Y=0 Z=0 FlatVerts=0 SlopeVerts=0
[+23:06:38.673] VoxelChunk: GenerateAsync (1,2,4)
[+23:06:38.674] VoxelMesh: Chunk X=1 Y=2 Z=4 FlatVerts=0 SlopeVerts=0
[+23:06:39.007] VoxelMesh: Chunk X=0 Y=0 Z=0 FlatVerts=0 SlopeVerts=0
[+23:06:39.007] VoxelChunk: GenerateAsync (2,2,4)
[+23:06:39.009] VoxelMesh: Chunk X=2 Y=2 Z=4 FlatVerts=0 SlopeVerts=3294
[+23:06:39.341] VoxelMesh: Chunk X=0 Y=0 Z=0 FlatVerts=0 SlopeVerts=0
[+23:06:39.341] VoxelChunk: GenerateAsync (3,2,4)
[+23:06:39.342] VoxelMesh: Chunk X=3 Y=2 Z=4 FlatVerts=276 SlopeVerts=2958
[+23:06:39.673] VoxelMesh: Chunk X=0 Y=0 Z=0 FlatVerts=0 SlopeVerts=0
[+23:06:39.674] VoxelChunk: GenerateAsync (-3,3,4)
[+23:06:39.675] VoxelMesh: Chunk X=-3 Y=3 Z=4 FlatVerts=6 SlopeVerts=1002
[+23:06:40.006] VoxelMesh: Chunk X=0 Y=0 Z=0 FlatVerts=0 SlopeVerts=0
[+23:06:40.006] VoxelChunk: GenerateAsync (-2,3,4)
[+23:06:40.008] VoxelMesh: Chunk X=-2 Y=3 Z=4 FlatVerts=0 SlopeVerts=0
[+23:06:40.338] VoxelMesh: Chunk X=0 Y=0 Z=0 FlatVerts=0 SlopeVerts=0
[+23:06:40.339] VoxelChunk: GenerateAsync (-1,3,4)
[+23:06:40.341] VoxelMesh: Chunk X=-1 Y=3 Z=4 FlatVerts=0 SlopeVerts=0
[+23:06:40.672] VoxelMesh: Chunk X=0 Y=0 Z=0 FlatVerts=0 SlopeVerts=0
[+23:06:40.673] VoxelChunk: GenerateAsync (0,3,4)
[+23:06:40.675] VoxelMesh: Chunk X=0 Y=3 Z=4 FlatVerts=0 SlopeVerts=0
[+23:06:41.006] VoxelMesh: Chunk X=0 Y=0 Z=0 FlatVerts=0 SlopeVerts=0
[+23:06:41.007] VoxelChunk: GenerateAsync (1,3,4)
[+23:06:41.009] VoxelMesh: Chunk X=1 Y=3 Z=4 FlatVerts=0 SlopeVerts=6
[+23:06:41.340] VoxelMesh: Chunk X=0 Y=0 Z=0 FlatVerts=0 SlopeVerts=0
[+23:06:41.340] VoxelChunk: GenerateAsync (2,3,4)
[+23:06:41.342] VoxelMesh: Chunk X=2 Y=3 Z=4 FlatVerts=0 SlopeVerts=3090
[+23:06:41.674] VoxelMesh: Chunk X=0 Y=0 Z=0 FlatVerts=0 SlopeVerts=0
[+23:06:41.675] VoxelChunk: GenerateAsync (3,3,4)
[+23:06:41.675] VoxelWorld: Editor generation complete, 441 chunks.
[+23:06:41.677] VoxelMesh: Chunk X=3 Y=3 Z=4 FlatVerts=0 SlopeVerts=648
