=== FIRSTVOXEL SESSION [2026.03.17-02.17.56] ===
[+02:17:56.812] FirstVoxel module started.
[+02:18:12.551] VoxelWorld: GenerateWorldDeferred started.
[+02:18:12.551] VoxelWorld: Queued 245 chunks.
[+02:18:12.654] VoxelMesh: Chunk X=0 Y=0 Z=0 FlatVerts=5946 SlopeVerts=9666
[+02:18:12.668] VoxelChunk: GenerateAsync (0,0,0)
[+02:18:12.669] VoxelMesh: Chunk X=0 Y=0 Z=0 FlatVerts=1278 SlopeVerts=732
[+02:18:12.758] VoxelMesh: Chunk X=0 Y=0 Z=0 FlatVerts=4116 SlopeVerts=12654
[+02:18:12.773] VoxelChunk: GenerateAsync (1,0,0)
[+02:18:12.774] VoxelMesh: Chunk X=1 Y=0 Z=0 FlatVerts=156 SlopeVerts=42
[+02:18:12.859] VoxelMesh: Chunk X=0 Y=0 Z=0 FlatVerts=7848 SlopeVerts=5814
[+02:18:12.871] VoxelChunk: GenerateAsync (1,1,0)
[+02:18:12.872] VoxelMesh: Chunk X=1 Y=1 Z=0 FlatVerts=1338 SlopeVerts=606
[+02:18:12.966] VoxelMesh: Chunk X=0 Y=0 Z=0 FlatVerts=1296 SlopeVerts=5070
[+02:18:12.970] VoxelChunk: GenerateAsync (1,1,1)
[+02:18:12.971] VoxelMesh: Chunk X=1 Y=1 Z=1 FlatVerts=180 SlopeVerts=1626
[+02:18:13.071] VoxelMesh: Chunk X=0 Y=0 Z=0 FlatVerts=180 SlopeVerts=1626
[+02:18:13.073] VoxelChunk: GenerateAsync (0,1,1)
[+02:18:13.074] VoxelMesh: Chunk X=0 Y=1 Z=1 FlatVerts=0 SlopeVerts=0
[+02:18:13.171] VoxelMesh: Chunk X=0 Y=0 Z=0 FlatVerts=0 SlopeVerts=0
[+02:18:13.171] VoxelChunk: GenerateAsync (-1,1,1)
[+02:18:13.272] VoxelMesh: Chunk X=0 Y=0 Z=0 FlatVerts=2304 SlopeVerts=19698
[+02:18:13.291] VoxelChunk: GenerateAsync (1,0,1)
[+02:18:13.292] VoxelMesh: Chunk X=1 Y=0 Z=1 FlatVerts=576 SlopeVerts=4620
[+02:18:13.387] VoxelMesh: Chunk X=0 Y=0 Z=0 FlatVerts=816 SlopeVerts=10188
[+02:18:13.395] VoxelChunk: GenerateAsync (0,0,1)
[+02:18:13.395] VoxelMesh: Chunk X=0 Y=0 Z=1 FlatVerts=90 SlopeVerts=2058
[+02:18:13.490] VoxelMesh: Chunk X=0 Y=0 Z=0 FlatVerts=1428 SlopeVerts=786
[+02:18:13.492] VoxelChunk: GenerateAsync (0,-1,-1)
[+02:18:13.594] VoxelMesh: Chunk X=0 Y=0 Z=0 FlatVerts=174 SlopeVerts=60
[+02:18:13.594] VoxelChunk: GenerateAsync (1,-1,-1)
[+02:18:13.694] VoxelMesh: Chunk X=0 Y=0 Z=0 FlatVerts=9090 SlopeVerts=2238
[+02:18:13.707] VoxelChunk: GenerateAsync (0,1,0)
[+02:18:13.708] VoxelMesh: Chunk X=0 Y=1 Z=0 FlatVerts=2280 SlopeVerts=30
[+02:18:13.801] VoxelMesh: Chunk X=0 Y=0 Z=0 FlatVerts=9684 SlopeVerts=30
[+02:18:13.813] VoxelChunk: GenerateAsync (-1,1,-1)
[+02:18:13.911] VoxelMesh: Chunk X=0 Y=0 Z=0 FlatVerts=8226 SlopeVerts=2832
[+02:18:13.923] VoxelChunk: GenerateAsync (-1,0,0)
[+02:18:13.923] VoxelMesh: Chunk X=-1 Y=0 Z=0 FlatVerts=2148 SlopeVerts=48
[+02:18:14.017] VoxelMesh: Chunk X=0 Y=0 Z=0 FlatVerts=1842 SlopeVerts=9342
[+02:18:14.025] VoxelChunk: GenerateAsync (-1,-1,1)
[+02:18:14.025] VoxelMesh: Chunk X=-1 Y=-1 Z=1 FlatVerts=618 SlopeVerts=1266
[+02:18:14.118] VoxelMesh: Chunk X=0 Y=0 Z=0 FlatVerts=5046 SlopeVerts=1416
[+02:18:14.126] VoxelChunk: GenerateAsync (0,0,-1)
[+02:18:14.227] VoxelMesh: Chunk X=0 Y=0 Z=0 FlatVerts=6084 SlopeVerts=8094
[+02:18:14.239] VoxelChunk: GenerateAsync (-1,-1,0)
[+02:18:14.240] VoxelMesh: Chunk X=-1 Y=-1 Z=0 FlatVerts=1050 SlopeVerts=696
[+02:18:14.328] VoxelMesh: Chunk X=0 Y=0 Z=0 FlatVerts=2970 SlopeVerts=12204
[+02:18:14.339] VoxelChunk: GenerateAsync (0,-1,0)
[+02:18:14.341] VoxelMesh: Chunk X=0 Y=-1 Z=0 FlatVerts=0 SlopeVerts=6
[+02:18:14.430] VoxelMesh: Chunk X=0 Y=0 Z=0 FlatVerts=90 SlopeVerts=2118
[+02:18:14.432] VoxelChunk: GenerateAsync (-1,0,1)
[+02:18:14.432] VoxelMesh: Chunk X=-1 Y=0 Z=1 FlatVerts=0 SlopeVerts=0
[+02:18:14.530] VoxelMesh: Chunk X=0 Y=0 Z=0 FlatVerts=9684 SlopeVerts=30
[+02:18:14.543] VoxelChunk: GenerateAsync (-1,1,0)
[+02:18:14.544] VoxelMesh: Chunk X=-1 Y=1 Z=0 FlatVerts=2394 SlopeVerts=0
[+02:18:14.635] VoxelMesh: Chunk X=0 Y=0 Z=0 FlatVerts=8886 SlopeVerts=636
[+02:18:14.646] VoxelChunk: GenerateAsync (0,1,-1)
[+02:18:14.739] VoxelMesh: Chunk X=0 Y=0 Z=0 FlatVerts=8100 SlopeVerts=810
[+02:18:14.749] VoxelChunk: GenerateAsync (-1,0,-1)
[+02:18:14.843] VoxelMesh: Chunk X=0 Y=0 Z=0 FlatVerts=1374 SlopeVerts=10614
[+02:18:14.852] VoxelChunk: GenerateAsync (1,-1,0)
[+02:18:14.952] VoxelMesh: Chunk X=0 Y=0 Z=0 FlatVerts=6504 SlopeVerts=1164
[+02:18:14.961] VoxelChunk: GenerateAsync (1,1,-1)
[+02:18:15.053] VoxelMesh: Chunk X=0 Y=0 Z=0 FlatVerts=1776 SlopeVerts=942
[+02:18:15.056] VoxelChunk: GenerateAsync (1,0,-1)
[+02:18:15.156] VoxelMesh: Chunk X=0 Y=0 Z=0 FlatVerts=1266 SlopeVerts=24486
[+02:18:15.177] VoxelChunk: GenerateAsync (1,-1,1)
[+02:18:15.178] VoxelMesh: Chunk X=1 Y=-1 Z=1 FlatVerts=24 SlopeVerts=1404
[+02:18:15.265] VoxelMesh: Chunk X=0 Y=0 Z=0 FlatVerts=1824 SlopeVerts=20004
[+02:18:15.281] VoxelChunk: GenerateAsync (0,-1,1)
[+02:18:15.282] VoxelMesh: Chunk X=0 Y=-1 Z=1 FlatVerts=876 SlopeVerts=3312
[+02:18:15.370] VoxelMesh: Chunk X=0 Y=0 Z=0 FlatVerts=4476 SlopeVerts=1482
[+02:18:15.377] VoxelChunk: GenerateAsync (-1,-1,-1)
[+02:18:15.472] VoxelChunk: GenerateAsync (1,0,-2)
[+02:18:15.574] VoxelChunk: GenerateAsync (2,0,-2)
[+02:18:15.676] VoxelChunk: GenerateAsync (0,-1,-2)
[+02:18:15.777] VoxelChunk: GenerateAsync (1,-1,-2)
[+02:18:15.879] VoxelChunk: GenerateAsync (-1,-2,-2)
[+02:18:15.982] VoxelChunk: GenerateAsync (-2,-2,-2)
[+02:18:16.085] VoxelChunk: GenerateAsync (2,-1,-2)
[+02:18:16.188] VoxelChunk: GenerateAsync (0,1,-2)
[+02:18:16.291] VoxelChunk: GenerateAsync (1,1,-2)
[+02:18:16.393] VoxelChunk: GenerateAsync (1,-2,-2)
[+02:18:16.495] VoxelChunk: GenerateAsync (2,1,-2)
[+02:18:16.596] VoxelChunk: GenerateAsync (-2,2,-2)
[+02:18:16.698] VoxelChunk: GenerateAsync (-2,0,-2)
[+02:18:16.798] VoxelChunk: GenerateAsync (-2,-1,-2)
[+02:18:16.901] VoxelChunk: GenerateAsync (-1,2,-2)
[+02:18:17.002] VoxelChunk: GenerateAsync (0,2,-2)
[+02:18:17.102] VoxelChunk: GenerateAsync (-1,0,-2)
[+02:18:17.203] VoxelChunk: GenerateAsync (1,2,-2)
[+02:18:17.305] VoxelChunk: GenerateAsync (2,2,-2)
[+02:18:17.405] VoxelChunk: GenerateAsync (0,0,-2)
[+02:18:17.505] VoxelChunk: GenerateAsync (-1,-1,-2)
[+02:18:17.608] VoxelChunk: GenerateAsync (2,-2,-2)
[+02:18:17.709] VoxelChunk: GenerateAsync (0,-2,-2)
[+02:18:17.810] VoxelChunk: GenerateAsync (-2,1,-2)
[+02:18:17.912] VoxelChunk: GenerateAsync (-1,1,-2)
[+02:18:18.013] VoxelMesh: Chunk X=0 Y=0 Z=0 FlatVerts=0 SlopeVerts=6
[+02:18:18.013] VoxelChunk: GenerateAsync (1,2,2)
[+02:18:18.115] VoxelMesh: Chunk X=0 Y=0 Z=0 FlatVerts=3288 SlopeVerts=1542
[+02:18:18.120] VoxelChunk: GenerateAsync (2,1,-1)
[+02:18:18.218] VoxelMesh: Chunk X=0 Y=0 Z=0 FlatVerts=0 SlopeVerts=0
[+02:18:18.218] VoxelChunk: GenerateAsync (-2,1,1)
[+02:18:18.321] VoxelMesh: Chunk X=0 Y=0 Z=0 FlatVerts=3390 SlopeVerts=966
[+02:18:18.326] VoxelChunk: GenerateAsync (-2,-2,-1)
[+02:18:18.431] VoxelChunk: GenerateAsync (1,-2,-1)
[+02:18:18.530] VoxelChunk: GenerateAsync (-2,1,2)
[+02:18:18.632] VoxelMesh: Chunk X=0 Y=0 Z=0 FlatVerts=1176 SlopeVerts=24636
[+02:18:18.652] VoxelChunk: GenerateAsync (0,-2,2)
[+02:18:18.654] VoxelMesh: Chunk X=0 Y=-2 Z=2 FlatVerts=222 SlopeVerts=3372
[+02:18:18.732] VoxelMesh: Chunk X=0 Y=0 Z=0 FlatVerts=90 SlopeVerts=888
[+02:18:18.733] VoxelChunk: GenerateAsync (-2,2,1)
[+02:18:18.734] VoxelMesh: Chunk X=-2 Y=2 Z=1 FlatVerts=0 SlopeVerts=0
[+02:18:18.836] VoxelMesh: Chunk X=0 Y=0 Z=0 FlatVerts=1242 SlopeVerts=22680
[+02:18:18.856] VoxelChunk: GenerateAsync (2,-1,1)
[+02:18:18.858] VoxelMesh: Chunk X=2 Y=-1 Z=1 FlatVerts=108 SlopeVerts=1872
[+02:18:18.938] VoxelMesh: Chunk X=0 Y=0 Z=0 FlatVerts=7284 SlopeVerts=972
[+02:18:18.948] VoxelChunk: GenerateAsync (-2,-1,-1)
[+02:18:19.044] VoxelMesh: Chunk X=0 Y=0 Z=0 FlatVerts=132 SlopeVerts=3276
[+02:18:19.047] VoxelChunk: GenerateAsync (1,-2,0)
[+02:18:19.146] VoxelChunk: GenerateAsync (0,1,2)
[+02:18:19.249] VoxelMesh: Chunk X=0 Y=0 Z=0 FlatVerts=2610 SlopeVerts=10368
[+02:18:19.259] VoxelChunk: GenerateAsync (2,0,0)
[+02:18:19.261] VoxelMesh: Chunk X=2 Y=0 Z=0 FlatVerts=18 SlopeVerts=18
[+02:18:19.355] VoxelMesh: Chunk X=0 Y=0 Z=0 FlatVerts=948 SlopeVerts=23274
[+02:18:19.372] VoxelChunk: GenerateAsync (1,-2,2)
[+02:18:19.374] VoxelMesh: Chunk X=1 Y=-2 Z=2 FlatVerts=96 SlopeVerts=198
[+02:18:19.458] VoxelChunk: GenerateAsync (-2,0,2)
[+02:18:19.558] VoxelMesh: Chunk X=0 Y=0 Z=0 FlatVerts=180 SlopeVerts=246
[+02:18:19.559] VoxelChunk: GenerateAsync (0,2,1)
[+02:18:19.662] VoxelMesh: Chunk X=0 Y=0 Z=0 FlatVerts=1560 SlopeVerts=15870
[+02:18:19.677] VoxelChunk: GenerateAsync (0,-2,1)
[+02:18:19.679] VoxelMesh: Chunk X=0 Y=-2 Z=1 FlatVerts=30 SlopeVerts=882
[+02:18:19.762] VoxelMesh: Chunk X=0 Y=0 Z=0 FlatVerts=0 SlopeVerts=378
[+02:18:19.763] VoxelChunk: GenerateAsync (1,1,2)
[+02:18:19.865] VoxelMesh: Chunk X=0 Y=0 Z=0 FlatVerts=432 SlopeVerts=978
[+02:18:19.868] VoxelChunk: GenerateAsync (2,0,-1)
[+02:18:19.968] VoxelMesh: Chunk X=0 Y=0 Z=0 FlatVerts=2208 SlopeVerts=12108
[+02:18:19.979] VoxelChunk: GenerateAsync (-2,-2,1)
[+02:18:19.980] VoxelMesh: Chunk X=-2 Y=-2 Z=1 FlatVerts=984 SlopeVerts=3504
[+02:18:20.075] VoxelMesh: Chunk X=0 Y=0 Z=0 FlatVerts=5502 SlopeVerts=9012
[+02:18:20.088] VoxelChunk: GenerateAsync (-2,-2,0)
[+02:18:20.089] VoxelMesh: Chunk X=-2 Y=-2 Z=0 FlatVerts=288 SlopeVerts=36
[+02:18:20.183] VoxelMesh: Chunk X=0 Y=0 Z=0 FlatVerts=132 SlopeVerts=4164
[+02:18:20.186] VoxelChunk: GenerateAsync (2,-2,0)
[+02:18:20.290] VoxelMesh: Chunk X=0 Y=0 Z=0 FlatVerts=8640 SlopeVerts=1740
[+02:18:20.300] VoxelChunk: GenerateAsync (-2,2,0)
[+02:18:20.301] VoxelMesh: Chunk X=-2 Y=2 Z=0 FlatVerts=2316 SlopeVerts=0
[+02:18:20.400] VoxelMesh: Chunk X=0 Y=0 Z=0 FlatVerts=0 SlopeVerts=6
[+02:18:20.401] VoxelChunk: GenerateAsync (0,-2,-1)
[+02:18:20.502] VoxelMesh: Chunk X=0 Y=0 Z=0 FlatVerts=8214 SlopeVerts=3612
[+02:18:20.514] VoxelChunk: GenerateAsync (2,2,1)
[+02:18:20.514] VoxelMesh: Chunk X=2 Y=2 Z=1 FlatVerts=102 SlopeVerts=186
[+02:18:20.609] VoxelMesh: Chunk X=0 Y=0 Z=0 FlatVerts=8790 SlopeVerts=402
[+02:18:20.619] VoxelChunk: GenerateAsync (1,2,-1)
[+02:18:20.712] VoxelMesh: Chunk X=0 Y=0 Z=0 FlatVerts=9696 SlopeVerts=0
[+02:18:20.719] VoxelChunk: GenerateAsync (-2,1,0)
[+02:18:20.720] VoxelMesh: Chunk X=-2 Y=1 Z=0 FlatVerts=2628 SlopeVerts=0
[+02:18:20.816] VoxelMesh: Chunk X=0 Y=0 Z=0 FlatVerts=912 SlopeVerts=25254
[+02:18:20.837] VoxelChunk: GenerateAsync (2,-2,2)
[+02:18:20.839] VoxelMesh: Chunk X=2 Y=-2 Z=2 FlatVerts=0 SlopeVerts=18
[+02:18:20.916] VoxelMesh: Chunk X=0 Y=0 Z=0 FlatVerts=270 SlopeVerts=2724
[+02:18:20.918] VoxelChunk: GenerateAsync (-1,-1,2)
[+02:18:21.019] VoxelMesh: Chunk X=0 Y=0 Z=0 FlatVerts=0 SlopeVerts=60
[+02:18:21.020] VoxelChunk: GenerateAsync (-1,0,2)
[+02:18:21.121] VoxelMesh: Chunk X=0 Y=0 Z=0 FlatVerts=11796 SlopeVerts=1500
[+02:18:21.136] VoxelChunk: GenerateAsync (1,2,0)
[+02:18:21.138] VoxelMesh: Chunk X=1 Y=2 Z=0 FlatVerts=2616 SlopeVerts=0
[+02:18:21.222] VoxelMesh: Chunk X=0 Y=0 Z=0 FlatVerts=9186 SlopeVerts=0
[+02:18:21.228] VoxelChunk: GenerateAsync (-1,2,-1)
[+02:18:21.328] VoxelMesh: Chunk X=0 Y=0 Z=0 FlatVerts=8544 SlopeVerts=858
[+02:18:21.339] VoxelChunk: GenerateAsync (-2,2,-1)
[+02:18:21.432] VoxelMesh: Chunk X=0 Y=0 Z=0 FlatVerts=288 SlopeVerts=9852
[+02:18:21.439] VoxelChunk: GenerateAsync (1,-2,1)
[+02:18:21.538] VoxelMesh: Chunk X=0 Y=0 Z=0 FlatVerts=10056 SlopeVerts=324
[+02:18:21.551] VoxelChunk: GenerateAsync (0,2,0)
[+02:18:21.552] VoxelMesh: Chunk X=0 Y=2 Z=0 FlatVerts=2652 SlopeVerts=0
[+02:18:21.645] VoxelMesh: Chunk X=0 Y=0 Z=0 FlatVerts=360 SlopeVerts=2382
[+02:18:21.647] VoxelChunk: GenerateAsync (2,1,2)
[+02:18:21.648] VoxelMesh: Chunk X=2 Y=1 Z=2 FlatVerts=0 SlopeVerts=372
[+02:18:21.748] VoxelMesh: Chunk X=0 Y=0 Z=0 FlatVerts=2952 SlopeVerts=22422
[+02:18:21.769] VoxelChunk: GenerateAsync (2,0,1)
[+02:18:21.770] VoxelMesh: Chunk X=2 Y=0 Z=1 FlatVerts=492 SlopeVerts=2658
[+02:18:21.849] VoxelMesh: Chunk X=0 Y=0 Z=0 FlatVerts=684 SlopeVerts=6270
[+02:18:21.854] VoxelChunk: GenerateAsync (2,-1,0)
[+02:18:21.951] VoxelMesh: Chunk X=0 Y=0 Z=0 FlatVerts=2952 SlopeVerts=1158
[+02:18:21.955] VoxelChunk: GenerateAsync (1,2,1)
[+02:18:22.056] VoxelMesh: Chunk X=0 Y=0 Z=0 FlatVerts=2568 SlopeVerts=18570
[+02:18:22.073] VoxelChunk: GenerateAsync (-1,-2,1)
[+02:18:22.074] VoxelMesh: Chunk X=-1 Y=-2 Z=1 FlatVerts=402 SlopeVerts=3096
[+02:18:22.162] VoxelMesh: Chunk X=0 Y=0 Z=0 FlatVerts=390 SlopeVerts=13242
[+02:18:22.171] VoxelChunk: GenerateAsync (2,-2,1)
[+02:18:22.261] VoxelMesh: Chunk X=0 Y=0 Z=0 FlatVerts=690 SlopeVerts=1482
[+02:18:22.263] VoxelChunk: GenerateAsync (-2,-1,1)
[+02:18:22.264] VoxelMesh: Chunk X=-2 Y=-1 Z=1 FlatVerts=72 SlopeVerts=216
[+02:18:22.362] VoxelMesh: Chunk X=0 Y=0 Z=0 FlatVerts=7128 SlopeVerts=9972
[+02:18:22.379] VoxelChunk: GenerateAsync (2,1,0)
[+02:18:22.380] VoxelMesh: Chunk X=2 Y=1 Z=0 FlatVerts=270 SlopeVerts=270
[+02:18:22.463] VoxelMesh: Chunk X=0 Y=0 Z=0 FlatVerts=0 SlopeVerts=0
[+02:18:22.463] VoxelChunk: GenerateAsync (-2,0,1)
[+02:18:22.565] VoxelMesh: Chunk X=0 Y=0 Z=0 FlatVerts=1002 SlopeVerts=29136
[+02:18:22.587] VoxelChunk: GenerateAsync (2,-1,2)
[+02:18:22.589] VoxelMesh: Chunk X=2 Y=-1 Z=2 FlatVerts=0 SlopeVerts=2310
[+02:18:22.665] VoxelMesh: Chunk X=0 Y=0 Z=0 FlatVerts=270 SlopeVerts=9828
[+02:18:22.671] VoxelChunk: GenerateAsync (1,0,2)
[+02:18:22.672] VoxelMesh: Chunk X=1 Y=0 Z=2 FlatVerts=12 SlopeVerts=1782
[+02:18:22.769] VoxelMesh: Chunk X=0 Y=0 Z=0 FlatVerts=8034 SlopeVerts=2394
[+02:18:22.781] VoxelChunk: GenerateAsync (-2,-1,0)
[+02:18:22.782] VoxelMesh: Chunk X=-2 Y=-1 Z=0 FlatVerts=2058 SlopeVerts=228
[+02:18:22.872] VoxelMesh: Chunk X=0 Y=0 Z=0 FlatVerts=4182 SlopeVerts=10812
[+02:18:22.886] VoxelChunk: GenerateAsync (2,1,1)
[+02:18:22.887] VoxelMesh: Chunk X=2 Y=1 Z=1 FlatVerts=1002 SlopeVerts=2898
[+02:18:22.981] VoxelChunk: GenerateAsync (-1,2,1)
[+02:18:23.080] VoxelMesh: Chunk X=0 Y=0 Z=0 FlatVerts=9198 SlopeVerts=48
[+02:18:23.091] VoxelChunk: GenerateAsync (-2,0,0)
[+02:18:23.092] VoxelMesh: Chunk X=-2 Y=0 Z=0 FlatVerts=2028 SlopeVerts=0
[+02:18:23.182] VoxelMesh: Chunk X=0 Y=0 Z=0 FlatVerts=9852 SlopeVerts=102
[+02:18:23.195] VoxelChunk: GenerateAsync (0,2,-1)
[+02:18:23.285] VoxelMesh: Chunk X=0 Y=0 Z=0 FlatVerts=4344 SlopeVerts=600
[+02:18:23.292] VoxelChunk: GenerateAsync (2,2,-1)
[+02:18:23.390] VoxelMesh: Chunk X=0 Y=0 Z=0 FlatVerts=9696 SlopeVerts=0
[+02:18:23.396] VoxelChunk: GenerateAsync (-2,1,-1)
[+02:18:23.491] VoxelMesh: Chunk X=0 Y=0 Z=0 FlatVerts=240 SlopeVerts=4410
[+02:18:23.494] VoxelChunk: GenerateAsync (-2,-2,2)
[+02:18:23.495] VoxelMesh: Chunk X=-2 Y=-2 Z=2 FlatVerts=0 SlopeVerts=0
[+02:18:23.594] VoxelMesh: Chunk X=0 Y=0 Z=0 FlatVerts=1050 SlopeVerts=702
[+02:18:23.597] VoxelChunk: GenerateAsync (-1,-2,-1)
[+02:18:23.697] VoxelChunk: GenerateAsync (2,-2,-1)
[+02:18:23.796] VoxelChunk: GenerateAsync (-2,-1,2)
[+02:18:23.897] VoxelMesh: Chunk X=0 Y=0 Z=0 FlatVerts=552 SlopeVerts=13872
[+02:18:23.907] VoxelChunk: GenerateAsync (0,-1,2)
[+02:18:23.908] VoxelMesh: Chunk X=0 Y=-1 Z=2 FlatVerts=270 SlopeVerts=2634
[+02:18:24.000] VoxelMesh: Chunk X=0 Y=0 Z=0 FlatVerts=588 SlopeVerts=23994
[+02:18:24.020] VoxelChunk: GenerateAsync (1,-1,2)
[+02:18:24.021] VoxelMesh: Chunk X=1 Y=-1 Z=2 FlatVerts=60 SlopeVerts=4050
[+02:18:24.104] VoxelMesh: Chunk X=0 Y=0 Z=0 FlatVerts=12 SlopeVerts=1920
[+02:18:24.106] VoxelChunk: GenerateAsync (0,0,2)
[+02:18:24.106] VoxelMesh: Chunk X=0 Y=0 Z=2 FlatVerts=0 SlopeVerts=60
[+02:18:24.205] VoxelMesh: Chunk X=0 Y=0 Z=0 FlatVerts=1092 SlopeVerts=18228
[+02:18:24.220] VoxelChunk: GenerateAsync (2,0,2)
[+02:18:24.221] VoxelMesh: Chunk X=2 Y=0 Z=2 FlatVerts=72 SlopeVerts=5712
[+02:18:24.313] VoxelMesh: Chunk X=0 Y=0 Z=0 FlatVerts=10482 SlopeVerts=3552
[+02:18:24.328] VoxelChunk: GenerateAsync (2,2,0)
[+02:18:24.328] VoxelMesh: Chunk X=2 Y=2 Z=0 FlatVerts=2316 SlopeVerts=252
[+02:18:24.420] VoxelChunk: GenerateAsync (-1,1,2)
[+02:18:24.521] VoxelMesh: Chunk X=0 Y=0 Z=0 FlatVerts=9198 SlopeVerts=48
[+02:18:24.532] VoxelChunk: GenerateAsync (-2,0,-1)
[+02:18:24.627] VoxelMesh: Chunk X=0 Y=0 Z=0 FlatVerts=18 SlopeVerts=18
[+02:18:24.627] VoxelChunk: GenerateAsync (2,-1,-1)
[+02:18:24.730] VoxelChunk: GenerateAsync (0,2,2)
[+02:18:24.832] VoxelMesh: Chunk X=0 Y=0 Z=0 FlatVerts=2016 SlopeVerts=720
[+02:18:24.835] VoxelChunk: GenerateAsync (2,2,2)
[+02:18:25.228] VoxelMesh: Chunk X=0 Y=0 Z=0 FlatVerts=828 SlopeVerts=15342
[+02:18:25.238] VoxelChunk: GenerateAsync (-1,-2,2)
[+02:18:25.239] VoxelMesh: Chunk X=-1 Y=-2 Z=2 FlatVerts=180 SlopeVerts=3978
[+02:18:25.564] VoxelMesh: Chunk X=0 Y=0 Z=0 FlatVerts=9186 SlopeVerts=0
[+02:18:25.570] VoxelChunk: GenerateAsync (-1,2,0)
[+02:18:25.571] VoxelMesh: Chunk X=-1 Y=2 Z=0 FlatVerts=2358 SlopeVerts=0
[+02:18:25.897] VoxelMesh: Chunk X=0 Y=0 Z=0 FlatVerts=2964 SlopeVerts=9270
[+02:18:25.908] VoxelChunk: GenerateAsync (-1,-2,0)
[+02:18:25.909] VoxelMesh: Chunk X=-1 Y=-2 Z=0 FlatVerts=0 SlopeVerts=0
[+02:18:26.231] VoxelMesh: Chunk X=0 Y=0 Z=0 FlatVerts=924 SlopeVerts=5610
[+02:18:26.236] VoxelChunk: GenerateAsync (0,-2,0)
[+02:18:26.560] VoxelChunk: GenerateAsync (-2,2,2)
[+02:18:26.893] VoxelChunk: GenerateAsync (-1,2,2)
[+02:18:27.231] VoxelChunk: GenerateAsync (3,2,-2)
[+02:18:27.561] VoxelMesh: Chunk X=0 Y=0 Z=0 FlatVerts=906 SlopeVerts=8184
[+02:18:27.567] VoxelChunk: GenerateAsync (-3,2,1)
[+02:18:27.568] VoxelMesh: Chunk X=-3 Y=2 Z=1 FlatVerts=684 SlopeVerts=1692
[+02:18:27.898] VoxelMesh: Chunk X=0 Y=0 Z=0 FlatVerts=5256 SlopeVerts=1704
[+02:18:27.905] VoxelChunk: GenerateAsync (-3,2,-1)
[+02:18:28.228] VoxelMesh: Chunk X=0 Y=0 Z=0 FlatVerts=1896 SlopeVerts=12954
[+02:18:28.239] VoxelChunk: GenerateAsync (-3,3,1)
[+02:18:28.240] VoxelMesh: Chunk X=-3 Y=3 Z=1 FlatVerts=108 SlopeVerts=2328
[+02:18:28.562] VoxelMesh: Chunk X=0 Y=0 Z=0 FlatVerts=2256 SlopeVerts=2778
[+02:18:28.568] VoxelChunk: GenerateAsync (-1,3,1)
[+02:18:28.896] VoxelChunk: GenerateAsync (-3,2,-2)
[+02:18:29.230] VoxelChunk: GenerateAsync (-3,-3,-2)
[+02:18:29.563] VoxelMesh: Chunk X=0 Y=0 Z=0 FlatVerts=10890 SlopeVerts=4290
[+02:18:29.582] VoxelChunk: GenerateAsync (2,3,1)
[+02:18:29.583] VoxelMesh: Chunk X=2 Y=3 Z=1 FlatVerts=2670 SlopeVerts=720
[+02:18:29.668] VoxelMesh: Chunk X=0 Y=0 Z=0 FlatVerts=10776 SlopeVerts=1230
[+02:18:29.682] VoxelChunk: GenerateAsync (3,3,1)
[+02:18:29.682] VoxelMesh: Chunk X=3 Y=3 Z=1 FlatVerts=1242 SlopeVerts=516
[+02:18:29.775] VoxelChunk: GenerateAsync (-1,-3,-2)
[+02:18:29.877] VoxelChunk: GenerateAsync (3,-1,-1)
[+02:18:29.979] VoxelMesh: Chunk X=0 Y=0 Z=0 FlatVerts=1038 SlopeVerts=11454
[+02:18:29.988] VoxelChunk: GenerateAsync (-2,-3,2)
[+02:18:29.988] VoxelMesh: Chunk X=-2 Y=-3 Z=2 FlatVerts=6 SlopeVerts=462
[+02:18:30.080] VoxelMesh: Chunk X=0 Y=0 Z=0 FlatVerts=1476 SlopeVerts=30792
[+02:18:30.103] VoxelChunk: GenerateAsync (0,-3,2)
[+02:18:30.105] VoxelMesh: Chunk X=0 Y=-3 Z=2 FlatVerts=90 SlopeVerts=3864
[+02:18:30.182] VoxelMesh: Chunk X=0 Y=0 Z=0 FlatVerts=3036 SlopeVerts=5790
[+02:18:30.189] VoxelChunk: GenerateAsync (3,0,0)
[+02:18:30.287] VoxelMesh: Chunk X=0 Y=0 Z=0 FlatVerts=8994 SlopeVerts=2952
[+02:18:30.299] VoxelChunk: GenerateAsync (-3,1,0)
[+02:18:30.300] VoxelMesh: Chunk X=-3 Y=1 Z=0 FlatVerts=2292 SlopeVerts=480
[+02:18:30.393] VoxelMesh: Chunk X=0 Y=0 Z=0 FlatVerts=1728 SlopeVerts=24168
[+02:18:30.412] VoxelChunk: GenerateAsync (3,-3,2)
[+02:18:30.413] VoxelMesh: Chunk X=3 Y=-3 Z=2 FlatVerts=0 SlopeVerts=0
[+02:18:30.493] VoxelMesh: Chunk X=0 Y=0 Z=0 FlatVerts=234 SlopeVerts=318
[+02:18:30.494] VoxelChunk: GenerateAsync (-3,-2,2)
[+02:18:30.495] VoxelMesh: Chunk X=-3 Y=-2 Z=2 FlatVerts=234 SlopeVerts=318
[+02:18:30.595] VoxelMesh: Chunk X=0 Y=0 Z=0 FlatVerts=9306 SlopeVerts=480
[+02:18:30.606] VoxelChunk: GenerateAsync (-3,0,-1)
[+02:18:30.698] VoxelChunk: GenerateAsync (3,1,-2)
[+02:18:30.798] VoxelChunk: GenerateAsync (-3,1,-2)
[+02:18:30.898] VoxelMesh: Chunk X=0 Y=0 Z=0 FlatVerts=588 SlopeVerts=300
[+02:18:30.900] VoxelChunk: GenerateAsync (3,2,-1)
[+02:18:31.000] VoxelMesh: Chunk X=0 Y=0 Z=0 FlatVerts=804 SlopeVerts=19944
[+02:18:31.016] VoxelChunk: GenerateAsync (3,-2,2)
[+02:18:31.017] VoxelMesh: Chunk X=3 Y=-2 Z=2 FlatVerts=252 SlopeVerts=3588
[+02:18:31.340] VoxelChunk: GenerateAsync (3,0,-2)
[+02:18:31.666] VoxelChunk: GenerateAsync (-3,-1,2)
[+02:18:32.002] VoxelMesh: Chunk X=0 Y=0 Z=0 FlatVerts=2340 SlopeVerts=1638
[+02:18:32.006] VoxelChunk: GenerateAsync (-3,3,-1)
[+02:18:32.335] VoxelMesh: Chunk X=0 Y=0 Z=0 FlatVerts=4104 SlopeVerts=918
[+02:18:32.341] VoxelChunk: GenerateAsync (-3,-2,-1)
[+02:18:32.675] VoxelMesh: Chunk X=0 Y=0 Z=0 FlatVerts=7914 SlopeVerts=7656
[+02:18:32.689] VoxelChunk: GenerateAsync (3,1,0)
[+02:18:32.690] VoxelMesh: Chunk X=3 Y=1 Z=0 FlatVerts=144 SlopeVerts=690
[+02:18:33.002] VoxelMesh: Chunk X=0 Y=0 Z=0 FlatVerts=6150 SlopeVerts=6600
[+02:18:33.013] VoxelChunk: GenerateAsync (-3,2,0)
[+02:18:33.015] VoxelMesh: Chunk X=-3 Y=2 Z=0 FlatVerts=1074 SlopeVerts=780
[+02:18:33.337] VoxelMesh: Chunk X=0 Y=0 Z=0 FlatVerts=5760 SlopeVerts=2016
[+02:18:33.345] VoxelChunk: GenerateAsync (-2,3,-1)
[+02:18:33.667] VoxelChunk: GenerateAsync (-3,0,2)
[+02:18:34.001] VoxelMesh: Chunk X=0 Y=0 Z=0 FlatVerts=6480 SlopeVerts=726
[+02:18:34.009] VoxelChunk: GenerateAsync (-1,3,-1)
[+02:18:34.335] VoxelMesh: Chunk X=0 Y=0 Z=0 FlatVerts=1746 SlopeVerts=2460
[+02:18:34.340] VoxelChunk: GenerateAsync (-3,-3,-1)
[+02:18:34.668] VoxelMesh: Chunk X=0 Y=0 Z=0 FlatVerts=1044 SlopeVerts=16722
[+02:18:34.682] VoxelChunk: GenerateAsync (3,0,2)
[+02:18:34.683] VoxelMesh: Chunk X=3 Y=0 Z=2 FlatVerts=498 SlopeVerts=5244
[+02:18:35.007] VoxelMesh: Chunk X=0 Y=0 Z=0 FlatVerts=5904 SlopeVerts=558
[+02:18:35.014] VoxelChunk: GenerateAsync (0,3,-1)
[+02:18:35.334] VoxelMesh: Chunk X=0 Y=0 Z=0 FlatVerts=0 SlopeVerts=294
[+02:18:35.335] VoxelChunk: GenerateAsync (-3,1,2)
[+02:18:35.668] VoxelMesh: Chunk X=0 Y=0 Z=0 FlatVerts=8244 SlopeVerts=2592
[+02:18:35.680] VoxelChunk: GenerateAsync (3,2,0)
[+02:18:35.681] VoxelMesh: Chunk X=3 Y=2 Z=0 FlatVerts=588 SlopeVerts=300
[+02:18:36.004] VoxelMesh: Chunk X=0 Y=0 Z=0 FlatVerts=4290 SlopeVerts=324
[+02:18:36.009] VoxelChunk: GenerateAsync (1,3,-1)
[+02:18:36.337] VoxelChunk: GenerateAsync (3,3,-2)
[+02:18:36.670] VoxelChunk: GenerateAsync (3,-2,-1)
[+02:18:37.002] VoxelMesh: Chunk X=0 Y=0 Z=0 FlatVerts=1440 SlopeVerts=48
[+02:18:37.005] VoxelChunk: GenerateAsync (2,3,-1)
[+02:18:37.337] VoxelChunk: GenerateAsync (3,3,-1)
[+02:18:37.671] VoxelChunk: GenerateAsync (2,3,-2)
[+02:18:38.002] VoxelMesh: Chunk X=0 Y=0 Z=0 FlatVerts=9228 SlopeVerts=3906
[+02:18:38.016] VoxelChunk: GenerateAsync (1,3,0)
[+02:18:38.017] VoxelMesh: Chunk X=1 Y=3 Z=0 FlatVerts=2418 SlopeVerts=102
[+02:18:38.339] VoxelMesh: Chunk X=0 Y=0 Z=0 FlatVerts=8904 SlopeVerts=2106
[+02:18:38.351] VoxelChunk: GenerateAsync (2,3,0)
[+02:18:38.351] VoxelMesh: Chunk X=2 Y=3 Z=0 FlatVerts=1440 SlopeVerts=48
[+02:18:38.671] VoxelMesh: Chunk X=0 Y=0 Z=0 FlatVerts=4974 SlopeVerts=14622
[+02:18:38.689] VoxelChunk: GenerateAsync (-3,-3,0)
[+02:18:38.690] VoxelMesh: Chunk X=-3 Y=-3 Z=0 FlatVerts=240 SlopeVerts=1410
[+02:18:39.004] VoxelMesh: Chunk X=0 Y=0 Z=0 FlatVerts=8190 SlopeVerts=660
[+02:18:39.015] VoxelChunk: GenerateAsync (3,3,0)
[+02:18:39.334] VoxelMesh: Chunk X=0 Y=0 Z=0 FlatVerts=3312 SlopeVerts=13200
[+02:18:39.349] VoxelChunk: GenerateAsync (-3,-3,1)
[+02:18:39.350] VoxelMesh: Chunk X=-3 Y=-3 Z=1 FlatVerts=690 SlopeVerts=2970
[+02:18:39.672] VoxelMesh: Chunk X=0 Y=0 Z=0 FlatVerts=3066 SlopeVerts=10548
[+02:18:39.682] VoxelChunk: GenerateAsync (-2,-3,0)
[+02:18:39.683] VoxelMesh: Chunk X=-2 Y=-3 Z=0 FlatVerts=960 SlopeVerts=906
[+02:18:40.004] VoxelMesh: Chunk X=0 Y=0 Z=0 FlatVerts=7950 SlopeVerts=768
[+02:18:40.014] VoxelChunk: GenerateAsync (-3,-1,-1)
[+02:18:40.337] VoxelChunk: GenerateAsync (2,-3,-1)
[+02:18:40.669] VoxelMesh: Chunk X=0 Y=0 Z=0 FlatVerts=2502 SlopeVerts=20052
[+02:18:40.687] VoxelChunk: GenerateAsync (-2,-3,1)
[+02:18:40.689] VoxelMesh: Chunk X=-2 Y=-3 Z=1 FlatVerts=330 SlopeVerts=2532
[+02:18:41.005] VoxelMesh: Chunk X=0 Y=0 Z=0 FlatVerts=1614 SlopeVerts=21696
[+02:18:41.022] VoxelChunk: GenerateAsync (-1,-3,1)
[+02:18:41.023] VoxelMesh: Chunk X=-1 Y=-3 Z=1 FlatVerts=12 SlopeVerts=564
[+02:18:41.336] VoxelMesh: Chunk X=0 Y=0 Z=0 FlatVerts=486 SlopeVerts=4614
[+02:18:41.340] VoxelChunk: GenerateAsync (-1,-3,0)
[+02:18:41.669] VoxelMesh: Chunk X=0 Y=0 Z=0 FlatVerts=690 SlopeVerts=10902
[+02:18:41.676] VoxelChunk: GenerateAsync (0,-3,1)
[+02:18:41.678] VoxelMesh: Chunk X=0 Y=-3 Z=1 FlatVerts=42 SlopeVerts=72
[+02:18:42.004] VoxelMesh: Chunk X=0 Y=0 Z=0 FlatVerts=318 SlopeVerts=2994
[+02:18:42.006] VoxelChunk: GenerateAsync (1,-3,1)
[+02:18:42.007] VoxelMesh: Chunk X=1 Y=-3 Z=1 FlatVerts=102 SlopeVerts=120
[+02:18:42.336] VoxelMesh: Chunk X=0 Y=0 Z=0 FlatVerts=8436 SlopeVerts=9396
[+02:18:42.353] VoxelChunk: GenerateAsync (3,1,1)
[+02:18:42.354] VoxelMesh: Chunk X=3 Y=1 Z=1 FlatVerts=630 SlopeVerts=3798
[+02:18:42.673] VoxelMesh: Chunk X=0 Y=0 Z=0 FlatVerts=174 SlopeVerts=1074
[+02:18:42.675] VoxelChunk: GenerateAsync (0,-3,0)
[+02:18:43.003] VoxelMesh: Chunk X=0 Y=0 Z=0 FlatVerts=144 SlopeVerts=690
[+02:18:43.004] VoxelChunk: GenerateAsync (3,0,-1)
[+02:18:43.337] VoxelMesh: Chunk X=0 Y=0 Z=0 FlatVerts=270 SlopeVerts=4482
[+02:18:43.340] VoxelChunk: GenerateAsync (2,-3,1)
[+02:18:43.670] VoxelMesh: Chunk X=0 Y=0 Z=0 FlatVerts=348 SlopeVerts=5274
[+02:18:43.674] VoxelChunk: GenerateAsync (3,-3,1)
[+02:18:44.004] VoxelMesh: Chunk X=0 Y=0 Z=0 FlatVerts=102 SlopeVerts=120
[+02:18:44.005] VoxelChunk: GenerateAsync (1,-3,0)
[+02:18:44.334] VoxelMesh: Chunk X=0 Y=0 Z=0 FlatVerts=2628 SlopeVerts=8586
[+02:18:44.343] VoxelChunk: GenerateAsync (-3,-2,1)
[+02:18:44.344] VoxelMesh: Chunk X=-3 Y=-2 Z=1 FlatVerts=1080 SlopeVerts=3300
[+02:18:44.672] VoxelMesh: Chunk X=0 Y=0 Z=0 FlatVerts=11082 SlopeVerts=2976
[+02:18:44.687] VoxelChunk: GenerateAsync (3,2,1)
[+02:18:44.688] VoxelMesh: Chunk X=3 Y=2 Z=1 FlatVerts=2094 SlopeVerts=1560
[+02:18:45.008] VoxelMesh: Chunk X=0 Y=0 Z=0 FlatVerts=6 SlopeVerts=612
[+02:18:45.009] VoxelChunk: GenerateAsync (2,-3,0)
[+02:18:45.334] VoxelMesh: Chunk X=0 Y=0 Z=0 FlatVerts=1896 SlopeVerts=4938
[+02:18:45.340] VoxelChunk: GenerateAsync (-2,3,1)
[+02:18:45.341] VoxelMesh: Chunk X=-2 Y=3 Z=1 FlatVerts=90 SlopeVerts=888
[+02:18:45.669] VoxelMesh: Chunk X=0 Y=0 Z=0 FlatVerts=8310 SlopeVerts=1260
[+02:18:45.681] VoxelChunk: GenerateAsync (-3,1,-1)
[+02:18:46.001] VoxelMesh: Chunk X=0 Y=0 Z=0 FlatVerts=3084 SlopeVerts=4902
[+02:18:46.008] VoxelChunk: GenerateAsync (0,3,1)
[+02:18:46.334] VoxelMesh: Chunk X=0 Y=0 Z=0 FlatVerts=6582 SlopeVerts=6516
[+02:18:46.347] VoxelChunk: GenerateAsync (1,3,1)
[+02:18:46.347] VoxelMesh: Chunk X=1 Y=3 Z=1 FlatVerts=180 SlopeVerts=246
[+02:18:46.672] VoxelMesh: Chunk X=0 Y=0 Z=0 FlatVerts=6 SlopeVerts=612
[+02:18:46.672] VoxelChunk: GenerateAsync (3,-3,0)
[+02:18:47.002] VoxelMesh: Chunk X=0 Y=0 Z=0 FlatVerts=6624 SlopeVerts=9060
[+02:18:47.016] VoxelChunk: GenerateAsync (-3,-2,0)
[+02:18:47.017] VoxelMesh: Chunk X=-3 Y=-2 Z=0 FlatVerts=258 SlopeVerts=108
[+02:18:47.334] VoxelMesh: Chunk X=0 Y=0 Z=0 FlatVerts=234 SlopeVerts=888
[+02:18:47.336] VoxelChunk: GenerateAsync (-3,-3,2)
[+02:18:47.336] VoxelMesh: Chunk X=-3 Y=-3 Z=2 FlatVerts=0 SlopeVerts=102
[+02:18:47.672] VoxelMesh: Chunk X=0 Y=0 Z=0 FlatVerts=360 SlopeVerts=9306
[+02:18:47.680] VoxelChunk: GenerateAsync (3,-2,1)
[+02:18:47.681] VoxelMesh: Chunk X=3 Y=-2 Z=1 FlatVerts=6 SlopeVerts=612
[+02:18:48.003] VoxelMesh: Chunk X=0 Y=0 Z=0 FlatVerts=1920 SlopeVerts=29550
[+02:18:48.026] VoxelChunk: GenerateAsync (-1,-3,2)
[+02:18:48.028] VoxelMesh: Chunk X=-1 Y=-3 Z=2 FlatVerts=612 SlopeVerts=5892
[+02:18:48.339] VoxelMesh: Chunk X=0 Y=0 Z=0 FlatVerts=396 SlopeVerts=1398
[+02:18:48.341] VoxelChunk: GenerateAsync (-3,-1,1)
[+02:18:48.342] VoxelMesh: Chunk X=-3 Y=-1 Z=1 FlatVerts=330 SlopeVerts=1176
[+02:18:48.673] VoxelMesh: Chunk X=0 Y=0 Z=0 FlatVerts=1170 SlopeVerts=20310
[+02:18:48.689] VoxelChunk: GenerateAsync (1,-3,2)
[+02:18:48.690] VoxelMesh: Chunk X=1 Y=-3 Z=2 FlatVerts=108 SlopeVerts=2394
[+02:18:49.005] VoxelMesh: Chunk X=0 Y=0 Z=0 FlatVerts=1632 SlopeVerts=21216
[+02:18:49.022] VoxelChunk: GenerateAsync (2,-3,2)
[+02:18:49.023] VoxelMesh: Chunk X=2 Y=-3 Z=2 FlatVerts=6 SlopeVerts=270
[+02:18:49.336] VoxelChunk: GenerateAsync (-3,0,-2)
[+02:18:49.670] VoxelChunk: GenerateAsync (1,3,-2)
[+02:18:50.004] VoxelChunk: GenerateAsync (0,-3,-1)
[+02:18:50.338] VoxelChunk: GenerateAsync (3,-1,-2)
[+02:18:50.669] VoxelChunk: GenerateAsync (-3,-1,-2)
[+02:18:51.004] VoxelMesh: Chunk X=0 Y=0 Z=0 FlatVerts=576 SlopeVerts=12468
[+02:18:51.012] VoxelChunk: GenerateAsync (3,-1,1)
[+02:18:51.013] VoxelMesh: Chunk X=3 Y=-1 Z=1 FlatVerts=24 SlopeVerts=1674
[+02:18:51.338] VoxelChunk: GenerateAsync (0,3,-2)
[+02:18:51.668] VoxelMesh: Chunk X=0 Y=0 Z=0 FlatVerts=0 SlopeVerts=0
[+02:18:51.668] VoxelChunk: GenerateAsync (-3,0,1)
[+02:18:52.005] VoxelChunk: GenerateAsync (3,-2,-2)
[+02:18:52.336] VoxelChunk: GenerateAsync (-3,-2,-2)
[+02:18:52.672] VoxelMesh: Chunk X=0 Y=0 Z=0 FlatVerts=24 SlopeVerts=2292
[+02:18:52.673] VoxelChunk: GenerateAsync (3,-2,0)
[+02:18:53.003] VoxelChunk: GenerateAsync (-1,3,-2)
[+02:18:53.338] VoxelMesh: Chunk X=0 Y=0 Z=0 FlatVerts=0 SlopeVerts=0
[+02:18:53.338] VoxelChunk: GenerateAsync (-1,-3,-1)
[+02:18:53.672] VoxelChunk: GenerateAsync (3,-3,-2)
[+02:18:54.004] VoxelMesh: Chunk X=0 Y=0 Z=0 FlatVerts=834 SlopeVerts=22848
[+02:18:54.022] VoxelChunk: GenerateAsync (3,-1,2)
[+02:18:54.023] VoxelMesh: Chunk X=3 Y=-1 Z=2 FlatVerts=0 SlopeVerts=3168
[+02:18:54.337] VoxelMesh: Chunk X=0 Y=0 Z=0 FlatVerts=8406 SlopeVerts=2106
[+02:18:54.349] VoxelChunk: GenerateAsync (-3,-1,0)
[+02:18:54.350] VoxelMesh: Chunk X=-3 Y=-1 Z=0 FlatVerts=1506 SlopeVerts=540
[+02:18:54.671] VoxelMesh: Chunk X=0 Y=0 Z=0 FlatVerts=3732 SlopeVerts=14910
[+02:18:54.690] VoxelChunk: GenerateAsync (3,0,1)
[+02:18:54.691] VoxelMesh: Chunk X=3 Y=0 Z=1 FlatVerts=30 SlopeVerts=60
[+02:18:55.002] VoxelMesh: Chunk X=0 Y=0 Z=0 FlatVerts=684 SlopeVerts=1986
[+02:18:55.005] VoxelChunk: GenerateAsync (-3,1,1)
[+02:18:55.006] VoxelMesh: Chunk X=-3 Y=1 Z=1 FlatVerts=0 SlopeVerts=0
[+02:18:55.337] VoxelChunk: GenerateAsync (2,-3,-2)
[+02:18:55.670] VoxelChunk: GenerateAsync (-2,3,-2)
[+02:18:56.015] VoxelChunk: GenerateAsync (1,-3,-2)
[+02:18:56.339] VoxelChunk: GenerateAsync (0,-3,-2)
[+02:18:56.671] VoxelChunk: GenerateAsync (-3,3,-2)
[+02:18:57.003] VoxelMesh: Chunk X=0 Y=0 Z=0 FlatVerts=732 SlopeVerts=990
[+02:18:57.005] VoxelChunk: GenerateAsync (3,1,-1)
[+02:18:57.339] VoxelMesh: Chunk X=0 Y=0 Z=0 FlatVerts=1248 SlopeVerts=942
[+02:18:57.342] VoxelChunk: GenerateAsync (-2,-3,-1)
[+02:18:57.672] VoxelChunk: GenerateAsync (3,-3,-1)
[+02:18:58.003] VoxelMesh: Chunk X=0 Y=0 Z=0 FlatVerts=4188 SlopeVerts=8874
[+02:18:58.013] VoxelChunk: GenerateAsync (-3,3,0)
[+02:18:58.014] VoxelMesh: Chunk X=-3 Y=3 Z=0 FlatVerts=12 SlopeVerts=60
[+02:18:58.336] VoxelMesh: Chunk X=0 Y=0 Z=0 FlatVerts=7662 SlopeVerts=6924
[+02:18:58.350] VoxelChunk: GenerateAsync (-2,3,0)
[+02:18:58.351] VoxelMesh: Chunk X=-2 Y=3 Z=0 FlatVerts=1860 SlopeVerts=858
[+02:18:58.674] VoxelMesh: Chunk X=0 Y=0 Z=0 FlatVerts=8736 SlopeVerts=3504
[+02:18:58.688] VoxelChunk: GenerateAsync (-1,3,0)
[+02:18:58.689] VoxelMesh: Chunk X=-1 Y=3 Z=0 FlatVerts=2010 SlopeVerts=0
[+02:18:59.004] VoxelMesh: Chunk X=0 Y=0 Z=0 FlatVerts=1182 SlopeVerts=2814
[+02:18:59.009] VoxelChunk: GenerateAsync (3,1,2)
[+02:18:59.010] VoxelMesh: Chunk X=3 Y=1 Z=2 FlatVerts=168 SlopeVerts=1740
[+02:18:59.337] VoxelMesh: Chunk X=0 Y=0 Z=0 FlatVerts=78 SlopeVerts=4092
[+02:18:59.339] VoxelChunk: GenerateAsync (-3,2,2)
[+02:18:59.340] VoxelMesh: Chunk X=-3 Y=2 Z=2 FlatVerts=0 SlopeVerts=294
[+02:18:59.672] VoxelChunk: GenerateAsync (1,-3,-1)
[+02:19:00.003] VoxelMesh: Chunk X=0 Y=0 Z=0 FlatVerts=8730 SlopeVerts=4194
[+02:19:00.019] VoxelChunk: GenerateAsync (0,3,0)
[+02:19:00.020] VoxelMesh: Chunk X=0 Y=3 Z=0 FlatVerts=2166 SlopeVerts=0
[+02:19:00.340] VoxelMesh: Chunk X=0 Y=0 Z=0 FlatVerts=66 SlopeVerts=1872
[+02:19:00.342] VoxelChunk: GenerateAsync (3,-1,0)
[+02:19:00.669] VoxelMesh: Chunk X=0 Y=0 Z=0 FlatVerts=9306 SlopeVerts=480
[+02:19:00.681] VoxelChunk: GenerateAsync (-3,0,0)
[+02:19:00.682] VoxelMesh: Chunk X=-3 Y=0 Z=0 FlatVerts=2358 SlopeVerts=0
[+02:19:01.006] VoxelChunk: GenerateAsync (-2,-3,-2)
[+02:19:01.336] VoxelMesh: Chunk X=0 Y=0 Z=0 FlatVerts=3282 SlopeVerts=828
[+02:19:01.340] VoxelChunk: GenerateAsync (3,2,2)
[+02:19:01.341] VoxelMesh: Chunk X=3 Y=2 Z=2 FlatVerts=192 SlopeVerts=252
[+02:19:01.669] VoxelMesh: Chunk X=0 Y=0 Z=0 FlatVerts=114 SlopeVerts=7062
[+02:19:01.673] VoxelChunk: GenerateAsync (-3,3,2)
[+02:19:01.674] VoxelMesh: Chunk X=-3 Y=3 Z=2 FlatVerts=24 SlopeVerts=2982
[+02:19:02.004] VoxelMesh: Chunk X=0 Y=0 Z=0 FlatVerts=0 SlopeVerts=24
[+02:19:02.005] VoxelChunk: GenerateAsync (-2,3,2)
[+02:19:02.337] VoxelMesh: Chunk X=0 Y=0 Z=0 FlatVerts=0 SlopeVerts=0
[+02:19:02.338] VoxelChunk: GenerateAsync (-1,3,2)
[+02:19:02.669] VoxelMesh: Chunk X=0 Y=0 Z=0 FlatVerts=252 SlopeVerts=1272
[+02:19:02.670] VoxelChunk: GenerateAsync (0,3,2)
[+02:19:03.004] VoxelMesh: Chunk X=0 Y=0 Z=0 FlatVerts=1638 SlopeVerts=2940
[+02:19:03.008] VoxelChunk: GenerateAsync (1,3,2)
[+02:19:03.336] VoxelMesh: Chunk X=0 Y=0 Z=0 FlatVerts=3336 SlopeVerts=2322
[+02:19:03.342] VoxelChunk: GenerateAsync (2,3,2)
[+02:19:03.342] VoxelMesh: Chunk X=2 Y=3 Z=2 FlatVerts=0 SlopeVerts=6
[+02:19:03.669] VoxelMesh: Chunk X=0 Y=0 Z=0 FlatVerts=2466 SlopeVerts=690
[+02:19:03.673] VoxelChunk: GenerateAsync (3,3,2)
[+02:19:03.673] VoxelWorld: Editor generation complete, 245 chunks.
[+02:19:03.674] VoxelMesh: Chunk X=3 Y=3 Z=2 FlatVerts=1824 SlopeVerts=462
