=== FIRSTVOXEL SESSION [2026.03.17-03.39.19] ===
[+03:39:19.405] FirstVoxel module started.
[+03:39:26.032] VoxelWorld: GenerateWorldDeferred started.
[+03:39:26.032] VoxelWorld: Queued 244 chunks.
[+03:39:26.135] VoxelMesh: Chunk X=0 Y=0 Z=0 FlatVerts=7200 SlopeVerts=27312
[+03:39:26.162] VoxelChunk: GenerateAsync (1,0,0)
[+03:39:26.163] VoxelMesh: Chunk X=1 Y=0 Z=0 FlatVerts=288 SlopeVerts=132
[+03:39:26.238] VoxelMesh: Chunk X=0 Y=0 Z=0 FlatVerts=2952 SlopeVerts=1752
[+03:39:26.242] VoxelChunk: GenerateAsync (0,-1,-1)
[+03:39:26.338] VoxelMesh: Chunk X=0 Y=0 Z=0 FlatVerts=1980 SlopeVerts=11052
[+03:39:26.346] VoxelChunk: GenerateAsync (1,1,1)
[+03:39:26.347] VoxelMesh: Chunk X=1 Y=1 Z=1 FlatVerts=288 SlopeVerts=3396
[+03:39:26.441] VoxelMesh: Chunk X=0 Y=0 Z=0 FlatVerts=288 SlopeVerts=3396
[+03:39:26.444] VoxelChunk: GenerateAsync (0,1,1)
[+03:39:26.446] VoxelMesh: Chunk X=0 Y=1 Z=1 FlatVerts=0 SlopeVerts=0
[+03:39:26.546] VoxelMesh: Chunk X=0 Y=0 Z=0 FlatVerts=0 SlopeVerts=0
[+03:39:26.546] VoxelChunk: GenerateAsync (-1,1,1)
[+03:39:26.651] VoxelMesh: Chunk X=0 Y=0 Z=0 FlatVerts=3216 SlopeVerts=41820
[+03:39:26.680] VoxelChunk: GenerateAsync (1,0,1)
[+03:39:26.681] VoxelMesh: Chunk X=1 Y=0 Z=1 FlatVerts=540 SlopeVerts=10140
[+03:39:26.749] VoxelMesh: Chunk X=0 Y=0 Z=0 FlatVerts=912 SlopeVerts=21780
[+03:39:26.764] VoxelChunk: GenerateAsync (0,0,1)
[+03:39:26.765] VoxelMesh: Chunk X=0 Y=0 Z=1 FlatVerts=108 SlopeVerts=4260
[+03:39:26.903] VoxelMesh: Chunk X=0 Y=0 Z=0 FlatVerts=108 SlopeVerts=4404
[+03:39:26.906] VoxelChunk: GenerateAsync (-1,0,1)
[+03:39:26.907] VoxelMesh: Chunk X=-1 Y=0 Z=1 FlatVerts=0 SlopeVerts=0
[+03:39:27.006] VoxelMesh: Chunk X=0 Y=0 Z=0 FlatVerts=20916 SlopeVerts=60
[+03:39:27.032] VoxelChunk: GenerateAsync (-1,1,0)
[+03:39:27.033] VoxelMesh: Chunk X=-1 Y=1 Z=0 FlatVerts=5076 SlopeVerts=0
[+03:39:27.112] VoxelMesh: Chunk X=0 Y=0 Z=0 FlatVerts=19608 SlopeVerts=4704
[+03:39:27.139] VoxelChunk: GenerateAsync (0,1,0)
[+03:39:27.139] VoxelMesh: Chunk X=0 Y=1 Z=0 FlatVerts=5040 SlopeVerts=60
[+03:39:27.217] VoxelMesh: Chunk X=0 Y=0 Z=0 FlatVerts=19272 SlopeVerts=1356
[+03:39:27.243] VoxelChunk: GenerateAsync (0,1,-1)
[+03:39:27.320] VoxelMesh: Chunk X=0 Y=0 Z=0 FlatVerts=17832 SlopeVerts=1764
[+03:39:27.345] VoxelChunk: GenerateAsync (-1,0,-1)
[+03:39:27.423] VoxelMesh: Chunk X=0 Y=0 Z=0 FlatVerts=1584 SlopeVerts=44052
[+03:39:27.453] VoxelChunk: GenerateAsync (0,-1,1)
[+03:39:27.454] VoxelMesh: Chunk X=0 Y=-1 Z=1 FlatVerts=1020 SlopeVerts=7860
[+03:39:27.523] VoxelMesh: Chunk X=0 Y=0 Z=0 FlatVerts=3672 SlopeVerts=2064
[+03:39:27.529] VoxelChunk: GenerateAsync (1,0,-1)
[+03:39:27.639] VoxelMesh: Chunk X=0 Y=0 Z=0 FlatVerts=4692 SlopeVerts=26964
[+03:39:27.662] VoxelChunk: GenerateAsync (0,-1,0)
[+03:39:27.663] VoxelMesh: Chunk X=0 Y=-1 Z=0 FlatVerts=0 SlopeVerts=12
[+03:39:27.740] VoxelMesh: Chunk X=0 Y=0 Z=0 FlatVerts=18000 SlopeVerts=5964
[+03:39:27.767] VoxelChunk: GenerateAsync (-1,0,0)
[+03:39:27.768] VoxelMesh: Chunk X=-1 Y=0 Z=0 FlatVerts=5052 SlopeVerts=96
[+03:39:27.849] VoxelMesh: Chunk X=0 Y=0 Z=0 FlatVerts=1296 SlopeVerts=51552
[+03:39:27.884] VoxelChunk: GenerateAsync (1,-1,1)
[+03:39:27.886] VoxelMesh: Chunk X=1 Y=-1 Z=1 FlatVerts=0 SlopeVerts=3024
[+03:39:27.948] VoxelMesh: Chunk X=0 Y=0 Z=0 FlatVerts=2100 SlopeVerts=21336
[+03:39:27.964] VoxelChunk: GenerateAsync (-1,-1,1)
[+03:39:27.965] VoxelMesh: Chunk X=-1 Y=-1 Z=1 FlatVerts=1032 SlopeVerts=2880
[+03:39:28.054] VoxelMesh: Chunk X=0 Y=0 Z=0 FlatVerts=1800 SlopeVerts=22800
[+03:39:28.069] VoxelChunk: GenerateAsync (1,-1,0)
[+03:39:28.157] VoxelMesh: Chunk X=0 Y=0 Z=0 FlatVerts=10848 SlopeVerts=3096
[+03:39:28.171] VoxelChunk: GenerateAsync (0,0,-1)
[+03:39:28.265] VoxelMesh: Chunk X=0 Y=0 Z=0 FlatVerts=16212 SlopeVerts=12708
[+03:39:28.292] VoxelChunk: GenerateAsync (1,1,0)
[+03:39:28.293] VoxelMesh: Chunk X=1 Y=1 Z=0 FlatVerts=2856 SlopeVerts=1296
[+03:39:28.367] VoxelMesh: Chunk X=0 Y=0 Z=0 FlatVerts=12024 SlopeVerts=18204
[+03:39:28.392] VoxelChunk: GenerateAsync (-1,-1,0)
[+03:39:28.393] VoxelMesh: Chunk X=-1 Y=-1 Z=0 FlatVerts=2124 SlopeVerts=1512
[+03:39:28.474] VoxelMesh: Chunk X=0 Y=0 Z=0 FlatVerts=20916 SlopeVerts=60
[+03:39:28.500] VoxelChunk: GenerateAsync (-1,1,-1)
[+03:39:28.574] VoxelMesh: Chunk X=0 Y=0 Z=0 FlatVerts=14112 SlopeVerts=2520
[+03:39:28.593] VoxelChunk: GenerateAsync (1,1,-1)
[+03:39:28.678] VoxelMesh: Chunk X=0 Y=0 Z=0 FlatVerts=312 SlopeVerts=192
[+03:39:28.679] VoxelChunk: GenerateAsync (1,-1,-1)
[+03:39:28.782] VoxelMesh: Chunk X=0 Y=0 Z=0 FlatVerts=9840 SlopeVerts=3228
[+03:39:28.794] VoxelChunk: GenerateAsync (-1,-1,-1)
[+03:39:28.889] VoxelChunk: GenerateAsync (0,0,-2)
[+03:39:28.992] VoxelChunk: GenerateAsync (-1,-1,-2)
[+03:39:29.095] VoxelChunk: GenerateAsync (0,-1,-2)
[+03:39:29.200] VoxelChunk: GenerateAsync (2,-2,-2)
[+03:39:29.305] VoxelChunk: GenerateAsync (-1,-2,-2)
[+03:39:29.407] VoxelChunk: GenerateAsync (1,-1,-2)
[+03:39:29.510] VoxelChunk: GenerateAsync (-1,1,-2)
[+03:39:29.613] VoxelChunk: GenerateAsync (0,1,-2)
[+03:39:29.718] VoxelChunk: GenerateAsync (2,-1,-2)
[+03:39:29.822] VoxelChunk: GenerateAsync (0,-2,-2)
[+03:39:30.201] VoxelChunk: GenerateAsync (1,1,-2)
[+03:39:30.528] VoxelChunk: GenerateAsync (2,1,-2)
[+03:39:30.861] VoxelChunk: GenerateAsync (-2,2,-2)
[+03:39:31.197] VoxelChunk: GenerateAsync (2,2,-2)
[+03:39:31.528] VoxelChunk: GenerateAsync (-1,2,-2)
[+03:39:31.862] VoxelChunk: GenerateAsync (-2,0,-2)
[+03:39:32.195] VoxelChunk: GenerateAsync (0,2,-2)
[+03:39:32.530] VoxelChunk: GenerateAsync (1,2,-2)
[+03:39:32.861] VoxelChunk: GenerateAsync (-1,0,-2)
[+03:39:33.195] VoxelChunk: GenerateAsync (-2,-1,-2)
[+03:39:33.529] VoxelChunk: GenerateAsync (1,-2,-2)
[+03:39:33.861] VoxelChunk: GenerateAsync (-2,-2,-2)
[+03:39:34.194] VoxelChunk: GenerateAsync (-2,1,-2)
[+03:39:34.529] VoxelChunk: GenerateAsync (1,0,-2)
[+03:39:34.862] VoxelChunk: GenerateAsync (2,0,-2)
[+03:39:35.195] VoxelMesh: Chunk X=0 Y=0 Z=0 FlatVerts=972 SlopeVerts=13260
[+03:39:35.204] VoxelChunk: GenerateAsync (2,-1,0)
[+03:39:35.526] VoxelChunk: GenerateAsync (0,2,2)
[+03:39:35.859] VoxelChunk: GenerateAsync (-1,2,2)
[+03:39:36.193] VoxelMesh: Chunk X=0 Y=0 Z=0 FlatVerts=6828 SlopeVerts=3804
[+03:39:36.203] VoxelChunk: GenerateAsync (2,1,-1)
[+03:39:36.526] VoxelMesh: Chunk X=0 Y=0 Z=0 FlatVerts=0 SlopeVerts=768
[+03:39:36.527] VoxelChunk: GenerateAsync (1,1,2)
[+03:39:36.861] VoxelMesh: Chunk X=0 Y=0 Z=0 FlatVerts=648 SlopeVerts=2292
[+03:39:36.863] VoxelChunk: GenerateAsync (2,0,-1)
[+03:39:37.194] VoxelMesh: Chunk X=0 Y=0 Z=0 FlatVerts=21588 SlopeVerts=528
[+03:39:37.221] VoxelChunk: GenerateAsync (0,2,-1)
[+03:39:37.526] VoxelMesh: Chunk X=0 Y=0 Z=0 FlatVerts=504 SlopeVerts=5244
[+03:39:37.530] VoxelChunk: GenerateAsync (2,1,2)
[+03:39:37.531] VoxelMesh: Chunk X=2 Y=1 Z=2 FlatVerts=0 SlopeVerts=744
[+03:39:37.863] VoxelMesh: Chunk X=0 Y=0 Z=0 FlatVerts=36 SlopeVerts=50028
[+03:39:37.895] VoxelChunk: GenerateAsync (1,-2,2)
[+03:39:37.896] VoxelMesh: Chunk X=1 Y=-2 Z=2 FlatVerts=0 SlopeVerts=624
[+03:39:38.193] VoxelMesh: Chunk X=0 Y=0 Z=0 FlatVerts=0 SlopeVerts=0
[+03:39:38.194] VoxelChunk: GenerateAsync (-2,1,1)
[+03:39:38.530] VoxelMesh: Chunk X=0 Y=0 Z=0 FlatVerts=1272 SlopeVerts=47652
[+03:39:38.561] VoxelChunk: GenerateAsync (2,-1,1)
[+03:39:38.563] VoxelMesh: Chunk X=2 Y=-1 Z=1 FlatVerts=144 SlopeVerts=3852
[+03:39:38.863] VoxelMesh: Chunk X=0 Y=0 Z=0 FlatVerts=2868 SlopeVerts=26784
[+03:39:38.884] VoxelChunk: GenerateAsync (-2,-2,1)
[+03:39:38.885] VoxelMesh: Chunk X=-2 Y=-2 Z=1 FlatVerts=1248 SlopeVerts=8076
[+03:39:39.202] VoxelMesh: Chunk X=0 Y=0 Z=0 FlatVerts=144 SlopeVerts=6876
[+03:39:39.206] VoxelChunk: GenerateAsync (1,-2,0)
[+03:39:39.528] VoxelMesh: Chunk X=0 Y=0 Z=0 FlatVerts=5412 SlopeVerts=25764
[+03:39:39.549] VoxelChunk: GenerateAsync (2,1,1)
[+03:39:39.550] VoxelMesh: Chunk X=2 Y=1 Z=1 FlatVerts=1704 SlopeVerts=6312
[+03:39:39.866] VoxelMesh: Chunk X=0 Y=0 Z=0 FlatVerts=3720 SlopeVerts=23040
[+03:39:39.886] VoxelChunk: GenerateAsync (2,0,0)
[+03:39:39.887] VoxelMesh: Chunk X=2 Y=0 Z=0 FlatVerts=24 SlopeVerts=60
[+03:39:40.197] VoxelMesh: Chunk X=0 Y=0 Z=0 FlatVerts=156 SlopeVerts=53616
[+03:39:40.232] VoxelChunk: GenerateAsync (2,-2,2)
[+03:39:40.233] VoxelMesh: Chunk X=2 Y=-2 Z=2 FlatVerts=0 SlopeVerts=36
[+03:39:40.527] VoxelMesh: Chunk X=0 Y=0 Z=0 FlatVerts=0 SlopeVerts=144
[+03:39:40.528] VoxelChunk: GenerateAsync (-1,0,2)
[+03:39:40.862] VoxelMesh: Chunk X=0 Y=0 Z=0 FlatVerts=20100 SlopeVerts=96
[+03:39:40.887] VoxelChunk: GenerateAsync (-2,0,-1)
[+03:39:41.193] VoxelMesh: Chunk X=0 Y=0 Z=0 FlatVerts=18600 SlopeVerts=3804
[+03:39:41.219] VoxelChunk: GenerateAsync (-2,2,0)
[+03:39:41.221] VoxelMesh: Chunk X=-2 Y=2 Z=0 FlatVerts=5004 SlopeVerts=12
[+03:39:41.534] VoxelMesh: Chunk X=0 Y=0 Z=0 FlatVerts=408 SlopeVerts=61728
[+03:39:41.575] VoxelChunk: GenerateAsync (2,-1,2)
[+03:39:41.577] VoxelMesh: Chunk X=2 Y=-1 Z=2 FlatVerts=0 SlopeVerts=4644
[+03:39:41.866] VoxelMesh: Chunk X=0 Y=0 Z=0 FlatVerts=2124 SlopeVerts=1536
[+03:39:41.870] VoxelChunk: GenerateAsync (-1,-2,-1)
[+03:39:42.195] VoxelMesh: Chunk X=0 Y=0 Z=0 FlatVerts=2604 SlopeVerts=41520
[+03:39:42.224] VoxelChunk: GenerateAsync (-1,-2,1)
[+03:39:42.224] VoxelMesh: Chunk X=-1 Y=-2 Z=1 FlatVerts=624 SlopeVerts=6636
[+03:39:42.532] VoxelMesh: Chunk X=0 Y=0 Z=0 FlatVerts=20652 SlopeVerts=12
[+03:39:42.559] VoxelChunk: GenerateAsync (-2,1,0)
[+03:39:42.559] VoxelMesh: Chunk X=-2 Y=1 Z=0 FlatVerts=5484 SlopeVerts=0
[+03:39:42.867] VoxelMesh: Chunk X=0 Y=0 Z=0 FlatVerts=144 SlopeVerts=8688
[+03:39:42.872] VoxelChunk: GenerateAsync (2,-2,0)
[+03:39:43.196] VoxelMesh: Chunk X=0 Y=0 Z=0 FlatVerts=3468 SlopeVerts=48720
[+03:39:43.231] VoxelChunk: GenerateAsync (2,0,1)
[+03:39:43.232] VoxelMesh: Chunk X=2 Y=0 Z=1 FlatVerts=708 SlopeVerts=5688
[+03:39:43.536] VoxelMesh: Chunk X=0 Y=0 Z=0 FlatVerts=24 SlopeVerts=60
[+03:39:43.536] VoxelChunk: GenerateAsync (2,-1,-1)
[+03:39:43.862] VoxelMesh: Chunk X=0 Y=0 Z=0 FlatVerts=20484 SlopeVerts=0
[+03:39:43.876] VoxelChunk: GenerateAsync (-1,2,-1)
[+03:39:44.198] VoxelChunk: GenerateAsync (2,-2,-1)
[+03:39:44.529] VoxelMesh: Chunk X=0 Y=0 Z=0 FlatVerts=36 SlopeVerts=9720
[+03:39:44.533] VoxelChunk: GenerateAsync (-2,-2,2)
[+03:39:44.534] VoxelMesh: Chunk X=-2 Y=-2 Z=2 FlatVerts=0 SlopeVerts=0
[+03:39:44.861] VoxelMesh: Chunk X=0 Y=0 Z=0 FlatVerts=11772 SlopeVerts=24372
[+03:39:44.892] VoxelChunk: GenerateAsync (2,1,0)
[+03:39:44.893] VoxelMesh: Chunk X=2 Y=1 Z=0 FlatVerts=516 SlopeVerts=564
[+03:39:45.196] VoxelMesh: Chunk X=0 Y=0 Z=0 FlatVerts=12 SlopeVerts=30372
[+03:39:45.215] VoxelChunk: GenerateAsync (0,-1,2)
[+03:39:45.216] VoxelMesh: Chunk X=0 Y=-1 Z=2 FlatVerts=12 SlopeVerts=6120
[+03:39:45.532] VoxelMesh: Chunk X=0 Y=0 Z=0 FlatVerts=0 SlopeVerts=4176
[+03:39:45.534] VoxelChunk: GenerateAsync (0,0,2)
[+03:39:45.535] VoxelMesh: Chunk X=0 Y=0 Z=2 FlatVerts=0 SlopeVerts=144
[+03:39:45.862] VoxelChunk: GenerateAsync (-1,1,2)
[+03:39:46.194] VoxelMesh: Chunk X=0 Y=0 Z=0 FlatVerts=120 SlopeVerts=1872
[+03:39:46.196] VoxelChunk: GenerateAsync (-2,2,1)
[+03:39:46.197] VoxelMesh: Chunk X=-2 Y=2 Z=1 FlatVerts=0 SlopeVerts=0
[+03:39:46.527] VoxelChunk: GenerateAsync (-1,2,1)
[+03:39:46.863] VoxelMesh: Chunk X=0 Y=0 Z=0 FlatVerts=144 SlopeVerts=20772
[+03:39:46.877] VoxelChunk: GenerateAsync (1,-2,1)
[+03:39:47.195] VoxelMesh: Chunk X=0 Y=0 Z=0 FlatVerts=1176 SlopeVerts=3312
[+03:39:47.198] VoxelChunk: GenerateAsync (-2,-1,1)
[+03:39:47.199] VoxelMesh: Chunk X=-2 Y=-1 Z=1 FlatVerts=144 SlopeVerts=432
[+03:39:47.531] VoxelChunk: GenerateAsync (-2,2,2)
[+03:39:47.863] VoxelMesh: Chunk X=0 Y=0 Z=0 FlatVerts=17160 SlopeVerts=5376
[+03:39:47.888] VoxelChunk: GenerateAsync (-2,-1,0)
[+03:39:47.889] VoxelMesh: Chunk X=-2 Y=-1 Z=0 FlatVerts=4200 SlopeVerts=576
[+03:39:48.201] VoxelMesh: Chunk X=0 Y=0 Z=0 FlatVerts=15864 SlopeVerts=2184
[+03:39:48.222] VoxelChunk: GenerateAsync (-2,-1,-1)
[+03:39:48.529] VoxelMesh: Chunk X=0 Y=0 Z=0 FlatVerts=2496 SlopeVerts=6120
[+03:39:48.535] VoxelChunk: GenerateAsync (1,2,1)
[+03:39:48.864] VoxelMesh: Chunk X=0 Y=0 Z=0 FlatVerts=1080 SlopeVerts=35532
[+03:39:48.889] VoxelChunk: GenerateAsync (0,-2,1)
[+03:39:48.890] VoxelMesh: Chunk X=0 Y=-2 Z=1 FlatVerts=0 SlopeVerts=1932
[+03:39:49.199] VoxelMesh: Chunk X=0 Y=0 Z=0 FlatVerts=252 SlopeVerts=27708
[+03:39:49.217] VoxelChunk: GenerateAsync (2,-2,1)
[+03:39:49.532] VoxelMesh: Chunk X=0 Y=0 Z=0 FlatVerts=9900 SlopeVerts=20244
[+03:39:49.557] VoxelChunk: GenerateAsync (-2,-2,0)
[+03:39:49.558] VoxelMesh: Chunk X=-2 Y=-2 Z=0 FlatVerts=576 SlopeVerts=72
[+03:39:49.865] VoxelMesh: Chunk X=0 Y=0 Z=0 FlatVerts=0 SlopeVerts=12
[+03:39:49.866] VoxelChunk: GenerateAsync (0,-2,-1)
[+03:39:50.194] VoxelMesh: Chunk X=0 Y=0 Z=0 FlatVerts=0 SlopeVerts=0
[+03:39:50.194] VoxelChunk: GenerateAsync (-2,0,1)
[+03:39:50.531] VoxelMesh: Chunk X=0 Y=0 Z=0 FlatVerts=20484 SlopeVerts=0
[+03:39:50.546] VoxelChunk: GenerateAsync (-1,2,0)
[+03:39:50.546] VoxelMesh: Chunk X=-1 Y=2 Z=0 FlatVerts=5088 SlopeVerts=0
[+03:39:50.868] VoxelMesh: Chunk X=0 Y=0 Z=0 FlatVerts=540 SlopeVerts=39720
[+03:39:50.893] VoxelChunk: GenerateAsync (2,0,2)
[+03:39:50.895] VoxelMesh: Chunk X=2 Y=0 Z=2 FlatVerts=0 SlopeVerts=11700
[+03:39:51.202] VoxelChunk: GenerateAsync (-2,1,2)
[+03:39:51.528] VoxelMesh: Chunk X=0 Y=0 Z=0 FlatVerts=0 SlopeVerts=12
[+03:39:51.528] VoxelChunk: GenerateAsync (1,2,2)
[+03:39:51.862] VoxelMesh: Chunk X=0 Y=0 Z=0 FlatVerts=12 SlopeVerts=840
[+03:39:51.863] VoxelChunk: GenerateAsync (0,2,1)
[+03:39:52.196] VoxelMesh: Chunk X=0 Y=0 Z=0 FlatVerts=20100 SlopeVerts=96
[+03:39:52.221] VoxelChunk: GenerateAsync (-2,0,0)
[+03:39:52.222] VoxelMesh: Chunk X=-2 Y=0 Z=0 FlatVerts=4488 SlopeVerts=0
[+03:39:52.534] VoxelMesh: Chunk X=0 Y=0 Z=0 FlatVerts=20652 SlopeVerts=12
[+03:39:52.560] VoxelChunk: GenerateAsync (-2,1,-1)
[+03:39:52.864] VoxelMesh: Chunk X=0 Y=0 Z=0 FlatVerts=17856 SlopeVerts=2340
[+03:39:52.888] VoxelChunk: GenerateAsync (1,2,-1)
[+03:39:53.199] VoxelMesh: Chunk X=0 Y=0 Z=0 FlatVerts=8124 SlopeVerts=2736
[+03:39:53.210] VoxelChunk: GenerateAsync (2,2,-1)
[+03:39:53.532] VoxelMesh: Chunk X=0 Y=0 Z=0 FlatVerts=96 SlopeVerts=33504
[+03:39:53.554] VoxelChunk: GenerateAsync (-1,-2,2)
[+03:39:53.555] VoxelMesh: Chunk X=-1 Y=-2 Z=2 FlatVerts=36 SlopeVerts=8544
[+03:39:53.871] VoxelMesh: Chunk X=0 Y=0 Z=0 FlatVerts=72 SlopeVerts=53616
[+03:39:53.905] VoxelChunk: GenerateAsync (0,-2,2)
[+03:39:53.907] VoxelMesh: Chunk X=0 Y=-2 Z=2 FlatVerts=48 SlopeVerts=7380
[+03:39:54.202] VoxelChunk: GenerateAsync (-2,-1,2)
[+03:39:54.530] VoxelMesh: Chunk X=0 Y=0 Z=0 FlatVerts=12 SlopeVerts=6336
[+03:39:54.534] VoxelChunk: GenerateAsync (-1,-1,2)
[+03:39:54.866] VoxelMesh: Chunk X=0 Y=0 Z=0 FlatVerts=0 SlopeVerts=51012
[+03:39:54.898] VoxelChunk: GenerateAsync (1,-1,2)
[+03:39:54.899] VoxelMesh: Chunk X=1 Y=-1 Z=2 FlatVerts=0 SlopeVerts=8592
[+03:39:55.202] VoxelChunk: GenerateAsync (-2,0,2)
[+03:39:55.533] VoxelMesh: Chunk X=0 Y=0 Z=0 FlatVerts=0 SlopeVerts=21096
[+03:39:55.546] VoxelChunk: GenerateAsync (1,0,2)
[+03:39:55.547] VoxelMesh: Chunk X=1 Y=0 Z=2 FlatVerts=0 SlopeVerts=3816
[+03:39:55.868] VoxelMesh: Chunk X=0 Y=0 Z=0 FlatVerts=15372 SlopeVerts=14736
[+03:39:55.896] VoxelChunk: GenerateAsync (2,2,0)
[+03:39:55.898] VoxelMesh: Chunk X=2 Y=2 Z=0 FlatVerts=5100 SlopeVerts=636
[+03:39:56.202] VoxelChunk: GenerateAsync (0,1,2)
[+03:39:56.534] VoxelChunk: GenerateAsync (1,-2,-1)
[+03:39:56.866] VoxelMesh: Chunk X=0 Y=0 Z=0 FlatVerts=18480 SlopeVerts=1932
[+03:39:56.890] VoxelChunk: GenerateAsync (-2,2,-1)
[+03:39:57.197] VoxelMesh: Chunk X=0 Y=0 Z=0 FlatVerts=3780 SlopeVerts=2232
[+03:39:57.203] VoxelChunk: GenerateAsync (2,2,2)
[+03:39:57.533] VoxelMesh: Chunk X=0 Y=0 Z=0 FlatVerts=11376 SlopeVerts=13884
[+03:39:57.555] VoxelChunk: GenerateAsync (2,2,1)
[+03:39:57.555] VoxelMesh: Chunk X=2 Y=2 Z=1 FlatVerts=0 SlopeVerts=588
[+03:39:57.866] VoxelMesh: Chunk X=0 Y=0 Z=0 FlatVerts=6888 SlopeVerts=2184
[+03:39:57.875] VoxelChunk: GenerateAsync (-2,-2,-1)
[+03:39:58.199] VoxelMesh: Chunk X=0 Y=0 Z=0 FlatVerts=21600 SlopeVerts=1368
[+03:39:58.227] VoxelChunk: GenerateAsync (0,2,0)
[+03:39:58.228] VoxelMesh: Chunk X=0 Y=2 Z=0 FlatVerts=5712 SlopeVerts=0
[+03:39:58.536] VoxelMesh: Chunk X=0 Y=0 Z=0 FlatVerts=20352 SlopeVerts=8448
[+03:39:58.567] VoxelChunk: GenerateAsync (1,2,0)
[+03:39:58.568] VoxelMesh: Chunk X=1 Y=2 Z=0 FlatVerts=5664 SlopeVerts=0
[+03:39:58.870] VoxelMesh: Chunk X=0 Y=0 Z=0 FlatVerts=4668 SlopeVerts=20976
[+03:39:58.888] VoxelChunk: GenerateAsync (-1,-2,0)
[+03:39:58.889] VoxelMesh: Chunk X=-1 Y=-2 Z=0 FlatVerts=0 SlopeVerts=12
[+03:39:59.201] VoxelMesh: Chunk X=0 Y=0 Z=0 FlatVerts=1020 SlopeVerts=12828
[+03:39:59.209] VoxelChunk: GenerateAsync (0,-2,0)
[+03:39:59.532] VoxelMesh: Chunk X=0 Y=0 Z=0 FlatVerts=1656 SlopeVerts=16812
[+03:39:59.545] VoxelChunk: GenerateAsync (-3,2,1)
[+03:39:59.546] VoxelMesh: Chunk X=-3 Y=2 Z=1 FlatVerts=1284 SlopeVerts=3672
[+03:39:59.869] VoxelMesh: Chunk X=0 Y=0 Z=0 FlatVerts=19788 SlopeVerts=1152
[+03:39:59.894] VoxelChunk: GenerateAsync (-3,0,0)
[+03:39:59.895] VoxelMesh: Chunk X=-3 Y=0 Z=0 FlatVerts=5028 SlopeVerts=0
[+03:40:00.204] VoxelMesh: Chunk X=0 Y=0 Z=0 FlatVerts=20748 SlopeVerts=9576
[+03:40:00.238] VoxelChunk: GenerateAsync (3,2,1)
[+03:40:00.239] VoxelMesh: Chunk X=3 Y=2 Z=1 FlatVerts=2712 SlopeVerts=5028
[+03:40:00.539] VoxelMesh: Chunk X=0 Y=0 Z=0 FlatVerts=3156 SlopeVerts=27276
[+03:40:00.560] VoxelChunk: GenerateAsync (-3,3,1)
[+03:40:00.561] VoxelMesh: Chunk X=-3 Y=3 Z=1 FlatVerts=228 SlopeVerts=4692
[+03:40:00.872] VoxelChunk: GenerateAsync (3,-1,-1)
[+03:40:01.202] VoxelChunk: GenerateAsync (3,1,-2)
[+03:40:01.534] VoxelMesh: Chunk X=0 Y=0 Z=0 FlatVerts=7884 SlopeVerts=19596
[+03:40:01.555] VoxelChunk: GenerateAsync (1,3,1)
[+03:40:01.556] VoxelMesh: Chunk X=1 Y=3 Z=1 FlatVerts=12 SlopeVerts=840
[+03:40:01.869] VoxelChunk: GenerateAsync (-2,-3,-2)
[+03:40:02.199] VoxelMesh: Chunk X=0 Y=0 Z=0 FlatVerts=21540 SlopeVerts=4080
[+03:40:02.228] VoxelChunk: GenerateAsync (3,3,1)
[+03:40:02.229] VoxelMesh: Chunk X=3 Y=3 Z=1 FlatVerts=2076 SlopeVerts=1680
[+03:40:02.535] VoxelMesh: Chunk X=0 Y=0 Z=0 FlatVerts=96 SlopeVerts=2196
[+03:40:02.538] VoxelChunk: GenerateAsync (-3,-3,2)
[+03:40:02.538] VoxelMesh: Chunk X=-3 Y=-3 Z=2 FlatVerts=0 SlopeVerts=204
[+03:40:02.868] VoxelMesh: Chunk X=0 Y=0 Z=0 FlatVerts=336 SlopeVerts=25932
[+03:40:02.883] VoxelChunk: GenerateAsync (-2,-3,2)
[+03:40:02.884] VoxelMesh: Chunk X=-2 Y=-3 Z=2 FlatVerts=0 SlopeVerts=936
[+03:40:03.203] VoxelMesh: Chunk X=0 Y=0 Z=0 FlatVerts=5052 SlopeVerts=14088
[+03:40:03.218] VoxelChunk: GenerateAsync (3,0,0)
[+03:40:03.534] VoxelMesh: Chunk X=0 Y=0 Z=0 FlatVerts=19788 SlopeVerts=1152
[+03:40:03.561] VoxelChunk: GenerateAsync (-3,0,-1)
[+03:40:03.868] VoxelMesh: Chunk X=0 Y=0 Z=0 FlatVerts=18576 SlopeVerts=6612
[+03:40:03.897] VoxelChunk: GenerateAsync (-3,1,0)
[+03:40:03.897] VoxelMesh: Chunk X=-3 Y=1 Z=0 FlatVerts=4788 SlopeVerts=1152
[+03:40:04.209] VoxelMesh: Chunk X=0 Y=0 Z=0 FlatVerts=360 SlopeVerts=44280
[+03:40:04.238] VoxelChunk: GenerateAsync (1,-3,2)
[+03:40:04.239] VoxelMesh: Chunk X=1 Y=-3 Z=2 FlatVerts=24 SlopeVerts=5316
[+03:40:04.540] VoxelMesh: Chunk X=0 Y=0 Z=0 FlatVerts=372 SlopeVerts=47268
[+03:40:04.570] VoxelChunk: GenerateAsync (2,-3,2)
[+03:40:04.572] VoxelMesh: Chunk X=2 Y=-3 Z=2 FlatVerts=0 SlopeVerts=552
[+03:40:04.870] VoxelChunk: GenerateAsync (-3,1,-2)
[+03:40:05.204] VoxelChunk: GenerateAsync (3,0,-2)
[+03:40:05.536] VoxelMesh: Chunk X=0 Y=0 Z=0 FlatVerts=1116 SlopeVerts=924
[+03:40:05.538] VoxelChunk: GenerateAsync (3,2,-1)
[+03:40:05.869] VoxelChunk: GenerateAsync (-3,0,-2)
[+03:40:06.204] VoxelMesh: Chunk X=0 Y=0 Z=0 FlatVerts=240 SlopeVerts=42588
[+03:40:06.230] VoxelChunk: GenerateAsync (3,-2,2)
[+03:40:06.232] VoxelMesh: Chunk X=3 Y=-2 Z=2 FlatVerts=108 SlopeVerts=7896
[+03:40:06.540] VoxelMesh: Chunk X=0 Y=0 Z=0 FlatVerts=4680 SlopeVerts=3660
[+03:40:06.547] VoxelChunk: GenerateAsync (-3,3,-1)
[+03:40:06.869] VoxelMesh: Chunk X=0 Y=0 Z=0 FlatVerts=13620 SlopeVerts=20136
[+03:40:06.897] VoxelChunk: GenerateAsync (3,1,0)
[+03:40:06.899] VoxelMesh: Chunk X=3 Y=1 Z=0 FlatVerts=108 SlopeVerts=1668
[+03:40:07.206] VoxelMesh: Chunk X=0 Y=0 Z=0 FlatVerts=12408 SlopeVerts=14064
[+03:40:07.228] VoxelChunk: GenerateAsync (-3,2,0)
[+03:40:07.230] VoxelMesh: Chunk X=-3 Y=2 Z=0 FlatVerts=2028 SlopeVerts=1764
[+03:40:07.539] VoxelMesh: Chunk X=0 Y=0 Z=0 FlatVerts=12108 SlopeVerts=4692
[+03:40:07.556] VoxelChunk: GenerateAsync (-2,3,-1)
[+03:40:07.871] VoxelChunk: GenerateAsync (3,3,-2)
[+03:40:08.204] VoxelChunk: GenerateAsync (3,-2,-1)
[+03:40:08.535] VoxelChunk: GenerateAsync (-3,0,2)
[+03:40:08.870] VoxelMesh: Chunk X=0 Y=0 Z=0 FlatVerts=13896 SlopeVerts=2076
[+03:40:08.886] VoxelChunk: GenerateAsync (-1,3,-1)
[+03:40:09.204] VoxelMesh: Chunk X=0 Y=0 Z=0 FlatVerts=12120 SlopeVerts=2196
[+03:40:09.218] VoxelChunk: GenerateAsync (0,3,-1)
[+03:40:09.538] VoxelChunk: GenerateAsync (2,3,-2)
[+03:40:09.869] VoxelMesh: Chunk X=0 Y=0 Z=0 FlatVerts=828 SlopeVerts=36324
[+03:40:09.893] VoxelChunk: GenerateAsync (3,0,2)
[+03:40:09.894] VoxelMesh: Chunk X=3 Y=0 Z=2 FlatVerts=372 SlopeVerts=11616
[+03:40:10.210] VoxelMesh: Chunk X=0 Y=0 Z=0 FlatVerts=14880 SlopeVerts=8400
[+03:40:10.234] VoxelChunk: GenerateAsync (3,2,0)
[+03:40:10.235] VoxelMesh: Chunk X=3 Y=2 Z=0 FlatVerts=1116 SlopeVerts=924
[+03:40:10.539] VoxelMesh: Chunk X=0 Y=0 Z=0 FlatVerts=7584 SlopeVerts=2448
[+03:40:10.548] VoxelChunk: GenerateAsync (1,3,-1)
[+03:40:10.869] VoxelMesh: Chunk X=0 Y=0 Z=0 FlatVerts=7812 SlopeVerts=19356
[+03:40:10.891] VoxelChunk: GenerateAsync (-3,3,0)
[+03:40:10.892] VoxelMesh: Chunk X=-3 Y=3 Z=0 FlatVerts=24 SlopeVerts=120
[+03:40:11.203] VoxelMesh: Chunk X=0 Y=0 Z=0 FlatVerts=15300 SlopeVerts=16020
[+03:40:11.231] VoxelChunk: GenerateAsync (-2,3,0)
[+03:40:11.233] VoxelMesh: Chunk X=-2 Y=3 Z=0 FlatVerts=3732 SlopeVerts=1920
[+03:40:11.541] VoxelMesh: Chunk X=0 Y=0 Z=0 FlatVerts=1908 SlopeVerts=1176
[+03:40:11.544] VoxelChunk: GenerateAsync (2,3,-1)
[+03:40:11.870] VoxelChunk: GenerateAsync (1,3,-2)
[+03:40:12.203] VoxelMesh: Chunk X=0 Y=0 Z=0 FlatVerts=16572 SlopeVerts=1884
[+03:40:12.225] VoxelChunk: GenerateAsync (-3,-1,-1)
[+03:40:12.538] VoxelMesh: Chunk X=0 Y=0 Z=0 FlatVerts=17652 SlopeVerts=9240
[+03:40:12.566] VoxelChunk: GenerateAsync (-1,3,0)
[+03:40:12.567] VoxelMesh: Chunk X=-1 Y=3 Z=0 FlatVerts=4656 SlopeVerts=0
[+03:40:12.873] VoxelChunk: GenerateAsync (3,3,-1)
[+03:40:13.204] VoxelChunk: GenerateAsync (2,-3,-1)
[+03:40:13.537] VoxelMesh: Chunk X=0 Y=0 Z=0 FlatVerts=13428 SlopeVerts=9948
[+03:40:13.561] VoxelChunk: GenerateAsync (2,3,0)
[+03:40:13.561] VoxelMesh: Chunk X=2 Y=3 Z=0 FlatVerts=1908 SlopeVerts=1176
[+03:40:13.872] VoxelMesh: Chunk X=0 Y=0 Z=0 FlatVerts=8016 SlopeVerts=32352
[+03:40:13.903] VoxelChunk: GenerateAsync (-3,-3,0)
[+03:40:13.904] VoxelMesh: Chunk X=-3 Y=-3 Z=0 FlatVerts=348 SlopeVerts=3036
[+03:40:14.205] VoxelMesh: Chunk X=0 Y=0 Z=0 FlatVerts=16392 SlopeVerts=2304
[+03:40:14.226] VoxelChunk: GenerateAsync (3,3,0)
[+03:40:14.536] VoxelMesh: Chunk X=0 Y=0 Z=0 FlatVerts=4452 SlopeVerts=29628
[+03:40:14.561] VoxelChunk: GenerateAsync (-3,-3,1)
[+03:40:14.562] VoxelMesh: Chunk X=-3 Y=-3 Z=1 FlatVerts=888 SlopeVerts=6720
[+03:40:14.875] VoxelMesh: Chunk X=0 Y=0 Z=0 FlatVerts=5136 SlopeVerts=22944
[+03:40:14.897] VoxelChunk: GenerateAsync (-2,-3,0)
[+03:40:14.898] VoxelMesh: Chunk X=-2 Y=-3 Z=0 FlatVerts=1848 SlopeVerts=1944
[+03:40:15.206] VoxelMesh: Chunk X=0 Y=0 Z=0 FlatVerts=2820 SlopeVerts=43932
[+03:40:15.238] VoxelChunk: GenerateAsync (-2,-3,1)
[+03:40:15.239] VoxelMesh: Chunk X=-2 Y=-3 Z=1 FlatVerts=624 SlopeVerts=5220
[+03:40:15.543] VoxelMesh: Chunk X=0 Y=0 Z=0 FlatVerts=1068 SlopeVerts=47316
[+03:40:15.576] VoxelChunk: GenerateAsync (-1,-3,1)
[+03:40:15.577] VoxelMesh: Chunk X=-1 Y=-3 Z=1 FlatVerts=24 SlopeVerts=1176
[+03:40:15.872] VoxelMesh: Chunk X=0 Y=0 Z=0 FlatVerts=672 SlopeVerts=9960
[+03:40:15.881] VoxelChunk: GenerateAsync (-1,-3,0)
[+03:40:16.204] VoxelMesh: Chunk X=0 Y=0 Z=0 FlatVerts=108 SlopeVerts=1668
[+03:40:16.206] VoxelChunk: GenerateAsync (3,0,-1)
[+03:40:16.539] VoxelChunk: GenerateAsync (3,-3,-1)
[+03:40:16.871] VoxelMesh: Chunk X=0 Y=0 Z=0 FlatVerts=168 SlopeVerts=24036
[+03:40:16.887] VoxelChunk: GenerateAsync (0,-3,1)
[+03:40:16.889] VoxelMesh: Chunk X=0 Y=-3 Z=1 FlatVerts=24 SlopeVerts=204
[+03:40:17.204] VoxelMesh: Chunk X=0 Y=0 Z=0 FlatVerts=96 SlopeVerts=6960
[+03:40:17.209] VoxelChunk: GenerateAsync (1,-3,1)
[+03:40:17.210] VoxelMesh: Chunk X=1 Y=-3 Z=1 FlatVerts=72 SlopeVerts=432
[+03:40:17.542] VoxelMesh: Chunk X=0 Y=0 Z=0 FlatVerts=96 SlopeVerts=2568
[+03:40:17.543] VoxelChunk: GenerateAsync (0,-3,0)
[+03:40:17.872] VoxelMesh: Chunk X=0 Y=0 Z=0 FlatVerts=108 SlopeVerts=9804
[+03:40:17.878] VoxelChunk: GenerateAsync (2,-3,1)
[+03:40:18.204] VoxelMesh: Chunk X=0 Y=0 Z=0 FlatVerts=144 SlopeVerts=11700
[+03:40:18.211] VoxelChunk: GenerateAsync (3,-3,1)
[+03:40:18.538] VoxelMesh: Chunk X=0 Y=0 Z=0 FlatVerts=72 SlopeVerts=432
[+03:40:18.539] VoxelChunk: GenerateAsync (1,-3,0)
[+03:40:18.871] VoxelMesh: Chunk X=0 Y=0 Z=0 FlatVerts=17292 SlopeVerts=2940
[+03:40:18.894] VoxelChunk: GenerateAsync (-3,1,-1)
[+03:40:19.202] VoxelMesh: Chunk X=0 Y=0 Z=0 FlatVerts=3456 SlopeVerts=19692
[+03:40:19.219] VoxelChunk: GenerateAsync (-3,-2,1)
[+03:40:19.221] VoxelMesh: Chunk X=-3 Y=-2 Z=1 FlatVerts=1644 SlopeVerts=7368
[+03:40:19.544] VoxelMesh: Chunk X=0 Y=0 Z=0 FlatVerts=0 SlopeVerts=1320
[+03:40:19.545] VoxelChunk: GenerateAsync (2,-3,0)
[+03:40:19.871] VoxelMesh: Chunk X=0 Y=0 Z=0 FlatVerts=0 SlopeVerts=1320
[+03:40:19.872] VoxelChunk: GenerateAsync (3,-3,0)
[+03:40:20.205] VoxelMesh: Chunk X=0 Y=0 Z=0 FlatVerts=0 SlopeVerts=12
[+03:40:20.206] VoxelChunk: GenerateAsync (-1,-3,-1)
[+03:40:20.536] VoxelMesh: Chunk X=0 Y=0 Z=0 FlatVerts=11808 SlopeVerts=20532
[+03:40:20.563] VoxelChunk: GenerateAsync (-3,-2,0)
[+03:40:20.564] VoxelMesh: Chunk X=-3 Y=-2 Z=0 FlatVerts=516 SlopeVerts=240
[+03:40:20.869] VoxelMesh: Chunk X=0 Y=0 Z=0 FlatVerts=3192 SlopeVerts=11376
[+03:40:20.879] VoxelChunk: GenerateAsync (-2,3,1)
[+03:40:20.880] VoxelMesh: Chunk X=-2 Y=3 Z=1 FlatVerts=120 SlopeVerts=1872
[+03:40:21.202] VoxelMesh: Chunk X=0 Y=0 Z=0 FlatVerts=3756 SlopeVerts=7164
[+03:40:21.211] VoxelChunk: GenerateAsync (-1,3,1)
[+03:40:21.535] VoxelMesh: Chunk X=0 Y=0 Z=0 FlatVerts=4032 SlopeVerts=12540
[+03:40:21.547] VoxelChunk: GenerateAsync (0,3,1)
[+03:40:21.872] VoxelMesh: Chunk X=0 Y=0 Z=0 FlatVerts=144 SlopeVerts=19920
[+03:40:21.883] VoxelChunk: GenerateAsync (3,-2,1)
[+03:40:21.886] VoxelMesh: Chunk X=3 Y=-2 Z=1 FlatVerts=0 SlopeVerts=1320
[+03:40:22.204] VoxelMesh: Chunk X=0 Y=0 Z=0 FlatVerts=17652 SlopeVerts=14964
[+03:40:22.237] VoxelChunk: GenerateAsync (2,3,1)
[+03:40:22.238] VoxelMesh: Chunk X=2 Y=3 Z=1 FlatVerts=2484 SlopeVerts=4680
[+03:40:22.541] VoxelMesh: Chunk X=0 Y=0 Z=0 FlatVerts=624 SlopeVerts=3036
[+03:40:22.544] VoxelChunk: GenerateAsync (-3,-1,1)
[+03:40:22.545] VoxelMesh: Chunk X=-3 Y=-1 Z=1 FlatVerts=492 SlopeVerts=2592
[+03:40:22.872] VoxelChunk: GenerateAsync (0,3,-2)
[+03:40:23.206] VoxelChunk: GenerateAsync (3,-1,-2)
[+03:40:23.537] VoxelMesh: Chunk X=0 Y=0 Z=0 FlatVerts=396 SlopeVerts=65484
[+03:40:23.579] VoxelChunk: GenerateAsync (-1,-3,2)
[+03:40:23.582] VoxelMesh: Chunk X=-1 Y=-3 Z=2 FlatVerts=312 SlopeVerts=13296
[+03:40:23.879] VoxelMesh: Chunk X=0 Y=0 Z=0 FlatVerts=252 SlopeVerts=67092
[+03:40:23.923] VoxelChunk: GenerateAsync (0,-3,2)
[+03:40:23.925] VoxelMesh: Chunk X=0 Y=-3 Z=2 FlatVerts=0 SlopeVerts=8148
[+03:40:24.207] VoxelChunk: GenerateAsync (-3,-1,-2)
[+03:40:24.538] VoxelChunk: GenerateAsync (3,-2,-2)
[+03:40:24.870] VoxelMesh: Chunk X=0 Y=0 Z=0 FlatVerts=312 SlopeVerts=53664
[+03:40:24.906] VoxelChunk: GenerateAsync (3,-3,2)
[+03:40:24.907] VoxelMesh: Chunk X=3 Y=-3 Z=2 FlatVerts=0 SlopeVerts=0
[+03:40:25.206] VoxelMesh: Chunk X=0 Y=0 Z=0 FlatVerts=96 SlopeVerts=1056
[+03:40:25.208] VoxelChunk: GenerateAsync (-3,-2,2)
[+03:40:25.208] VoxelMesh: Chunk X=-3 Y=-2 Z=2 FlatVerts=96 SlopeVerts=1056
[+03:40:25.538] VoxelChunk: GenerateAsync (-1,3,-2)
[+03:40:25.870] VoxelMesh: Chunk X=0 Y=0 Z=0 FlatVerts=2424 SlopeVerts=2028
[+03:40:25.874] VoxelChunk: GenerateAsync (-2,-3,-1)
[+03:40:26.210] VoxelMesh: Chunk X=0 Y=0 Z=0 FlatVerts=456 SlopeVerts=26544
[+03:40:26.226] VoxelChunk: GenerateAsync (3,-1,1)
[+03:40:26.227] VoxelMesh: Chunk X=3 Y=-1 Z=1 FlatVerts=0 SlopeVerts=3516
[+03:40:26.537] VoxelMesh: Chunk X=0 Y=0 Z=0 FlatVerts=0 SlopeVerts=0
[+03:40:26.537] VoxelChunk: GenerateAsync (-3,0,1)
[+03:40:26.870] VoxelChunk: GenerateAsync (-2,3,-2)
[+03:40:27.205] VoxelChunk: GenerateAsync (-3,-2,-2)
[+03:40:27.540] VoxelChunk: GenerateAsync (-3,-1,2)
[+03:40:27.871] VoxelChunk: GenerateAsync (3,-3,-2)
[+03:40:28.210] VoxelMesh: Chunk X=0 Y=0 Z=0 FlatVerts=0 SlopeVerts=4836
[+03:40:28.212] VoxelChunk: GenerateAsync (3,-2,0)
[+03:40:28.539] VoxelChunk: GenerateAsync (2,-3,-2)
[+03:40:28.869] VoxelMesh: Chunk X=0 Y=0 Z=0 FlatVerts=17328 SlopeVerts=4788
[+03:40:28.894] VoxelChunk: GenerateAsync (-3,-1,0)
[+03:40:28.895] VoxelMesh: Chunk X=-3 Y=-1 Z=0 FlatVerts=2856 SlopeVerts=1308
[+03:40:29.208] VoxelMesh: Chunk X=0 Y=0 Z=0 FlatVerts=3276 SlopeVerts=5304
[+03:40:29.215] VoxelChunk: GenerateAsync (-3,-3,-1)
[+03:40:29.539] VoxelMesh: Chunk X=0 Y=0 Z=0 FlatVerts=528 SlopeVerts=48456
[+03:40:29.571] VoxelChunk: GenerateAsync (3,-1,2)
[+03:40:29.572] VoxelMesh: Chunk X=3 Y=-1 Z=2 FlatVerts=0 SlopeVerts=6444
[+03:40:29.874] VoxelMesh: Chunk X=0 Y=0 Z=0 FlatVerts=5700 SlopeVerts=33852
[+03:40:29.902] VoxelChunk: GenerateAsync (3,0,1)
[+03:40:29.903] VoxelMesh: Chunk X=3 Y=0 Z=1 FlatVerts=36 SlopeVerts=204
[+03:40:30.205] VoxelMesh: Chunk X=0 Y=0 Z=0 FlatVerts=1284 SlopeVerts=4260
[+03:40:30.209] VoxelChunk: GenerateAsync (-3,1,1)
[+03:40:30.210] VoxelMesh: Chunk X=-3 Y=1 Z=1 FlatVerts=0 SlopeVerts=0
[+03:40:30.538] VoxelChunk: GenerateAsync (1,-3,-2)
[+03:40:30.871] VoxelChunk: GenerateAsync (-3,3,-2)
[+03:40:31.204] VoxelMesh: Chunk X=0 Y=0 Z=0 FlatVerts=1224 SlopeVerts=2592
[+03:40:31.207] VoxelChunk: GenerateAsync (3,1,-1)
[+03:40:31.539] VoxelChunk: GenerateAsync (0,-3,-2)
[+03:40:31.872] VoxelChunk: GenerateAsync (-1,-3,-2)
[+03:40:32.206] VoxelMesh: Chunk X=0 Y=0 Z=0 FlatVerts=0 SlopeVerts=588
[+03:40:32.207] VoxelChunk: GenerateAsync (-3,1,2)
[+03:40:32.544] VoxelChunk: GenerateAsync (3,2,-2)
[+03:40:32.870] VoxelMesh: Chunk X=0 Y=0 Z=0 FlatVerts=14760 SlopeVerts=23736
[+03:40:32.903] VoxelChunk: GenerateAsync (3,1,1)
[+03:40:32.904] VoxelMesh: Chunk X=3 Y=1 Z=1 FlatVerts=504 SlopeVerts=8664
[+03:40:33.210] VoxelChunk: GenerateAsync (-3,2,-2)
[+03:40:33.537] VoxelMesh: Chunk X=0 Y=0 Z=0 FlatVerts=10776 SlopeVerts=3828
[+03:40:33.551] VoxelChunk: GenerateAsync (-3,2,-1)
[+03:40:33.869] VoxelMesh: Chunk X=0 Y=0 Z=0 FlatVerts=8136 SlopeVerts=2208
[+03:40:33.880] VoxelChunk: GenerateAsync (-3,-2,-1)
[+03:40:34.209] VoxelChunk: GenerateAsync (1,-3,-1)
[+03:40:34.536] VoxelMesh: Chunk X=0 Y=0 Z=0 FlatVerts=2088 SlopeVerts=6528
[+03:40:34.542] VoxelChunk: GenerateAsync (3,1,2)
[+03:40:34.543] VoxelMesh: Chunk X=3 Y=1 Z=2 FlatVerts=144 SlopeVerts=3792
[+03:40:34.871] VoxelMesh: Chunk X=0 Y=0 Z=0 FlatVerts=108 SlopeVerts=8232
[+03:40:34.877] VoxelChunk: GenerateAsync (-3,2,2)
[+03:40:34.878] VoxelMesh: Chunk X=-3 Y=2 Z=2 FlatVerts=0 SlopeVerts=588
[+03:40:35.206] VoxelChunk: GenerateAsync (0,-3,-1)
[+03:40:35.537] VoxelMesh: Chunk X=0 Y=0 Z=0 FlatVerts=15720 SlopeVerts=11952
[+03:40:35.563] VoxelChunk: GenerateAsync (0,3,0)
[+03:40:35.564] VoxelMesh: Chunk X=0 Y=3 Z=0 FlatVerts=5028 SlopeVerts=0
[+03:40:35.874] VoxelMesh: Chunk X=0 Y=0 Z=0 FlatVerts=12804 SlopeVerts=14832
[+03:40:35.898] VoxelChunk: GenerateAsync (1,3,0)
[+03:40:35.899] VoxelMesh: Chunk X=1 Y=3 Z=0 FlatVerts=5184 SlopeVerts=528
[+03:40:36.211] VoxelMesh: Chunk X=0 Y=0 Z=0 FlatVerts=60 SlopeVerts=4056
[+03:40:36.214] VoxelChunk: GenerateAsync (3,-1,0)
[+03:40:36.538] VoxelChunk: GenerateAsync (-3,-3,-2)
[+03:40:36.869] VoxelMesh: Chunk X=0 Y=0 Z=0 FlatVerts=6360 SlopeVerts=2724
[+03:40:36.878] VoxelChunk: GenerateAsync (3,2,2)
[+03:40:36.878] VoxelMesh: Chunk X=3 Y=2 Z=2 FlatVerts=360 SlopeVerts=624
[+03:40:37.204] VoxelMesh: Chunk X=0 Y=0 Z=0 FlatVerts=108 SlopeVerts=14340
[+03:40:37.211] VoxelChunk: GenerateAsync (-3,3,2)
[+03:40:37.212] VoxelMesh: Chunk X=-3 Y=3 Z=2 FlatVerts=36 SlopeVerts=5976
[+03:40:37.540] VoxelMesh: Chunk X=0 Y=0 Z=0 FlatVerts=0 SlopeVerts=48
[+03:40:37.541] VoxelChunk: GenerateAsync (-2,3,2)
[+03:40:37.869] VoxelMesh: Chunk X=0 Y=0 Z=0 FlatVerts=0 SlopeVerts=0
[+03:40:37.869] VoxelChunk: GenerateAsync (-1,3,2)
[+03:40:38.205] VoxelMesh: Chunk X=0 Y=0 Z=0 FlatVerts=360 SlopeVerts=2856
[+03:40:38.208] VoxelChunk: GenerateAsync (0,3,2)
[+03:40:38.535] VoxelMesh: Chunk X=0 Y=0 Z=0 FlatVerts=2520 SlopeVerts=7356
[+03:40:38.543] VoxelChunk: GenerateAsync (1,3,2)
[+03:40:38.869] VoxelMesh: Chunk X=0 Y=0 Z=0 FlatVerts=5676 SlopeVerts=6648
[+03:40:38.879] VoxelChunk: GenerateAsync (2,3,2)
[+03:40:38.880] VoxelMesh: Chunk X=2 Y=3 Z=2 FlatVerts=0 SlopeVerts=12
[+03:40:39.202] VoxelMesh: Chunk X=0 Y=0 Z=0 FlatVerts=4668 SlopeVerts=2256
[+03:40:39.209] VoxelChunk: GenerateAsync (3,3,2)
[+03:40:39.209] VoxelWorld: Editor generation complete, 245 chunks.
[+03:40:39.209] VoxelMesh: Chunk X=3 Y=3 Z=2 FlatVerts=3372 SlopeVerts=1644
