=== FIRSTVOXEL SESSION [2026.03.17-02.54.59] ===
[+02:54:59.761] FirstVoxel module started.
[+02:55:10.728] VoxelWorld: GenerateWorldDeferred started.
[+02:55:10.728] VoxelWorld: Queued 244 chunks.
[+02:55:10.837] VoxelMesh: Chunk X=0 Y=0 Z=0 FlatVerts=4806 SlopeVerts=11964
[+02:55:10.853] VoxelChunk: GenerateAsync (1,0,0)
[+02:55:10.855] VoxelMesh: Chunk X=1 Y=0 Z=0 FlatVerts=96 SlopeVerts=102
[+02:55:10.943] VoxelMesh: Chunk X=0 Y=0 Z=0 FlatVerts=1086 SlopeVerts=1128
[+02:55:10.945] VoxelChunk: GenerateAsync (0,-1,-1)
[+02:55:11.047] VoxelMesh: Chunk X=0 Y=0 Z=0 FlatVerts=1710 SlopeVerts=4656
[+02:55:11.052] VoxelChunk: GenerateAsync (1,1,1)
[+02:55:11.053] VoxelMesh: Chunk X=1 Y=1 Z=1 FlatVerts=468 SlopeVerts=1338
[+02:55:11.148] VoxelMesh: Chunk X=0 Y=0 Z=0 FlatVerts=468 SlopeVerts=1338
[+02:55:11.150] VoxelChunk: GenerateAsync (0,1,1)
[+02:55:11.151] VoxelMesh: Chunk X=0 Y=1 Z=1 FlatVerts=0 SlopeVerts=0
[+02:55:11.251] VoxelMesh: Chunk X=0 Y=0 Z=0 FlatVerts=0 SlopeVerts=0
[+02:55:11.251] VoxelChunk: GenerateAsync (-1,1,1)
[+02:55:11.354] VoxelMesh: Chunk X=0 Y=0 Z=0 FlatVerts=4188 SlopeVerts=17814
[+02:55:11.373] VoxelChunk: GenerateAsync (1,0,1)
[+02:55:11.374] VoxelMesh: Chunk X=1 Y=0 Z=1 FlatVerts=1158 SlopeVerts=4038
[+02:55:11.460] VoxelMesh: Chunk X=0 Y=0 Z=0 FlatVerts=2256 SlopeVerts=8748
[+02:55:11.469] VoxelChunk: GenerateAsync (0,0,1)
[+02:55:11.470] VoxelMesh: Chunk X=0 Y=0 Z=1 FlatVerts=480 SlopeVerts=1668
[+02:55:11.564] VoxelMesh: Chunk X=0 Y=0 Z=0 FlatVerts=486 SlopeVerts=1722
[+02:55:11.566] VoxelChunk: GenerateAsync (-1,0,1)
[+02:55:11.567] VoxelMesh: Chunk X=-1 Y=0 Z=1 FlatVerts=0 SlopeVerts=0
[+02:55:11.670] VoxelMesh: Chunk X=0 Y=0 Z=0 FlatVerts=6018 SlopeVerts=3696
[+02:55:11.679] VoxelChunk: GenerateAsync (-1,1,0)
[+02:55:11.680] VoxelMesh: Chunk X=-1 Y=1 Z=0 FlatVerts=1494 SlopeVerts=900
[+02:55:11.774] VoxelMesh: Chunk X=0 Y=0 Z=0 FlatVerts=6012 SlopeVerts=5316
[+02:55:11.784] VoxelChunk: GenerateAsync (0,1,0)
[+02:55:11.785] VoxelMesh: Chunk X=0 Y=1 Z=0 FlatVerts=1506 SlopeVerts=804
[+02:55:11.878] VoxelMesh: Chunk X=0 Y=0 Z=0 FlatVerts=5544 SlopeVerts=3978
[+02:55:11.887] VoxelChunk: GenerateAsync (0,1,-1)
[+02:55:11.981] VoxelMesh: Chunk X=0 Y=0 Z=0 FlatVerts=5454 SlopeVerts=3456
[+02:55:11.991] VoxelChunk: GenerateAsync (-1,0,-1)
[+02:55:12.085] VoxelMesh: Chunk X=0 Y=0 Z=0 FlatVerts=3690 SlopeVerts=18138
[+02:55:12.103] VoxelChunk: GenerateAsync (0,-1,1)
[+02:55:12.104] VoxelMesh: Chunk X=0 Y=-1 Z=1 FlatVerts=966 SlopeVerts=3222
[+02:55:12.191] VoxelMesh: Chunk X=0 Y=0 Z=0 FlatVerts=1416 SlopeVerts=1302
[+02:55:12.194] VoxelChunk: GenerateAsync (1,0,-1)
[+02:55:12.293] VoxelMesh: Chunk X=0 Y=0 Z=0 FlatVerts=3882 SlopeVerts=11292
[+02:55:12.305] VoxelChunk: GenerateAsync (0,-1,0)
[+02:55:12.306] VoxelMesh: Chunk X=0 Y=-1 Z=0 FlatVerts=0 SlopeVerts=6
[+02:55:12.402] VoxelMesh: Chunk X=0 Y=0 Z=0 FlatVerts=5934 SlopeVerts=5124
[+02:55:12.411] VoxelChunk: GenerateAsync (-1,0,0)
[+02:55:12.412] VoxelMesh: Chunk X=-1 Y=0 Z=0 FlatVerts=1464 SlopeVerts=732
[+02:55:12.508] VoxelMesh: Chunk X=0 Y=0 Z=0 FlatVerts=3510 SlopeVerts=22242
[+02:55:12.528] VoxelChunk: GenerateAsync (1,-1,1)
[+02:55:12.529] VoxelMesh: Chunk X=1 Y=-1 Z=1 FlatVerts=192 SlopeVerts=1236
[+02:55:12.608] VoxelMesh: Chunk X=0 Y=0 Z=0 FlatVerts=2442 SlopeVerts=8742
[+02:55:12.617] VoxelChunk: GenerateAsync (-1,-1,1)
[+02:55:12.618] VoxelMesh: Chunk X=-1 Y=-1 Z=1 FlatVerts=588 SlopeVerts=1296
[+02:55:12.711] VoxelMesh: Chunk X=0 Y=0 Z=0 FlatVerts=2328 SlopeVerts=9660
[+02:55:12.720] VoxelChunk: GenerateAsync (1,-1,0)
[+02:55:12.822] VoxelMesh: Chunk X=0 Y=0 Z=0 FlatVerts=3612 SlopeVerts=2850
[+02:55:12.828] VoxelChunk: GenerateAsync (0,0,-1)
[+02:55:12.929] VoxelMesh: Chunk X=0 Y=0 Z=0 FlatVerts=5946 SlopeVerts=7716
[+02:55:12.942] VoxelChunk: GenerateAsync (1,1,0)
[+02:55:12.942] VoxelMesh: Chunk X=1 Y=1 Z=0 FlatVerts=1020 SlopeVerts=924
[+02:55:13.036] VoxelMesh: Chunk X=0 Y=0 Z=0 FlatVerts=5370 SlopeVerts=8808
[+02:55:13.047] VoxelChunk: GenerateAsync (-1,-1,0)
[+02:55:13.049] VoxelMesh: Chunk X=-1 Y=-1 Z=0 FlatVerts=882 SlopeVerts=864
[+02:55:13.142] VoxelMesh: Chunk X=0 Y=0 Z=0 FlatVerts=6018 SlopeVerts=3696
[+02:55:13.151] VoxelChunk: GenerateAsync (-1,1,-1)
[+02:55:13.245] VoxelMesh: Chunk X=0 Y=0 Z=0 FlatVerts=4266 SlopeVerts=3402
[+02:55:13.253] VoxelChunk: GenerateAsync (1,1,-1)
[+02:55:13.348] VoxelMesh: Chunk X=0 Y=0 Z=0 FlatVerts=132 SlopeVerts=102
[+02:55:13.348] VoxelChunk: GenerateAsync (1,-1,-1)
[+02:55:13.450] VoxelMesh: Chunk X=0 Y=0 Z=0 FlatVerts=3336 SlopeVerts=2622
[+02:55:13.456] VoxelChunk: GenerateAsync (-1,-1,-1)
[+02:55:13.559] VoxelChunk: GenerateAsync (0,0,-2)
[+02:55:13.661] VoxelChunk: GenerateAsync (-1,-1,-2)
[+02:55:13.764] VoxelChunk: GenerateAsync (0,-1,-2)
[+02:55:13.869] VoxelChunk: GenerateAsync (2,-2,-2)
[+02:55:13.971] VoxelChunk: GenerateAsync (-1,-2,-2)
[+02:55:14.075] VoxelChunk: GenerateAsync (1,-1,-2)
[+02:55:14.178] VoxelChunk: GenerateAsync (-1,1,-2)
[+02:55:14.280] VoxelChunk: GenerateAsync (0,1,-2)
[+02:55:14.384] VoxelChunk: GenerateAsync (2,-1,-2)
[+02:55:14.488] VoxelChunk: GenerateAsync (0,-2,-2)
[+02:55:14.591] VoxelChunk: GenerateAsync (1,1,-2)
[+02:55:14.696] VoxelChunk: GenerateAsync (2,1,-2)
[+02:55:14.799] VoxelChunk: GenerateAsync (-2,2,-2)
[+02:55:14.901] VoxelChunk: GenerateAsync (2,2,-2)
[+02:55:15.004] VoxelChunk: GenerateAsync (-1,2,-2)
[+02:55:15.105] VoxelChunk: GenerateAsync (-2,0,-2)
[+02:55:15.208] VoxelChunk: GenerateAsync (0,2,-2)
[+02:55:15.310] VoxelChunk: GenerateAsync (1,2,-2)
[+02:55:15.413] VoxelChunk: GenerateAsync (-1,0,-2)
[+02:55:15.515] VoxelChunk: GenerateAsync (-2,-1,-2)
[+02:55:15.619] VoxelChunk: GenerateAsync (1,-2,-2)
[+02:55:15.723] VoxelChunk: GenerateAsync (-2,-2,-2)
[+02:55:15.824] VoxelChunk: GenerateAsync (-2,1,-2)
[+02:55:15.928] VoxelChunk: GenerateAsync (1,0,-2)
[+02:55:16.031] VoxelChunk: GenerateAsync (2,0,-2)
[+02:55:16.134] VoxelMesh: Chunk X=0 Y=0 Z=0 FlatVerts=1092 SlopeVerts=5862
[+02:55:16.139] VoxelChunk: GenerateAsync (2,-1,0)
[+02:55:16.239] VoxelChunk: GenerateAsync (0,2,2)
[+02:55:16.340] VoxelChunk: GenerateAsync (-1,2,2)
[+02:55:16.443] VoxelMesh: Chunk X=0 Y=0 Z=0 FlatVerts=2298 SlopeVerts=2532
[+02:55:16.447] VoxelChunk: GenerateAsync (2,1,-1)
[+02:55:16.548] VoxelMesh: Chunk X=0 Y=0 Z=0 FlatVerts=30 SlopeVerts=348
[+02:55:16.549] VoxelChunk: GenerateAsync (1,1,2)
[+02:55:16.658] VoxelMesh: Chunk X=0 Y=0 Z=0 FlatVerts=510 SlopeVerts=900
[+02:55:16.659] VoxelChunk: GenerateAsync (2,0,-1)
[+02:55:16.760] VoxelMesh: Chunk X=0 Y=0 Z=0 FlatVerts=5910 SlopeVerts=4044
[+02:55:16.770] VoxelChunk: GenerateAsync (0,2,-1)
[+02:55:16.862] VoxelMesh: Chunk X=0 Y=0 Z=0 FlatVerts=486 SlopeVerts=2256
[+02:55:16.864] VoxelChunk: GenerateAsync (2,1,2)
[+02:55:16.865] VoxelMesh: Chunk X=2 Y=1 Z=2 FlatVerts=30 SlopeVerts=342
[+02:55:16.968] VoxelMesh: Chunk X=0 Y=0 Z=0 FlatVerts=2358 SlopeVerts=21864
[+02:55:16.987] VoxelChunk: GenerateAsync (1,-2,2)
[+02:55:16.989] VoxelMesh: Chunk X=1 Y=-2 Z=2 FlatVerts=96 SlopeVerts=198
[+02:55:17.071] VoxelMesh: Chunk X=0 Y=0 Z=0 FlatVerts=0 SlopeVerts=0
[+02:55:17.072] VoxelChunk: GenerateAsync (-2,1,1)
[+02:55:17.174] VoxelMesh: Chunk X=0 Y=0 Z=0 FlatVerts=2940 SlopeVerts=20982
[+02:55:17.193] VoxelChunk: GenerateAsync (2,-1,1)
[+02:55:17.195] VoxelMesh: Chunk X=2 Y=-1 Z=1 FlatVerts=282 SlopeVerts=1698
[+02:55:17.281] VoxelMesh: Chunk X=0 Y=0 Z=0 FlatVerts=3288 SlopeVerts=11028
[+02:55:17.292] VoxelChunk: GenerateAsync (-2,-2,1)
[+02:55:17.293] VoxelMesh: Chunk X=-2 Y=-2 Z=1 FlatVerts=1248 SlopeVerts=3240
[+02:55:17.392] VoxelMesh: Chunk X=0 Y=0 Z=0 FlatVerts=474 SlopeVerts=2934
[+02:55:17.394] VoxelChunk: GenerateAsync (1,-2,0)
[+02:55:17.495] VoxelMesh: Chunk X=0 Y=0 Z=0 FlatVerts=3534 SlopeVerts=11460
[+02:55:17.506] VoxelChunk: GenerateAsync (2,1,1)
[+02:55:17.508] VoxelMesh: Chunk X=2 Y=1 Z=1 FlatVerts=1200 SlopeVerts=2700
[+02:55:17.605] VoxelMesh: Chunk X=0 Y=0 Z=0 FlatVerts=3186 SlopeVerts=9792
[+02:55:17.615] VoxelChunk: GenerateAsync (2,0,0)
[+02:55:17.616] VoxelMesh: Chunk X=2 Y=0 Z=0 FlatVerts=36 SlopeVerts=0
[+02:55:17.713] VoxelMesh: Chunk X=0 Y=0 Z=0 FlatVerts=2466 SlopeVerts=23700
[+02:55:17.732] VoxelChunk: GenerateAsync (2,-2,2)
[+02:55:17.734] VoxelMesh: Chunk X=2 Y=-2 Z=2 FlatVerts=6 SlopeVerts=12
[+02:55:17.805] VoxelMesh: Chunk X=0 Y=0 Z=0 FlatVerts=6 SlopeVerts=54
[+02:55:17.806] VoxelChunk: GenerateAsync (-1,0,2)
[+02:55:17.911] VoxelMesh: Chunk X=0 Y=0 Z=0 FlatVerts=5946 SlopeVerts=3300
[+02:55:17.920] VoxelChunk: GenerateAsync (-2,0,-1)
[+02:55:18.013] VoxelMesh: Chunk X=0 Y=0 Z=0 FlatVerts=5970 SlopeVerts=4410
[+02:55:18.023] VoxelChunk: GenerateAsync (-2,2,0)
[+02:55:18.024] VoxelMesh: Chunk X=-2 Y=2 Z=0 FlatVerts=1506 SlopeVerts=810
[+02:55:18.121] VoxelMesh: Chunk X=0 Y=0 Z=0 FlatVerts=2874 SlopeVerts=27264
[+02:55:18.144] VoxelChunk: GenerateAsync (2,-1,2)
[+02:55:18.145] VoxelMesh: Chunk X=2 Y=-1 Z=2 FlatVerts=204 SlopeVerts=2106
[+02:55:18.225] VoxelMesh: Chunk X=0 Y=0 Z=0 FlatVerts=882 SlopeVerts=870
[+02:55:18.228] VoxelChunk: GenerateAsync (-1,-2,-1)
[+02:55:18.331] VoxelMesh: Chunk X=0 Y=0 Z=0 FlatVerts=3924 SlopeVerts=17214
[+02:55:18.349] VoxelChunk: GenerateAsync (-1,-2,1)
[+02:55:18.350] VoxelMesh: Chunk X=-1 Y=-2 Z=1 FlatVerts=774 SlopeVerts=2724
[+02:55:18.432] VoxelMesh: Chunk X=0 Y=0 Z=0 FlatVerts=6024 SlopeVerts=3672
[+02:55:18.441] VoxelChunk: GenerateAsync (-2,1,0)
[+02:55:18.442] VoxelMesh: Chunk X=-2 Y=1 Z=0 FlatVerts=1518 SlopeVerts=1110
[+02:55:18.539] VoxelMesh: Chunk X=0 Y=0 Z=0 FlatVerts=522 SlopeVerts=3774
[+02:55:18.542] VoxelChunk: GenerateAsync (2,-2,0)
[+02:55:18.645] VoxelMesh: Chunk X=0 Y=0 Z=0 FlatVerts=4512 SlopeVerts=20862
[+02:55:18.665] VoxelChunk: GenerateAsync (2,0,1)
[+02:55:18.666] VoxelMesh: Chunk X=2 Y=0 Z=1 FlatVerts=564 SlopeVerts=2586
[+02:55:18.748] VoxelMesh: Chunk X=0 Y=0 Z=0 FlatVerts=36 SlopeVerts=0
[+02:55:18.748] VoxelChunk: GenerateAsync (2,-1,-1)
[+02:55:18.849] VoxelMesh: Chunk X=0 Y=0 Z=0 FlatVerts=5952 SlopeVerts=3234
[+02:55:18.858] VoxelChunk: GenerateAsync (-1,2,-1)
[+02:55:18.954] VoxelChunk: GenerateAsync (2,-2,-1)
[+02:55:19.055] VoxelMesh: Chunk X=0 Y=0 Z=0 FlatVerts=612 SlopeVerts=4038
[+02:55:19.059] VoxelChunk: GenerateAsync (-2,-2,2)
[+02:55:19.059] VoxelMesh: Chunk X=-2 Y=-2 Z=2 FlatVerts=0 SlopeVerts=0
[+02:55:19.161] VoxelMesh: Chunk X=0 Y=0 Z=0 FlatVerts=5346 SlopeVerts=11754
[+02:55:19.177] VoxelChunk: GenerateAsync (2,1,0)
[+02:55:19.178] VoxelMesh: Chunk X=2 Y=1 Z=0 FlatVerts=264 SlopeVerts=276
[+02:55:19.263] VoxelMesh: Chunk X=0 Y=0 Z=0 FlatVerts=1260 SlopeVerts=13164
[+02:55:19.273] VoxelChunk: GenerateAsync (0,-1,2)
[+02:55:19.274] VoxelMesh: Chunk X=0 Y=-1 Z=2 FlatVerts=402 SlopeVerts=2502
[+02:55:19.368] VoxelMesh: Chunk X=0 Y=0 Z=0 FlatVerts=150 SlopeVerts=1782
[+02:55:19.370] VoxelChunk: GenerateAsync (0,0,2)
[+02:55:19.370] VoxelMesh: Chunk X=0 Y=0 Z=2 FlatVerts=6 SlopeVerts=54
[+02:55:19.470] VoxelChunk: GenerateAsync (-1,1,2)
[+02:55:19.570] VoxelMesh: Chunk X=0 Y=0 Z=0 FlatVerts=264 SlopeVerts=714
[+02:55:19.571] VoxelChunk: GenerateAsync (-2,2,1)
[+02:55:19.572] VoxelMesh: Chunk X=-2 Y=2 Z=1 FlatVerts=0 SlopeVerts=0
[+02:55:19.671] VoxelChunk: GenerateAsync (-1,2,1)
[+02:55:19.775] VoxelMesh: Chunk X=0 Y=0 Z=0 FlatVerts=1122 SlopeVerts=9018
[+02:55:19.782] VoxelChunk: GenerateAsync (1,-2,1)
[+02:55:19.875] VoxelMesh: Chunk X=0 Y=0 Z=0 FlatVerts=684 SlopeVerts=1488
[+02:55:19.877] VoxelChunk: GenerateAsync (-2,-1,1)
[+02:55:19.878] VoxelMesh: Chunk X=-2 Y=-1 Z=1 FlatVerts=96 SlopeVerts=192
[+02:55:19.980] VoxelChunk: GenerateAsync (-2,2,2)
[+02:55:20.082] VoxelMesh: Chunk X=0 Y=0 Z=0 FlatVerts=5904 SlopeVerts=4524
[+02:55:20.093] VoxelChunk: GenerateAsync (-2,-1,0)
[+02:55:20.094] VoxelMesh: Chunk X=-2 Y=-1 Z=0 FlatVerts=1404 SlopeVerts=882
[+02:55:20.187] VoxelMesh: Chunk X=0 Y=0 Z=0 FlatVerts=5220 SlopeVerts=3036
[+02:55:20.196] VoxelChunk: GenerateAsync (-2,-1,-1)
[+02:55:20.288] VoxelMesh: Chunk X=0 Y=0 Z=0 FlatVerts=942 SlopeVerts=3168
[+02:55:20.291] VoxelChunk: GenerateAsync (1,2,1)
[+02:55:20.393] VoxelMesh: Chunk X=0 Y=0 Z=0 FlatVerts=2610 SlopeVerts=14820
[+02:55:20.408] VoxelChunk: GenerateAsync (0,-2,1)
[+02:55:20.409] VoxelMesh: Chunk X=0 Y=-2 Z=1 FlatVerts=144 SlopeVerts=768
[+02:55:20.497] VoxelMesh: Chunk X=0 Y=0 Z=0 FlatVerts=1410 SlopeVerts=12222
[+02:55:20.507] VoxelChunk: GenerateAsync (2,-2,1)
[+02:55:20.601] VoxelMesh: Chunk X=0 Y=0 Z=0 FlatVerts=5202 SlopeVerts=9312
[+02:55:20.614] VoxelChunk: GenerateAsync (-2,-2,0)
[+02:55:20.615] VoxelMesh: Chunk X=-2 Y=-2 Z=0 FlatVerts=210 SlopeVerts=114
[+02:55:20.709] VoxelMesh: Chunk X=0 Y=0 Z=0 FlatVerts=0 SlopeVerts=6
[+02:55:20.709] VoxelChunk: GenerateAsync (0,-2,-1)
[+02:55:20.811] VoxelMesh: Chunk X=0 Y=0 Z=0 FlatVerts=0 SlopeVerts=0
[+02:55:20.811] VoxelChunk: GenerateAsync (-2,0,1)
[+02:55:20.913] VoxelMesh: Chunk X=0 Y=0 Z=0 FlatVerts=5952 SlopeVerts=3234
[+02:55:20.922] VoxelChunk: GenerateAsync (-1,2,0)
[+02:55:20.923] VoxelMesh: Chunk X=-1 Y=2 Z=0 FlatVerts=1506 SlopeVerts=852
[+02:55:21.017] VoxelMesh: Chunk X=0 Y=0 Z=0 FlatVerts=2280 SlopeVerts=17040
[+02:55:21.032] VoxelChunk: GenerateAsync (2,0,2)
[+02:55:21.033] VoxelMesh: Chunk X=2 Y=0 Z=2 FlatVerts=624 SlopeVerts=5160
[+02:55:21.120] VoxelChunk: GenerateAsync (-2,1,2)
[+02:55:21.222] VoxelMesh: Chunk X=0 Y=0 Z=0 FlatVerts=0 SlopeVerts=6
[+02:55:21.222] VoxelChunk: GenerateAsync (1,2,2)
[+02:55:21.322] VoxelMesh: Chunk X=0 Y=0 Z=0 FlatVerts=48 SlopeVerts=378
[+02:55:21.323] VoxelChunk: GenerateAsync (0,2,1)
[+02:55:21.427] VoxelMesh: Chunk X=0 Y=0 Z=0 FlatVerts=5946 SlopeVerts=3300
[+02:55:21.436] VoxelChunk: GenerateAsync (-2,0,0)
[+02:55:21.437] VoxelMesh: Chunk X=-2 Y=0 Z=0 FlatVerts=1470 SlopeVerts=558
[+02:55:21.533] VoxelMesh: Chunk X=0 Y=0 Z=0 FlatVerts=6024 SlopeVerts=3672
[+02:55:21.542] VoxelChunk: GenerateAsync (-2,1,-1)
[+02:55:21.636] VoxelMesh: Chunk X=0 Y=0 Z=0 FlatVerts=4992 SlopeVerts=4200
[+02:55:21.645] VoxelChunk: GenerateAsync (1,2,-1)
[+02:55:21.738] VoxelMesh: Chunk X=0 Y=0 Z=0 FlatVerts=2406 SlopeVerts=2538
[+02:55:21.742] VoxelChunk: GenerateAsync (2,2,-1)
[+02:55:21.844] VoxelMesh: Chunk X=0 Y=0 Z=0 FlatVerts=1950 SlopeVerts=14220
[+02:55:21.855] VoxelChunk: GenerateAsync (-1,-2,2)
[+02:55:21.856] VoxelMesh: Chunk X=-1 Y=-2 Z=2 FlatVerts=582 SlopeVerts=3576
[+02:55:21.953] VoxelMesh: Chunk X=0 Y=0 Z=0 FlatVerts=2664 SlopeVerts=23148
[+02:55:21.973] VoxelChunk: GenerateAsync (0,-2,2)
[+02:55:21.974] VoxelMesh: Chunk X=0 Y=-2 Z=2 FlatVerts=468 SlopeVerts=3126
[+02:55:22.052] VoxelChunk: GenerateAsync (-2,-1,2)
[+02:55:22.154] VoxelMesh: Chunk X=0 Y=0 Z=0 FlatVerts=408 SlopeVerts=2586
[+02:55:22.156] VoxelChunk: GenerateAsync (-1,-1,2)
[+02:55:22.258] VoxelMesh: Chunk X=0 Y=0 Z=0 FlatVerts=2118 SlopeVerts=22464
[+02:55:22.276] VoxelChunk: GenerateAsync (1,-1,2)
[+02:55:22.278] VoxelMesh: Chunk X=1 Y=-1 Z=2 FlatVerts=342 SlopeVerts=3768
[+02:55:22.363] VoxelChunk: GenerateAsync (-2,0,2)
[+02:55:22.463] VoxelMesh: Chunk X=0 Y=0 Z=0 FlatVerts=954 SlopeVerts=9144
[+02:55:22.470] VoxelChunk: GenerateAsync (1,0,2)
[+02:55:22.472] VoxelMesh: Chunk X=1 Y=0 Z=2 FlatVerts=144 SlopeVerts=1650
[+02:55:22.565] VoxelMesh: Chunk X=0 Y=0 Z=0 FlatVerts=4962 SlopeVerts=9072
[+02:55:22.576] VoxelChunk: GenerateAsync (2,2,0)
[+02:55:22.577] VoxelMesh: Chunk X=2 Y=2 Z=0 FlatVerts=1476 SlopeVerts=1092
[+02:55:22.670] VoxelChunk: GenerateAsync (0,1,2)
[+02:55:22.774] VoxelChunk: GenerateAsync (1,-2,-1)
[+02:55:22.876] VoxelMesh: Chunk X=0 Y=0 Z=0 FlatVerts=5706 SlopeVerts=3696
[+02:55:22.885] VoxelChunk: GenerateAsync (-2,2,-1)
[+02:55:22.978] VoxelMesh: Chunk X=0 Y=0 Z=0 FlatVerts=840 SlopeVerts=1896
[+02:55:22.981] VoxelChunk: GenerateAsync (2,2,2)
[+02:55:23.084] VoxelMesh: Chunk X=0 Y=0 Z=0 FlatVerts=3396 SlopeVerts=8430
[+02:55:23.092] VoxelChunk: GenerateAsync (2,2,1)
[+02:55:23.093] VoxelMesh: Chunk X=2 Y=2 Z=1 FlatVerts=12 SlopeVerts=276
[+02:55:23.186] VoxelMesh: Chunk X=0 Y=0 Z=0 FlatVerts=2496 SlopeVerts=1860
[+02:55:23.190] VoxelChunk: GenerateAsync (-2,-2,-1)
[+02:55:23.291] VoxelMesh: Chunk X=0 Y=0 Z=0 FlatVerts=5958 SlopeVerts=4422
[+02:55:23.302] VoxelChunk: GenerateAsync (0,2,0)
[+02:55:23.303] VoxelMesh: Chunk X=0 Y=2 Z=0 FlatVerts=1512 SlopeVerts=1140
[+02:55:23.396] VoxelMesh: Chunk X=0 Y=0 Z=0 FlatVerts=5934 SlopeVerts=7362
[+02:55:23.408] VoxelChunk: GenerateAsync (1,2,0)
[+02:55:23.409] VoxelMesh: Chunk X=1 Y=2 Z=0 FlatVerts=1506 SlopeVerts=1110
[+02:55:23.505] VoxelMesh: Chunk X=0 Y=0 Z=0 FlatVerts=3354 SlopeVerts=8880
[+02:55:23.515] VoxelChunk: GenerateAsync (-1,-2,0)
[+02:55:23.516] VoxelMesh: Chunk X=-1 Y=-2 Z=0 FlatVerts=0 SlopeVerts=0
[+02:55:23.609] VoxelMesh: Chunk X=0 Y=0 Z=0 FlatVerts=1302 SlopeVerts=5232
[+02:55:23.615] VoxelChunk: GenerateAsync (0,-2,0)
[+02:55:23.708] VoxelMesh: Chunk X=0 Y=0 Z=0 FlatVerts=2268 SlopeVerts=6822
[+02:55:23.715] VoxelChunk: GenerateAsync (-3,2,1)
[+02:55:23.716] VoxelMesh: Chunk X=-3 Y=2 Z=1 FlatVerts=648 SlopeVerts=1728
[+02:55:23.810] VoxelMesh: Chunk X=0 Y=0 Z=0 FlatVerts=5946 SlopeVerts=3840
[+02:55:23.819] VoxelChunk: GenerateAsync (-3,0,0)
[+02:55:23.820] VoxelMesh: Chunk X=-3 Y=0 Z=0 FlatVerts=1494 SlopeVerts=864
[+02:55:23.911] VoxelMesh: Chunk X=0 Y=0 Z=0 FlatVerts=5418 SlopeVerts=8640
[+02:55:23.923] VoxelChunk: GenerateAsync (3,2,1)
[+02:55:23.924] VoxelMesh: Chunk X=3 Y=2 Z=1 FlatVerts=960 SlopeVerts=2694
[+02:55:24.018] VoxelMesh: Chunk X=0 Y=0 Z=0 FlatVerts=3996 SlopeVerts=10854
[+02:55:24.029] VoxelChunk: GenerateAsync (-3,3,1)
[+02:55:24.030] VoxelMesh: Chunk X=-3 Y=3 Z=1 FlatVerts=528 SlopeVerts=1908
[+02:55:24.127] VoxelChunk: GenerateAsync (3,-1,-1)
[+02:55:24.230] VoxelChunk: GenerateAsync (3,1,-2)
[+02:55:24.331] VoxelMesh: Chunk X=0 Y=0 Z=0 FlatVerts=3666 SlopeVerts=9432
[+02:55:24.341] VoxelChunk: GenerateAsync (1,3,1)
[+02:55:24.342] VoxelMesh: Chunk X=1 Y=3 Z=1 FlatVerts=48 SlopeVerts=378
[+02:55:24.437] VoxelChunk: GenerateAsync (-2,-3,-2)
[+02:55:24.538] VoxelMesh: Chunk X=0 Y=0 Z=0 FlatVerts=5856 SlopeVerts=6150
[+02:55:24.549] VoxelChunk: GenerateAsync (3,3,1)
[+02:55:24.550] VoxelMesh: Chunk X=3 Y=3 Z=1 FlatVerts=702 SlopeVerts=1056
[+02:55:24.642] VoxelMesh: Chunk X=0 Y=0 Z=0 FlatVerts=204 SlopeVerts=918
[+02:55:24.644] VoxelChunk: GenerateAsync (-3,-3,2)
[+02:55:24.644] VoxelMesh: Chunk X=-3 Y=-3 Z=2 FlatVerts=18 SlopeVerts=84
[+02:55:24.746] VoxelMesh: Chunk X=0 Y=0 Z=0 FlatVerts=1902 SlopeVerts=10590
[+02:55:24.755] VoxelChunk: GenerateAsync (-2,-3,2)
[+02:55:24.756] VoxelMesh: Chunk X=-2 Y=-3 Z=2 FlatVerts=84 SlopeVerts=384
[+02:55:24.851] VoxelMesh: Chunk X=0 Y=0 Z=0 FlatVerts=2352 SlopeVerts=6474
[+02:55:24.858] VoxelChunk: GenerateAsync (3,0,0)
[+02:55:24.952] VoxelMesh: Chunk X=0 Y=0 Z=0 FlatVerts=5946 SlopeVerts=3840
[+02:55:24.961] VoxelChunk: GenerateAsync (-3,0,-1)
[+02:55:25.055] VoxelMesh: Chunk X=0 Y=0 Z=0 FlatVerts=5934 SlopeVerts=6012
[+02:55:25.066] VoxelChunk: GenerateAsync (-3,1,0)
[+02:55:25.066] VoxelMesh: Chunk X=-3 Y=1 Z=0 FlatVerts=1464 SlopeVerts=1308
[+02:55:25.162] VoxelMesh: Chunk X=0 Y=0 Z=0 FlatVerts=2868 SlopeVerts=18612
[+02:55:25.180] VoxelChunk: GenerateAsync (1,-3,2)
[+02:55:25.181] VoxelMesh: Chunk X=1 Y=-3 Z=2 FlatVerts=426 SlopeVerts=2076
[+02:55:25.268] VoxelMesh: Chunk X=0 Y=0 Z=0 FlatVerts=2904 SlopeVerts=19944
[+02:55:25.287] VoxelChunk: GenerateAsync (2,-3,2)
[+02:55:25.288] VoxelMesh: Chunk X=2 Y=-3 Z=2 FlatVerts=72 SlopeVerts=204
[+02:55:25.370] VoxelChunk: GenerateAsync (-3,1,-2)
[+02:55:25.473] VoxelChunk: GenerateAsync (3,0,-2)
[+02:55:25.576] VoxelMesh: Chunk X=0 Y=0 Z=0 FlatVerts=348 SlopeVerts=540
[+02:55:25.578] VoxelChunk: GenerateAsync (3,2,-1)
[+02:55:25.680] VoxelChunk: GenerateAsync (-3,0,-2)
[+02:55:25.784] VoxelMesh: Chunk X=0 Y=0 Z=0 FlatVerts=2034 SlopeVerts=18714
[+02:55:25.800] VoxelChunk: GenerateAsync (3,-2,2)
[+02:55:25.801] VoxelMesh: Chunk X=3 Y=-2 Z=2 FlatVerts=480 SlopeVerts=3360
[+02:55:25.889] VoxelMesh: Chunk X=0 Y=0 Z=0 FlatVerts=1614 SlopeVerts=2364
[+02:55:25.893] VoxelChunk: GenerateAsync (-3,3,-1)
[+02:55:26.010] VoxelMesh: Chunk X=0 Y=0 Z=0 FlatVerts=4758 SlopeVerts=10812
[+02:55:26.023] VoxelChunk: GenerateAsync (3,1,0)
[+02:55:26.024] VoxelMesh: Chunk X=3 Y=1 Z=0 FlatVerts=210 SlopeVerts=624
[+02:55:26.118] VoxelMesh: Chunk X=0 Y=0 Z=0 FlatVerts=4986 SlopeVerts=7764
[+02:55:26.129] VoxelChunk: GenerateAsync (-3,2,0)
[+02:55:26.130] VoxelMesh: Chunk X=-3 Y=2 Z=0 FlatVerts=798 SlopeVerts=1056
[+02:55:26.212] VoxelMesh: Chunk X=0 Y=0 Z=0 FlatVerts=3906 SlopeVerts=3870
[+02:55:26.218] VoxelChunk: GenerateAsync (-2,3,-1)
[+02:55:26.314] VoxelChunk: GenerateAsync (3,3,-2)
[+02:55:26.414] VoxelChunk: GenerateAsync (3,-2,-1)
[+02:55:26.516] VoxelChunk: GenerateAsync (-3,0,2)
[+02:55:26.619] VoxelMesh: Chunk X=0 Y=0 Z=0 FlatVerts=4482 SlopeVerts=2724
[+02:55:26.625] VoxelChunk: GenerateAsync (-1,3,-1)
[+02:55:26.720] VoxelMesh: Chunk X=0 Y=0 Z=0 FlatVerts=3780 SlopeVerts=2682
[+02:55:26.725] VoxelChunk: GenerateAsync (0,3,-1)
[+02:55:26.821] VoxelChunk: GenerateAsync (2,3,-2)
[+02:55:26.923] VoxelMesh: Chunk X=0 Y=0 Z=0 FlatVerts=2520 SlopeVerts=15246
[+02:55:26.938] VoxelChunk: GenerateAsync (3,0,2)
[+02:55:26.940] VoxelMesh: Chunk X=3 Y=0 Z=2 FlatVerts=858 SlopeVerts=4884
[+02:55:27.028] VoxelMesh: Chunk X=0 Y=0 Z=0 FlatVerts=4440 SlopeVerts=6396
[+02:55:27.037] VoxelChunk: GenerateAsync (3,2,0)
[+02:55:27.039] VoxelMesh: Chunk X=3 Y=2 Z=0 FlatVerts=348 SlopeVerts=540
[+02:55:27.132] VoxelMesh: Chunk X=0 Y=0 Z=0 FlatVerts=2190 SlopeVerts=2424
[+02:55:27.137] VoxelChunk: GenerateAsync (1,3,-1)
[+02:55:27.239] VoxelMesh: Chunk X=0 Y=0 Z=0 FlatVerts=4266 SlopeVerts=8796
[+02:55:27.250] VoxelChunk: GenerateAsync (-3,3,0)
[+02:55:27.251] VoxelMesh: Chunk X=-3 Y=3 Z=0 FlatVerts=18 SlopeVerts=54
[+02:55:27.343] VoxelMesh: Chunk X=0 Y=0 Z=0 FlatVerts=5832 SlopeVerts=8754
[+02:55:27.355] VoxelChunk: GenerateAsync (-2,3,0)
[+02:55:27.356] VoxelMesh: Chunk X=-2 Y=3 Z=0 FlatVerts=1224 SlopeVerts=1494
[+02:55:27.453] VoxelMesh: Chunk X=0 Y=0 Z=0 FlatVerts=582 SlopeVerts=906
[+02:55:27.455] VoxelChunk: GenerateAsync (2,3,-1)
[+02:55:27.559] VoxelChunk: GenerateAsync (1,3,-2)
[+02:55:27.676] VoxelMesh: Chunk X=0 Y=0 Z=0 FlatVerts=5340 SlopeVerts=3378
[+02:55:27.684] VoxelChunk: GenerateAsync (-3,-1,-1)
[+02:55:27.781] VoxelMesh: Chunk X=0 Y=0 Z=0 FlatVerts=5844 SlopeVerts=6396
[+02:55:27.792] VoxelChunk: GenerateAsync (-1,3,0)
[+02:55:27.793] VoxelMesh: Chunk X=-1 Y=3 Z=0 FlatVerts=1470 SlopeVerts=540
[+02:55:27.890] VoxelChunk: GenerateAsync (3,3,-1)
[+02:55:27.994] VoxelChunk: GenerateAsync (2,-3,-1)
[+02:55:28.096] VoxelMesh: Chunk X=0 Y=0 Z=0 FlatVerts=4062 SlopeVerts=6948
[+02:55:28.106] VoxelChunk: GenerateAsync (2,3,0)
[+02:55:28.107] VoxelMesh: Chunk X=2 Y=3 Z=0 FlatVerts=582 SlopeVerts=906
[+02:55:28.201] VoxelMesh: Chunk X=0 Y=0 Z=0 FlatVerts=5664 SlopeVerts=13932
[+02:55:28.221] VoxelChunk: GenerateAsync (-3,-3,0)
[+02:55:28.222] VoxelMesh: Chunk X=-3 Y=-3 Z=0 FlatVerts=600 SlopeVerts=1050
[+02:55:28.307] VoxelMesh: Chunk X=0 Y=0 Z=0 FlatVerts=4848 SlopeVerts=4002
[+02:55:28.316] VoxelChunk: GenerateAsync (3,3,0)
[+02:55:28.410] VoxelMesh: Chunk X=0 Y=0 Z=0 FlatVerts=4014 SlopeVerts=12498
[+02:55:28.425] VoxelChunk: GenerateAsync (-3,-3,1)
[+02:55:28.426] VoxelMesh: Chunk X=-3 Y=-3 Z=1 FlatVerts=840 SlopeVerts=2820
[+02:55:28.515] VoxelMesh: Chunk X=0 Y=0 Z=0 FlatVerts=3786 SlopeVerts=9828
[+02:55:28.525] VoxelChunk: GenerateAsync (-2,-3,0)
[+02:55:28.526] VoxelMesh: Chunk X=-2 Y=-3 Z=0 FlatVerts=834 SlopeVerts=1032
[+02:55:28.623] VoxelMesh: Chunk X=0 Y=0 Z=0 FlatVerts=4518 SlopeVerts=18036
[+02:55:28.643] VoxelChunk: GenerateAsync (-2,-3,1)
[+02:55:28.644] VoxelMesh: Chunk X=-2 Y=-3 Z=1 FlatVerts=582 SlopeVerts=2280
[+02:55:28.724] VoxelMesh: Chunk X=0 Y=0 Z=0 FlatVerts=3786 SlopeVerts=19524
[+02:55:28.744] VoxelChunk: GenerateAsync (-1,-3,1)
[+02:55:28.745] VoxelMesh: Chunk X=-1 Y=-3 Z=1 FlatVerts=138 SlopeVerts=438
[+02:55:28.827] VoxelMesh: Chunk X=0 Y=0 Z=0 FlatVerts=1098 SlopeVerts=4002
[+02:55:28.832] VoxelChunk: GenerateAsync (-1,-3,0)
[+02:55:28.931] VoxelMesh: Chunk X=0 Y=0 Z=0 FlatVerts=210 SlopeVerts=624
[+02:55:28.933] VoxelChunk: GenerateAsync (3,0,-1)
[+02:55:29.039] VoxelChunk: GenerateAsync (3,-3,-1)
[+02:55:29.145] VoxelMesh: Chunk X=0 Y=0 Z=0 FlatVerts=1770 SlopeVerts=9822
[+02:55:29.154] VoxelChunk: GenerateAsync (0,-3,1)
[+02:55:29.156] VoxelMesh: Chunk X=0 Y=-3 Z=1 FlatVerts=42 SlopeVerts=72
[+02:55:29.499] VoxelMesh: Chunk X=0 Y=0 Z=0 FlatVerts=666 SlopeVerts=2646
[+02:55:29.502] VoxelChunk: GenerateAsync (1,-3,1)
[+02:55:29.503] VoxelMesh: Chunk X=1 Y=-3 Z=1 FlatVerts=66 SlopeVerts=156
[+02:55:29.834] VoxelMesh: Chunk X=0 Y=0 Z=0 FlatVerts=252 SlopeVerts=996
[+02:55:29.836] VoxelChunk: GenerateAsync (0,-3,0)
[+02:55:30.168] VoxelMesh: Chunk X=0 Y=0 Z=0 FlatVerts=624 SlopeVerts=4128
[+02:55:30.171] VoxelChunk: GenerateAsync (2,-3,1)
[+02:55:30.500] VoxelMesh: Chunk X=0 Y=0 Z=0 FlatVerts=822 SlopeVerts=4800
[+02:55:30.504] VoxelChunk: GenerateAsync (3,-3,1)
[+02:55:30.834] VoxelMesh: Chunk X=0 Y=0 Z=0 FlatVerts=66 SlopeVerts=156
[+02:55:30.835] VoxelChunk: GenerateAsync (1,-3,0)
[+02:55:31.165] VoxelMesh: Chunk X=0 Y=0 Z=0 FlatVerts=5286 SlopeVerts=4284
[+02:55:31.174] VoxelChunk: GenerateAsync (-3,1,-1)
[+02:55:31.499] VoxelMesh: Chunk X=0 Y=0 Z=0 FlatVerts=3120 SlopeVerts=8094
[+02:55:31.509] VoxelChunk: GenerateAsync (-3,-2,1)
[+02:55:31.509] VoxelMesh: Chunk X=-3 Y=-2 Z=1 FlatVerts=1140 SlopeVerts=3240
[+02:55:31.839] VoxelMesh: Chunk X=0 Y=0 Z=0 FlatVerts=66 SlopeVerts=552
[+02:55:31.840] VoxelChunk: GenerateAsync (2,-3,0)
[+02:55:32.168] VoxelMesh: Chunk X=0 Y=0 Z=0 FlatVerts=66 SlopeVerts=552
[+02:55:32.168] VoxelChunk: GenerateAsync (3,-3,0)
[+02:55:32.501] VoxelMesh: Chunk X=0 Y=0 Z=0 FlatVerts=0 SlopeVerts=0
[+02:55:32.501] VoxelChunk: GenerateAsync (-1,-3,-1)
[+02:55:32.833] VoxelMesh: Chunk X=0 Y=0 Z=0 FlatVerts=5814 SlopeVerts=9870
[+02:55:32.848] VoxelChunk: GenerateAsync (-3,-2,0)
[+02:55:32.849] VoxelMesh: Chunk X=-3 Y=-2 Z=0 FlatVerts=210 SlopeVerts=156
[+02:55:32.937] VoxelMesh: Chunk X=0 Y=0 Z=0 FlatVerts=1932 SlopeVerts=4902
[+02:55:32.944] VoxelChunk: GenerateAsync (-2,3,1)
[+02:55:32.944] VoxelMesh: Chunk X=-2 Y=3 Z=1 FlatVerts=264 SlopeVerts=714
[+02:55:33.038] VoxelMesh: Chunk X=0 Y=0 Z=0 FlatVerts=1362 SlopeVerts=3672
[+02:55:33.043] VoxelChunk: GenerateAsync (-1,3,1)
[+02:55:33.144] VoxelMesh: Chunk X=0 Y=0 Z=0 FlatVerts=2130 SlopeVerts=5856
[+02:55:33.150] VoxelChunk: GenerateAsync (0,3,1)
[+02:55:33.255] VoxelMesh: Chunk X=0 Y=0 Z=0 FlatVerts=1038 SlopeVerts=8628
[+02:55:33.262] VoxelChunk: GenerateAsync (3,-2,1)
[+02:55:33.263] VoxelMesh: Chunk X=3 Y=-2 Z=1 FlatVerts=66 SlopeVerts=552
[+02:55:33.368] VoxelMesh: Chunk X=0 Y=0 Z=0 FlatVerts=5160 SlopeVerts=10020
[+02:55:33.380] VoxelChunk: GenerateAsync (2,3,1)
[+02:55:33.381] VoxelMesh: Chunk X=2 Y=3 Z=1 FlatVerts=882 SlopeVerts=2508
[+02:55:33.467] VoxelMesh: Chunk X=0 Y=0 Z=0 FlatVerts=630 SlopeVerts=1164
[+02:55:33.469] VoxelChunk: GenerateAsync (-3,-1,1)
[+02:55:33.470] VoxelMesh: Chunk X=-3 Y=-1 Z=1 FlatVerts=534 SlopeVerts=972
[+02:55:33.573] VoxelChunk: GenerateAsync (0,3,-2)
[+02:55:33.920] VoxelChunk: GenerateAsync (3,-1,-2)
[+02:55:34.252] VoxelMesh: Chunk X=0 Y=0 Z=0 FlatVerts=3834 SlopeVerts=27636
[+02:55:34.278] VoxelChunk: GenerateAsync (-1,-3,2)
[+02:55:34.280] VoxelMesh: Chunk X=-1 Y=-3 Z=2 FlatVerts=1110 SlopeVerts=5394
[+02:55:34.592] VoxelMesh: Chunk X=0 Y=0 Z=0 FlatVerts=3780 SlopeVerts=28488
[+02:55:34.617] VoxelChunk: GenerateAsync (0,-3,2)
[+02:55:34.618] VoxelMesh: Chunk X=0 Y=-3 Z=2 FlatVerts=528 SlopeVerts=3426
[+02:55:34.922] VoxelChunk: GenerateAsync (-3,-1,-2)
[+02:55:35.264] VoxelChunk: GenerateAsync (3,-2,-2)
[+02:55:35.587] VoxelMesh: Chunk X=0 Y=0 Z=0 FlatVerts=3396 SlopeVerts=22500
[+02:55:35.608] VoxelChunk: GenerateAsync (3,-3,2)
[+02:55:35.609] VoxelMesh: Chunk X=3 Y=-3 Z=2 FlatVerts=0 SlopeVerts=0
[+02:55:35.918] VoxelMesh: Chunk X=0 Y=0 Z=0 FlatVerts=102 SlopeVerts=450
[+02:55:35.919] VoxelChunk: GenerateAsync (-3,-2,2)
[+02:55:35.920] VoxelMesh: Chunk X=-3 Y=-2 Z=2 FlatVerts=102 SlopeVerts=450
[+02:55:38.194] VoxelChunk: GenerateAsync (-1,3,-2)
